洋裁
畿内
文明
本領
存否
残飯
右目
都県
素子
鏡台
世辞
硬式
湾岸
前座
未婚
氏名
年上
凡人
強力
棋力
制服
礼金
実話
常識
端緒
家事
低額
技術
景況
雪雲
祭壇
語録
正伝
宝島
大枠
本人
給餌
沿道
民俗
初子
入試
初値
鉄柱
門徒
人心
鼻息
実業
裳層
尚早
村民
気質
稲穂
国鳥
世論
耕地
長身
出身
正気
大道
目白
情報
座席
有線
慶弔
功利
片端
余波
短大
融雪
職業
偏見
服飾
本号
手本
音声
東西
同夕
幸先
老年
和漢
性悪
腕木
騎士
寝所
有給
振替
絵巻
玄関
部員
酒類
使命
星座
陰口
各線
以東
均等
双子
生鮮
約款
襤褸
難所
本邦
用具
総力
誠心
花傘
過程
隊員
山姥
歌手
電力
油紙
板金
風俗
個利
男優
会場
東風
下水
通常
社屋
行員
藍染
高弟
答案
悠久
凶悪
漁港
隆盛
格差
魚探
詩情
試薬
見栄
全国
山気
方位
曲名
作者
市立
医療
原文
間断
別荘
銃刀
芥子
音源
貫主
成分
黒船
凍傷
最長
出自
敬虔
警官
支障
感情
空洞
消息
時流
法務
親中
爆竹
伝記
金属
雑則
時計
辞意
敵艦
花形
糧食
渦中
心情
中等
抜染
気色
岩場
親父
長屋
皇帝
冷風
機首
手錠
本省
足音
漢方
朗報
聖者
総菜
閣僚
室内
公用
売店
極地
軍事
課程
根元
汽車
歯車
憧景
首相
警鐘
趣意
大蔵
各人
和食
時短
毀棄
老耄
打者
海中
球筋
表音
螢袋
不作
好感
皮質
悲引
波長
慶長
先高
真実
逆風
遠近
権力
警笛
博物
文字
事典
素顔
傀儡
聖職
画集
後尾
西風
無死
電圧
初恋
真相
新卒
陶磁
突端
学究
膏肓
異状
工程
中級
府県
有税
文末
半値
朱色
水屋
立会
主幹
値段
文楽
北倉
略字
砲声
貸間
墓列
黄土
治安
大社
紙幣
門松
羽根
築地
好機
対物
楽譜
安保
根性
明暗
表面
同大
仮説
副長
熱戦
暑中
戌年
雑色
遺族
強心
小康
年俸
主軸
不備
別館
党利
線量
婚前
同等
傘下
寺社
精度
白布
月日
東方
文治
欄干
小石
人皇
講座
俗気
巨人
若年
遺体
税額
作付
不敗
春闘
文句
動物
点数
蠧魚
図柄
大地
嬰児
行楽
内実
高検
概略
青葉
幾多
川幅
車間
麈尾
都区
矜持
唐音
賀状
寿命
西端
異名
黄泉
蛇管
走資
著者
密度
団地
国外
側面
道筋
経常
音階
村立
干潮
日記
格好
運勢
客体
竹筒
敷布
左飛
広角
網膜
版元
死者
学期
山道
宝石
人体
婦長
飛白
谷行
意地
障壁
釈迦
鉱山
総数
粗悪
陽光
海峡
義妹
満点
献体
地層
反日
濁世
確度
運気
金堂
垣根
特使
庶民
扶桑
未練
隠滅
事案
長期
終戦
腎臓
茶室
御殿
廃屋
修業
定員
黄蘗
白刃
幼子
仏像
親類
実例
採卵
青豆
天道
西進
高潮
党内
測候
感性
方便
同一
大将
諸島
古墳
好評
軍部
上面
路線
好況
本所
対人
投機
主犯
幼名
南東
帝国
内湾
古銅
特効
塩素
台座
制球
額装
短期
手法
河原
空域
片面
向学
人里
政調
音信
難色
極悪
公金
小豆
血便
遊園
御前
体重
先進
各社
酒造
酒量
本歌
自著
出欠
社員
環境
大臣
油性
攻勢
選管
黒字
以西
品性
短歌
合板
芳香
週内
置物
人身
黄旗
舞台
代役
役名
白文
税調
罪人
番号
白馬
武人
深層
球場
首巻
塗料
白楊
賃金
方途
寒村
名士
野原
悪口
高熱
各行
花器
日時
愛国
黄粉
電動
同格
和服
弾力
衛生
悪女
豊作
卒論
料金
金額
頚部
合金
昆虫
実情
士官
迷著
粒子
間柄
民生
字体
浮腫
金融
節目
財務
府政
火口
職場
供花
式場
書留
不遇
白銀
魚肉
陶板
識字
厚相
島国
春桃
中堅
耳帖
楽章
高配
別棟
早碁
議会
竹林
細螺
皇室
山里
歌人
海運
近所
重層
車中
生魚
正犯
司祭
法律
要綱
船舶
公団
遺跡
大玉
黒土
希少
種子
倉庫
威光
月販
練乳
残部
現状
白雲
風速
全会
被疑
細身
勝鬨
工業
黒白
恩愛
文脈
極微
命綱
手引
判事
陸棚
建前
業績
手篭
絵馬
国政
急伸
線区
邦画
旋毛
特大
塩水
校歌
壁画
女子
課員
墓碑
非業
銀貨
山峡
棒状
波状
器具
国葬
裏金
家畜
同率
居所
長打
映画
省内
国交
名聞
始発
苦言
国風
勤勉
王権
黄麻
未来
大形
仏体
洪水
縮図
乳首
高地
胡桃
史実
児童
土中
溲瓶
講師
出鼻
大夫
悪魔
民間
横暴
禍根
諸君
工具
神経
元旦
商務
女心
薬剤
白魚
間接
文筆
頭骨
有印
本書
列強
卵子
垂直
力点
紺地
生花
陣中
平常
争点
盤上
車両
総務
社署
後生
半生
吟遊
年度
郷里
不全
物心
緩急
萵苣
情景
防犯
内線
託児
光線
運輸
信号
高給
生後
契機
走者
数学
臨調
霊前
全形
横丁
酒癖
男物
前節
両日
雨戸
信条
下着
専務
操艦
駐韓
利害
通貨
奇特
古式
人権
円堂
私腹
地表
団員
戦陣
詠草
最貧
窓口
血球
時差
亭主
停職
低速
庭木
思惑
幼鳥
無煙
商工
旅券
作物
同校
人災
氷魚
石門
寸前
遺物
堡塁
頭韻
溜息
所作
浴客
名優
如何
薄弱
即席
板木
同左
純銅
近頃
屋外
惨害
客語
海嘯
仙人
保安
国論
無念
転機
先陣
要衝
関税
分科
期初
財団
学者
皐月
衣装
常忠
内戦
立憲
個展
景品
宝飾
客足
馬鍬
木版
道県
漆喰
銘菓
軒下
単品
強弱
示威
寮長
王族
男性
碑文
宝物
汁物
侯爵
州立
俊英
鼻唄
戸棚
県境
放縦
省庁
程度
海洋
同家
沙羅
穀倉
圧力
同妃
蛇口
世紀
求道
秋水
燃料
年産
外務
伴走
前者
任務
医大
驚異
感想
雑貨
論理
幕府
回廊
中央
定評
謝意
年齢
女王
休廊
悲哀
面影
土産
漢文
住職
資力
雄姿
団長
横穴
乗用
作出
小口
原作
大戦
軍需
付添
史学
最強
成魚
風土
実権
華美
大君
同町
親友
分野
総局
仕業
地縁
画面
黒人
源流
原子
同性
平地
唐土
軌道
定率
概念
会頭
地検
次席
評判
医籍
台車
色白
体協
現職
外販
壁面
最中
釈然
産業
多産
欲界
在米
表紙
領野
駅伝
同業
寛解
中火
子音
文芸
本命
学位
叔母
家相
法学
右脳
声楽
合印
不学
認罪
役所
市価
外人
税金
自動
両論
峡谷
裸族
古楽
幼時
戦傷
花弁
故国
初版
予選
貴人
大物
衣裳
対内
陸相
産別
足首
要項
店員
分館
祭殿
成績
青空
随筆
良家
内政
海面
口先
陸風
大艦
習俗
鳥肌
全線
乗客
大綱
分子
酸素
先客
神前
歌曲
力作
天空
学部
滋養
紡錘
機器
私見
天為
職人
教授
季刊
区民
通販
有限
地帯
犠飛
貫録
鷺舞
曠野
曲者
友人
元利
署員
炭素
綿糸
能力
大手
議案
店長
近代
異母
字面
磁石
実物
形見
牧師
砲弾
反故
寝酒
先見
身内
占師
松毬
卓上
若造
熊毛
幹部
客舎
安打
木造
温厚
薄板
祖母
腕輪
裁判
左党
諦念
市街
学業
地蔵
歩道
樹林
軍国
行革
旗手
朦朧
暗部
麻雀
至上
身代
議連
物価
雨量
手芸
新譜
重圧
東院
厚情
現象
口笛
信教
点差
抜本
就農
党名
数量
中型
新都
玄米
技法
互換
葬儀
薬局
兵隊
気功
貞節
全盛
金物
効用
機動
手中
旗本
弥勒
傑作
市制
口車
補欠
悲運
都庁
直径
不動
有職
健児
木靴
火山
乱調
航跡
鋼鉄
原油
早足
白日
用水
母印
全校
発作
洗剤
急坂
残雪
規模
握力
論説
同艦
双発
小屋
不慮
追肥
上人
細部
異臭
党是
冷夏
荊棘
夜叉
空自
贅沢
弱気
暴投
動詞
毛筆
盲目
未納
妓夫
水心
貴賎
槿花
満塁
数奇
双極
心地
俳域
成果
自前
火薬
各組
区域
山師
祝電
父母
山陵
末学
路地
間隔
越権
悲傷
臓器
人質
本当
横顔
砂浜
外為
試案
学派
聖典
演劇
善隣
日系
口語
合法
年中
近県
途方
会社
修羅
記者
公算
稲荷
歌詞
金具
条約
議長
海友
碁聖
苦力
初診
頭取
歌稿
文書
大役
快楽
等級
敗色
竹刀
潮位
資料
大豆
実態
余人
異国
愚作
氷河
所員
宵宮
装束
借家
食後
必勝
物語
官軍
賃料
資財
天皇
継母
花束
形式
自艦
愚物
草花
疫病
機電
身辺
酒乱
道徳
館員
店主
自室
要領
気配
乾草
知名
香料
杜鵑
軽傷
小品
天漢
全員
運賃
田舎
腹痛
伯楽
西口
正論
亥年
鋳物
地声
手職
名前
冗談
金文
悲恋
動意
小雪
代官
中前
全域
犯行
農繁
浴用
重点
浮輪
土地
段落
方言
微風
施政
髪形
逸品
無策
患者
資源
自陣
王宮
管財
領土
谷間
日刊
始球
粉末
赤貝
重文
武将
本番
下作
状況
神父
大声
感触
菜園
会友
株数
水底
関脇
極寒
敗者
既設
灰色
境内
後記
友好
湯船
真珠
大雨
女中
微量
落語
病巣
省益
正体
国庫
虚実
不実
車庫
小差
太刀
月代
荒磯
年始
草魚
使節
筋腫
亜流
人目
早道
同額
心拍
胴殻
災害
病身
山路
珍獣
降水
市長
中身
原爆
手間
蒔絵
機密
冷菓
主戦
役職
財閥
弁天
文部
校舎
車体
短長
弾頭
適法
手形
欧風
実兄
医長
古代
土壌
墓前
打線
血液
社説
姓名
恋心
差金
民航
同港
昼食
農山
海軍
水墨
硬質
配点
奥様
歩幅
金山
原産
悲鳴
意欲
脚光
偏差
手袋
宿酔
国益
娯楽
女形
地価
盗難
表土
官公
立件
長靴
名曲
帆船
急火
穿井
撥音
師匠
俳優
農地
車枠
暴風
茶色
豊饒
中空
前歯
体形
金満
気品
生態
当人
乗員
品種
倫理
硫黄
残虐
老齢
貴族
無病
禅家
健保
党費
音程
全文
優生
文具
津波
表題
歳入
他所
精霊
陵虐
貸出
新制
賞与
子女
安泰
奇形
旧交
返球
甘藷
病原
炎症
立方
恋人
各冊
総統
瞬時
論者
連休
用事
青雲
金色
後期
火箭
利息
店内
水草
見地
新道
出面
母校
前世
苧麻
荒野
対外
商魂
教書
実力
寄席
豪族
水門
断面
空言
共著
賢所
宴会
巨匠
音曲
緇衣
冷戦
生身
実車
症例
緯度
講堂
控室
栄養
柔道
背広
葬式
技量
夜空
脇役
詩人
相対
巨額
各店
爆弾
薬理
薯蕷
駅長
要素
下絵
軍民
文集
全寮
挿絵
範囲
旗印
和装
怪獣
役目
夢幻
水車
毒性
実体
方針
弟分
職務
特攻
報酬
風流
義足
温度
院内
罵声
産品
常連
左腕
喫茶
技能
砂岩
工費
儒教
大使
石壁
将軍
後妻
雪上
園芸
因縁
性別
仮題
筆者
当社
亀裂
虫垂
叔父
初稿
党議
図版
最古
日程
遠足
穀物
兵曹
音盤
護符
得策
単彩
短刀
通所
銅板
府会
怪談
損益
金貨
肉眼
校内
内耳
県立
顴骨
砲術
公共
様相
養蚕
中葉
芸能
官製
苗木
異郷
会期
方墳
公取
末端
黒色
元手
海豹
金銀
人口
磁器
同点
暴力
地肌
鉄人
総身
領域
毒素
良心
深緑
傷口
林道
同慶
本館
人工
本紙
真諦
薄給
神木
時価
要因
上肢
機構
有機
章典
差額
電線
新手
潮風
幼体
無知
労農
俗名
官僚
林間
体質
実父
戯夢
夫妻
魚価
憶病
宗教
臨月
天命
片側
料亭
発禁
片手
書作
投網
同村
新緑
擬製
女癖
童女
馬糞
害毒
胸糞
合理
強腰
紅粉
極印
個室
総花
競書
見識
海底
立像
処世
茄子
戸数
合弁
着物
血税
別姓
闘魂
株価
社会
弔事
息子
山系
近郊
大筋
巨火
基地
南郊
窓辺
浜路
神輿
依願
沈鬱
背泳
療法
特徴
門扉
犯人
左官
残土
内径
中元
伯母
同郷
面相
我宿
樹下
画像
特務
作風
元年
御身
顔面
附子
枚数
被葬
俳人
中間
月賦
仏式
旅人
純度
役人
男爵
国名
台風
情念
賛歌
赤地
外形
複線
直筆
左翼
犯科
雑木
酔客
家並
手燭
巻頭
葉書
左手
夏物
菖蒲
自販
禅僧
杉原
事由
美術
本土
大全
立合
子細
竜顔
違憲
太鼓
星霜
海賊
声量
貴種
船首
需要
地下
小皺
返書
特典
飛球
不燃
遺書
物品
画布
海浜
教団
血管
大火
球形
快哉
家電
乳母
私立
靴箱
大川
悪日
長命
防虫
後手
焦眉
芸歴
毒気
単一
境目
子息
病院
都内
漏斗
黄禍
過労
頂上
耐性
同時
過疎
州兵
山脈
定休
才女
巻雲
林政
変電
回数
才能
皆様
墓所
来歴
御髪
諸国
紀行
防火
青嵐
共修
高圧
愛情
助手
頂点
雪原
名称
人力
謝辞
病人
確固
助員
流域
野性
地震
女優
酒豪
稠密
農産
性向
上辺
強敵
版画
手紙
船橋
惑星
火力
鳩尾
短編
口座
代物
情勢
友達
半日
検事
前頭
大輪
学歴
原野
好捕
神話
過失
球審
月刊
窪地
黄櫨
規範
銃火
弟妹
様式
音響
人様
茶寮
鋼板
陰謀
弾丸
首途
洋酒
書店
球児
自軍
美人
筋力
必需
院長
巣箱
愛車
巨費
図像
名刺
県政
銃弾
糖尿
懐紙
元首
不孝
手前
本庁
行程
青銅
技手
無道
種菌
重傷
大便
飼料
大洲
西岸
中部
例外
終幕
独身
国境
医学
猛威
家具
近辺
難聴
片目
外護
敬称
預入
府庁
選書
泥棒
採火
要件
玉章
共布
植物
剛碗
倍率
果物
言動
快速
火砲
街談
定額
確率
快感
剣道
劣勢
水辺
故事
共済
応急
雄花
宮殿
角度
党紀
時報
部品
習慣
棋士
無菌
土木
用地
小社
長話
社交
南方
黄色
名詞
丘陵
重量
両校
下位
天平
陸地
遠洋
卵白
月光
陰影
総出
殺陣
弁当
死神
生繭
列車
無名
戯評
口数
陛下
祝日
次週
酒場
疑義
印鑑
爆烈
直情
強壮
白地
採算
砲台
新装
水質
花芽
湿度
見本
斎宮
満身
体調
芭蕉
経典
武術
自信
全量
根源
川砂
実相
柱状
普遍
激務
食費
事故
標準
底辺
賀正
怒声
全長
豪胆
好物
懇親
立場
能管
過言
教官
濃口
玄孫
南国
美女
下町
基底
攻防
緑豆
形態
沖合
両極
水彩
断簡
純正
大麻
口腔
安物
光度
文化
本隊
理数
皇国
白紙
戦時
局地
市政
上層
横道
孫娘
理科
理想
義母
部数
祭神
閣外
公海
先輩
毛布
能書
宝庫
大潮
武闘
米袋
余念
銅剣
不平
産廃
秋冬
口紅
夫婦
仏徳
離宮
連峰
波紋
茶会
革命
論考
理由
水利
受払
唐木
高砂
儕輩
権益
趣旨
行間
男坂
強飯
同省
銀行
文語
不潔
山野
長調
宗祖
各回
英紙
軍楽
野鳥
戯曲
勇士
能会
生得
山上
船員
斜辺
偽物
左脳
精子
泥土
最高
臨時
油彩
外車
埠頭
在外
部民
強豪
業務
誌面
局長
苦楽
阿呆
切手
渾身
文革
社協
寮生
組曲
主権
銅牌
貫禄
軍政
愚策
艦船
名画
大気
聴力
力動
府内
絵図
中華
血幹
審決
斎場
絨毯
園生
世間
政党
各地
浮雲
市電
夜行
車輪
箱屋
工員
築法
後発
密室
作品
敗因
物怪
水牛
新香
英雄
歳出
水温
悪夢
先王
無限
核化
句集
基準
劇場
回路
過敏
相手
海鳥
林冠
信徒
巡査
前線
王立
議事
窮地
外信
陸運
金利
技師
温帯
歯茎
素面
義理
魑魅
番外
被害
白色
団子
真書
白番
時化
囲碁
副官
珍客
胎児
歯科
各党
国産
廊下
強風
貸金
容量
白子
境遇
墨客
借地
大判
紺屋
焼肉
腰布
引導
陣内
券売
公邸
場面
学友
駅員
遊休
共犯
本店
同派
刷毛
立札
法量
原案
足軽
市警
少額
迷路
精力
器械
高架
部局
要諦
片耳
発端
開張
私僕
最初
恒例
遺品
視点
運河
余暇
黒子
史上
縦糸
憲章
景観
遠隔
都立
漫才
愛犬
陶工
外見
毒薬
団体
法相
優良
基幹
法廷
物議
南部
永久
大殿
柑橘
車種
宗派
間合
南端
心肺
殺虫
落潮
国技
裏面
月数
綴字
題材
螻蛄
保冷
他方
山田
官庁
組長
合歓
鉱業
相場
大小
所信
手腕
動乱
工高
凶弾
医事
実弟
戦術
良識
優品
骨格
自明
制憲
翡翠
茶髪
小人
慣習
卵酒
高校
漁業
唐紙
心緒
理国
空文
旧姓
詩歌
白票
友情
簡裁
魚雷
幹事
粟粒
紳士
氷質
土竜
近世
端末
公害
出番
里子
遠方
紙質
標高
筋肉
基礎
指標
火元
変則
不定
浪曲
漁民
喜劇
名残
冬季
岐路
鎮魂
地唄
内臓
赤毛
敷居
白首
機材
空地
端歩
眼球
国際
模型
女手
昆布
公明
竹篦
連隊
暗礁
棚田
雅楽
紙袋
名目
手話
北国
農場
弱者
極右
否応
死体
棋客
閃光
国定
見解
地熱
地殻
派閥
口実
右前
豪雪
園長
混沌
軽妙
角界
単独
総業
平価
現下
遜色
退路
駐禁
識者
東北
商店
満開
両剤
絹糸
興福
小指
次男
交番
黄金
藩主
閑散
各委
弓弦
両紙
朝練
侠気
価値
何事
酒鬼
風味
盛況
画展
腹筋
手先
南庭
食管
鉄路
未完
個体
横長
初秋
真正
数列
人柄
鶏冠
羞恥
長物
課徴
逆進
鉄筋
野草
母乳
動脈
方策
辞令
中佐
議運
朝市
腹部
皇子
老境
島民
委員
伝灯
信組
零細
容疑
歌謡
釘隠
愛馬
幕下
条文
仏性
資金
鉄板
多寡
肝炎
駕篭
果敢
山地
駅名
賓客
物産
対等
猟銃
婚家
河岸
螺鈿
緑地
群衆
小骨
主体
漁船
師走
全容
針金
残務
同博
色石
切符
通巻
晩生
墓相
視線
個所
葛湯
内相
地学
先妻
潔白
彼氏
転院
染織
官房
演歌
家内
有事
重罰
里親
同薬
心身
殿下
興味
数珠
途上
美容
週給
不意
不法
集権
大男
税法
土塊
随想
恐妻
理容
人為
長刀
虚像
貧富
大河
別名
互恵
無断
横手
所掌
訴状
長姉
名声
方式
山河
製剤
出来
経時
虚偽
岩船
余震
臨床
民権
前衛
高速
厩肥
民家
情愛
高専
字引
降雪
論文
流血
障害
森林
互角
塁間
服装
口臭
閣内
漆器
手斧
色盲
鎮痛
距離
県土
支部
人類
葬祭
春蚕
偽札
野球
国費
河川
消防
商船
骨髄
婦人
成獣
製品
矩尺
香典
熱湯
不信
心証
黒衣
実技
春季
愛想
試論
権威
助詞
前書
田圃
和洋
男児
足腰
当来
歯根
税別
真偽
選手
心臓
学園
心筋
中日
目前
所長
正統
暖冬
初級
跡地
美学
草創
遊郭
人道
区史
右腕
小道
棋風
打席
青山
金肥
恋歌
動機
官民
同型
随一
天守
白旗
特捜
曲線
貸家
戸籍
死刑
平野
姉妹
労使
暴挙
体裁
学区
成年
略解
監獄
村落
雪洞
伽藍
様子
南都
小柄
決死
工場
労作
瘢痕
繁華
本場
汐見
金泥
人命
例会
紅白
生死
王座
園児
北側
守将
汚泥
他者
労務
前歴
硝煙
弾痕
強権
正規
野外
机上
初段
屋内
全店
全集
祖国
煎餅
山間
原理
諭旨
国務
歴史
形状
身柄
途端
南口
長歌
加害
胸中
口上
証拠
銅鏡
芸術
高音
活気
言語
刑余
境界
略式
月白
野望
鐘楼
階段
歌業
多胎
水道
本部
新曲
定型
次長
初歩
市井
寒靄
官邸
橙色
過少
態勢
戸別
悪行
犯意
島内
食料
古層
西洋
宅地
遺稿
鉄道
聖地
片言
品薄
平屋
見積
塵芥
病名
歓楽
別線
蜉蝣
本位
電機
濃度
建物
冊子
骨盤
蛮行
山手
心境
新館
起源
鼓膜
猛暑
自画
特急
租税
半径
死語
隊列
初夏
遠目
財政
台本
商会
副賞
製法
無冠
技巧
法衣
爆音
東海
覚書
地権
皇女
逸話
春物
船籍
愛妻
酒屋
王冠
本能
致死
駅前
福祉
射程
気温
補選
痴呆
暗黙
説話
目頭
腰痛
部隊
石灰
磁性
本腰
要所
和文
方法
馬喰
県道
当落
定価
割合
特撮
肢体
温情
速球
格別
諧謔
石頭
男気
上役
老後
紙上
大望
弱毒
骨太
開明
式辞
戦車
令状
歯痛
私邸
最適
内面
首領
凶作
殊勲
伏兵
天性
連装
秀才
教員
敬笛
実質
俳壇
墓地
祭礼
軍属
冠者
体高
遺構
入用
初雪
包丁
将棋
塩分
現行
横笛
自分
失投
中核
学名
本質
本気
両院
旧来
土焼
政局
肝油
定時
女児
桑畑
主砲
適温
悪性
軍曹
公民
代走
国民
清涼
胸囲
外郭
下味
秋蚕
塩辛
不発
係官
胸部
人生
薄謝
聖戦
骨董
時機
任期
立体
給湯
塩味
恵存
真顔
家計
特権
砂層
物腰
同庁
紅玉
動力
無期
桃色
内的
事務
質実
横糸
戦犯
覇者
他国
聖火
皇族
屏風
球宴
俗世
需給
県議
王様
入級
感覚
最盛
音質
淑女
痴漢
社名
弓形
杞憂
資質
美技
部位
反戦
破片
大乱
達磨
青春
名実
排外
高山
店名
功績
茶話
画題
著書
県内
下手
山村
党勢
教材
表側
本港
法事
交通
骨子
課目
臆病
中世
紫色
古寺
必殺
原潜
風体
立射
部外
火器
定説
世帯
昇竜
粘土
元金
段階
匿名
区間
蔵元
道理
浴室
静寂
綱紀
酸味
紙面
戦場
南西
市道
君主
大差
神様
目線
内部
映像
同根
公私
小袋
無間
淡水
同府
貧困
同区
数値
書籍
砂粒
町村
年輪
航空
実益
雨足
喜寿
尺度
上方
凶器
村長
牛歩
前期
東洋
遺影
協会
進路
白髪
前文
地位
徒花
差益
古書
年長
党派
本体
主婦
長雨
倭国
域外
陸連
銘花
博士
受益
専売
首席
口径
字幕
益税
根気
組員
熟語
老舗
本展
音痴
焦点
子孫
見立
風格
罰則
少佐
死生
新鋭
現代
湿地
当行
濁声
不変
新党
速達
矢板
危機
活性
香木
新旧
基本
適否
扇状
腸管
活字
入塾
岸辺
台帳
大系
非鉄
陽性
郵便
軌間
安楽
水面
私費
火事
仮名
天井
胴体
財布
軽協
卑怯
鮑魚
電池
蒸気
敷石
定形
下意
裏地
郊外
空手
疑念
下図
青天
会館
寺院
府民
複数
漁師
史料
篠笛
洋間
用途
海事
内需
聴覚
石像
不錯
機関
熱意
競艇
噴霧
物置
苗床
重度
主義
語尾
内訳
幕命
川下
頭痛
赤色
砂防
雷鳥
意匠
聖域
無罪
地盤
劇団
源泉
海辺
劇薬
食味
大型
硫酸
固形
主眼
見習
変年
計器
母国
落款
利子
論客
各層
薄口
学殖
流刑
汚点
自治
責任
単月
北端
内陸
棄損
名将
書記
腫瘍
孤軍
町名
無臭
多客
劇評
大佐
知育
枯淡
公営
兎唇
手管
本件
内側
輪禍
不在
右翼
末尾
旧知
巻数
州都
少数
石綿
芸人
譜面
意気
多色
猛獣
同軍
期間
醜態
収益
絵本
悪意
韓式
主命
直間
耐久
図学
重油
国有
温水
年内
外交
各校
溶液
敵前
米人
最愛
緯糸
偉人
家裁
石炭
電流
天地
異論
水域
古豪
汚職
戦中
慢性
創意
淡海
秘話
薩長
軽油
成金
低温
南側
財宝
付近
未遂
書道
段差
末路
硬派
特有
打率
免疫
墓石
水分
煉瓦
装甲
野党
上座
漬物
恍惚
子猫
愛児
全土
顧問
懲役
純金
後内
電磁
別個
双眼
背後
長寿
総量
後天
教委
伝票
哲学
部門
親王
偏執
地獄
彫像
肺炎
各次
証券
効果
沿岸
全盲
農具
号外
月面
空調
宴席
治験
行方
民営
体内
始終
同和
歌会
鯨波
余裕
余韻
頭脳
子宮
使者
適齢
極限
麦価
俗説
土日
人件
症状
執念
現地
断章
早急
横車
寂然
大賞
北風
幾度
陶器
血筋
両人
諸派
美観
王国
主将
声色
電極
日誌
連中
旅客
御国
埴土
頭打
情緒
前例
目下
幼児
封建
両端
関取
結核
手編
暫時
日額
夜食
遊具
縁故
哀愁
人種
河畔
放列
図星
生理
序盤
国選
闘志
開教
固有
屋敷
本線
介助
別枠
山王
荷物
肩書
番付
参道
快晴
流砂
血眼
言葉
落差
情感
金庫
急患
怪物
修士
食前
薪能
同小
芝生
歩調
漁村
日没
政労
内閣
果実
本欄
日光
耳目
尊属
農薬
頻度
月報
消極
建材
浮世
金字
内紛
交響
涼感
降灰
誦経
物流
大群
書物
行政
家庭
不順
歌碑
商品
総長
敬老
民需
供米
牧場
酵素
地区
波間
読本
王手
国営
大家
耳朶
新居
銀色
圏内
屋上
鋼材
笑芸
飲料
雑草
敵国
美酒
躍如
目安
末期
自家
国道
酔眼
詩境
潮騒
本島
多種
在院
罪科
馬券
重荷
小鳥
海藻
極刑
外資
偽善
観客
公卿
薬事
旅館
与党
総体
高官
年下
小物
気付
格安
煙害
法被
食器
各紙
府警
橋台
新書
各位
臥牛
街頭
世相
静物
年数
邦題
事項
天宮
入魂
洋梨
神酒
女性
財産
公務
絞首
曲目
根本
義弟
学会
続開
慰霊
国籍
忍者
中道
気胸
専門
単打
送料
地場
両社
戒律
館長
特性
忍冬
平気
正札
床下
異例
責務
染料
敵性
歌集
予備
武器
大砲
本名
白砂
泡沫
看板
先頭
康平
鮮魚
班長
幼少
単位
左前
塩性
兵器
事象
墳丘
期日
所得
白土
中執
葉色
紅色
右側
誠意
割増
最多
切羽
算数
双方
式典
時代
陶芸
正門
認否
背信
政界
原始
時宜
通詞
冷酒
小滝
年率
破談
北西
日月
費用
声優
熱病
文章
石敷
蜜月
缶詰
人中
地主
県連
財源
意志
物事
北緯
曹長
薄闇
危害
妊婦
病状
実名
奴隷
同中
球団
伯父
短命
陣営
歌道
廉潔
野菊
便器
後部
神殿
奇効
状態
要員
事績
東夷
余剰
逆浪
漫画
国対
同右
首尾
不問
同隊
湿気
暗喩
客船
銅版
冷水
珍談
背水
投打
臨終
幕内
同機
中段
祭文
盤石
損金
例年
債券
多党
領事
番頭
切花
子分
町立
女声
商戦
悲劇
議席
飛沫
白眼
工合
新星
地平
守旧
号砲
軽重
口元
街宣
民意
幕末
月収
小犬
庭師
雲母
申込
信念
学院
大台
他意
性分
外相
耐水
夫役
上手
労相
悪玉
荒波
仕様
公報
本尊
漁期
因果
支店
瞋恚
格言
天候
左隅
観葉
標語
御籤
媒体
羨道
比重
即座
難易
身体
出色
標的
府営
片時
医院
考古
専科
地中
線香
体臭
兵士
去声
寂寞
廃液
満員
商事
農相
医者
地質
通年
法王
代地
証人
去就
里芋
折敷
車外
死力
適時
頭角
盗人
和室
順番
巨峰
薄紫
甘口
書斎
東南
恩師
結末
表層
賽銭
裏目
金彩
臼歯
徳育
花瓶
代打
子犬
軟投
空車
古老
政令
惨事
辞典
観点
炉心
市域
項目
誤聴
有罪
種目
学舎
実子
後輩
出先
皮革
全社
祝儀
晩夏
大卒
学力
出端
故意
態度
先代
運命
糸口
次期
楽屋
自我
申立
鉄鋼
拙速
再話
標本
土建
山林
裸体
薬用
真夏
屈指
皆婚
小瓶
珍味
日付
裏口
実母
新米
側近
生麩
神秘
電撃
味覚
保険
唯一
海外
主客
悪友
黒髪
両像
恒常
社外
石仏
老公
戦禍
母屋
産物
母艦
義務
次官
女難
神仏
特会
治世
休肝
視力
長老
新入
汚名
町議
善玉
化学
画材
諸悪
導線
文民
首都
睡魔
自力
博徒
中心
英文
和声
微熱
薄膜
降雨
戦略
他馬
総研
町中
歳月
原画
差異
師団
将校
成否
無料
手動
苦虫
旧制
対空
右上
外縁
周辺
差損
演伎
老母
大勢
特技
砂漠
原因
仏陀
御所
壇内
身障
主役
歩合
親子
議院
精兵
上期
道標
実務
打点
郵貯
木札
機内
体育
航路
新訳
軍人
元号
大腸
初期
法度
職員
道程
卒中
往年
機軸
奇岩
皇居
新妻
認諾
稲架
顧客
温泉
農民
正面
工賃
夜長
野郎
臣民
常態
貸付
里方
野分
区検
売上
歴博
過多
小銃
後方
併殺
近況
善後
座主
疑惑
西側
株主
外壁
部落
家業
泰斗
看守
条鋼
都銀
秋風
長拳
仮面
末子
字形
洋楽
軍隊
英知
恬淡
内幕
弟子
旧友
鳥獣
悲願
新仏
近習
精細
調度
障礙
週休
白炭
演芸
植木
兵員
牛肉
火花
半身
鯛焼
同士
公道
前身
情熱
辞表
封筒
戦記
会費
上巳
貴国
遺児
陸海
証書
武家
特製
府議
霊力
左上
毛根
主計
物質
年代
年鑑
龍笛
反収
組合
諸事
単科
邦楽
弁務
市場
猟犬
水中
体長
原稿
本選
継投
苦情
郡部
燃費
蛇性
再戦
高僧
尊皇
同窓
入念
山菜
打球
農業
海域
図書
創痍
塾生
残滓
黄銅
導火
屋根
外観
古米
腹心
長髪
血圧
別表
習字
権限
大金
脳幹
公党
校則
法会
聖人
下辺
歌伴
難関
投手
署長
前兆
尿瓶
外輪
経済
攻守
部長
先方
図鑑
文法
休暇
意向
車道
開講
若木
営利
硬貨
国柄
黒石
公園
弾薬
中途
電場
示談
事業
商人
全曲
検見
紡績
貝塚
地名
妙応
鉄棒
繻珍
粘膜
既婚
書面
慈善
名門
便覧
陸協
波頭
巧者
帽子
上質
決勝
絛虫
視覚
現役
人外
遺講
房内
空港
床上
実効
胡同
半旗
民法
風潮
法人
器物
初回
抱負
全身
薄紙
独善
学芸
軍命
他社
先負
水色
公費
苔桃
指圧
細工
接骨
系列
窯業
期末
都民
身上
空気
牛乳
改憲
使途
同案
高率
短調
図利
埴輪
大根
不純
戦跡
山頂
隣県
小鉢
西暦
議題
条件
機敏
御衣
実勢
広域
興業
満席
当期
県庁
最善
寒空
背中
若手
悪法
表情
毛色
儀礼
原本
似非
道行
元本
俸給
尻尾
幼穂
付人
絵筆
社寺
戯言
電気
父子
栄光
火災
高座
色紙
微減
法案
胆力
賞品
酒席
外側
終着
初心
座敷
犠打
量刑
豪雨
酒肴
兄弟
陵墓
自身
満杯
石神
刀剣
鬼籍
買得
正殿
軌跡
列島
台数
湿原
党外
如実
賞金
国宝
愛称
歌友
拡幅
殿様
夜桜
気概
弱視
砂糖
端役
真券
冬至
商標
理屈
沢庵
起爆
首班
口裏
言質
素人
月産
労連
日常
敷地
係員
税収
春風
脚長
水源
衣料
陸稲
序列
安否
効能
外面
方向
継子
書名
都合
場外
道交
手際
視界
予行
冷媒
後味
大老
道民
木工
初孫
岩山
眩暈
好天
身長
通産
空中
出方
室外
私事
小判
客員
犯罪
同族
用材
眼下
銘文
神事
精鋭
特価
末孫
堤防
色弱
国防
土質
気心
風習
廃虚
町営
近隣
南洋
匈奴
大作
民謡
声音
貧打
同山
参謀
義兄
何人
水害
捕虜
伝統
捕物
液晶
中古
死期
害虫
大口
諸語
山腹
損保
政敵
未知
若妻
備品
配下
手薄
週間
最速
彗星
木陰
渡守
町人
活力
内裏
海髪
復田
社債
末日
急流
金口
住居
漁火
半量
食欲
休園
河床
願書
板前
墓標
天元
体格
幼年
店先
勝算
難病
山家
国是
曲事
親米
石垣
同館
無敗
短夜
折鶴
天神
各界
故人
両面
強者
併売
上官
戦績
躍起
定数
文体
初産
政策
右手
愚挙
秘事
掉尾
白書
友愛
国債
流弾
勝敗
吏道
余罪
秘密
重税
古着
誤字
隔世
飛越
書士
候鳥
裏側
王家
魚心
先入
漢詩
本音
人文
曳船
前途
片道
堆肥
哀歓
無線
肉親
戦士
本局
慈愛
奏者
封書
書展
古様
廃校
天保
皇后
中将
曲芸
朱珍
高話
中腰
鱗翅
醜女
傷跡
座業
私書
精神
士気
漢字
銀泥
気勢
老雄
散弾
霊験
大方
史跡
具合
各国
殺意
気合
帳簿
苦痛
盟友
琵琶
早期
私服
異才
熱帯
灰皿
本文
連舞
門書
富裕
薬代
雨林
最短
内外
詩吟
前部
社報
催者
花輪
知人
船上
根幹
銀河
連鎖
風物
車内
断片
新著
円卓
全裸
費目
分会
原題
竜頭
和尚
少将
新説
金品
海路
市況
民政
隊長
同名
指数
人出
人徳
名代
白衣
住所
浮沈
大寒
前方
貧民
党務
来賓
階級
県花
略歴
護憲
細目
口内
米価
小粒
部族
正堂
親分
糸状
口中
文系
両親
遺作
趣向
親族
白球
露店
等身
触媒
威勢
皮膚
干物
対極
民話
学徒
老酒
老人
片鱗
食糧
懇話
水準
左目
地銀
単調
鴛鴦
本数
不祥
性格
気味
怖気
表札
諸説
素案
風景
剣豪
炭酸
学童
決選
肋骨
布団
国歌
学長
念頭
雑魚
後代
斉射
気力
刑罰
構内
度量
円形
民主
北東
図案
佳作
正目
学卒
同数
師家
公職
絵画
印象
楽曲
政審
冷房
新聞
消印
騒客
窓際
人足
野選
大損
両船
脅威
勲章
初任
存亡
首長
口頭
弱点
両機
類書
最小
両派
同位
材質
政府
暴利
評伝
小玉
洋画
商法
目的
可否
区立
人員
満天
薄型
白夜
大雪
側壁
理系
文面
水圏
大義
入管
洋名
盲人
残高
主賓
松林
虚妄
樹冠
近親
唐黍
季語
企業
素材
立法
調子
美徳
借款
不仲
打順
法体
時限
月例
急務
近海
風鈴
瞽女
最良
当主
尊厳
語源
美的
濁流
器量
会長
星空
黒糖
庁舎
団扇
同店
集題
薔薇
助役
名品
脳天
用件
随意
小男
油田
目玉
砲火
論点
復配
主力
北岸
作戦
船旅
肺患
社宅
車線
造花
球威
茶碗
兆候
討入
接点
古今
教主
利便
冬山
寒椿
深奥
国父
語気
修身
庶務
馬術
利得
俊足
当確
死骸
白系
砂地
知事
憂世
高卒
蟷螂
面子
露地
山形
不況
寺僧
騎手
国土
汽笛
呉服
底値
便益
逆手
人材
噴煙
期限
演壇
役得
労災
銀幕
白熊
菩薩
生計
場内
難点
先番
水田
凡打
旅費
任地
民放
閉庁
食材
年刊
写真
昔話
事態
清貧
訳本
次節
篠竹
時事
陽子
拝金
銃砲
夕日
常敗
営農
無税
即時
題目
犠牲
文教
婚礼
秋季
城壁
舌代
女流
経費
食券
新興
実況
衛星
夕飯
和平
会員
油揚
異議
中倉
立地
春日
事例
首座
分税
背筋
客室
無神
忠誠
労組
筆致
学年
総勢
税制
勇気
鉄骨
寝台
長計
自伝
縦横
大山
模範
神像
同市
教会
同高
浴衣
妓生
旧型
神代
禁漁
村政
家屋
日用
全権
典雅
捕鯨
民業
新刊
子羊
弔意
迷信
惨禍
道場
無実
路面
哀話
寝具
美貌
牛車
肉体
生薬
秋波
定年
合憲
力投
民芸
死球
園内
白菊
階層
好奇
内局
症候
間尺
海兵
男女
悪政
国教
本箱
台詞
郵政
懸賞
鳥類
閣議
選良
総連
台所
素封
久寿
総督
巻物
予科
私学
無性
空軍
生来
便座
羽織
洋館
本職
蝙蝠
長所
威儀
絶頂
弱体
故郷
社葬
調書
演目
生肉
同姓
記章
両省
拙攻
国賓
隣家
海水
視解
直披
基盤
山人
大抵
直近
大盤
身命
射座
妄言
本意
敵失
護身
系図
灯台
巫女
右派
電材
政争
亡者
戦災
貴様
末弟
手順
押紙
下駄
金券
刑事
美風
思想
無機
木製
秘書
徒歩
宵山
疑獄
海岸
合否
兄妹
快挙
非核
年収
体面
好事
古巣
業種
偽計
銅戈
力学
主筆
樹脂
催事
句風
社団
芸風
舞妓
人気
極意
自説
政官
正副
硫安
同級
真意
広場
生命
部分
抗生
概況
全貌
先生
火星
本家
林野
炎熱
誌上
孤島
代金
左足
左派
学校
科学
地方
雨期
引分
雄鶏
魚体
頭蓋
巨細
寛永
純銀
片方
親交
銀杏
昨季
農村
原告
隣人
学科
卒寿
積年
無人
動画
相性
新盆
先人
刻字
逸材
緑色
内情
校門
事後
東部
石室
体勢
文相
陣痛
石偶
専制
外聞
市民
油絵
石材
臨海
常套
親水
初婚
木端
厭戦
下屋
簡潔
花車
肥料
大衆
周期
譲受
橋脚
実家
揚力
周囲
地元
鋭利
前庭
随所
臀部
政庁
受取
当否
納豆
疾風
底力
車列
遠景
正賞
産声
西部
好守
社業
京劇
同義
青果
温床
枝葉
洞穴
享年
本棚
係長
小学
厚生
病棟
打撃
幾夜
小包
年賀
煙管
政務
市内
半期
名簿
私財
大瓶
焼経
渉外
脚本
州浜
冒頭
濃淡
多角
田畑
外事
慶事
農林
若衆
司教
秋空
洋食
政変
気象
小声
年次
本物
中団
米作
屋台
仏文
懸案
水気
知恵
帝政
農務
毛糸
無職
入日
臨界
役員
総代
個性
大粒
高慢
妻子
左側
徳利
常習
騒然
利札
国史
終焉
性質
短髪
宰相
駅弁
近景
仏心
品質
新品
本社
昨晩
水流
教徒
黄精
泥濘
顔色
両隣
人骨
将兵
大皿
寒気
気迫
棟瓦
節度
風上
暴動
夜目
講社
急場
部活
特修
上流
大関
原則
市会
修法
上着
赤軍
空白
背景
明星
群島
旧名
通期
本題
衆徒
字書
全編
噴砂
女神
南侵
逆説
船場
宝塔
公安
禁教
遊撃
地理
医務
人前
雑種
高札
勢力
視角
有毒
首位
州法
西方
上司
甲板
点前
証取
都市
特命
当事
好意
破局
金権
条項
甘味
石庭
手羽
暁闇
総理
工学
献立
梅雨
苦味
庭園
祝詞
口癖
部下
厚底
金鉱
竹馬
同書
水瓶
漁具
滞米
棋戦
言論
大木
実利
彼岸
喪主
範疇
親元
座長
適格
水球
立話
水兵
味噌
知能
耳元
新春
鉄製
風雪
手段
後継
山男
画廊
古来
半熟
市有
各省
詩篇
外圧
女体
浪士
限度
支流
親方
円盤
鈍色
法規
本山
禁輸
原人
死相
母性
教諭
次代
楽壇
洒落
盟約
大業
維新
摂理
羅漢
土足
若芽
配偶
酷暑
賞状
天気
噴気
生体
洋癖
上位
番人
列石
高値
精巣
総裁
自国
内装
長短
早春
国体
冬物
抗原
微小
花粉
電子
眼科
必然
浮袋
足跡
語彙
粉雪
行場
社務
名宝
楽団
和紙
剛腕
反感
花道
撰集
藩政
着尺
航法
上白
外貨
亡霊
創部
高床
和讃
祖父
集客
中軸
起点
心得
原点
後者
南北
効率
居室
同誌
成体
所縁
事件
反動
副審
英断
恒久
玉石
警務
難民
内科
有価
要人
綱領
開運
節句
大祭
都会
公設
音頭
構図
孤絶
教科
地面
静墨
血統
地裁
卵巣
祝舞
悪血
特産
射幸
文身
白露
戦乱
権利
王位
駄馬
美境
街角
後任
前妻
局部
図画
他人
潰瘍
惨状
衣服
兵力
迫力
目標
頭金
大仏
傾向
業界
主題
語学
麦茶
産地
利己
記号
支社
歳晩
古典
人物
本屋
気分
下級
表意
草木
祝辞
兵仗
富商
思春
雷雨
刺青
繊維
体積
噴水
足元
野花
文理
頭数
編者
生保
無言
電装
共和
震源
威厳
骨牌
暖海
巻末
産科
内壁
邸宅
横綱
縫針
主文
頭皮
国情
紺色
為替
障碍
親善
帰途
石油
高低
街路
私鉄
家長
株式
捨身
深部
歴代
天然
概要
善意
定期
旋律
年金
多分
体力
目録
特色
胃腸
債権
知識
腕白
知性
元職
店舗
暗証
寝顔
任意
架線
老朽
宿舎
政情
転作
楽器
秒速
物体
情趣
両性
応札
旧暦
乳肉
窒素
国家
演題
星影
米寿
初戦
高利
永遠
忌諱
小舟
動議
小型
感傷
遺志
耐寒
列国
気風
手数
祭具
手練
小姑
鉄砲
対訳
見方
右岸
公立
公僕
護岸
本流
無償
南倉
通称
官業
新車
通念
単語
各局
不眠
裏町
前半
弔旗
軍機
河童
内容
言下
北門
生気
蛇腹
県営
秋桜
所産
日課
抹茶
老木
党員
意義
楊柳
紺青
福袋
梧桐
女官
敷金
金銭
真価
刺客
木材
英才
灯影
浅葱
青年
小党
極少
流儀
高温
老害
活路
長官
柳腰
無配
年頭
斜面
各巻
雨水
都心
返信
家路
稼業
綿棒
盆栽
獄中
総論
巨頭
砂金
軍団
自助
利付
合間
両方
党籍
人頭
軟式
出目
手首
線路
終身
警部
分署
文月
同国
物件
指輪
渋皮
苦汁
兵法
自費
工芸
抗体
併給
鋭角
聚落
色街
特例
贋物
素質
原形
雪国
本戦
文科
信金
蝸牛
事柄
恐竜
阿弥
養子
積雪
至難
不断
利益
教職
医師
現金
灯油
積立
球技
大空
水着
主観
歓声
特区
空腹
曲想
本籍
何者
濾紙
雑音
日向
大事
舞踊
病床
集名
学内
早稲
勝者
電器
名演
所内
活況
川端
奴婢
勝率
甘蔗
先端
賛意
名義
低音
正月
土物
液状
大学
茶柱
武具
急性
骰子
憤懣
厳冬
下面
試練
取水
賛否
水素
風神
中流
特長
最上
最深
船体
学術
規律
磁気
体毛
令旨
時効
正価
知命
自己
港湾
頭上
痘痕
色気
体制
住民
身元
雨風
誤爆
天体
私情
究竟
雨雲
月餅
矛先
多額
遺臣
外来
異存
半月
局員
教壇
無私
並木
常温
幕僚
親戚
称号
水軍
貨幣
石工
両側
年間
唐鍬
病苦
女坂
障子
馬番
給料
魔女
指紋
主席
理性
債務
食堂
架空
至福
予算
投句
磁力
意表
経緯
不覚
幼虫
学士
過度
後宮
冬瓜
祭祀
短尺
騒乱
銭湯
截然
宿主
辞書
熟年
小児
境地
相撲
水槽
戦前
血栓
心底
領内
主任
医局
土用
不和
弾道
人手
陰性
周波
初代
高坏
抒情
米兵
品物
細君
稿本
区内
煮汁
連投
支払
断筆
愚者
同署
赤子
同志
重鎮
番犬
果樹
酒税
風船
春期
椅子
供物
双輪
現場
土俵
円型
元祖
歌声
白米
教程
面積
筋骨
中期
酸性
金魚
大軍
電波
家紋
居間
法文
外部
宇宙
年号
美顔
螟虫
政権
数字
弊害
脚力
芸談
自主
足場
各氏
悪臭
同胞
持論
大権
開村
仕草
書類
私案
宮邸
体外
地酒
村議
俊秀
功労
国事
原料
得手
富農
横町
小目
守勢
学級
細字
洋上
真空
磁場
公益
異端
究極
適量
半額
曜日
老親
春雨
同社
総会
当座
竜王
司法
麦秋
輿望
土石
既得
異変
飢餓
学費
私大
母体
野辺
集団
子役
仲間
文様
陣頭
書簡
要旨
外伝
限界
氷山
儀式
捕手
女物
生地
潮流
金粉
税率
電信
所用
本心
断層
人数
汚穢
禰宜
住人
財物
士長
作家
店頭
論壇
正味
趣味
筑南
催涙
集落
所在
全館
夏季
勝機
金槌
魚粉
道具
妙味
出足
外角
神風
詩経
天災
都政
先手
血縁
天使
襁褓
即興
病室
指針
悪役
紅花
神誌
功罪
機械
有徳
宿命
良質
隣国
時速
端銭
話題
新法
幕間
隊舎
舞子
富豪
震災
頭髪
座頭
真冬
人魚
猛虎
操船
気鋭
打数
純益
白人
屋号
謀反
名所
実地
狭間
襦袢
難路
会席
和名
洋服
細菌
攘夷
年月
出処
手口
行内
教頭
実刑
聴衆
息災
鉱脈
利点
廉価
愚痴
新人
大漁
果汁
帯状
漁場
多重
獲物
華僑
豚肉
格調
新巻
議員
激写
美麗
県警
信販
耳鼻
楽所
近著
紙片
屈辱
利権
規約
内輪
校庭
当代
図式
価格
温室
用語
名車
来客
情操
不満
羅宇
読者
右足
力量
手札
海狸
気候
画風
画一
鎧兜
大陸
有症
恩赦
臍帯
手鏡
全席
公衆
制度
素因
邦人
年配
宿世
長旅
公社
句碑
本塁
陸上
隔月
扇形
膝射
威力
腕力
既成
稜線
最新
汽船
過激
新薬
囚人
定例
開口
文壇
陸士
水上
夫人
尾根
大半
最大
出口
前任
茶番
夕陽
権能
中枢
同展
初春
党首
公司
語呂
特番
季節
編著
伝令
定食
被告
踏切
地形
校長
新型
仲人
小片
繁忙
親愛
厄年
腰部
棋王
忌日
相互
幹線
家宅
画家
低空
大麦
朝野
盗賊
家人
基金
同紙
地力
頒価
過誤
甲虫
肩身
所行
熱気
農協
胆汁
漁協
洗車
残火
自宅
深海
民兵
敏腕
宮司
眼力
救世
痕跡
能面
食肉
致傷
母音
外科
産年
名人
主因
叙情
鶏肉
便数
農家
事前
禁物
格下
木樋
夏期
国軍
月内
貝類
砲塔
麻薬
水位
終値
衣類
際限
財界
容体
俊敏
法制
勲記
銅像
部会
軍転
戦艦
電灯
小委
駐米
薬湯
理学
有料
容器
随員
茶屋
凸凹
長女
梵刹
弱火
同種
拍車
元素
戦力
性能
両国
初日
名水
刃物
浄土
今期
戦線
無数
晩秋
吹雪
液体
秀快
中年
構造
対案
士道
清規
草丈
果肉
英字
高齢
音量
私家
表敬
大願
多国
河口
逸失
看客
角材
余地
町内
茫然
童心
国会
豆腐
政治
土台
多岐
伝説
男子
刑法
作柄
鉛筆
候補
漏刻
船便
車輌
労力
直球
主知
短冊
色彩
風呂
旧家
景色
達人
強火
反古
消夏
棋聖
抵当
寮費
農学
格子
能率
童謡
居候
浅緑
天才
暴漢
灯火
工務
川柳
音色
校区
上級
同島
白金
評者
連邦
乳房
聖書
辛口
終末
総額
図表
要録
在来
教養
公聴
戦友
女房
遺感
土砂
乗組
海鮮
効力
天覧
後衛
恥辱
爪王
曲尺
模様
度数
社内
専業
枕木
肝臓
下限
経歴
口調
荷台
域内
当該
母子
寝息
同僚
金網
小農
団塊
新種
捕縄
宿願
乾物
菊花
下段
低利
夕食
労音
松原
湯気
人家
粗鋼
微力
上隅
解党
勅旨
潤滑
納会
風雲
装具
下方
村人
両様
巨砲
管区
早版
乱世
本元
大我
蘊奥
健常
畑地
存分
塗師
汚水
蕎麦
喪中
讃仰
空間
側溝
外野
競馬
性根
製薬
義姉
桃葉
波乱
脱法
原型
唐衣
最終
算術
選者
息吹
学識
根拠
反旗
名作
水系
神道
不治
手足
亜鉛
御酒
公庫
国旗
芸者
幽霊
秀作
糖度
科技
疾患
仕立
印篭
地図
草莽
各派
王政
新婚
芸名
手水
短観
求肥
無援
階下
火種
香道
空虚
金棒
客数
平素
競輪
順位
母方
大工
前金
天文
山中
母親
生絹
明器
論敵
奨学
最低
山川
記事
筆跡
歯石
田園
風邪
空席
食品
知己
挙党
船頭
風情
最後
遠忌
在民
異都
有志
少雨
名字
悪名
次元
薬品
直系
県民
皇軍
銃後
高台
基軸
貨物
資材
風紀
機嫌
曾孫
月間
電車
生物
齲歯
白星
詩集
栄誉
版権
末流
大身
水鉢
花街
戦意
草冠
産政
気圧
栄冠
墓場
用品
国内
時給
天日
新芽
町民
論法
異種
高足
遺骨
名匠
受章
中秋
水虫
各部
和歌
農蚕
望遠
行来
靴下
仏教
随時
塗板
筆頭
天下
党則
父親
獅子
紀元
部屋
端午
社畜
党略
救急
世代
禿筆
鬼神
風致
新規
天火
機会
各所
孤児
回線
生業
因襲
色調
湖畔
教室
恩恵
庄屋
日中
上空
前回
集魚
学生
狂言
局番
闘士
林地
大兵
訃報
荷重
渓谷
首脳
秩序
大王
景気
民宿
宝永
取次
弔辞
海上
満面
食用
具体
関門
最悪
光熱
主食
教師
分権
車掌
年商
行年
病者
履歴
原審
学風
葛藤
和風
主人
下隅
悔恨
痛手
極秘
縁起
件数
鼻骨
炭鉱
黒翁
同委
世界
軍配
縁日
春節
難題
関心
直前
判例
過渡
週刊
高層
菓子
背丈
局面
品目
議場
王者
白石
商用
愚妻
時分
順序
水銀
半数
文献
側石
同相
新郎
商社
魚類
北方
薬味
西南
役者
国権
間際
職種
冷茶
廃品
客席
幸運
筆筒
市営
中温
食物
軒先
鼻血
念書
搜査
次善
旅先
単勝
原価
観衆
職労
同心
終盤
収支
両氏
紺碧
会派
樹勢
船倉
射手
亡弟
羽箒
殺人
高木
同系
爆心
家元
月給
殿堂
規格
突風
資本
小麦
現世
利率
真上
砂丘
船長
人界
細管
火炎
厄除
戦型
硯箱
雨天
冷害
童話
王室
末席
機体
黒幕
定番
白樺
振子
軽量
外周
脂肪
理論
剣客
雪崩
税務
船腹
司書
銃器
夜中
稲作
座像
額面
還暦
冷酷
夕刊
編目
類例
可燃
羽毛
半面
蹴鞠
道路
前提
頭部
官吏
子弟
神社
低層
銅鑼
職責
参事
光速
雑用
継父
金目
品位
口髭
上布
中小
公使
都営
単身
電源
取扱
新家
博奕
銘板
少女
実定
唐臼
外国
旋風
悪評
御座
義父
手元
時点
路上
先祖
天国
新劇
同所
愚答
風雨
血痕
口火
古都
証左
血道
歳暮
府立
愛煙
喪章
別人
役場
本業
方面
衝撃
前面
線審
限月
民事
存廃
壁際
銘柄
硬軟
資格
助監
先物
涼風
悪阻
支局
市議
型式
政商
増勢
親指
省油
歴然
名物
大目
残骸
続編
疑似
政体
隣室
騒音
負債
警察
異性
法定
半目
俳誌
条例
陸軍
役割
盲腸
右端
前週
大国
道義
魚介
浴場
判官
山岳
自筆
奥義
死本
牛女
氷壁
単形
長男
書房
文政
規則
写本
王朝
正義
人屋
水稲
前夫
機上
問屋
過当
桜桃
適地
原発
新税
料飲
主従
海原
利潤
年初
伏射
下部
学寮
同形
流説
虫歯
経路
多面
鉄則
片隅
白鳥
絶好
学界
海神
脳裏
両手
商業
水量
社長
蔵相
月額
句会
抜群
兵舎
下腹
跋文
墳頂
軍用
夏場
刊本
毛虫
双葉
東側
人造
道順
慣例
重力
風穴
地点
棋譜
支柱
知的
既刊
宗主
仕丁
留置
題名
樹齢
急戦
単価
日数
元凶
遺産
領海
中殿
目上
簡易
郷愁
大字
高裁
旭光
朝刊
瑠璃
硝酸
絵柄
蒸篭
総評
中学
基数
大蛇
資産
事情
野菜
外傷
日傭
少年
学説
反核
大門
数理
料率
黒板
大本
深雪
農政
強度
地域
秀逸
古手
人妻
患部
質量
雑誌
有無
多選
呪力
念力
視野
家賃
場所
薬物
比率
常務
髑髏
扇子
水深
戦列
男色
月次
産油
由緒
山車
胃薬
手枕
本宮
生家
両者
夜間
花火
陣地
眼鏡
罰金
室長
肝玉
根底
子供
物資
女御
門戸
民族
暗雲
農道
人間
点字
水煙
立国
樹木
佩刀
本格
短詩
豪放
牧草
文言
州民
外電
歌姫
山内
王妃
当地
福利
死因
原版
下地
住宅
主審
傲慢
嗅覚
保母
材料
朝夕
水力
食卓
無休
正本
寡婦
編物
器官
定刻
絶唱
諸子
洋風
神童
現実
炎天
裏庭
通路
官制
笑顔
涼味
石琴
所定
若草
管内
地上
書家
嫌気
小銭
土器
屈強
水泡
銃声
課題
白面
便殿
全欧
新進
理念
聖歌
魅力
風車
海流
内角
草案
首輪
深山
奇跡
同行
定石
年限
圧巻
女史
王将
自党
生水
歌劇
便宜
力士
身分
初老
劣等
太閤
他行
有数
基調
空力
黒星
分限
火付
珠算
機種
容姿
案件
上段
人形
非行
赤字
法則
国立
会報
自発
上部
草屋
秋口
欠点
対象
船主
弱音
流星
欲望
毛髪
有人
敵勢
兄貴
新内
科目
腫物
本国
入歯
太陽
武士
念珠
光景
縄文
小説
土手
艦隊
寿司
支所
高原
動向
文物
法主
人民
活劇
謝礼
体型
光量
朝臣
密林
論調
人格
北部
真心
邦銀
球界
木簡
外用
史観
廃案
旧版
秘策
慣行
現物
全馬
救国
末代
人情
地球
顔料
小路
未然
乱脈
両翼
速度
体罰
余生
布地
花嫁
個人
計時
激痛
関節
熱燗
買取
無形
単願
御幸
人影
理事
成鳥
不詳
地代
細胞
対岸
宗旨
痛快
心理
政教
細型
国王
序文
隊商
暗闇
唐名
半島
遺忘
生音
水産
少子
寒風
荼毘
浅瀬
俳句
文学
石柱
寸借
蛍光
客土
美質
内心
強盗
魔王
茎葉
新駅
合判
本薬
出前
法要
当局
文庫
砂嵐
形相
電算
快音
緒言
通禁
大会
恐慌
涙声
仏語
井戸
難問
健脚
医科
風水
薬価
姿勢
頭巾
各般
漁舟
館内
同権
副業
感慨
短銃
木像
聾唖
領空
空前
戦火
誤植
落果
血脈
時刻
平安
志士
織物
前列
成案
英語
全額
醜名
祝杯
自体
足下
乳児
大人
便所
素地
医薬
託宣
小雨
生徒
各種
器材
謄本
大所
名産
諸氏
春宮
予兆
音楽
金脈
薬方
窮状
課長
相承
王子
町衆
露天
続投
欠陥
祭典
位牌
養父
船具
旅団
拠点
上限
前哨
勇名
機運
綺語
近眼
郷土
子規
商号
通帳
全力
疫学
目先
木星
国力
全般
写実
薬禍
家族
骨灰
中産
前月
町長
水運
玩具
功徳
野蛮
雨脚
市外
内野
正鵠
薄氷
全面
種類
保健
画伯
夕鶴
系統
年会
物理
大概
実年
行事
業者
当方
手帳
鼻歌
重体
日陰
聖教
若者
初球
体系
弓矢
旅僧
人事
酪農
連盟
舞楽
肖像
甘酢
刑場
所為
輪郭
武力
奥地
胸元
典型
特段
国語
干支
外政
花柳
謙譲
民衆
異色
背骨
収入
拳銃
同院
基壇
国税
番組
実績
反共
終章
良薬
外様
寸法
王女
清風
憲法
結社
名医
用紙
新生
史的
静謐
辺鄙
冷血
胡散
安手
風雅
不利
羸弱
素敵
悲酸
豪的
複雑
敏捷
迅速
雄偉
切実
因循
完全
昵懇
朧気
横様
放漫
違法
誠実
無体
磊落
淡白
精微
肉太
意外
流麗
安価
不滅
心的
懇切
精密
好調
阿房
権高
無類
高等
不吉
間遠
驕傲
恭倹
面倒
論外
斬新
鄙俗
粗野
遺憾
憎体
真率
厳正
明細
不敬
平淡
懸命
奇態
奢侈
適切
純白
端近
豊穣
短小
濃密
警抜
緻密
俗悪
冷厳
大力
静粛
浮気
頑健
円満
冷徹
年少
堅固
柔軟
壮烈
卑猥
丹念
瑣細
多病
貪婪
奇妙
無疵
淡泊
陰気
物的
正業
芳烈
深刻
快調
肉細
愚劣
狡獪
湿潤
随分
強健
獰猛
雑多
馬鹿
懦弱
烏滸
煩瑣
便利
伝法
愚暗
繊巧
隠微
必至
瑣末
多難
冗舌
静穏
優雅
柔弱
軟調
必須
横風
狭量
無筆
小幅
悲愴
荘厳
怪奇
高直
未定
確実
利口
穏便
平明
稀代
阿漕
懶惰
粗放
劇烈
豪宕
小味
大儀
伊達
人的
無粋
険難
喫緊
枢要
壮観
口早
殊勝
沈痛
不様
不敵
至便
簡略
小欲
孝行
快活
無学
有益
繁雑
多彩
放胆
口軽
安逸
質素
性的
鮮明
不遜
凄惨
放埒
地味
高位
上品
清潔
面妖
非常
博大
英邁
生直
平等
恐縮
足速
豊潤
貪慾
老巧
活発
半間
中高
軽少
純美
高大
無茶
憂鬱
険阻
火急
我侭
謙抑
暗愚
雄勁
剛胆
破格
清新
慮外
野暮
皮相
壮快
狭隘
沈着
素的
無尽
不適
至当
若気
蒙昧
柔順
平滑
博識
残念
呑気
素樸
高潔
横柄
粗末
超凡
妖艶
肝腎
覿面
厳粛
淫奔
有利
緊切
富貴
不整
豪華
質樸
猥褻
陰険
明解
必死
順調
極度
多幸
悲痛
卑俗
低劣
狭小
寡欲
頻繁
強固
円滑
膨大
繊細
凶暴
別箇
顕要
高雅
婀娜
既知
平板
剛愎
光栄
多芸
邪悪
古風
奸悪
軽躁
手狭
平凡
未読
鈍根
滑稽
平易
劇的
陽気
茶目
幼稚
下劣
見高
潔癖
可変
厳密
清澄
異様
即急
乱暴
絶美
本式
苦手
不精
斯様
閑雅
嫌味
激甚
有力
真黒
貧弱
魁偉
下等
寛大
広汎
足早
蕪雑
蒼白
皆無
適宜
倨傲
豊沃
不調
完成
高名
地道
愚直
著名
極端
至高
優性
公正
残酷
寡黙
卑屈
丁重
相当
煩雑
適任
過剰
巨大
剴切
過密
多湿
陰湿
果断
気軽
柔和
必要
鞏固
病的
勇猛
高遠
長尻
全的
低級
水平
高度
温暖
無礙
芒洋
無味
険峻
実直
些細
積極
不用
重要
頑迷
小癪
過小
痛烈
殷賑
秀麗
大様
気短
豊満
至要
短慮
深遠
残忍
獰悪
可聴
謙遜
遊惰
滅多
小体
微細
豊艷
剽軽
極大
失当
悽愴
窮屈
軽佻
厚顔
不等
舌長
懇到
真摯
生硬
肝心
軽薄
清廉
横着
惰弱
強引
殷盛
律義
過重
冥加
疎略
尻重
剛毅
容易
量的
失礼
熱心
癇症
同断
喧噪
精確
太平
滑脱
反対
老弱
健在
然様
小胆
法外
不良
爽快
暗弱
周密
堅調
莫迦
不敏
辛気
艷冶
沈静
軽捷
大童
詰屈
少食
華奢
深切
人並
感心
足弱
多弁
可読
不当
不要
激烈
丸裸
独立
不快
高邁
豪壮
滅相
多感
端厳
凄絶
聰明
狂的
謙虚
卑賎
奔放
明朗
好適
清雅
不躾
至妙
拙劣
敏活
雄壮
速急
軽便
捨鉢
有能
不倫
健勝
手荒
下品
無精
劇甚
僭越
特別
内気
尾籠
悪質
不明
不憫
判明
割安
遠浅
凄艷
個別
尠少
小慾
壮大
退屈
寛容
兇猛
軽度
甘美
遅鈍
平行
堪能
厳酷
器用
奇矯
美味
駄目
広大
流石
非情
迂遠
酷悪
業腹
不同
剣呑
小食
微少
好色
嶮峻
普通
開豁
無傷
簡捷
法的
奸佞
堅気
左様
冷淡
冷静
喧騒
生憎
苛烈
躁急
貪欲
正当
無駄
霊妙
多大
篦棒
頑愚
高額
平坦
猛悪
奇麗
奇異
無害
定常
綺麗
犀利
壮健
専横
簡明
冗長
博学
淫猥
切要
温順
安易
貧乏
懇意
荘重
姦悪
着実
多才
濃厚
温柔
暴戻
寒冷
有名
暢達
陋劣
丁度
純朴
飄逸
大仰
超邁
健聴
珍妙
鈍感
身重
細微
劣性
異常
軽微
非凡
短気
縦長
老練
痛切
孤独
鄙猥
達筆
不貞
低調
不毛
堅牢
丁寧
整美
違式
悲壮
存外
気丈
強欲
安定
貴重
平穏
兇悪
裕福
鷹揚
佶屈
薄情
醇朴
早熟
悪戯
敏感
難解
悠遠
同様
荒誕
公平
優秀
悲惨
狷介
鋭敏
等価
公的
壮麗
勝気
樸直
端的
本望
健気
優柔
無闇
殺伐
木訥
無能
純粋
偏平
珍奇
幽艷
健康
貞淑
謹厳
厭味
正確
気長
不服
迂愚
半端
茫洋
過分
余計
嶮難
欲深
端正
哀切
立派
簡勁
幅広
内密
疎遠
叮嚀
劣弱
貞潔
奇遇
得意
無理
単純
善良
冗漫
脆弱
寛厚
広博
峻険
粗笨
鈍重
婉曲
穏和
偶然
僅少
優美
多様
劣悪
安心
陳腐
稀有
辛辣
厄介
不穏
宏大
真赤
尾篭
未開
有効
乱雑
険相
内福
熱烈
勇敢
分外
厳重
利発
絶妙
神速
露骨
慎重
親切
勝手
清冽
不味
激越
無涯
広壮
薄倖
粗慢
不愍
愚鈍
狂暴
散慢
迂闊
独自
朴直
純一
浅学
端麗
仰山
詩的
多端
鮮少
周到
無効
誇大
親身
稚拙
克明
英明
曖昧
別懇
魯鈍
優渥
幽玄
矯激
等質
無縁
適正
尊大
妖婉
暴虐
安気
大層
雄大
肥沃
強靭
深甚
忠実
寛闊
無残
頑固
透過
愚闇
温良
急速
別様
文弱
幸福
美妙
情強
無難
猥雑
厳格
無芸
明快
順良
通俗
杜撰
煩多
不能
頑冥
細密
典麗
勇壮
放恣
苛酷
可能
赤裸
固陋
唐突
達者
長大
従順
淫佚
剛腹
大風
散漫
純潔
非礼
硬骨
確定
梟悪
正常
不徳
空疎
格段
晴朗
声高
顕著
浅薄
無敵
充分
幼弱
裏腹
暗鬱
安静
無惨
双対
重大
怯懦
粗忽
利根
閑寂
微弱
訥弁
明確
粗略
希薄
怠慢
細心
大味
都雅
軽率
老実
玄妙
残刻
剛健
不忠
急峻
慳貪
未熟
低能
醜悪
明敏
僭上
主流
清婉
聡明
中正
佳麗
優位
宏壮
淳朴
凶猛
元気
平和
多能
生新
軟弱
陰惨
強暴
不振
遠大
物騒
無益
篤実
雅馴
須要
文雅
蓮葉
公然
無礼
強情
緩慢
希有
淫逸
宏遠
深厚
真当
自然
華麗
幽遠
豪気
新鮮
素朴
控目
卑近
律儀
著大
精美
偏頗
気楽
不便
低湿
矮小
古雅
不浄
不逞
幽邃
短目
悪辣
闇雲
性急
貧小
大俗
満足
公式
怠惰
愉快
大柄
濃艷
胴欲
率直
黒山
腰弱
簡便
懇篤
親密
陰鬱
正直
億劫
逆様
怜悧
分明
適当
悪徳
悠長
疎漏
気早
素直
峻烈
口速
姦佞
深長
偏窟
密接
長閑
透明
謹直
妥当
異質
真暗
自在
雄渾
皮肉
粗大
嵩高
病弱
艷美
有意
質朴
流暢
晦渋
豊麗
佞姦
奇抜
低率
少量
怪異
兇暴
因業
暴悪
鮮麗
雑駁
雄弁
豊富
澄明
必定
特異
頓狂
盛大
明瞭
多淫
遼遠
私的
神妙
重宝
甚大
疑問
低俗
不運
余分
見事
無欲
大胆
手軽
独特
無垢
険悪
直角
有用
気弱
虚心
峻厳
鉛直
剽悍
急激
寛仁
峻嶮
薄幸
衡平
秀抜
温雅
多目
不粋
完璧
小量
危険
均一
大切
案外
無事
下賎
多望
酷烈
新式
該博
豪奢
広量
平俗
狭長
丈夫
奇怪
心外
無情
能弁
滅茶
広範
微妙
真白
鉄火
妖艷
淳良
緊要
無恥
霊的
暢気
多事
高級
精緻
高燥
間近
放逸
浩瀚
老獪
偏屈
姑息
宏量
大幅
敏速
邪慳
清楚
不屈
疎放
絶無
希代
無比
無根
結構
狡猾
清純
芳醇
独得
不束
邪魔
不易
明晰
森厳
純真
躁鬱
吝嗇
幽寂
高価
穏当
極道
過大
寡作
有害
徳用
重厚
共通
執拗
頑強
先安
沈毅
新奇
簡約
饒舌
方正
巧妙
淫蕩
好運
可憐
気侭
無力
有為
奇警
割高
不審
堅実
少慾
粗雑
醇美
慇懃
優麗
我儘
至極
粗暴
卑劣
倹素
多忙
斉一
巧緻
杜漏
健啖
精良
旧式
嶮岨
洒脱
細緻
善美
繊弱
綿密
尋常
相応
不羈
無聊
孤高
身軽
学的
鄭重
鮮烈
安全
酷薄
豪快
卓抜
貧賎
崇高
軽快
無法
純情
直截
調法
真剣
朴訥
推定
疎剛
詳細
疎慢
強靱
聊爾
無碍
無用
節操
強気
質的
驕慢
主要
静的
笑止
安穏
先鋭
愚昧
同然
緊急
手頃
非道
精巧
精悍
強的
慧眼
傲岸
手短
微賎
困難
全一
大変
多情
目深
穏健
凡庸
強烈
浮薄
活溌
手近
繁多
明白
動的
賢明
簡単
卑小
少欲
歳上
上乗
豪勇
艷麗
豪儀
軽易
無骨
正式
詳密
貧相
閑静
肝要
絶大
上等
無心
緊密
夢中
邪険
扁平
旧弊
佞奸
野鄙
不正
強硬
正大
順当
快適
派手
清艷
安直
些少
適度
均質
高貴
目茶
温和
強慾
平静
勇健
猛烈
偏狭
胴慾
真丸
快闊
放佚
真青
恰好
物臭
無為
外的
無謀
精強
強大
迷惑
自侭
尻軽
古拙
無口
的確
肉的
恭謙
愚図
得用
失敬
気重
精妙
真直
簡素
莫大
低廉
放題
闊達
自由
剛勇
無様
怪訝
潤沢
野卑
拙悪
優等
豪勢
無慙
良好
虚弱
酔狂
廉直
褊狭
頑丈
非力
大量
炯眼
特殊
優艷
驕奢
不幸
偉大
壮絶
名誉
神聖
純良
隠密
当然
不安
剛直
寝坊
不尊
弱小
望外
身近
高尚
多量
至純
過酷
稀薄
優婉
放肆
鄙劣
優勢
最下
小心
健全
大巾
広闊
気随
限定
暴慢
無毒
極小
熾烈
突飛
口重
瀟洒
有望
単簡
旺盛
粋狂
明媚
真昼
全部
平日
深夜
時間
家中
道中
没後
以来
毎秋
終夜
死後
以降
来春
暮方
毎朝
昔時
明日
従来
明方
時折
挙句
来月
過日
半分
今春
土曜
春先
払暁
旧臘
目今
場合
朝暮
本日
夜前
元朝
以後
両度
産後
今回
時下
昨秋
来週
早朝
満目
平生
先頃
午後
夜半
今季
昨夏
来年
当分
屡次
全体
晩冬
向後
去歳
時期
結果
大数
行先
中頃
末葉
当世
直後
晩春
中盤
翌年
客月
元来
昨春
水曜
若干
来夏
木曜
席上
近年
今次
反面
隔年
後半
先般
本年
初年
昨冬
次第
太古
毎次
事実
将来
真際
瞬間
年末
早暁
明年
戦後
晩節
客年
行末
安息
大挙
早晩
前後
去春
半季
今後
次回
尽日
翌日
門並
累次
前日
晩年
下期
近来
去年
長年
後月
今夏
初旬
他日
他年
他面
先夜
今年
当年
昨今
同夜
明晩
金曜
即日
昨月
朝方
術後
寸分
少時
午后
大略
途次
昼前
客冬
昼間
火曜
最期
今朝
朝晩
数等
昼中
当時
時季
今晩
永年
直接
日毎
夜来
毎時
今時
頃日
当夜
初頭
先晩
毎食
昨年
翌朝
時余
年来
毎年
途中
以前
昨日
毎秒
毎月
当今
毎期
以上
夕方
当歳
前夜
平年
方今
復路
当節
早秋
今月
今夕
月頃
夜分
下旬
刻下
翌月
夜毎
寒中
同期
本初
昨夕
客臘
満都
居常
今冬
上旬
秋涼
帰路
白昼
常時
半年
倍量
月末
即刻
先年
先月
後来
毎回
午前
毎日
同年
終年
先日
当初
今暁
毎夕
日頃
中旬
独力
半時
半夜
昨週
旦夕
先程
刹那
今頃
後日
全日
当月
日曜
前年
多年
例日
爾後
後年
後世
休日
後刻
多数
日夜
輓近
未明
畢生
月曜
毎週
客歳
同月
週末
終日
満場
余日
揚句
先度
現在
各員
城内
病後
昨夜
過去
毎晩
毎度
真個
大体
以往
陸路
元三
今宵
本来
近時
昨朝
幾年
旧年
過般
生涯
空路
再度
結局
絶対
各自
晩方
新年
初度
今度
正午
生前
旧時
明朝
去月
近日
今秋
毎号
毎夜
来秋
先週
隔日
当季
大昔
同日
最近
普段
連日
鋭意
初冬
半道
雨下
終生
隔週
旧冬
当日
諸共
今週
今般
当面
先刻
月旦
終世
冬期
長日
月央
今日
今夜
印加
想到
指揮
水書
大破
企画
先攻
漸騰
離乳
倒幕
入寮
検案
絶家
深化
来寇
批准
訴求
演説
呈示
直送
領有
受戒
初演
控訴
諳記
興起
対峠
増兵
届出
潤色
外遊
密漁
再検
並進
降服
推服
確言
行脚
微笑
含有
成就
道破
間食
来訪
開示
評定
予言
自決
伝言
結露
消灯
努力
禁制
成敗
特待
実視
鼓腹
連覇
欣求
通交
積層
起筆
改善
銃撃
免訴
整備
惨敗
例示
推進
栽培
明断
軽視
仮設
欠落
抜刀
彩色
勧化
開会
制定
感謝
連奏
専有
哀悼
増車
転送
低減
掌理
割拠
節米
増結
蓄財
通関
追随
顰蹙
来演
算段
觝触
分譲
捨象
脱税
入党
倍増
査定
門出
迎合
湯治
象徴
特注
救助
併科
頓服
公判
昇進
隠居
切削
激変
投影
誹謗
試行
収拾
担保
群発
洗礼
自戒
連発
退歩
峻拒
措定
懲罰
耕作
試合
放置
寵愛
検問
装荷
納入
引受
閉門
挫傷
熱願
横行
制止
対処
推理
混合
授与
孝養
強請
営巣
動揺
受任
弾奏
商談
抑留
奮闘
在住
転化
解説
下宿
自賛
熟視
諦観
閲兵
重合
休職
永眠
累計
栄達
鈍磨
掌握
独創
狂奔
復讎
宥免
断念
脱色
開通
欠席
疲弊
壊乱
同衾
続報
後送
検収
受配
虐使
圧搾
要請
畏敬
請願
取材
卒業
誣告
談判
昇天
低回
閑談
輻射
出廬
独断
享有
受審
油断
退座
入棺
休航
粉飾
北面
消光
高唱
滅亡
納札
御礼
掲示
任用
連携
慰留
並存
劇変
看取
缺落
生動
激励
失陥
求刑
心酔
鳥瞰
符合
抄録
散点
違犯
率先
告知
再思
流露
嘉賞
叱正
開演
失墜
恋慕
闖入
繁昌
侵寇
貯金
摘果
兼業
顛覆
渡渉
認識
口外
休養
受洗
供給
買春
往還
興奮
遺贈
整頓
誤用
充電
留保
変異
淫売
散歩
発展
創作
修祓
構成
約言
刑死
失敗
校訂
抽出
造型
垂死
主管
浚渫
略言
鬱血
遊歴
併設
固辞
止宿
歴遊
尊崇
嗚咽
稟請
炎上
発疹
汎称
濫造
陳情
授精
遊弋
著述
就役
黙認
査問
焼尽
退役
速成
珍重
増進
要約
敗訴
接写
亡失
弘法
肥大
困窮
差配
落胆
安着
票決
家出
隠退
喀血
奉答
遷座
結球
解読
遅刻
加護
口演
碇泊
雷撃
配管
予想
出府
再審
察知
救命
休神
峻別
同車
集計
送波
行動
貫徹
静止
配信
操車
配給
譴責
外出
応答
修理
共生
照合
壮語
審査
伝播
査証
沐浴
修得
冒涜
全滅
逡巡
勘定
意思
関係
轢死
相乗
再縁
立脚
同化
掃海
付設
発心
把握
着色
預託
力泳
病死
侍立
哨戒
曲言
鼓吹
水食
説経
細説
混線
談論
照明
退去
当番
転補
明言
疎通
借財
合同
布達
瓦解
来診
全訳
両替
初出
監禁
力説
提供
実測
訪問
入港
布設
検死
送像
簒奪
感嘆
参戦
分岐
評価
標榜
計画
増徴
絶句
認定
褪色
存続
着剣
監視
放水
按排
念持
連坐
女装
感佩
教唆
採鉱
完封
紊乱
拡声
出金
固化
補筆
好防
占有
植皮
混紡
保育
並立
露顕
追討
外切
専心
完了
席捲
信服
持久
伏流
合議
審問
秘結
乗馬
焼鈍
和楽
頬被
念願
絶食
乱獲
召致
在席
終熄
同流
接種
積分
滑空
溢血
欠航
臨場
提携
参朝
内談
東進
銓衡
鬱結
卓出
亡命
放映
懸垂
実写
接地
盗掘
急落
議了
棄却
敬重
併進
尋問
出札
封印
委託
換言
合体
力走
読了
意訳
散在
反逆
予覚
貼附
蓄髪
懐妊
禁固
反噬
標記
確聞
微行
熟議
精製
腐敗
悋気
挫折
自活
修補
逸走
速攻
推論
熟睡
廃頽
脱脂
座乗
収載
営業
熟談
解熱
変換
総覧
賞嘆
進捗
偶語
強襲
優先
歌舞
合宿
開票
野宿
縫合
諒承
着金
拝謁
剥離
引用
日参
揺曳
前進
喚起
疏通
参進
抗言
着想
執務
固持
縷陳
圧延
歓迎
清書
目撃
会釈
独演
撒布
襲来
植林
震動
調停
専任
編集
愛惜
内命
輪栽
奉告
操縦
群生
剔出
併走
驚愕
粉砕
早婚
復刻
宿望
冀求
掃滅
急逝
訓話
製版
車検
見分
所轄
専断
満水
新調
返送
独吟
点訳
弾圧
納受
出帆
分散
耄碌
内通
付言
選出
西漸
再訂
衰滅
開国
判断
割譲
廃滅
会合
昂揚
思索
租借
帯剣
自学
撲滅
評議
合意
力戦
射出
除雪
相剋
終止
粛軍
直覚
呼号
分配
来島
遺尿
突出
主演
帰郷
強攻
追録
繰延
応射
喜悦
再嫁
纏綿
献本
徴募
委棄
直射
好演
漏話
附議
還送
顕彰
痛恨
勘案
作業
造血
同定
思案
常勤
護送
禁圧
老成
起債
巡演
変改
脱会
讚歎
指示
扶育
密着
分与
仮想
去勢
立見
頽廃
問診
発音
内偵
信頼
比肩
扮装
競争
失速
重婚
横溢
直訴
離島
感得
徹底
炸裂
累進
密生
散布
麻酔
勇退
粛党
輩出
参宮
造形
号泣
奉献
下見
寄託
承伏
投稿
昼寝
融資
歓呼
改版
潜水
露光
行商
群集
下放
痛心
警備
開設
仮植
反抗
居留
約分
独奏
定義
宣誓
特約
購読
高揚
懸絶
悲嘆
申告
質疑
煩悶
輔佐
間伐
放電
押売
転回
減数
再訪
供託
導出
延焼
減量
夜勤
防遏
予習
貼用
内蔵
叱責
演出
満悦
更改
干渉
参考
阻碍
投棄
陶冶
公言
立替
局限
圧縮
伝来
開門
断種
痛論
出征
布告
愛蔵
礼賛
用心
単行
悖反
大呼
常任
修養
暗躍
分化
契合
誤信
返盃
見聞
蟠踞
製塩
誘惑
停船
妨碍
加階
誘発
変名
盗電
誓言
叙説
自嘲
帰陣
朽廃
検査
陞進
予知
入局
逸機
直上
新築
錯雑
通電
分派
連結
直面
引見
姦通
完歩
屈伸
量定
全通
聯合
詳説
悪用
厳秘
上書
即行
激化
製作
撃砕
特設
長考
補填
健闘
乾燥
戦没
真似
歓送
結成
慰安
享楽
作図
成形
愛用
躍動
論断
還流
愛誦
治水
作文
遷幸
正座
恭悦
空費
聯繋
撃退
納涼
訪朝
判示
受註
決起
遺留
計算
風靡
通学
右傾
仲買
驚嘆
謹聴
禁煙
漫罵
恵与
申達
入滅
減免
進展
心痛
雑記
着弾
遠出
溶出
点呼
偽称
演習
変位
通算
盗塁
解任
代書
乗船
省筆
規整
狼狽
協定
耕耘
植民
徴用
試製
投写
旋転
自転
分煙
休心
奉拝
集収
断髪
処断
考案
布置
奪略
融解
登院
膾炙
投身
蔵匿
銷却
内服
厳守
按腹
急迫
馬耕
絶版
顛倒
筆算
借入
結髪
陣歿
案出
消費
包蔵
開発
奉賛
飛翔
統帥
布陣
連絡
鈍化
受忍
畏怖
同座
帰着
修造
伝達
聯絡
奉祝
弁明
雄視
喃語
分家
建言
駁論
沈淪
誘引
入来
奉公
遍歴
生誕
転地
併置
接収
激論
篭絡
拈出
消失
扣除
諷諭
列記
保養
雁行
教育
主導
合力
入信
販売
挂冠
再生
大書
消散
争闘
配合
兼摂
登壇
順応
快眠
賃借
力闘
動座
安神
着座
北上
忘失
透析
改廃
抑圧
発出
照査
背任
承認
下痢
送別
陽転
寄付
考究
説教
混食
重奏
平癒
協賛
直観
蹲踞
化合
交信
塩焼
敵視
磨損
購買
発電
割愛
訓電
手交
硬化
降参
乱費
凝滞
掃討
付課
展翅
発射
先述
返本
処分
赤熱
翻刻
塗擦
奉唱
市販
孤立
両断
争覇
引致
出仕
充員
謙称
湾曲
復讐
帰山
緘黙
受領
窮死
稟議
釈明
残害
判定
服属
粗描
付与
訓読
罹患
領掌
凝結
配付
復旧
送信
出漁
信憑
懸想
自警
朝貢
併行
仮借
鎮座
改稿
采配
消毒
転出
特免
邪推
声明
吐血
入城
盗伐
始業
移設
策謀
剥奪
嘆称
調理
脱出
上梓
公称
増殖
習練
代表
凝着
得道
破裂
折伏
協業
中断
離陸
進発
海蝕
林立
編入
報告
図解
雑鬧
快勝
把捉
砲撃
逆襲
休診
邀撃
役務
壊死
放逐
嗤笑
細別
拐帯
目指
迫害
自責
蚕食
登板
策定
遺脱
延引
変約
客観
検察
退蔵
欠伸
問答
検屍
別居
仕官
滞在
帰服
保証
挑発
耐乏
中座
出費
絶叫
推算
夜営
帯電
搬入
遮断
減却
継続
接見
遺棄
雑言
抄訳
密輸
改新
製油
模作
離任
祖述
清浄
再刊
昏倒
乱造
来院
戦闘
中傷
引接
賞味
憂慮
威服
応対
加勢
協調
出水
自証
大酔
開拓
分業
終漁
奪掠
納車
肉薄
譲位
切除
退団
撰述
保釈
精米
送配
激情
教戒
倒置
準用
自得
設問
圧倒
乗算
屹立
給水
入質
論述
長座
提唱
介入
休廷
徂来
混浴
組織
下獄
齟齬
軍縮
交渉
上程
支度
按摩
製粉
回旋
監護
吟行
出棺
拮抗
酸敗
痛嘆
課税
伝承
穿孔
沈降
称呼
接伴
襲職
圧伏
移入
退却
廃嫡
静養
浮揚
下賜
休部
調製
注目
混戦
悩殺
仮睡
免許
挺進
飛散
転変
閉経
醸造
脅迫
風刺
受容
激突
弁護
寄書
蕃殖
常傭
附設
応援
湮滅
潜在
来所
開札
寄進
水泳
露見
入場
任命
述作
陪従
強要
視診
乱闘
洗練
猛襲
供応
賛助
派生
発走
在荷
現送
辞去
焼灼
総轄
武装
代言
老死
突貫
雑談
血戦
社告
馴致
架設
観劇
荒廃
垂範
決済
縊死
窮追
膝行
写植
投球
副葬
直裁
開眼
侵蝕
帰還
転写
隠顕
上覧
除去
攻落
変転
表出
互選
漏水
懐疑
愛飲
思惟
寄贈
結託
着水
勤続
熟成
研修
順礼
閲覧
退治
漂泊
自制
破約
密送
入札
司令
早出
散水
繙読
集配
坐洲
単作
在社
少憩
疾呼
按配
蹂躙
惜敗
脱退
就任
溶解
投書
警衛
優待
巡覧
慣熟
箝口
奪取
溯行
帰耕
失職
自任
併営
談合
全壊
補強
抜糸
相補
緩和
集金
称讚
独学
薄遇
召集
参篭
出射
夏眠
分流
冊立
賞玩
滑翔
訊問
代決
皆済
私用
接岸
協議
面詰
帰営
来日
警報
在勤
黙殺
抗議
露出
感応
添書
開幕
帰休
決算
給血
陵駕
奔出
併録
熱愛
食害
対置
目睹
放送
阻隔
自称
脱船
訴訟
暴飲
邦訳
陶酔
変造
着岸
蒸発
涜職
呈上
浄書
想定
憐察
節減
抜歯
検知
吐瀉
推輓
退校
播種
点滅
遷化
内示
宥恕
出炭
細論
投錨
凝固
律動
滞貨
苦学
弔慰
出撃
標定
終結
直叙
不参
入部
整流
更生
反復
重畳
摩擦
辞退
継承
挽回
選別
答電
幽栖
遊蕩
訓令
制動
入賞
分娩
思料
水蝕
痛飲
貫流
在役
覆滅
順延
頒布
確立
説法
誅伐
宣教
瞥見
講話
翻意
晩酌
大病
乾杯
入構
還付
前納
涌出
列挙
残塁
斡旋
満載
指名
零封
連座
配流
飽満
自記
廻転
脱牢
応戦
憫察
代議
改悛
思考
感泣
老化
錯誤
奉読
分溜
起稿
蠱惑
訪英
醵出
混信
除草
後逸
略述
嘆賞
均分
送風
回想
口授
先行
転移
詩作
落石
領承
命令
悲歎
死産
強弁
欠礼
逢着
納金
採択
行使
羅列
起案
苦難
流用
発奮
凝集
讒謗
増販
工夫
衰頽
小別
鏖殺
直航
密閉
信仰
教訓
満了
合格
造水
拘引
休眠
非議
予防
喪心
同室
避難
直売
習得
傾聴
充満
乗降
節電
昂進
競映
付議
完敗
異動
買物
違反
縦走
集散
現前
傷害
脱藩
披瀝
製材
先駆
退避
合成
騰貴
流行
夭逝
至嘱
補綴
激賛
劣化
憤慨
精進
混在
承諾
親拝
撲殺
実検
合致
入館
統轄
滞陣
誓約
暴落
謹慎
封入
杜絶
分掌
感奮
配本
心労
特進
弾劾
丹精
類従
安堵
懐胎
出稿
容認
割賦
脱肛
放神
漂着
喪神
閉廷
衝動
喜捨
自噴
転落
散財
充塞
髣髴
臨検
引証
昇叙
改竄
偏食
発議
私闘
記帳
予測
附属
激戦
通計
堕胎
移籍
封鎖
入寇
抜擢
馴化
斬髪
走破
突破
捕縛
退席
倒錯
財投
回議
主張
増派
飽食
改正
下向
惜別
交配
修練
侮蔑
郵送
重刻
自刃
認知
還啓
参照
臆断
朝礼
公告
邂逅
休学
中耕
奨揚
謹話
洋行
懐抱
指向
配送
傾注
超勤
退転
了承
助演
訳出
討幕
償却
包容
起算
工事
農耕
鳥観
直言
恫喝
在京
欠場
口論
現像
合算
探険
訛伝
翻身
帯同
推考
相克
発生
堅持
進学
巡視
療治
遊猟
攪乱
渇望
卓絶
完投
探測
善戦
加工
流転
回附
新作
悦楽
再製
自署
点滴
罹病
直感
卓越
追求
凝議
落城
気化
受光
教誨
採点
理解
由来
用談
出芽
表象
即諾
自負
代用
改印
略称
難破
訪韓
謝恩
建都
試写
嘱目
入寂
奉迎
沈潜
捺染
閉山
溯江
体験
帰依
礼拝
浄水
周回
妻帯
雇傭
昇給
増収
相伝
集成
開帳
謳歌
嫡出
対質
低下
暴言
怒張
降誕
併呑
包帯
景仰
連繋
復調
懊悩
漁獲
充用
退陣
繁茂
確約
姦淫
巡業
沈滞
分冊
寓目
蒸留
定置
入院
抽籤
口約
遥拝
寂滅
養護
転貸
洗顔
夢想
強圧
暗唱
破砕
扶持
認証
允可
配電
僭称
減車
遊行
肥厚
追記
会見
摸索
謫居
公転
滅菌
全潰
点火
滞日
抗拒
内祝
鎮圧
及第
難渋
庇護
採掘
切磋
経営
挙証
登攀
満腹
希求
同封
分有
失業
収穫
附加
扈従
知覚
竄入
懸念
来貢
思念
失跡
陪観
附随
増大
霊化
離散
再演
補外
誤認
改鋳
確信
贈呈
激走
帰化
在国
工面
募債
濫伐
拝命
遠慮
振作
詐欺
浮遊
躍進
自愛
笑殺
受賞
統一
報謝
復興
罵倒
議定
勃起
稀釈
傍聴
鋪装
区劃
熔融
造影
休息
入省
傍観
小憩
熱讚
弱化
受業
改題
送検
歓待
回帰
韜晦
帰納
了解
死去
聴講
代行
撤退
当直
坐礁
熱狂
枚挙
長駆
穴居
黙過
協和
推移
沮喪
遊興
化粧
上昇
帰投
特措
出穂
投射
検視
再送
制欲
分水
思量
交接
逍遥
射撃
奏覧
滞空
返済
同着
群棲
殺戮
離礁
君臨
貼付
揮発
相姦
早世
蒸溜
防止
思弁
補弼
防戦
潅水
公述
零落
凱旋
分解
化石
官許
随順
運転
突入
掃過
糾問
除名
肝銘
胚胎
入庫
宣下
伝習
濫費
推奨
自立
鑑査
逸出
造語
出発
集貨
訓告
練習
失笑
鼎談
徴税
微吟
考察
刺繍
悪化
幻滅
賠償
連戦
連打
散発
接頭
終演
才覚
倒壊
連射
接吻
予納
咫尺
消磨
折半
分界
自製
裁決
男装
進攻
風諭
分析
全廃
東征
減収
脱着
防縮
準備
復航
聳動
激動
純化
臨幸
登載
授業
吹奏
開墾
脳死
献血
撰文
相愛
遡行
読図
上陸
光被
冷評
休講
自修
寄寓
化現
廻漕
渡米
正坐
頻出
腐爛
欠損
組版
施行
添削
激昂
傷神
譲渡
塩蔵
偏倚
附置
出題
造船
転位
脚色
起用
補記
平伏
制馭
賃貸
対立
陳述
推挙
決潰
心服
流出
震盪
上木
所期
発起
過信
回顧
自弁
生存
放任
渇仰
帰省
摸造
回遊
厳探
常住
出所
退会
昇圧
電話
嘆願
欠勤
化育
区分
追憶
変身
実在
静聴
速断
後悔
誘致
捻挫
減殺
流産
代謝
爆撃
採納
反落
取捨
構想
整体
誤算
破綻
在留
誅滅
妄評
失錯
慰問
充足
銃殺
焦燥
受納
訓導
暗算
帰順
優遇
殺傷
検地
自乗
多食
再挙
造営
磨耗
発熱
修交
保障
和合
集中
兼官
買収
実行
服罪
偵察
流布
励起
独語
密猟
浄化
在廷
熟思
失効
他薦
鼓舞
離村
死守
照準
機能
頓着
分骨
略取
下付
羽化
制慾
濫掘
駆動
失神
移駐
曲解
下座
侵入
統治
脱水
発問
交替
放鳥
続出
並称
落手
起請
翔破
凌辱
降嫁
提示
力漕
取得
殲滅
瞑想
退行
拝呈
口誦
逓増
私語
累加
加入
放出
救護
編輯
密航
周知
奇襲
雑食
照射
引火
更衣
書写
潔斎
作画
卜居
争論
内覧
反転
宣布
略装
掘鑿
懐中
素読
頓死
退勤
破毀
論及
遺失
改作
慰撫
倒立
考査
稼働
禁錮
通行
操作
換物
代作
選考
起臥
仰視
採訪
調節
断裁
登場
逃亡
立案
既出
屠腹
跪拝
嫌煙
放擲
切開
配膳
考証
代筆
暴走
東上
小売
怠納
来場
生成
勉励
解析
隔離
暖房
鑽孔
普及
塩化
併任
傾倒
上納
虚脱
調合
吐乳
起工
建造
阿付
改行
祈祷
協同
発会
精算
併願
薫陶
内勤
出船
復命
正装
回心
誘導
重版
中退
躍増
頤使
指定
展望
活動
即詠
展張
饋還
過熱
贈与
副署
反論
指嗾
通用
施米
詳解
塗抹
洗髪
応諾
婚姻
入渠
擱筆
誘拐
図説
糜爛
用捨
顫動
来報
信伏
軽食
湿布
倍加
常設
啓示
開閉
焦慮
侮辱
付置
退院
変死
摂生
放散
喝破
予断
直奏
食傷
送致
出郷
使嗾
歩行
提案
真読
帰臥
摘心
拘泥
朗唱
対当
特選
缺勤
憫笑
欲求
礼遇
加増
逼迫
日勤
味得
設備
帰朝
遊泳
具申
退職
喚問
借金
査読
改築
逝去
偏奇
緊張
隠見
充当
転居
染色
適従
縦断
揚棄
混用
逮捕
告白
軍備
昇格
全快
探検
密植
現存
嘲罵
閉口
舞踏
破牢
確証
逃避
善用
絶賛
修好
没取
抜萃
診療
言上
越年
公訴
阻喪
飲食
敬慕
下請
詠嘆
謹呈
掲額
背馳
上映
排卵
白状
直撃
奔騰
委任
入梅
決闘
当選
苦行
参看
参政
来館
成約
専管
統計
研摩
労働
睥睨
焼失
冠水
騒動
安産
摩損
志願
減産
服務
助力
馳駆
在籍
賛成
離叛
按分
没収
乱売
植毛
精察
別封
鹸化
売買
断截
圧死
移項
営造
交合
交歓
陪食
入朝
冒険
就寝
追放
頭書
並行
離婚
損耗
採炭
引退
畏伏
読誦
消音
抑止
連想
強振
説伏
猛追
提起
款待
直進
恩借
改称
騎射
挨拶
壊滅
優勝
見舞
介抱
反芻
共用
答弁
回航
学問
励磁
登城
隠栖
増資
崩潰
咀嚼
専行
翻訳
結束
脱却
生還
開化
病歿
化生
破産
寄宿
失権
摩滅
類焼
実見
嬉戯
抱懐
轟沈
詮議
顕示
渡航
受検
勧請
供述
嘲弄
染筆
缺如
直交
祈誓
在府
破断
滞積
注進
受講
変心
投合
製革
呼吸
出廷
変遷
施与
土着
耳語
分遣
両分
治癒
奮発
集積
兼営
商売
物故
東遷
敗亡
道楽
侵掠
内観
清掃
増長
詠進
踏破
懇請
督戦
増補
模写
濫獲
筆記
蒐集
侵犯
洗滌
評釈
発動
採譜
屯営
板書
臆測
遊学
落雷
披閲
侵略
就床
綜合
称美
抱擁
暗合
直納
切迫
結合
両立
講義
内在
分類
示教
黄葉
対座
停止
参学
返戻
塩梅
東道
半焼
苦吟
撤兵
妨害
雑婚
遅延
印行
挙式
急騰
養成
改修
避暑
黙礼
放心
受傷
解約
隷属
頓挫
寡占
黙諾
悶絶
造艦
鍛錬
開業
弁別
平復
発声
大言
賦課
入浴
雌伏
隠棲
統制
会葬
来観
追善
犬死
会議
討論
鬱気
雲集
没入
書見
防音
仮眠
目送
内応
拝顔
撤収
検閲
入定
浮上
中立
舶載
我慢
強化
入植
蕩尽
出土
覆審
誤読
委譲
膺懲
代署
拡大
安臥
必着
整理
閲読
展墓
変奏
上洛
脱皮
連接
定植
脱腸
喧伝
加速
焦躁
出御
防御
奉戴
命名
照応
絶筆
講演
伝送
追尾
称賛
寄留
受命
討伐
勘当
駆虫
差別
仕度
訪欧
来校
滲炭
仮定
混作
誤聞
閉止
提出
詳録
参内
巡見
嫉妬
要談
花見
附帯
隔絶
徹夜
通院
引算
追悼
調剤
冠絶
激減
哀訴
恵投
配転
訓示
隆替
改造
類纂
監理
移管
静観
滑落
増便
閉塞
私有
把持
乱入
躬行
詠唱
矯正
喫驚
増額
競売
公開
恐悦
受勲
省略
諷諌
形成
着用
還幸
召喚
直読
通観
休校
連取
小便
勘合
減退
内包
深謝
成人
約定
備蓄
堵列
配色
禁断
崩落
度外
夾撃
植樹
贋作
云為
共謀
味方
湧出
血判
続落
合図
再編
集合
空輸
附与
再議
膨脹
作曲
血書
移民
推薦
排他
賢察
変態
愁嘆
表彰
暗譜
付帯
味見
執奏
論証
輸出
計量
採種
献上
専決
割引
着地
共振
徒渉
自棄
破棄
調律
下校
激怒
自生
解決
遷移
化成
附着
救援
降臨
推参
荷担
衝突
乱打
脱営
失策
助勢
再燃
特筆
錯視
撃滅
飛躍
割当
包装
伸長
暗示
出捐
猜疑
高調
求婚
勤番
走行
形容
公選
奉仕
連作
猛省
筆写
激憤
立腹
固執
分宿
美食
推戴
参入
潅漑
肥培
盲動
入幕
薫育
抜錨
検便
随身
脱漏
送金
開板
移出
渙発
規程
崩壊
自認
完結
混入
潮解
停泊
進行
動員
択一
錯乱
打擲
貯水
禁酒
栖息
邁進
返附
宿直
統括
蓄熱
喫煙
絶讚
登庁
劫略
代理
待避
増強
調伏
読破
通覧
付会
追懐
克服
競技
欧化
賛同
続載
触法
捕食
無視
豪遊
昇任
探求
狙撃
使令
質問
見物
親任
扼殺
没却
着陣
対抗
浸透
降車
和協
特赦
復古
危懼
折損
完訳
幻惑
投与
擱坐
渡御
伝授
冷罵
反駁
進上
聴取
増産
乖離
存知
爆破
悲憤
布線
入隊
決行
雑居
信用
愁訴
大勝
実感
沈湎
宣揚
屈曲
変移
護持
刃傷
応訴
兼務
散華
雇用
錬成
執行
直覧
常食
裁可
勘弁
端坐
適応
灼熱
活着
帰宅
践祚
超脱
拱手
損害
共立
苦心
潰滅
緘口
呈出
定着
筆談
告別
戒告
彷彿
悼惜
再臨
制圧
窺知
実用
転宅
賛美
嘆息
密談
判読
諳譜
硬直
伐採
運送
代任
超越
採寸
在官
好投
謁見
厳令
鍍金
開宴
艤装
煽情
自演
陸棲
狂乱
推賞
復刊
飛揚
売却
請訓
送籍
転成
泣訴
拝読
熱中
挙用
建議
出港
速決
点描
膠化
給付
情死
難詰
雪辱
朝賀
兼有
散大
忠勤
輔弼
析出
滅失
調味
盲愛
徒死
手当
入貢
快癒
分担
咳嗽
換気
勧賞
介在
詰責
外食
問責
締結
受難
毒殺
編修
処罰
格闘
融合
創始
反命
補整
病臥
戦慄
開封
復位
増援
落選
組閣
較正
出奔
難産
痛言
溺愛
懈怠
通報
登山
開腹
慰謝
選奨
動作
選歌
出社
遺精
先導
外泊
授受
受粉
欠食
附会
包括
弛緩
左折
略記
沈黙
成熟
偽証
侍坐
公許
着信
伝搬
凝立
輸入
多発
授賞
許可
拡張
酷使
生録
潰乱
叙勲
付託
白黒
風蝕
対話
宣伝
通牒
反響
斎戒
試演
台頭
追考
下乗
解放
短縮
膨張
瀰漫
敬愛
玩味
造林
悶死
論判
海食
導水
属託
潜行
封緘
簡抜
進入
暗誦
亢奮
傍証
使送
招致
雪冤
祈願
塗装
出国
仕分
清算
辞宜
消沈
代願
詐取
打開
探勝
中毒
進出
連敗
育児
防災
探訪
改革
運搬
触発
開放
就学
豹変
出演
諷刺
競演
行持
返事
密告
愛顧
構築
入村
擁護
徒食
飼養
雷同
調印
牽制
隠匿
善導
回向
奏功
総計
受禅
入荷
更新
斉唱
直轄
前駆
転校
登仙
惨落
搭乗
内約
雑踏
好転
欠配
観念
大敗
妊娠
伸張
速記
弁解
断行
頓悟
存置
麻痺
離船
専従
飛行
乱用
受精
成型
空想
成婚
繋属
連呼
入北
始動
流下
爆笑
参列
転調
奏聞
悟得
補充
生育
刻印
合計
推称
味到
仮称
就褥
埋納
来往
拡散
受刑
赫怒
寸断
定位
摘出
輻輳
即決
対決
凍死
再掲
偏愛
俗化
入社
放歌
止血
拍手
落着
約諾
逆算
墜死
回答
満喫
鳩首
埋葬
格納
微祿
発布
学修
超過
印可
密殺
鶴首
敗戦
信託
痛感
群居
餓死
違約
政談
吐出
録音
腐朽
運航
殺生
分列
配向
加担
脱毛
寄附
狩猟
微増
巡邏
劇化
驚喜
燻蒸
長嘆
偶有
沸騰
世襲
内諾
再版
補間
消火
揣摩
英訳
搾油
浮動
照会
抑制
短絡
閉会
伏臥
渡島
恐怖
威嚇
慙愧
沈殿
審判
随伴
風化
落魄
禁忌
指弾
底止
着手
改装
延伸
哺乳
宿泊
換地
破損
査察
出入
直下
下命
陪乗
拾得
携帯
染物
詰問
剖検
講究
離脱
増悪
復円
達観
収受
発進
就職
栄進
熟練
惨殺
注釈
除服
手記
依拠
扇動
改選
運算
本復
了察
密奏
極諌
謀殺
増力
自習
減圧
修習
枯渇
齷齪
自沈
内職
要求
係船
証印
退社
筆誅
寓居
徴発
暴行
起訴
生産
比類
発光
横死
憤死
通過
速射
渡河
匡正
受注
着衣
頤指
降板
交付
潜没
往来
要述
居住
具備
電化
援助
応化
哄笑
低唱
偏在
朗読
修正
帆走
推断
送付
申請
化膿
条播
明滅
解消
対審
混雑
改易
臣事
捧呈
常置
冷凍
体現
守備
進駐
換金
訴人
発令
上船
詐称
承服
戦争
感染
反攻
先後
領解
更正
登庸
親告
熱演
断罪
追跡
翼賛
振込
削減
薙髪
甘受
補給
断線
互生
援護
敬弔
歎美
捺印
縷説
累減
筆答
輻湊
疎開
復号
洗煉
講評
敢行
闊歩
蒐荷
共催
外征
画策
借覧
補作
奔走
積載
慴伏
座談
試作
哀願
参究
偶発
埋設
急襲
激賞
投薬
取締
類推
表白
発注
生起
参上
聴聞
装備
搏動
註解
除隊
公布
連騰
自給
起床
黙座
威圧
殴殺
公刊
剥落
失調
黙考
悦服
狎昵
架蔵
忌避
移調
復姓
試問
内達
共存
却下
憤激
闕如
売淫
仕事
企劃
付随
乳化
汚濁
欠乏
決裂
特派
約束
巡検
還俗
漏洩
冷笑
問罪
座禅
応用
着工
入道
誤診
追従
概説
減税
呑噬
呼応
振興
披講
防疫
執着
諒恕
蹶起
参府
沈思
多言
自営
連記
着荷
切腹
同意
蔓延
幽閉
入牢
遷都
通知
発券
独居
帰社
雑沓
断食
呼集
合資
専属
拷問
突起
遺伝
上訴
反覆
酌量
整髪
定立
黄濁
改定
惨死
蟄居
涵養
連合
全敗
投出
駐日
併有
緊縮
愛玩
付録
呑吐
逓減
放熱
直流
攻撃
連係
復辟
下山
震撼
熟眠
迎接
輾転
早寝
抵抗
改訂
放火
早産
危惧
赤面
含味
印刻
再認
写像
異化
返金
出向
決心
銷沈
戦歿
低頭
哀惜
困憊
立身
録画
同調
親祭
検品
深耕
悩乱
創成
再建
病欠
切論
朗誦
略叙
混交
騎行
使役
愉悦
表裏
曲折
捧持
直結
氷解
交換
掃射
令達
蛇行
再拝
交織
毀傷
加除
漏出
公約
諷詠
防禦
帰結
売春
除籍
摂動
廃休
主宰
修整
出店
粗食
復習
増加
急募
迫撃
魅惑
監訳
承継
解題
特売
愛護
暗殺
宿衛
附録
聯立
接近
総攬
妥結
論定
閉店
腐蝕
学習
助走
循環
転訛
家居
素描
撞着
奏効
履修
左袒
選好
改訳
羨望
仮装
斟酌
打鍵
連乗
放吟
生食
記入
執刀
消長
沃化
算入
助長
転覆
遵守
出動
訴追
休会
蠕動
高騰
模倣
坐乗
検束
押収
勧戒
手書
漫遊
背面
鍛練
当用
遮光
休業
厳命
指摘
篭城
作表
抹殺
診察
団結
兄事
憔悴
所管
着筆
制約
研磨
倹約
隷従
雀躍
具現
駆使
発憤
撤回
履践
転売
水難
痙攣
受給
老衰
重刷
口供
完勝
開削
漸進
併読
幽棲
延期
連立
捻転
防磁
缺場
訳述
欽慕
捧読
配剤
逆上
行幸
評論
築港
望見
布教
同道
排除
来談
東漸
区処
並置
警固
竣成
同居
散乱
留任
強打
散髪
静坐
傭船
転換
対戦
相関
元服
怪死
転任
兼備
別売
潜入
追慕
暗記
怒号
校合
乗務
発砲
狐疑
参着
来宅
移転
憎悪
退散
即納
混成
駐留
包摂
低吟
帰艦
尾行
帰農
輸送
卸売
在庫
強訴
架橋
銘記
検証
足算
哺育
親昵
施錠
製氷
割腹
周遊
進呈
計数
待命
盲爆
帰来
背離
嚮導
吟味
火葬
嘉納
笑覧
開廷
追訴
摸写
予感
受理
家蔵
曳航
手抄
謀議
教示
蠢動
測定
惑溺
漫吟
追撃
流動
献花
施術
鳩合
料簡
兼行
転入
製図
回収
移行
摘芽
代休
奪還
検温
出火
入線
諭告
給養
収奪
改姓
背走
滞留
繁殖
研鑽
供養
叱咤
委縮
出席
多用
困惑
焼亡
当籤
汚損
叛乱
解纜
仏参
特集
侵攻
消却
力演
遮音
内借
撃墜
献金
煙滅
註記
配慮
的中
相続
診断
糺問
映写
報賽
燃焼
矛盾
報知
記述
増刷
否認
緑化
比例
帰伏
指図
補導
統率
着意
解雇
留学
開園
熟覧
自訴
失念
征伐
編成
達成
別送
帯出
彫琢
絶交
嚇怒
対談
缺席
縫物
被爆
補正
承合
言訳
缺食
凍結
面罵
賞揚
互助
治療
同宿
屠殺
入校
巡幸
理髪
寄金
放射
来任
入会
膠着
憧憬
参堂
低落
調進
交易
説示
退位
聴従
刷新
拝察
反訳
蒙塵
離党
驚倒
念仏
別家
凝視
訟廷
残存
他出
消去
戒飭
表決
繋争
聴納
読書
繋縛
充溢
意味
遁世
得心
欺瞞
指令
因由
製表
校閲
回生
滑走
品評
諮詢
衝心
変容
懇願
嵌入
特輯
点灯
厳罰
献策
離農
生別
歔欷
托鉢
結晶
爆傷
近接
自慢
楽勝
弑虐
認可
没頭
大別
公示
会同
臨席
除電
瞞着
打撲
強直
平叙
骨折
訪中
摘発
偽造
熟知
注意
登降
阿諛
免官
捏造
覆面
塁打
手続
修復
伴奏
養育
用意
補職
休載
標示
下野
分売
併合
受諾
噴出
発症
随従
背反
精白
表示
緩解
判決
忠告
協力
興隆
摸倣
固守
専念
解禁
物色
黙視
脱化
慢心
懲戒
打電
拝眉
特認
飲用
在校
施肥
通航
脱落
跋扈
派遣
編曲
生長
贈答
上演
欠課
走査
読過
護衛
類聚
運休
関聯
修訂
弁駁
秘匿
入唐
陳列
悲愁
再考
修飾
増発
跪坐
参与
選定
順行
吹聴
節録
感歎
連続
落馬
断言
讚美
転籍
従軍
送迎
経理
乱心
埋伏
再転
起伏
視聴
発揮
挙手
悪罵
区画
更迭
藉口
実験
採取
奉還
降格
苦悶
混濁
補助
声援
発揚
運漕
推察
抛擲
親睦
伐木
奪回
慶祝
投入
被覆
廃止
冷蔵
玉砕
耽読
調整
節税
苦悩
改元
傑出
取引
待遇
透徹
近侍
下知
演算
迸出
下船
略奪
端座
激発
談話
仰臥
堙滅
厚着
工作
注力
潜航
停車
招集
安置
変動
送附
召還
専修
故障
寄生
愚弄
退官
繋船
感化
転職
変革
想像
築城
蝟集
観察
給電
対顔
融和
流通
窮命
養殖
収賄
根治
自尽
芟除
懇望
宣戦
送達
創製
教護
入坑
探梅
奉奠
擁立
盤踞
彎入
読解
留守
回国
振起
稽古
極言
殉教
空爆
占拠
洗面
博覧
絶望
投下
究明
全勝
出納
相殺
宿営
衰微
紛争
概括
切言
永逝
位置
裁縫
礼讚
奉賀
排気
来朝
集会
選任
検討
匍匐
縷述
褒貶
裁許
進貢
放棄
名状
措置
漂白
奮起
処刑
看護
蹈襲
闡明
戡定
開校
発火
会計
参会
加餐
繋留
昇殿
配線
小破
累乗
瞠目
便秘
装用
厳存
尽瘁
警邏
入国
禁足
瞑目
痛惜
大観
出張
加療
拝領
左右
縦続
大悟
揮毫
誤訳
総説
混迷
教化
対陣
抜剣
感吟
返杯
長缺
回申
消化
浮流
放伐
信愛
処置
回転
保持
偏心
注文
掲揚
劫掠
築堤
開店
発信
集録
眩惑
重複
類似
勧告
精油
安坐
突撃
忍従
増減
私消
半減
対面
強調
予告
山積
内攻
否定
密封
観覧
総合
窃取
兼勤
傾斜
獲得
頻発
行為
辛勝
強制
座州
入水
私淑
民泊
遅滞
漸落
進達
畏縮
償還
弑逆
制限
通勤
仮託
督促
媒妁
勝訴
減資
是正
調薬
廓大
発狂
議論
投函
署名
解剖
装着
愛育
検波
払底
披露
慷慨
契印
聯弾
仲裁
輔導
他界
人選
外注
自足
滅却
逆行
卑下
急送
注視
欠如
明察
貯留
埋骨
企及
募兵
消耗
献詠
恐喝
必見
猶予
現有
平方
圧入
納税
探査
退廷
回診
謝絶
共棲
内分
応接
中略
首唱
沙汰
配列
鏤刻
痛哭
処理
棲息
分断
直談
献呈
連用
在宅
応召
贅言
概算
参殿
根絶
謹選
近道
転勤
逆睹
配達
打倒
綜覧
会読
蜂起
混生
添付
参観
登校
減益
鼓動
普請
射影
慟哭
倒伏
驀進
拝聴
恋愛
免責
要略
聞知
追徴
熟慮
誇称
説明
整除
撤廃
登記
煥発
激増
失格
転進
妄想
諳誦
測地
連吟
浮游
支配
転用
予察
祈念
掠奪
彷徨
遊離
失踪
出精
契約
死亡
痛罵
周旋
枯死
活用
包含
卒読
禁止
兼任
精通
敵対
簇生
緊迫
常用
運営
減算
勾留
接触
補任
執筆
長逝
知悉
沈酔
呪縛
滴下
拡充
負託
独走
乗除
加味
退場
全治
小計
独修
同伴
発送
慰藉
扶翼
疎隔
用船
祗候
観賞
黙秘
圧勝
記念
復職
先遣
賦活
牢記
進撃
発刊
投擲
復誦
殺害
属望
購求
軟派
下車
越訴
自覚
講習
内奏
訓戒
重用
帰京
述懐
伸展
統裁
罷免
勇戦
乾溜
警告
贔屓
奉納
離籍
臣服
席巻
報道
缺配
内診
襲撃
参酌
死闘
延着
論決
駐箚
来航
急進
特訓
案分
減衰
接尾
自粛
同情
探究
回付
充填
挑撥
附託
独唱
粘着
焼却
選炭
逃走
瀉血
炊事
滲出
濫作
拝跪
徒長
回復
忍苦
療養
実習
溺没
悔悛
督励
幇助
饗応
疑懼
留錫
撃沈
死別
受像
盗作
午睡
置換
連載
意見
独坐
充血
答申
臨模
黙読
配水
頂戴
保管
実働
援用
修行
輪作
節食
薬殺
巡察
披歴
改葬
縦覧
移植
表現
忙殺
爆発
言明
忍耐
越境
薄着
他言
戦捷
聳立
弁済
合評
支持
決議
急設
共闘
酩酊
改悪
味解
調髪
休憩
秘蔵
脱走
乾留
検疫
転宿
思慕
訳載
炭化
入鋏
離隔
出馬
納棺
装置
請来
兼用
窒死
赤化
蹉跌
劃定
掣肘
着帯
横領
報償
打診
請求
精査
維持
熱弁
随喜
分村
宿題
奉加
巡閲
精錬
自虐
増設
憂悶
作為
査閲
就位
仕訳
半周
抄出
見学
叩頭
添乗
服薬
自殺
推重
火定
結滞
誤記
引責
併出
査収
感激
聯想
改悟
寛恕
凝聚
兼職
捻出
直話
感光
献酬
装填
特出
反目
滲透
脱穀
教練
騎乗
接合
解除
破滅
鑑賞
結盟
狂死
交差
溶断
創立
施策
変質
暴発
公売
浪費
加算
晩成
紛糾
巡行
登頂
反訴
派出
裸出
昂騰
当惑
族生
閉鎖
撹乱
参賀
誅戮
直営
回読
腐心
接受
過賞
専用
鬱屈
自害
和訳
破摧
保留
観光
結実
妄動
死滅
点眼
供用
会話
堅守
批正
重唱
毒害
付属
矢印
服従
仮葬
損壊
内定
提議
現用
投了
配属
入園
添附
献言
帯刀
完備
手術
目測
倦怠
自滅
誘掖
代納
早死
癒着
攻略
土葬
強行
鍾愛
想望
萌芽
応酬
見参
卓立
交錯
謹撰
移譲
決壊
痛撃
論評
等分
洞察
全納
建立
分裂
観戦
感恩
感知
勤務
内向
共感
下降
散開
協約
吟詠
縮小
代位
歩測
叢生
退出
記載
着任
拝観
存命
端倪
変成
間作
勧誘
相伴
諮問
白濁
清遊
勃発
編制
中和
食事
意図
示達
肥満
下落
発願
打算
龜裂
透写
着電
修学
苦節
凍上
運行
潜幸
自存
扞格
派兵
偽作
入手
再帰
掩蔽
濫発
聴診
佇立
漸減
提言
委嘱
徴収
鯨飲
中絶
敷衍
自首
防寒
草食
書評
累算
細書
楽観
回漕
決定
祝賀
平均
代講
変装
発明
解散
証明
執達
入室
批判
誕生
醗酵
加盟
独裁
補修
充実
昇降
加筆
忿怒
擯斥
騒擾
造園
累積
透視
防備
触接
増置
愛吟
駁撃
違背
出離
復元
保存
持参
参画
注解
産出
発意
罨法
利殖
朗笑
告諭
完工
革新
失点
錯覚
懐柔
遊説
傅育
正視
得度
啓発
開局
挌闘
製鉄
返却
並列
出立
裁定
密葬
折中
水死
内省
殺到
独占
退任
精煉
延命
収得
鍛冶
伯仲
共栄
伏在
圧砕
訣別
規制
通商
先着
雑交
対晤
保守
押印
黙止
教導
干拓
論弁
毒死
流会
回訓
言及
洗脳
経験
玩弄
合邦
歌唱
着火
治定
賦与
離職
風聞
拝見
離郷
横臥
独白
駆逐
錯綜
降下
顛落
砕鉱
同盟
被曝
現住
再開
反乱
陸送
結氷
再会
実践
磨滅
混血
出展
塞源
速答
支弁
損失
勝負
生息
夜襲
回折
洗浄
同感
複合
唾棄
探察
官給
再選
代償
寄与
疾走
心中
点検
装幀
乱伐
特定
沈下
黙想
所望
洋装
制御
長欠
育英
密通
爛熟
漂流
出塁
敬服
出血
凡退
糾合
直行
戻入
捜索
議決
輪転
渡海
立証
押捺
自選
溶接
損傷
急冷
空発
完走
兼帯
収納
復籍
曝露
自問
愛好
選挙
引率
纏繞
流失
公演
論結
媾和
篭居
扶植
励行
実証
代弁
精励
育毛
停滞
産休
改名
密売
近着
開立
送還
創出
妥協
結論
休電
受用
蒸散
叙述
検痰
往診
入学
実施
入射
植字
結紮
削除
完遂
追究
生活
追加
蝉脱
驚歎
発達
所要
連帯
関知
隠忍
限局
差遣
踞座
殺菌
不足
出現
収斂
着服
吸気
商量
宣撫
盲従
安居
叙任
罵詈
希釈
変化
喧嘩
試聴
産卵
訪独
廃刊
出航
示現
封殺
重訂
談笑
左遷
拘禁
左傾
突進
挑戦
淘汰
鎮撫
送出
求職
遅配
展覧
鬱積
病没
貢献
示唆
徳化
濾過
続発
通信
子守
信奉
下馬
白熱
検出
来店
再来
企図
坐視
拒絶
巡拝
誇示
現出
遍在
採録
受験
拒否
陸行
面接
両用
就航
通読
生滅
空襲
怠業
紅潮
跼蹐
凌駕
留意
傷心
水没
跳躍
免除
撃破
開館
育種
陳弁
散策
幻想
厳封
復員
即応
硫化
大同
圧服
加点
奉祀
表装
爆沈
勤学
稼動
参勤
集結
選択
修道
増反
糊塗
面会
争奪
咆哮
開催
失火
映発
吐露
呻吟
探知
前述
廉売
立食
通訳
続伸
装弾
偏向
淪落
暴食
失望
収集
在位
識別
建築
発掘
発赤
作成
減水
献身
授乳
返納
截断
誰何
急行
即売
合点
赴任
吸収
遺言
監督
任免
折衷
畏服
励振
促進
算定
榜示
後見
熟達
冷遇
貸与
煮物
側臥
賞翫
註文
厳禁
愚考
配置
内済
摘記
共起
切死
就労
救恤
即位
落盤
勉強
排便
経過
駐在
誤審
闘争
和解
減刑
明答
直視
陪聴
在郷
培養
追弔
入獄
遭遇
跋渉
辛抱
屡報
速写
集線
陞叙
重視
成道
裁断
送電
下城
懸隔
版行
搭載
敗退
発泡
採尿
発育
招喚
休止
参向
投獄
反問
談義
低迷
退京
際会
浸出
配員
就業
献杯
辛苦
検診
早退
救出
自炊
入団
寄港
嫌悪
節煙
内閲
駐兵
黙祷
先勝
焼死
予期
検索
交流
尊敬
推敲
支給
量販
乱読
休戦
平定
採用
反発
野合
記憶
若死
納付
領収
切断
泥酔
修築
切諌
発露
造立
接客
拉致
併記
作詩
介錯
盛装
切願
常駐
親炙
既存
供出
斬死
験算
紅葉
発車
発向
競泳
進退
独酌
平衡
新任
在天
具有
吟誦
登録
剥脱
退学
屈折
庶幾
苦闘
阻止
編纂
導通
捜査
注射
駐屯
収束
私議
参禅
翻弄
成業
収縮
発色
分乗
殉死
作興
送水
類別
粗相
続演
復帰
即答
絶息
変速
整合
落札
自爆
起動
在中
放言
面談
完売
摂取
沮止
区別
予定
受電
面責
再任
焼香
勃興
在職
可決
回送
猖獗
示寂
煮沸
予約
進水
伝奏
併発
拝礼
快復
溢水
爆裂
侵出
建国
暴死
喪失
誤伝
撃攘
自白
選評
種痘
弁疏
醸成
加重
氷釈
帰港
迂曲
埋蔵
制作
料理
弁償
堪忍
分極
寸裂
外在
終了
脈動
概述
記名
棄権
発散
伝動
自省
創刊
復原
廃退
起業
開場
留年
口承
解職
強迫
朝食
奏上
総和
絞殺
勅答
紛擾
墨守
目礼
連濁
譲与
排泄
漫歩
増員
詠歎
贈位
埋没
挟撃
離反
失言
創業
転向
曝書
側聞
補完
耽溺
成功
缺礼
改組
浄写
互譲
安住
蓄積
踏襲
宅配
昇級
乱射
絮説
刊行
脱党
諌死
痛歎
入選
配布
帯磁
静思
来聴
越冬
往生
窒息
送球
仰天
宣告
濃化
緩衝
脱稿
換価
称揚
帰参
配当
翻案
埋立
直立
温浴
風食
豊熟
氷結
擬装
出走
染髪
舎営
排斥
量産
入閣
別納
連行
絶滅
同席
管理
監査
連弾
精勤
実現
共同
拝賀
分蘖
常備
特配
右折
気絶
在学
亢進
展観
相似
音読
整地
試飲
脱去
刮目
荷電
訓練
助言
誘爆
減石
始末
変節
琢磨
係属
象眼
飼育
射殺
愛唱
放牧
関連
召募
盲進
研究
縮尺
廻送
対照
特記
参拝
下達
専攻
獄死
脱糞
済度
急告
正誤
参集
交叉
協商
連袂
凋落
註釈
想起
供奉
減点
困却
卓球
存在
知得
提訴
臥床
管掌
積算
分別
誹議
転置
快気
発汗
試走
公募
商議
印字
着目
転記
懇談
調教
合唱
転生
排水
敷設
担任
任官
訪露
減損
偏重
上申
給与
厳談
連勝
概論
休刊
継起
湾入
出庫
振動
変更
挙兵
切望
繁盛
電荷
牢死
影響
悲観
必読
増量
萎縮
上達
開魔
溯及
避妊
鈍麻
破門
多謝
供血
崇敬
繰越
所持
音訳
轢殺
牴触
文通
中止
複製
奨励
爆殺
批難
補佐
隆起
統合
明記
主唱
口受
敗北
常直
減少
断滅
金打
糖化
施工
重出
残業
特薦
入京
装釘
腐乱
貯蓄
体得
吶喊
堆積
重任
親近
斬首
拝承
急報
送呈
発芽
炊爨
永別
迷走
放念
起居
立言
再起
養生
高吟
心配
反応
競走
歓喜
通話
閉場
圧殺
脱臼
褫奪
微動
告発
論戦
遭難
食言
缺乏
刺戟
即発
対坐
脱衣
会戦
懐古
鳴動
贈物
崇拝
噴射
活躍
電請
逸遊
局在
到来
馳走
浸蝕
途絶
南下
歓談
忠諌
変色
剽窃
模造
育成
廻附
参覲
覆刻
壟断
併存
罹災
固定
停頓
嫌忌
抗争
発表
上京
熱唱
落書
選抜
再婚
作用
黙許
追試
給油
飽和
暗闘
歴任
破壊
附言
悔悟
滑降
検眼
印刷
搬出
入営
鳴謝
巡礼
沈没
垂示
結党
減俸
直諌
閑語
勅撰
発覚
屡述
摩耗
再興
揶揄
浸炭
修錬
展延
掃蕩
就眠
競合
感賞
併演
過食
帰洛
抗戦
施療
採油
鑽仰
掲出
入湯
俯瞰
禁烟
威喝
乱掘
減配
助命
諒察
発見
所蔵
漏電
違勅
分泌
通約
廃立
放校
理会
野生
観照
発案
苦渋
推知
感服
概査
波蝕
大喝
後進
下垂
奮励
滞納
締約
論争
渉猟
退色
宥和
合流
訴願
倒潰
加糖
減員
発売
紛乱
求人
出獄
帰館
策略
苦戦
反撥
設置
少考
氾濫
行進
奏請
暴圧
夭死
直通
依託
操舵
反騰
冬眠
広言
投降
厚遇
潴溜
奉遷
動転
奉職
睡眠
説破
兌換
保温
軽蔑
売約
記録
鑑別
閑吟
体認
闘病
従属
保護
傍受
改号
作詞
審理
勉学
続生
放浪
昂奮
死没
避寒
絶縁
消滅
伝道
到着
持続
合本
変針
告示
顧慮
収録
負担
模擬
脱臭
磁化
風発
窮乏
精練
据付
合作
出品
交遊
細分
回礼
珍蔵
抜粋
選句
嘲笑
策応
賛辞
増給
刺殺
自作
夭折
断定
更始
紆曲
忍受
反映
再読
分合
感電
対比
来遊
新設
浸潤
還御
優退
勝利
募集
通告
類比
入所
設計
糺弾
味読
添加
排出
倍旧
更訂
金策
廃棄
上奏
出家
神化
加冠
師承
断続
抛棄
交際
正解
涸渇
残置
入力
逓伝
跳梁
支援
結団
感銘
侵食
訪仏
施設
均霑
制裁
収蔵
推選
爆死
歎願
増幅
体操
願望
徒費
盗用
教習
急転
自書
奉送
慰労
謹書
逸脱
勧奨
出世
徴集
固着
試算
覚悟
放談
結集
増築
組成
聴許
延発
恢復
創案
証言
旅行
試食
帰属
著録
習合
象嵌
装丁
逆転
鹵獲
翹望
廻旋
隣接
参加
交驩
上蔟
眺望
衰弱
落伍
集束
服毒
占居
連関
讒言
放下
選曲
濫読
密約
式微
便乗
目算
震駭
徐行
没落
糾弾
納本
経略
乱作
閉館
惹起
裏書
魅了
伺候
改札
懺悔
猛攻
閉幕
糺明
決別
自刎
漫談
止揚
付加
停戦
精読
収監
協演
返還
信心
悟入
皆伝
分留
加給
物納
在庁
分布
寄稿
給食
分地
授戒
縮刷
毀損
勇断
縮退
変圧
流入
助奏
招聘
落筆
決意
忠義
描写
拘束
伸縮
鎮静
扶養
恐懼
聯関
判別
涕泣
補血
受付
暴露
高談
廓清
自重
急減
選鉱
愧死
仄聞
増税
複写
渇水
均衡
密訴
投石
減額
連破
比較
統監
休演
改変
写生
課金
上気
試射
激闘
溶変
観測
減反
輪廻
面晤
酷似
黄熟
躊躇
大食
着脱
折檻
展開
疾駆
復学
敬意
放免
訓育
介意
催告
受胎
内含
吟唱
加熱
公表
拝受
滅尽
匹敵
溯源
落球
運動
巡遊
要撃
朗吟
解毒
諷誦
入漁
補足
屏息
復業
猛進
検札
腐食
誅求
接待
反証
復唱
流浪
鍛造
領会
想見
演奏
返付
通暁
急追
多読
転嫁
鋳造
漂失
鎖国
妄信
分光
享受
自薦
服役
鎮定
伝導
超絶
移用
難船
帰趨
摘要
検分
散見
挺身
落涙
粛清
再調
坐臥
続騰
種別
計測
霧散
誅殺
焼成
口達
孵化
期待
感受
呼称
減食
括弧
陞任
分筆
処方
造作
貧血
来社
採石
集約
信任
散会
供与
移住
善感
賞賛
論破
輪講
合戦
追及
奉行
開所
首謀
歎称
演技
預金
倒閣
聯奏
追突
報復
微分
返答
来襲
密造
志望
阻害
内助
奉呈
贈賄
公認
缺航
厳選
書置
愛読
活写
長居
鎮火
老廃
直訳
適合
先取
発行
落磐
火食
盲信
所有
混和
擾乱
答礼
諌言
忘却
適用
憤怒
解答
奮戦
講和
確認
逢引
脱線
発言
早着
和睦
奏楽
募金
延長
清聴
係争
急死
経由
征服
分立
随行
供覧
撚糸
戒慎
溷濁
失心
代診
出陣
号令
缺損
閉校
着船
煽動
圧着
雄飛
速報
討議
本有
算用
諌止
弔問
負傷
遡源
窃盗
購入
昇段
服用
帰一
通謀
悶着
梗塞
懾伏
入行
洞見
看破
存立
親授
突発
流連
縦貫
穿鑿
生殖
直書
伝聞
客死
乱酔
起因
放蕩
横断
臣従
栄転
露呈
南面
受託
芝居
拒止
後述
減速
拓殖
焦心
賛嘆
高言
会商
顕揚
誤断
論駁
水浴
遊牧
縮減
盛行
節酒
発病
仮作
遅参
独習
改宗
節水
謹製
迎撃
鑿井
弁難
自衛
低徊
昏睡
巡回
陥落
論難
減価
変説
休館
出生
大捷
完済
演繹
蝕害
吃驚
惑乱
落下
刺激
独行
運針
断交
接戦
輸血
汚辱
誤報
脱帽
襲業
南進
係留
排列
鼎立
投宿
剿滅
沈澱
内申
撒水
嚥下
再論
着生
調和
伝写
静座
再説
降着
作製
転載
対応
遠望
断水
混同
列席
慶賀
敬遠
軽侮
航行
代読
返礼
看病
代参
蔵書
延納
出願
回避
点在
制禦
集荷
周航
意識
進化
堕落
転業
改心
進歩
敗走
請負
延滞
降圧
上告
行軍
排尿
造反
判然
策動
回覧
服喪
指導
陪席
婚約
勤労
製糖
擡頭
櫛比
許容
手渡
波及
溶融
致仕
復活
実演
粛正
反省
逼塞
肯定
唱和
収攬
建白
含浸
洗濯
発煙
遡江
視察
暫定
描画
吻合
枉駕
讒訴
概観
先制
皆勤
冷却
閉業
酸化
掃引
啓蒙
来着
行水
渡洋
算出
創発
抽象
混淆
手写
広報
振盪
在朝
順化
注記
試掘
勧進
合併
創建
火傷
篆刻
失明
正答
痛憤
座礁
世話
軒輊
擅断
該当
着眼
遡及
臨画
代替
慢罵
見当
敢闘
賞美
多作
続行
濃縮
押送
臨書
粉食
凝血
屈託
逓送
改良
大息
点頭
揚水
吸引
散佚
上下
粛学
転戦
隠蔽
浸食
模索
尊重
表明
鞭撻
登極
抽選
唱導
探聞
醵金
復仇
遮蔽
墓参
電解
死蔵
採血
整列
離縁
往復
操業
開院
渡来
前借
休耕
包囲
勘校
胡坐
撫育
求愛
死歿
減耗
流涕
印磁
増作
除外
彫金
内謁
代置
掘削
給費
軟禁
起草
謹告
会得
登楼
主催
菜食
軽装
抹消
船出
開鑿
肉食
掲載
辟易
目印
鑑定
転借
自適
配分
猛撃
後略
対論
試験
超克
進級
撮影
納骨
彫刻
出猟
検定
渋滞
初詣
打破
密行
成長
嘔吐
逐電
謝罪
実存
依存
待望
画定
連動
規定
恋着
祝福
暴騰
注油
帰任
全開
予見
略説
適帰
団欒
総括
総称
造成
豪語
徴兵
抵触
甦生
兼補
貿易
自讚
襲名
払拭
勇躍
附記
修繕
長嘯
増益
西下
火中
確答
遠征
穎脱
広告
受信
発現
運開
断絶
転住
絶命
決着
設定
指教
変型
立願
抗告
下問
仲介
決戦
換算
折衝
増配
待機
交戦
殖民
周章
通夜
蘇生
急増
流伝
整復
勾引
違令
発給
航海
営繕
反射
特発
先決
歪曲
練磨
陳謝
試供
顕在
淵源
合一
結審
慨歎
被弾
戒心
加配
考量
請託
扇情
分轄
横転
図示
移動
誤写
半壊
飢死
親和
落髪
帰国
賞讚
漸近
蓄電
辞任
属目
接着
陥没
濫用
特報
裁量
空転
論議
囲繞
不承
加減
認許
別注
殉職
畜産
搾乳
通達
推測
汚染
憶測
臨写
墜落
分割
辞儀
落命
狂信
漸増
私蔵
噴火
衰退
車載
薫染
中継
訓誡
卒倒
弘通
破獄
完熟
密集
抗弁
拝趨
出没
相談
贈号
昇華
開始
列立
合掌
志向
媒介
自蔵
円熟
招来
検印
坦務
巡歴
乗車
解体
在室
追贈
奉伺
等化
分節
予報
覚醒
追孝
拠出
降職
廃業
脱俗
制覇
急派
即死
成立
遁走
受贈
隠遁
発効
同船
衰亡
在世
即製
招請
得票
高進
発祥
縮写
散骨
沈積
落飾
免税
溶存
軽減
兼併
欣喜
指呼
別記
破水
叛逆
防護
介護
得点
混乱
斃死
啓培
費消
拝辞
著作
黙坐
卒去
西遊
給仕
辛労
出荷
非難
自壊
強奪
老熟
順接
開城
建設
点綴
慨嘆
守護
覆没
発足
鎮護
遂行
離水
摘録
束縛
潰走
浣腸
搬送
掃除
講釈
酷遇
共演
詳論
吐息
緩行
寄食
発想
安座
節約
免租
表記
先発
滞京
出場
補講
上述
焚火
採決
馬食
了見
立論
捕捉
概評
承引
忖度
出力
自恃
詮索
預言
詳述
処遇
軽信
援引
進軍
履行
戦勝
連署
謄写
縫製
荒蕪
野営
被災
設営
克復
全休
電鍍
送受
座食
口述
出版
審議
尊信
媒酌
入居
永住
戦死
苦笑
入廷
窮迫
辞職
来援
応募
順守
宣言
比定
交尾
歴訪
還元
慫慂
在日
視認
乱立
癒合
温存
校勘
潜伏
防水
特許
焼身
付着
説諭
承知
保菌
閉居
凝縮
許諾
彌縫
永続
排撃
転身
注水
入内
発着
安眠
醇化
節制
輪唱
交感
遊覧
告解
拿捕
教誡
快走
内切
探偵
親臨
徘徊
含意
貫通
遊戯
累増
収用
変貌
猪突
蝉蛻
疲労
返報
手配
遅疑
従業
投票
挙行
先議
佩用
警護
入洛
竣功
重訳
代香
統御
出産
追窮
否決
通園
控除
蔑視
検針
節略
増水
合奏
急変
返品
司式
譲歩
使用
送話
群舞
虐殺
蓄蔵
携行
仕付
文飾
退化
喝采
変調
激高
焼損
借用
終決
観望
嘱託
後続
飲酒
恤兵
催促
嘆美
液化
襲爵
雲散
注入
出兵
訪台
停電
極論
占筮
周延
分納
虐待
論究
救済
消尽
創造
放流
対策
検算
挂錫
別掲
所属
出勤
講読
論告
併称
唱道
抱合
坐食
促成
免職
同棲
近似
描出
義絶
外接
防衛
相違
電送
離合
発振
討死
訂正
公有
薨去
加湿
遊歩
精選
試用
前売
立売
在宿
製造
溶血
店番
自律
移送
文選
撰修
禁欲
整形
定住
賞用
剔抉
支出
征討
装飾
熱発
行列
離日
生害
先達
増俸
蒸着
試錐
水葬
入電
崩御
併用
討究
遍満
進講
屈服
希望
自撰
斬殺
招待
準拠
公定
門番
開花
詳言
代入
転学
昏迷
確保
失恋
撤去
減給
掩護
献盃
内接
共有
攻究
倒産
美化
贋造
剃髪
嗟歎
同視
逆用
笑納
対峙
登用
過称
補習
落後
偽装
解離
訪日
共鳴
決裁
遵奉
貸借
撹拌
収容
例証
垂下
竣工
会食
離間
紛失
干犯
勘考
再現
対生
熟考
出頭
載録
貯蔵
怪我
圧迫
難航
利用
山居
同乗
要心
放屁
解凍
力行
出陳
進航
託送
入籍
成仏
大成
散逸
反則
探索
借問
往訪
誤解
独座
考慮
閑却
吸入
融通
親裁
入府
缺課
襲用
駐車
廃絶
熱望
着席
背叛
残留
吸着
鼎坐
担当
容喙
降伏
執心
繁栄
逗留
錬磨
解脱
連判
首肯
入門
乱舞
舗装
撒播
休場
終息
脱獄
復交
決断
馘首
検尿
管轄
増刊
剪定
競落
離京
採集
併催
難儀
擱座
批評
念誦
修了
閑居
訪米
赦免
計上
接続
盗聴
虚構
納品
展示
司会
水洗
伝染
兼修
調査
対語
検挙
納得
看過
成育
開平
解釈
関与
溺死
鞅掌
電離
禁絶
容赦
合冊
仰望
創設
向上
対局
受診
交代
管制
牽引
乱発
壁書
服膺
熟読
追給
内用
監修
弁論
前記
顕現
付記
加持
破顔
転倒
釈放
狂喜
要望
対校
具陳
踏査
調練
感動
再発
離別
攻囲
在任
報奨
病気
返上
含嗽
命中
繰糸
浸水
廻国
句作
贈官
作歌
廃朝
萎靡
快諾
適中
誇張
省察
推量
諒解
認容
宰領
発兌
略筆
愛慕
密会
追想
填補
引当
干与
復権
善処
了簡
直答
返辞
練達
会談
習熟
跛行
出資
愛着
紛議
迂回
苦労
長歎
改編
布石
補償
後退
失禁
競作
是認
親閲
導入
上場
到達
詳記
訳読
敬礼
朗詠
彎曲
長生
旋回
嗜好
拝借
献納
披見
重祚
慙死
退庁
即断
浪人
酷評
厳戒
嘱望
離床
落葉
照覧
樹立
即吟
来集
変通
変形
色刷
呪詛
実戦
引決
移築
賁臨
弛張
慣用
配車
説得
去来
失脚
軟化
退廃
設立
来会
朱書
監察
推計
占領
降任
校正
先占
嗟嘆
拘留
糾明
案内
露営
後援
網羅
胎動
塗布
落第
進言
興行
保全
分離
規正
奉安
依頼
挙止
秤量
落成
浸入
湯煎
扶助
急造
開陳
築造
裨益
飛来
完納
扼腕
暗転
製本
続映
愛重
通分
作動
追認
平臥
疎外
手品
読経
別言
論詰
移乗
死傷
保有
奠都
穀食
新造
退城
殴打
投資
逆流
参詣
運用
墨書
捕獲
平分
従事
厳達
助成
刻苦
紹介
結婚
停会
遷延
拘置
警戒
陣没
優越
輪読
開港
座視
転読
嫉視
独航
搾取
製鋼
終業
解明
発酵
確執
潜心
巡航
開戦
退室
自失
評決
侵害
垂涎
反撃
閉院
転乗
廃合
遊吟
入金
是非
試乗
実装
揚言
挿入
屈従
熔接
駆除
轢断
自供
苦慮
総見
怨嗟
浮浪
金納
蓄冷
告訴
指南
兼学
触診
落掌
梱包
測量
南中
再築
処決
游泳
全焼
換字
角逐
陸生
明示
負荷
全癒
握手
転属
屈伏
合祀
起立
含蓄
洗眼
直属
貪食
了知
尽力
調達
移牒
停留
診査
復縁
吹鳴
返照
啓上
乗艦
師事
研学
歎息
遠泳
相反
着陸
配備
除算