乱臣
漢籍
玉髄
私傷
賃搗
常民
別後
心血
軍法
煎茶
既望
紙鳶
棟木
割箸
学課
奇書
発条
青色
不抜
在銘
錯角
現数
手並
端初
蘆荻
職歴
気鬱
他門
厨子
皆朱
林産
懇命
船人
裸足
仏道
偶感
警世
坐禅
裏山
烈震
原論
若緑
期首
雅男
銀鉱
連送
濫觴
冷気
撩乱
早霜
涼秋
荒性
名答
縫紋
君子
榕樹
鉄敷
寄場
雑穀
寮歌
来由
貽貝
風評
已然
寸刻
郵税
両頭
鎖線
袱紗
井守
蹴込
敵役
清朝
胎生
葬具
片偏
勅勘
失意
物性
臼状
美育
山猿
相棒
切首
傍役
貴志
気位
緯線
大兄
歴年
軟膏
盆地
割印
氷塊
円周
薫風
蝿帳
下陰
焼串
僻陬
惨烈
悲話
水痘
仕込
天声
塩引
鉄片
等比
冠付
共寝
他生
荒唐
神明
倭語
変幻
欲目
帯紙
芸林
種皮
糸偏
悲報
俳聖
受口
炒飯
界隈
頬骨
茶入
雪盲
囚役
左肩
袴能
思召
刀泉
曲玉
事蹟
海鞘
切篭
先皇
諸公
長子
超文
入海
精糖
紫根
雲水
円本
本学
特旨
和様
主神
衝立
印形
元方
粗塗
介与
旧聞
挟詞
合名
徳性
平泳
節義
法印
書志
傭人
玲瓏
鉄山
文事
妙音
守札
歯学
防諜
腰縄
挿話
私心
白堊
原罪
上側
鏡板
失費
雑歌
黄塵
車軸
繁用
麝香
針山
脂気
劇界
紬糸
善事
標縄
文中
英和
際涯
兵端
浜辺
焼野
馬肉
角書
原液
絶間
追手
迷宮
探湯
養鶏
河港
等温
蓮台
残余
床山
殿中
折紙
自宗
華燭
旅寝
倍音
支庁
菜花
工船
雲気
細道
討手
位階
逃場
命数
柾目
再試
原図
需用
抜作
吸瓢
毒蛾
急難
公葬
音大
菜館
同気
根茎
赤恥
新報
檀林
石筍
国利
往信
甚句
鉄蹄
才略
棒杙
海戦
人性
厚意
水神
鶏頭
遊民
献詞
性癖
達弁
魂魄
鍔際
滑子
主謀
純愛
同学
同音
供人
覇権
熱線
新雪
珍聞
妙見
麻幹
各室
情意
心月
次位
書紋
忍辱
附近
佳辰
暁天
肥土
県人
早天
芋煮
俗本
平熱
畜生
天寿
山雀
巻鮨
暖地
主用
葉腋
雪景
刀瘢
小書
活計
冗費
塩物
母上
形木
家運
公電
風防
城下
煉物
諸侯
後髪
和子
枕辺
瑞雲
夾侍
流矢
素絹
路程
呉汁
弦楽
叛旗
商状
花冠
木醋
答辞
沙蚕
去痰
小酌
幣帛
撞木
鍋鶴
狂涛
船室
馬草
尊公
熱雷
玄翁
軍服
無熱
雌牛
符節
切石
言説
蔬菜
川竹
会所
仮寓
国界
電熱
浅茅
栗色
開闢
請暇
霊歌
生木
胸痛
正念
傍線
相者
白張
本石
重工
暦数
中音
常命
森閑
強電
順法
僻論
惰力
名乗
御言
刈株
口角
宿所
徒弟
貴校
蛇足
職域
張本
重石
永劫
坐職
金力
老兵
免状
公案
聖恩
川縁
引船
年増
大聖
劣位
白髯
胃壁
幽魂
憮然
姦雄
匹夫
連枝
篆字
良能
鋭気
湖上
新湯
報労
力車
刷本
未生
荒馬
半輪
正貨
精銅
聖寿
雨粒
情合
忠魂
蚕種
電位
非負
先師
暗流
格技
落鮎
弊村
断篇
有終
句柄
風声
暗色
闇汁
魚屋
飛瀑
賞詞
分銅
官有
現当
都道
残月
烽火
実機
恩人
兼題
声域
借物
間縄
不通
涼雨
山立
遅筆
首級
要塞
白下
鱈子
貸方
私営
椎茸
望蜀
鳥人
先賢
正銘
胸高
烟管
品玉
船端
鳩麦
養老
単向
術計
片足
中折
川中
新顔
農舎
隣邦
山冠
早老
賊子
護法
被衣
筆勢
最前
側室
世嗣
皇漢
間欠
醜婦
女将
病態
海気
枕刀
含羞
目方
叢書
荷馬
食酢
連山
中庸
交誼
気節
寄人
哀楽
隔意
勅題
情話
堅甲
短所
血清
原核
脇付
衣鉢
両為
末梢
騰勢
年頃
近目
逆鱗
即題
邦家
宴楽
私設
蔓生
日食
当山
賓格
典侍
菊判
名案
星章
語原
編針
徒骨
沸点
手傷
厭地
悪逆
迫持
神韻
島台
頭注
覇気
西瓜
即効
射場
大刀
顕微
方形
存念
対辺
病蓐
駅路
襟足
組歌
外地
前芸
中肉
麦笛
礼法
溶明
贈名
横隊
引鉄
記法
旧盆
金元
柴刈
並製
旬間
下種
遠見
常談
従前
水腹
尾燈
元締
匪徒
旨趣
老翁
鏡銅
醋酸
面白
対敵
蓮歩
端物
囚虜
藍碧
体貌
地象
梨園
人後
名文
不帰
番卒
俗儒
敬白
帰心
隠元
解頤
霊湯
洋髪
丸損
木彫
将帥
毒腺
踊歩
主辞
什麼
素馨
碑銘
蠧毒
山颪
気脈
湯元
雑考
雀焼
厭世
祭主
雪兎
先例
潮水
秘蹟
悪疫
気胞
秀歌
法問
余類
卒爾
対蹠
南港
続飯
機才
宿徳
失政
大勇
冬芽
正妻
彼我
床柱
庭樹
兵科
吸水
街道
首狩
天幕
邦語
硅酸
仕舞
名菓
琴柱
観相
温突
照星
職分
生皮
狂歌
熟田
船用
乙姫
内界
模本
妙齢
我人
損所
尺寸
均斉
帝室
縦縞
立春
尊書
狭筵
下女
大著
狂態
和算
大旱
燕尾
屍毒
小火
倍額
南限
銀輪
刺股
薄命
早苗
半舷
錬鉄
淫婦
邪智
孝弟
前条
諸声
別盃
打歩
有司
板畳
尾灯
瑞祥
汽艇
潮煮
吏員
艱難
信女
蕩児
鎮台
断固
道端
機甲
長道
同舟
失態
草紙
苧環
借着
細腰
炭砿
酒代
銀髯
鯉口
如来
美童
蹶然
啖呵
提子
文台
子持
苦役
地金
回腸
横物
軽水
自腹
諸矢
後身
傾国
神変
油単
酢漿
宿業
借越
肌理
脱疽
客人
信書
妖術
私製
封地
符号
旧訳
琴曲
侍女
秀吟
至誠
定項
外勤
侠客
樽柿
仁義
雑仕
戦敗
鉢植
事物
御法
結締
氷枕
文殊
水雲
忠臣
丁半
浸剤
芸界
愛別
平仄
折山
往時
外装
毛抜
塑性
新兵
青竹
測度
灰汁
男工
天界
共販
靴墨
紙礫
賛仰
奇相
矢筈
冠頭
大慶
達示
市子
樹海
行李
立毛
葉虫
後住
兵学
神域
煙火
白洲
声涙
芯地
詠人
純忠
上根
泥坊
俗客
湯銭
温気
隊伍
真前
横木
蝋色
馬追
臑当
病魔
篳篥
桂皮
考課
南海
細瑾
腹膜
隠宅
地勢
義歯
国難
被官
旧物
全智
浄罪
和金
太線
得分
子葉
輿地
壮齢
坑口
大難
前肢
廻文
聖祭
頽勢
張扇
岡三
高士
腕首
張子
略号
方角
人証
女衒
熱闘
切札
法式
敵塁
据膳
奏法
本会
左府
閲歴
練物
赤坊
未成
本裁
甘汞
英姿
良筆
余祿
何程
好漢
廃語
防潮
傘寿
大患
葦辺
空位
海里
文藻
郁子
憶念
台覧
善行
水蜜
幅員
本管
管弦
股木
涅槃
戸前
秋霜
蝦根
官署
蝋燭
得喪
役宅
僻説
樹皮
袋綴
奇瑞
原盤
投物
姥貝
年別
踏臼
蛞蝓
値頃
城門
鉄扇
切米
茶味
無韻
駿馬
式能
床店
緑陰
慶庵
薄片
黄道
仙骨
朝政
無蓋
釈氏
蓋然
興国
赤痢
血色
雌滝
馬楝
公人
存疑
筋金
尊顔
死灰
語句
大局
仰角
忙中
商才
糖類
虫気
沙魚
各個
素踊
刀匠
声調
月評
魯魚
長針
火袋
洞門
漿液
片食
特恵
清流
姫垣
允許
文責
盗視
役僧
孟浪
私儀
悪場
鬼女
回祿
桂冠
至芸
整脈
禁書
雅文
等号
会則
産金
茣蓙
上巻
妓楼
多欲
全波
朔北
旧人
辻褄
垂迹
焼鏝
土留
廟所
辛目
躯幹
風韻
上腿
心霊
歳徳
栄辱
橋架
門流
俳味
特用
具眼
呪符
凶徒
水冷
山幸
軟骨
即夜
暮靄
汚行
屍骸
曾祖
本坑
紫檀
甘苦
鉄心
雑筆
身銭
漫言
半紙
闇路
辻札
冷涼
襟首
痩躯
条令
朱肉
清興
湯麺
月払
盟邦
御岳
力紙
腕組
田租
難語
素魚
唾液
教義
天水
飛板
孝子
功科
得体
髪結
銀筋
灯光
礫土
野次
昇汞
茅花
子癇
経文
膝元
後事
催物
酒販
法楽
法蓮
平版
潅仏
奥手
錠剤
旧跡
物我
高堂
坐薬
群聚
序論
水嵩
釣堀
茶筅
構外
条目
駄句
軽焼
倉皇
湯垢
頃合
根号
門灯
交点
縁由
母系
藻類
仏力
本船
手癖
詰込
場裡
罰点
傍人
白銅
丁髷
花曇
俳話
成語
不猟
功力
時運
神文
蓍萩
京童
石盤
房事
般若
入相
恥部
羚羊
典獄
切株
脛骨
秋冷
寸劇
岩燕
王水
旧套
銅銭
湯烟
凡才
不朽
飯事
用人
発頭
型付
佃煮
華冑
先帝
防砂
付目
前場
婦徳
道俗
親仁
黒穂
雑念
漆黒
裏方
毛彫
殿上
営養
竜脳
花蓆
玄奥
校了
皿秤
精液
渺茫
席駄
果菜
逸楽
朝顔
電路
好戦
殖財
切片
次女
詩格
髷物
鶏糞
枸杞
酵母
俗楽
燕麦
借間
巷説
地核
聖徳
蹣跚
所載
腰湯
膿瘍
司政
薄曇
大域
言外
高評
腐臭
矯風
旧観
置市
孤城
乳人
床几
低質
産湯
違和
檀越
大冊
橋懸
雷魚
新来
県西
奇弁
子安
辞世
秘中
異風
浜焼
硬性
黐竿
快報
措辞
火皿
麻紙
角行
長芋
畏友
弊紙
風葬
原注
叛軍
零墨
暗箱
岩漿
身丈
加法
羽並
兇刃
抜殻
人陰
音容
藻塩
徒者
育休
勝地
変乱
妙法
鯨骨
僧団
乳腺
芝山
腋毛
鍬形
方処
仮泊
挿頭
梵論
付子
内積
扁舟
虚報
軍船
生彩
極熱
博雅
療病
地異
好例
白鼠
図譜
字源
地蜂
文案
大枚
好漁
良相
脚榻
通草
天工
脈拍
翠色
仇名
石菖
肉筆
缺陥
不仁
旧習
饑寒
築庭
毛羽
憂色
実悪
不犯
代品
火脚
削節
雨霰
木苺
摂社
妻戸
掩蓋
濃紫
討匪
蝕分
遠島
太極
硼砂
器財
愚弟
節気
胃病
藩札
神苑
香油
置碁
憂愁
真打
穂状
筋目
俚耳
老骨
鎮西
智力
準縄
没書
石持
雑費
建網
小蔭
余禄
光蘚
柳樽
病理
奸賊
啄木
床畳
無業
燗酒
朝憲
釣篭
差押
寸秒
治効
価額
物権
流水
靖国
干潟
岡目
私行
堅氷
妙工
敵情
投信
雨皮
天頂
水肥
再三
気炎
社運
正閏
馬跳
前説
駅手
手懸
単弁
声帯
礼服
霊獣
組打
宋朝
浮図
正編
放生
粗密
野山
鋳鉄
中称
運座
粘性
笹竹
適業
引札
眼底
雇主
山砲
阿片
海参
和姦
連俳
水星
原色
信望
書札
薬莢
薪炭
霜降
海棠
鐘声
褐炭
下剤
芙蓉
山巓
鎮子
凄味
相貌
授産
位相
電工
欠文
朋友
水晶
至善
葦原
合服
尚武
雲際
唐津
袖章
求法
缶子
母港
高閲
黄玉
斗酒
木具
仏果
歌意
直弟
聞耳
絢爛
露座
耐蝕
前端
予稿
住処
酒粕
祝砲
軸物
書牘
羽越
僧房
尚書
枢密
軟水
急便
賢母
幣制
赤禍
氷海
率土
造兵
予価
角質
良禽
忽諸
短音
留山
盆暮
臆説
院本
宿敵
湿舌
両舌
臨急
正方
料紙
現形
術中
結腸
奇型
宿料
砕石
附註
鞘巻
俗謡
俗骨
面皰
矢立
複利
争乱
仮病
倍数
醜男
男波
旅宿
司直
松風
挽肉
魔縁
鉱区
空際
水根
満廷
良貨
半裸
乱逆
御慶
藩邸
網棚
玉子
桜狩
青草
棄児
国号
話者
知友
腐植
漁色
黄梅
飼葉
溶媒
浮名
開基
睡余
熱鬧
将領
藩儒
座作
自利
軍閥
聞手
血相
芳墨
足湯
原級
波高
悪習
団栗
炭竃
逸史
道家
盤面
詩形
雪路
夜宮
帯祝
真裸
英図
篤志
船客
旧例
河骨
鍵盤
町場
縁台
尾鰭
手筋
垢離
大儒
箱枕
射光
帯皮
蘚苔
中宮
目色
豆乳
人穴
為政
創憲
伎楽
名君
驕兵
荒行
掌中
厚子
只事
残暑
厨芥
超大
雲壌
根基
暑気
吊眼
局紙
満室
来臨
害鳥
田遊
営庭
選集
堂上
土塀
巌冬
優諚
学績
快刀
訳注
手鞠
逆児
日給
君徳
握鮨
戦功
表号
名園
語法
嚆矢
乗打
凝然
画架
広袖
陶砂
粉糠
獣心
平服
病根
憑物
通人
溢美
宿帳
名器
堅塁
逆修
裸馬
内奥
譫妄
衝天
余塵
榴弾
既決
白絣
辰宿
乗数
扛秤
順縁
乳棒
霊魂
語勢
弓杖
暦象
習知
自公
田植
雨笠
籾米
氏姓
湯煙
清覧
親好
公舎
師友
大入
連体
紋付
金的
粉本
各誌
県令
正法
審美
替紋
工兵
忸怩
玄人
正号
滅罪
巡錫
珠芽
茶利
古学
梵鐘
底面
銀波
碧水
真因
転注
金製
癇声
遠縁
詭計
黒地
後光
正室
斧正
破邪
雑犬
頭陀
連年
廃位
薄茶
転結
奨金
客筋
廃物
性徴
精義
菊月
釈教
爾余
胡椒
遠道
花筒
白狐
薄地
蕃社
銀塊
敬譲
眼目
白磁
鄙見
上戸
売価
整斉
各面
魚腹
分団
所柄
装画
詞藻
無月
式次
牧畜
偽電
小姓
才幹
帆桁
徒桜
妙案
木骨
舞曲
度胆
野点
同県
奉書
公租
真帆
民活
真鯵
臙脂
目高
嚢中
銃眼
帯地
光背
老爺
姦婦
弓術
甘露
弁才
寮舎
角帽
年強
堂宇
白州
香盒
代印
月桂
冠状
地文
鮮鋭
痳毒
小筒
修史
上天
義旗
悪所
面部
正訓
国府
下人
続篇
達見
弱腰
忠士
解硬
陰萎
潜函
婚期
衆人
折本
農兵
肝魂
全県
別製
煉丹
神霊
偉勲
佳良
醜行
御宇
章程
詔勅
勾配
賜暇
内属
眠気
死病
古記
門人
暴論
星眼
高鼾
哀別
津浪
床間
綿毛
至心
蜂窩
賢台
砲兵
捲線
蒼枯
半弓
衆智
象形
留金
清爽
前車
矢文
私憤
淡湖
添状
日射
基体
禁鳥
女持
咎人
不納
柳色
吊手
中綿
霞目
根株
梨地
救荒
灰塵
売子
早蕨
糶市
小半
霊界
風伯
複方
複文
粗塩
疫痢
経机
鉦鼓
軽袗
傍目
焦茶
血祭
胴元
盛期
脊柱
旅銀
盛粧
解語
颯爽
雑劇
後葉
詞書
和上
変性
角地
時世
粗薦
梨瓜
氷炭
成典
株券
水勢
間竿
従兵
訓詁
油土
満貫
語弊
闇市
鉄条
全景
裂帛
商況
禁厭
欲気
盗品
土匪
参稼
柏手
日干
水母
盛会
列藩
小波
次数
奥書
吾妹
鼻溝
艱苦
術語
釘抜
銃座
作中
箇所
脇息
挽歌
士風
食祿
火蓋
遺子
外商
法皇
中口
霊感
形影
末座
君公
見目
顛末
夜宴
民草
身幅
条規
上紙
終点
車蝦
神典
上長
多照
本校
持仏
鼠蹊
痴態
幽冥
旗艦
禁門
天刑
科人
親権
破竹
毛筋
矢先
守刀
素見
借方
牧者
双書
雨後
商略
駄本
白毫
御上
唐金
連対
借景
家令
前人
定規
桝目
孫呉
正弦
刻時
極貧
不感
腰掛
外皮
胃液
撫子
袋戸
煙硝
霊地
遠海
綾羅
酒倉
策戦
我見
祝祭
金星
米語
金鵄
私益
鉄材
曩祖
胴丸
舶用
嫁女
雑菌
新字
肩口
青刈
延縄
共学
貫目
沙漠
缺点
水爆
他派
珍貨
牝牡
明盲
鉄床
体用
留桶
綸旨
優劣
借宅
裸身
駄作
将卒
性行
正覚
重器
中震
智慧
晴眼
木質
楽士
可用
悪文
粉黛
抱寝
魍魎
内記
校風
国憲
歯槽
魔物
放資
御免
汗馬
火夫
絵心
蓑毛
機鋒
聴手
原生
浮草
空蝉
悪筆
翠緑
極性
両得
激湍
罷職
晩婚
使番
刈穂
半眼
綸子
赤樫
傷病
方図
野晒
隻語
山蜂
桁行
瘡痕
拾遺
辰星
秀峰
年嵩
尉官
訳柄
衆望
外宮
膜壁
腋臭
弾琴
才徳
屠牛
酒色
名犬
肩付
作法
欠片
墓表
猟官
奴凧
従姉
渾然
引縄
古文
管絃
帳面
養家
黒潮
台子
白根
造詣
暖気
豊漁
清談
城廓
鳳雛
馬筏
列座
乾繭
金平
閑人
霊威
檀紙
外濠
地口
船縁
原酒
酉町
唯識
印影
専恣
紙燭
芳容
和物
書肆
甲高
歌壇
邪教
夕蝉
花畑
積悪
巨弾
乗物
族長
御幣
語脈
豚児
末技
駅逓
水菜
廃水
荒業
点茶
原綿
星雲
鳶職
前編
乱杙
女系
名店
空欄
激辛
小形
名節
真中
文士
井筒
御召
節奏
悄然
暴徒
瓦斯
生紙
無音
初審
小暑
帽章
婆心
舵機
茶器
難訓
職権
質札
遅出
杜氏
蛙股
綿羊
大徳
彌撒
繭紬
雨露
輝線
古物
功臣
検体
全市
兜巾
償金
菌糸
抗菌
印池
会下
暗幕
馬謖
御題
附句
板屋
粉乳
学則
捨値
折角
情理
点画
若輩
山妻
下表
素行
人夫
黒目
外敵
金坑
役儀
見付
廻章
虫鰈
図録
鉄魔
利所
斧鑿
眼睛
常磐
懸子
水仕
舎人
都塵
練炭
陪臣
入子
側節
鼻茸
先限
葛布
和琴
諸般
肺病
直伝
神火
画工
自若
先鞭
赤鼻
仏経
常勝
葉陰
学兄
純綿
遊楽
火除
腹水
国津
初荷
公事
経木
立坑
年利
往歳
冥土
政友
瀝青
夏隣
禅刹
衆口
革偏
鴬嬢
大序
助士
視座
実方
盲縞
忘恩
死文
射干
紆余
鴬豆
母船
廃墟
菊水
定値
宝玉
陣列
筆削
甘言
常道
檄文
艷色
白歯
返点
質点
神佑
鉄腕
馬蝿
塊根
空語
翠柳
民力
渡世
聞香
丸取
他心
妄語
蘇方
雪白
俎上
山海
差等
何様
階数
下端
紋下
鴨嘴
来光
実害
許多
奇童
置数
硬調
弱電
委曲
主翼
無辜
田地
個癖
夕闇
研北
空馬
操短
公主
波数
億万
長薯
民地
橋杭
雲脂
別物
唖鈴
僻村
青物
椴松
凍害
室町
碁石
捩子
雪消
中食
名手
疾病
原音
初茸
神君
楽寝
猪牙
機織
飄然
山麓
召使
名利
唐櫃
丹誠
石段
川猟
叉木
雌花
金牌
膠質
門鑑
船底
蘭方
切貼
微傷
小鼓
妙薬
政断
雑品
和敬
上蓋
羽車
既記
風趣
配役
群臣
満幅
皇祖
蓬髪
江畔
辺陬
柱聯
令色
偶成
神授
空涙
鉱物
殿軍
適例
耐火
讚仰
非理
豆粕
禍事
継妻
潮先
月読
雅致
呪文
死票
麦稈
僻地
附図
叙爵
原隊
熱風
耐酸
床机
車券
錆色
南緯
活花
其者
溶岩
脇師
個中
岩根
珊瑚
邏卒
校異
花氷
杣木
池塘
船酔
工匠
生色
黒黴
彌蔵
化工
全角
鳴神
舷門
玉代
画会
散人
合口
花鳥
露命
味醂
前景
荒物
印璽
理智
密計
思慮
法師
厨房
国学
宛字
夢精
諸味
国許
祖宗
明王
旗日
便船
竿頭
雨中
負目
盲唖
月極
浮身
脂手
貴家
眸子
印肉
敷瓦
男鰥
電柱
虚勢
鴻恩
禅尼
乱視
薬缶
勅願
国運
権原
連衡
孝心
次序
雀羅
国璽
小事
折襟
瑞垣
脳性
晴姿
曲師
悲調
被膜
奔湍
練糸
電設
大宗
食間
勅使
合方
子日
諸王
古狐
魚子
霊廟
午砲
花梨
鳩舎
濡仏
笠子
強談
穀雨
昭代
財欲
行跡
容儀
目角
金鉄
熱血
玉目
弓道
死所
血汐
旋網
質物
本震
内廓
歯並
見頃
水腫
権輿
脚下
学閥
拝外
知力
蟻酸
陣門
芋幹
御行
詫状
納屋
平手
乾板
想念
金枝
雲斎
棒術
採草
即値
持経
平信
柴栗
金偏
常春
強味
敷物
未済
列代
雑話
教生
瓢箪
病害
師弟
労咳
振幅
恥骨
彼方
私信
古紙
情事
慊焉
叛徒
大慈
虚聞
地虫
実状
継目
難読
書付
麗人
骨質
折節
麗容
仏敵
僥倖
押入
癩病
碧空
悪才
横波
無痛
熟寝
驍将
壮丁
席画
後金
束髪
弦月
板床
海胆
阿吽
堅忍
空嘔
嬉涙
長蛇
大赦
小伝
間夫
賎民
基質
杉重
妖異
武運
地曳
戸主
賢哲
妹背
水髪
各市
飛報
囈言
舞姫
押麦
谷懐
岩穴
正中
詩賦
塩花
単眼
槍術
肉牛
庭梅
裸眼
囚衣
馬糧
傴僂
病舎
棉花
熱度
通番
波浪
日豊
眠草
綴方
聖帝
底流
口取
仲直
瑞象
永生
名僧
権化
下番
締盟
寝棺
俘囚
黒豆
官需
援軍
論功
頭分
近間
脇士
楽節
大牢
忌引
字音
左褄
継台
少敵
散剤
端数
血族
油圧
頭重
泡雪
屍蝋
銀坑
黒鉛
金襴
小才
沛然
穀類
誓願
本然
盛者
金波
荒神
最少
無缺
慚愧
波枕
蜥蜴
片影
仏画
噴泉
押目
額際
湯花
容色
賞辞
割算
識語
灸治
陣立
釣床
間道
弁舌
都鳥
分数
尨毛
無地
寡聞
書誌
象限
相槌
日新
論纂
火切
謀叛
法帖
冗員
実科
雑然
槍衾
兵種
世才
親骨
才力
黒血
残闕
腰紐
親爺
明主
陽報
霊長
為事
才智
縁類
立居
別当
何分
嬌笑
脇差
稲光
軽卒
無鉛
不死
晴嵐
剣士
草取
手焙
侠勇
既済
裏曲
菅笠
兵馬
上記
仏刹
逃口
賭事
経書
紙幟
砕氷
合切
国文
救難
腰気
僧家
勅額
貴簡
姿態
共編
原毛
光沢
捩摺
俳文
語格
黒酒
親鳥
年弱
明色
卵胞
難文
野手
掌紋
象牙
納期
全局
寒餅
空論
軍門
空漠
妻板
心耳
柄頭
無辺
床框
網目
尨犬
北限
花暦
炊婦
破屋
立礼
凝脂
激職
汲水
彩管
累月
矢柄
科白
前科
梅酢
棺桶
守株
胸郭
精農
革綴
出藍
序曲
輪伐
書幅
尽忠
跡目
前史
頭首
菌類
川筋
中編
裏表
軍営
建碑
隔膜
身根
都鄙
税吏
彫工
爾汝
暴状
初経
稲妻
小宴
病勢
樫鳥
定款
金主
凡骨
荒涼
北枕
草子
恵方
花籤
炊飯
名句
斤量
諸処
舌禍
工期
旅所
廟宇
受入
釣台
蛍袋
紋帖
寛厳
魔神
仏壇
寝業
大蒜
銀翼
芳名
身空
論集
牢屋
列侯
坐高
村塾
今生
弗素
鼠取
珈琲
袴着
本稿
蟹股
惰性
炉辺
次兄
立志
仙丹
砲金
神璽
鋸屑
天女
重曹
肉欲
上履
嫦娥
宿悪
風塵
露坐
造次
広縁
臈纈
輪廓
殉情
夢寐
向背
神鏡
道人
頬白
妙手
滂沱
麺類
有髪
利鞘
藤蔓
荷縄
諸手
職名
農作
紀綱
陰膳
落慶
演義
没前
不堪
典拠
尤物
衆寡
股立
馬主
雑録
既製
悪者
希書
父兄
条章
恩寵
音物
同軸
黄燐
鹿毛
述語
浮氷
烈女
赤土
蛍草
蟻巻
蜜蜂
茶漉
銀宝
呼物
廃部
体感
才芸
術策
眼帯
夢見
燎原
持駒
草色
迷妄
裂罅
機工
書棚
敵本
緑便
水秤
止金
雑感
演武
廟祀
淋病
鴬色
絹紬
常雇
春菊
袋物
関屋
筆禍
肋材
芝蝦
移徙
初夜
薄様
白妙
愛妾
缺本
天丼
繭糸
冷性
持前
序次
葉酸
中天
本章
汎用
濡色
綴目
我利
笑窪
苦塩
同体
朝露
貨殖
江東
留湯
甲乙
操典
悪念
弱敵
鮟鱇
奥行
肉慾
土民
艷福
孤塁
種籾
接眼
淑徳
単音
雷鳴
紐付
拠所
学帽
旧約
茶巾
孺子
要務
床屋
水玉
追啓
里数
刺草
仏工
遊子
傍系
眷族
烈婦
紋帳
菊戴
大鹿
行儀
全品
弱国
上刻
質屋
軟鉄
非命
賞盃
別便
目睫
沈魚
仕向
坐像
諸宗
惨憺
異義
焼鳥
灯標
掏摸
毛織
接木
宗門
迅雷
胸懐
宮中
版図
切火
画聖
待合
選科
副食
焼玉
空陸
奉勅
面繋
鉄瓶
独鈷
貝焼
分段
枕元
原麦
略儀
熱性
能否
逆順
近国
髄質
球菌
米偏
落口
良種
工大
村勢
湯桁
聞事
弁髪
剣山
玉什
土語
立板
県外
瘡気
小業
御願
半円
冗句
廃油
人達
旱魃
紀年
私曲
当路
向暑
座下
僭主
来復
磁区
空豆
孝貞
紅鮭
財力
岩石
代価
銀盃
原肥
旅心
氷袋
福引
顕官
竹紙
几帳
外客
樹幹
孵卵
鱗茎
画然
語形
大獄
妾宅
掛図
小頭
律令
辣韮
脂粉
壊疽
句切
幻妖
驟雨
某氏
臨地
紅型
禅定
中表
常例
除法
邦土
松虫
鼻薬
総領
楊枝
曹司
虫干
徒事
忌中
員外
兵備
郎等
秋分
広義
話芸
自彊
藻魚
鼻輪
金輪
波線
朗色
健忘
筆端
妻室
逸物
蛮勇
両部
性腺
鷹狩
媒質
長兄
無宿
軌範
撰者
幣紙
豪傑
新価
秋気
飛跡
文人
鋸歯
修験
本願
侠骨
荒肌
綴錦
祭式
宸翰
船虫
芽胞
槍持
狭窄
選対
高飛
道術
埴生
人語
贋金
薬園
仇浪
馬賊
融点
見台
無反
諺文
猪首
後遺
渡板
衆目
名訳
和語
義勇
寸書
神祇
用命
頭領
偉業
残夢
儼然
外材
尚侍
罰杯
白雨
寝際
現品
無色
食指
火宅
沃野
薄皮
老眼
自今
志気
小菊
年賦
板間
再販
押釦
温州
玉葛
匪賊
珍品
駿足
単色
訳解
省力
肺葉
歌論
淡味
泥道
疎意
教本
噴飯
酒塩
出花
再呈
生娘
畦道
肺門
愚行
篭目
和讚
真贋
唐物
疣鯛
熱源
盛栄
乳頭
杏仁
蒲鉾
鹵簿
宿根
酒保
南欧
石高
訳名
旬月
牢獄
鈍才
高点
雅語
斜光
網元
臣節
官服
地紋
宿屋
書架
俯角
令孫
烈日
詩巻
訓蒙
旋法
手心
枕上
峡江
卸値
雀色
横槍
夜直
往航
荒淫
荷揚
鈴蘭
北画
異称
筒先
唐松
暗涙
猟奇
定紋
勢威
斥候
真秀
太股
脱兎
俗塵
老妓
愚説
灸穴
諸道
神都
懐炉
風圧
家老
爵位
年額
雛鳥
整骨
僚船
大賢
孤雁
中塗
明君
王蟲
正史
瞳子
方術
腕章
総監
落魚
多義
比熱
坪菫
桑園
洞窟
延髄
妻達
義挙
鎌髭
忠言
巾偏
怪腕
毒舌
外界
正麩
低位
慈姑
紫蘭
鉄筆
方様
武官
法官
恋敵
塵界
徒輩
布令
頑癬
面舵
残年
禁苑
視差
天草
終期
乱麻
目星
浅漬
歌切
血漿
白瓜
武名
栄螺
自浄
多孔
両目
荒亡
酒宴
質草
理療
赤潮
絵姿
梳毛
朝敵
旧称
淋巴
熟畑
画賛
薬石
支署
材木
包金
澆季
儀典
渦潮
早業
寝床
鍋鉉
仕種
大波
官営
苫葺
曲節
大要
甘皮
僧籍
舶来
対句
約手
引綱
夏休
物界
弓勢
不戦
欽定
前件
聖堂
単車
煮花
翁草
茫漠
身魂
天敵
臘月
神性
旧幕
未墾
茶渋
男心
星合
隠亡
蔵版
珪素
担架
竜宮
秘仏
談林
宿老
金筋
重代
猿楽
影印
旱天
男系
寸言
素生
祭日
絵素
乞丐
海員
学僧
取前
落穂
神葬
自他
吸筒
鯨幕
細則
状箱
晩霜
秘訣
大敵
折線
恬然
天爵
教学
幾重
首罪
如月
妖姫
語手
叙景
業法
鯰髭
石窟
延坪
憑坐
悍馬
下流
回春
割膝
廻心
焼魚
螺子
動因
入墨
葬礼
爪印
通宝
組杯
珍説
電文
喚声
奇術
木舞
夜寒
程合
柄物
他県
物種
外報
背鰭
牛皮
時数
精肉
儒艮
怨色
雑煮
段収
肺疾
絞染
洛陽
服地
衍字
組緒
併映
小吏
船足
帷子
浮織
無季
善根
遺筆
通風
療術
副因
鉄血
虫酸
口唇
着類
長夜
日切
本法
陰画
仕材
継受
知歯
歯磨
拳闘
全巻
茶気
大腿
寝汗
学僕
制令
杏林
音吐
溶鋼
町並
新木
武勲
意力
妄挙
甲冑
乳質
餅網
僅差
不撓
得失
勾玉
孤灯
将官
日計
白玉
梯酒
定性
本膳
廻航
男旱
探鉱
佚書
機外
旭日
冬営
鳥屋
銀漢
手翰
寂静
綺羅
機縁
塹壕
賑恤
麹菌
骨相
准尉
陪審
用箋
猟虎
定律
勤倹
衰運
旅物
骨法
大賊
流竄
若人
茶人
岩礁
死目
暗君
時候
勝運
老儒
氷菓
複本
彌助
花篭
恙虫
盲判
見番
軒並
版式
選外
値鞘
使僧
土竃
鼾声
追福
虫偏
虞犯
日産
対格
孫子
神馬
主持
筋立
連子
引手
全車
首題
兄人
漁父
軍神
目鼻
苹果
葛練
砲煙
頭頂
別品
眼前
手酌
無量
麻疹
運上
功業
山女
唐楽
橋桁
強国
式服
川船
馬偏
仏書
高髷
感度
中点
重役
駄文
地髪
張店
店賃
城跡
公爵
城塞
心根
供餅
准看
長途
大廈
対症
特賞
多毛
薄志
末法
木灰
栄耀
精舎
先棒
小唄
令名
客種
進物
繋辞
陸湯
光輝
痛痒
生乳
魚網
後会
夜盲
烈士
呑口
傍白
邪法
神棚
君王
膠状
用筆
清華
寸毫
斎院
極点
楽師
史話
腰帯
潮時
沼地
清汁
型番
異物
痴情
贋札
憂患
糟糠
穴子
春寒
釣具
苦熱
泥沙
雅号
鼠算
京女
選言
受苦
高禄
鼓腸
仲秋
旅程
刺史
囚徒
暦日
弱冠
旧態
濁音
高襷
豊凶
法線
蟯虫
煮付
軍規
行宮
特電
落花
官爵
絵像
青蛙
什器
業態
初筆
山霊
原票
鳳声
名札
仏家
盲点
添水
肺肝
当市
物日
覆蔵
施主
溶損
教祖
炭価
細波
氷野
驚風
用金
挙動
聖餐
累代
色香
縁語
痲酔
馬尾
入方
細瑕
港口
若竹
剰語
隣村
聖代
古事
沈金
有高
勤惰
日雀
検車
両刃
押葉
文略
良案
臨本
朝寝
酒盃
馬蹄
販推
金位
矍鑠
水貝
罷業
両前
墓域
毛蚕
掛衿
備考
山寺
呼塩
惰気
先天
胸底
唐鋤
玉座
中国
小脳
無産
大尽
酒杯
虚無
隷下
煉獄
花台
親船
鳶色
昼鳶
用役
唐綾
鋳掛
金座
沈子
乙矢
遣戸
風災
揚鍋
鬘下
沸湯
狐拳
老師
苦衷
李下
苗裔
紺絣
大尾
中筋
邪恋
鉛槧
老媼
焚物
好季
中尉
家僕
君臣
薄墨
織目
風采
守神
掛声
日和
正員
肯綮
色町
壮行
密教
角灯
悔涙
鉄管
幣束
草笛
指物
警乗
尊来
悪気
令聞
筆画
好誼
軽風
敬承
瑞光
露払
負数
起票
授爵
鍋墨
等位
帯金
雌松
葉音
見場
手鎖
同色
尻餅
衷情
馬陸
僻心
潅腸
豆炭
岩肌
長円
父様
微衷
月並
山神
端子
形象
腹中
基肥
里人
乗具
路銀
痛棒
間借
煤塵
索漠
炭坑
板葺
禁中
天罰
媾曳
警醒
堆石
朝酒
兵役
松露
倭文
蛇目
奸雄
疎水
約音
棕櫚
飴色
至徳
秋期
節理
流人
安危
拙詠
従妹
除目
乳歯
校友
虚礼
灰分
濡髪
動悸
惚気
増価
宿場
拝復
参差
紋織
脈搏
常人
錦鶏
社中
芯線
党人
風害
客将
左記
筒鳥
過料
夫子
潮汁
門柳
夜陰
水生
適作
擬人
臥所
卜筮
仁慈
青鞜
竹槍
寓話
蔓質
時節
厳刑
腐儒
包絡
貫頂
下衆
朝権
翰墨
渦紋
愛敬
役柄
小布
山猫
菊菜
琺瑯
隻腕
肩当
父祖
水差
鳥黐
稟質
眼界
詩史
墓誌
藤棚
性器
保線
芳紀
触状
余炎
余毒
有史
電球
寝相
外史
天恩
余栄
仮庵
字数
小職
涼夜
秘曲
征戦
梳油
要路
月俸
先触
貸越
聖廟
名花
長押
法論
切岸
蘭医
諸税
生薑
怪光
難件
脇座
砥石
艷歌
楽土
辱知
買掛
残物
吉方
暮色
斯道
風浪
鼓手
溝鼠
食通
吟醸
足癖
緋色
軍使
闘将
産学
乾漆
尊王
蕪辞
偉効
官紀
薬篭
颱風
良民
余病
無我
北郊
鳴鏑
活版
空挺
湯華
接線
獄屋
謬説
燧金
不弁
舟行
斎主
換券
預血
寮内
宝冠
大穴
結言
成文
詞華
背教
非時
茶殻
属人
単発
毒物
等量
強酸
悪形
遠視
応益
咄嗟
表地
盛土
余蘊
各駅
金持
鼻梁
天網
図引
教典
標題
鼻腔
雲間
剛体
即事
水瀉
金賞
袋棚
破婚
好学
労資
緑眼
経水
神米
葛粉
俗画
区割
姦夫
雨蛙
鉄壁
穀蛾
名跡
現官
麾下
轍鮒
中限
泣言
狡兎
初等
私党
香花
移流
取組
空包
銅製
提琴
現高
兇行
陸戦
旬余
所存
山賎
虚数
国花
外廓
氷点
対偶
民選
節穴
諸口
鉛版
物象
刳舟
学籍
寸志
公廷
侘助
蛾眉
若朽
嫌疑
歯朶
品格
恩情
腕前
御門
余憤
小股
和書
捷報
結納
胆略
惟神
梁木
県下
側目
唐紅
荒薦
新政
地階
狼藉
尚古
早鐘
返討
町筋
水魚
感冒
喉元
挟箱
芳書
偉功
破子
輝岩
断頭
拳固
手鉤
空株
枠内
純量
黙約
液剤
新撰
火鉢
副腎
帰命
教務
硬球
孟母
寝首
飲茶
補数
守兵
滄溟
老婆
横目
天帝
雑書
凶状
海溝
領地
魔魅
烏鷺
麦藁
行金
次段
礼状
滞欧
時様
除幕
人傑
忠勇
偽者
凄腕
環視
御店
自象
夢路
内入
庇髪
末位
買主
恐惶
檀那
案文
寝癖
愛郷
俗筆
錆声
水声
法典
紙子
適職
水木
橋銭
弾雨
腰高
凶変
来意
肉弾
新本
大功
古蹟
校外
真宗
他力
触感
戸車
早耳
現員
微酔
浮貸
冷灰
譬喩
作条
不壊
妙趣
朴歯
門下
学齢
薄荷
売主
圏外
虚辞
官選
身状
曠職
便法
抽斗
合鴨
悪相
山水
引際
定理
手控
猫額
寝袋
金貸
多雨
駻馬
助炭
音律
替手
和習
闘犬
陶土
中気
毛虱
素話
洋室
新粧
至近
外局
雛菊
部類
褶襞
胃散
碁盤
僧門
国電
肩掛
歌合
地頭
外字
下目
昧爽
観閲
右下
訳註
斥力
倒語
弱行
年並
餡蜜
社主
菅薦
工科
艷物
雲泥
春暁
真理
鴃舌
敬啓
銀笛
世柄
萌黄
聾者
水盛
仁徳
軽挙
黄疸
収量
孟春
猟具
風霜
笑茸
凶荒
心気
臭気
渋紙
気前
動労
水音
革砥
夜嵐
容共
保金
長潮
砲座
浄財
弔詞
上玉
会務
鉱油
姫糊
光頭
異事
家主
機知
真性
皇統
峡湾
霊室
平体
罪悪
大吉
鴨脚
褊衫
水計
繭玉
人台
貴殿
公序
城郭
奇蹟
小謡
天授
稀少
恒星
外題
福分
原器
小兵
垂線
神饌
巨岩
野羊
梟将
至大
陣容
心算
祿米
氷柱
船団
煩労
反歌
母式
海布
所説
忘我
櫓臍
稟性
黄身
純利
象虫
虎鬚
頓才
倭歌
内証
河清
麦畑
縄手
時日
浄火
驥足
原書
佳境
微速
陰間
逢瀬
鎖積
板目
凡百
磐石
吾妻
矯飾
渡座
詐術
礼者
佞臣
堂守
鮮肉
山行
本懐
主査
神格
日並
腎盂
精虫
主音
毛氈
他項
石鯛
堅物
県別
引数
謦咳
頻用
足代
浮標
矢来
有休
智識
養鰻
節織
名題
武辺
気管
側杖
人跡
軍刀
渦巻
社線
鋳型
読癖
挙措
白光
蛮力
奇問
編笠
打切
取札
内腿
要点
忠孝
縁戚
逆子
不具
呪術
式法
腹案
芋蔓
腰板
帝位
減摩
輪舞
瘋癲
降霜
黙示
毛蟹
中澣
牝鶏
枝折
饗宴
末裔
孟夏
奉幣
士爵
板元
天窓
妖魔
法例
傾城
繊毛
禅師
良港
君達
結節
兵家
測位
蛭巻
蝴蝶
巨儒
香煎
藤袴
幸甚
宿坊
領巾
春宵
華族
有畜
遺戒
週日
初姿
偶人
教条
射的
猿股
大紫
草龜
礎石
婚儀
満堂
牛馬
告祭
麻垂
死身
足形
文旦
鼠色
矮鶏
竹縁
批点
大盗
秋毫
次項
土埃
工数
家例
奇巖
絵師
荷受
羅紗
場代
遁辞
塩浜
尚歯
家格
駢儷
表慶
鰻重
卑語
小身
馬料
余談
胃弱
別報
夜気
秋興
大尉
濃緑
真俗
張紙
武事
王法
咽喉
総有
復文
足技
弓手
輪状
本科
優形
先夫
霊夢
吏吐
藤葛
孤閨
良友
詩箋
出汁
俳論
炬燵
綱手
柳眉
脳裡
盃洗
機長
顎骨
龜甲
媚態
肛門
淵瀬
親展
大喪
桑弓
厩舎
東天
鴬餅
加里
佳節
借手
母型
賊徒
露霜
駁説
楽人
土牢
親許
老臣
水黽
廃坑
属官
日子
綸言
年忌
取肴
皇宮
大部
縹色
逆賊
閥族
両足
講料
日偏
寸土
湿式
爪掛
開巻
長幼
軽輩
政客
流亡
狂女
少閑
衿元
成因
華客
老婦
葛折
能事
治略
本官
醜類
不測
角髪
竹竿
実株
塩釜
這松
禅宗
尼僧
縞蚊
牡丹
産前
諸膝
下界
警棒
兵戈
助辞
買薬
瑞相
円座
馴染
胚珠
京舞
激震
跡敷
別院
篆書
言辞
低地
抱腹
容積
梅桃
末派
世道
月夜
家伝
富強
奇談
副本
鉄輪
略伝
王公
木精
試補
薮鴬
宇高
毒筆
科挙
下根
生酢
寂寥
虎斑
純増
角巻
米飯
鋭鋒
夏蚕
奇智
故実
化物
砂壁
界線
爆声
脂質
馬連
雨冠
暴勇
寧日
皺腹
乙甲
雄藩
褐色
複音
箱書
俳談
深爪
潮受
冷麦
命脈
豊水
住持
粗衣
労政
障泥
生壁
左角
薬玉
遅効
話頭
雇員
訴件
基部
張力
符牒
傷痍
淋毒
株間
滝壷
勝勢
荷嵩
宿雨
大篆
巧拙
非我
性状
緑肥
林学
衰容
衣手
獣類
蓆旗
重囲
蟻食
書役
颶風
後朝
全音
粒銀
膵臓
炭殻
雑文
日舞
苦杯
教具
専権
索莫
白蜜
本城
排反
巖頭
花園
寒剤
夜話
珍物
汀線
幾分
課外
塾長
用次
積怨
堰堤
桂馬
秋高
密使
位記
丸首
境域
名主
寺男
雷霆
冊数
局報
下腿
米銭
離愁
有生
胎盤
巨刹
羯鼓
論蔵
私選
金縁
覆轍
急病
詳報
切紙
反照
美俗
善女
天理
大詰
精機
船内
点薬
町役
御供
缺字
医用
余光
孝悌
後目
稿料
官学
麦湯
敬語
火焔
古疵
飯場
乗合
才取
智勇
子株
何等
旧劇
船尾
憂苦
春画
郵書
檳榔
致命
渋染
机辺
新体
墨汁
梁塵
席亭
風教
吹矢
私論
天台
貸席
元勲
結界
標札
尊容
比況
家集
股火
搦手
利達
対地
不麿
不買
虎口
皮癬
港内
副木
言責
国替
草原
感懐
唐錦
盛儀
促音
本葬
客膳
丸帯
飲水
邪説
菅垣
磨膝
逸民
文豪
雲霞
陶画
祝箸
画商
猫車
変物
鬱然
透綾
星夜
金釘
劃一
恩給
流物
青地
火色
坐浴
末社
折詰
宮居
水絵
鞘堂
毒液
置屋
沿路
米屋
庶出
特称
先鋒
珍事
悪因
勅号
荷札
船窓
泰然
兇状
漢書
鉄渋
寝耳
緑野
巨万
袋耳
霊薬
良俗
桟橋
間者
適言
薬療
土偏
血盟
数社
巻貝
客殿
赤貧
血腫
絵付
劇務
美髯
消口
径庭
膿汁
測深
県域
早舟
勝味
塵土
牛酪
薮蝨
天上
古音
漿果
官版
支脈
獣行
成心
投売
残欠
琴爪
正餐
丁幾
男声
軍務
嫁菜
地物
取調
耳殻
熊祭
厭忌
会厭
名付
余臭
潮頭
嫡母
磁針
赤鰯
狩場
縞柄
士卒
愍然
蛇紋
偽薬
義気
朱欄
住僧
閉路
胸壁
有余
才人
針槐
生粋
油送
替玉
純毛
別宴
図形
磐城
流謫
小策
列後
咄家
可塑
迷彩
威武
病弊
園地
怨念
門付
戦地
枝隊
英名
群青
幽界
奇数
古址
新渡
出湯
這般
錆竹
満月
動産
学制
銃創
今風
私慾
迎賓
旅路
詩学
小春
帳票
冷肉
石刻
敗報
疎林
寒流
篤農
奸智
計略
米麦
脳髄
明夜
祝勝
神学
砂塵
手付
梵字
語意
胯間
小字
経度
底翳
粗糠
不渡
蘇芳
軍功
仏葬
干柿
核果
北洋
重科
御職
優女
初盆
雁木
根締
票田
珪砂
田翁
所願
朝家
先非
恵贈
小腰
面体
偸盗
勿怪
大志
無紋
歴数
串刺
御陰
莫連
楼主
悉曇
道歌
仕切
烏口
句題
本草
雑粉
外乱
信認
石竹
歯音
梗概
祖業
心頭
定圧
農事
小母
泥水
斯業
継竿
瑕瑾
悪弊
葬送
丑日
銅臭
荷船
莫逆
手鼻
細事
浅春
上代
層雲
事端
隠坊
院試
切干
委細
組頭
積荷
音字
淋漓
敵意
手合
紫蘇
大公
関頭
地歩
遅番
甘藍
浮木
玉門
智能
檀徒
方案
精分
雪渓
宗族
鬱勃
滄海
目盛
裏尺
雲上
畜舎
暑熱
束子
回章
重犯
麦雨
仮性
断然
忠僕
犬釘
荷鞍
間柱
猿臂
通弊
矢玉
子宝
乾麺
獄舎
果皮
海燕
苗字
冥府
特等
干鰯
紙屋
温習
他見
将士
芋粥
良吏
社家
益体
佳局
青毛
暖国
香奠
薫香
梟首
寄鍋
架台
義金
豆本
懸橋
兜首
近衛
会衆
丹青
特高
月余
型名
種油
現収
異聞
在高
蔑称
地紙
中腹
余寒
獨酒
浦里
菌株
老輩
有界
俗念
液肥
盛祥
防暑
秘法
粛啓
馬市
国領
老僕
灰篩
義賊
下刻
索道
公法
飛台
大法
軍医
御形
板碑
裏窓
不例
良知
米産
綿弓
根菜
磁界
売値
金串
招魂
猛勇
辺地
古狸
嬌名
連火
史脈
本誌
葬場
衆知
施薬
吟声
鉄脚
柱石
伏角
用量
笑気
狩衣
乾鰯
俗物
草庵
御苑
編組
廃園
布袋
手偏
請書
替歌
蛇蝎
締高
哀詩
棒引
舌鮃
瀕死
踏石
油差
金頭
悪僧
小成
裾野
情誼
儒道
光点
船板
満山
付表
取柄
見合
鎧戸
燐鉱
母線
浜手
藩士
非勢
纏足
匠気
紅涙
売場
停年
黙劇
和俗
巻軸
販社
引窓
錨地
裘褐
冥途
借料
脇見
職階
子爵
生酒
偏流
瓦礫
飛信
名苑
我執
闘魚
夕顔
婦道
反米
夜昼
哀歌
糅飯
火屋
煙霞
惨劇
靱帯
教門
文官
詩論
本妻
帝廟
合鍵
深慮
人知
組盃
君国
赤手
薬師
降雹
人蔭
裏門
産院
足芸
酒仙
横座
公徳
弱輩
私権
結綿
傍輩
判取
間服
半幅
現時
多段
典礼
地境
闘牛
題簽
賃銭
廃家
戎衣
考妣
尺地
懐石
玉楼
頚巻
日照
行旅
青酸
素袷
糸底
青玉
藍色
板子
異教
菜箸
上臈
浮屠
聯隊
内庭
軸木
脳症
礬水
神水
佯狂
不文
振古
明文
根芋
春霞
切点
毅然
後前
穹窿
喜怒
炎暑
鵬翼
車輛
緑酒
無雑
根城
端点
原典
便服
所見
砂礫
割線
墨蹟
劇暑
銀牌
党類
産婆
俗解
父方
湾内
易学
山畑
朗話
紀要
木馬
全段
磯魚
未発
太物
上浣
娑婆
瘴癘
興産
比倫
植生
業風
山岨
危局
竪桟
剣劇
宝剣
汗顔
泡盛
研師
真金
中卒
損得
繁閑
脾腹
地米
初潮
悪貨
頁岩
梅干
湿疹
草薮
他家
蝕甚
政事
内所
溶着
品詞
国威
魔手
泉下
浅慮
旧誼
荒壁
生面
切妻
加胆
我家
膳部
通力
杯事
侍医
定点
物証
箜篌
権臣
法条
追分
縛首
傲然
木杯
眷属
撮要
来示
日動
広前
砂利
自縛
窈窕
食膳
下司
絹布
軍兵
定命
日蔭
事彙
互市
返札
切所
無銭
銀箔
電纜
苦瓜
出会
網状
倍速
飛石
師僧
雀鮨
深酒
遅速
真症
武神
真竹
袖垣
春光
笹縁
速算
淡竹
親藩
風洞
巨富
暖色
僧服
蓋物
哀調
火燵
和人
無文
蒼惶
行嚢
景物
旦暮
糞力
訛音
牛刀
俚諺
連枷
塔婆
破瓜
多核
織地
商家
勅語
御世
置字
熔炉
現制
閑話
針鼠
漫筆
台秤
後楯
色狂
来駕
貧苦
量水
侠盗
女権
亜鈴
珍問
喫水
劇詩
立葵
真底
水割
沃土
完膚
劇痛
印籠
矢尻
寡兵
刑期
掛橋
牽牛
定見
天涯
漂蕩
天機
胎内
鉄鎖
封皮
網版
相席
花婿
外教
薄暮
枝炭
切疵
鳴禽
側圧
潮入
別電
鬼灯
手枷
空理
金巾
友引
威風
櫛形
弓筈
秋日
差潮
歌沢
街灯
空隙
刀身
悖徳
神魂
各署
艶笑
痘瘡
水飴
年取
糯米
詰襟
空身
悪神
紫斑
世情
竿竹
深淵
和字
烏賊
薬効
悪党
常数
棚機
乱菊
奥歯
英傑
火桶
窮策
端然
年女
草卒
如是
呉竹
辺疆
前髪
須臾
信者
水明
糸尻
庫裏
端株
戦隊
大股
怪盗
飛箱
楊子
憤然
欄間
国典
押花
釣橋
練武
月来
遵法
鳥追
仁恵
枝道
異土
艇庫
小難
筮竹
残照
月下
下名
円舞
細引
肘枕
蜿蜒
感涙
肉汁
雁股
老体
手旗
飲代
分際
恭敬
糶売
学賞
女郎
倥偬
鷹野
馬頭
東男
花鶏
部立
根太
余情
秘鑰
状袋
税政
組唄
漕艇
当限
行啓
土蔵
捷利
地溝
野伏
西国
鳴戸
才識
天分
面疔
産土
重砲
洋書
瓜田
霊異
定詰
勾当
出典
屑糸
濡衣
馥郁
便通
半双
幾代
嚢底
客層
妄断
乱軍
俗論
飛語
払込
紙幅
機銃
秀句
兵団
炭田
悠然
弱年
感興
胸裡
常世
謡物
擬古
早月
鶏肋
成層
剣舞
淫事
胸膜
錫杖
良法
髪床
徳義
蔵店
俗字
弦歌
杉菜
裏話
盈虚
物療
竦然
凶刃
辺境
音締
逸散
原品
根深
珪石
燕雀
悪疾
参議
排球
宇内
肌色
野兎
今様
神謀
基音
癌腫
重機
僚艦
実需
気泡
俎板
量目
台閣
牧民
天孫
後胤
防風
国華
石偏
俗輩
衆議
在方
荊妻
御坊
愛嬌
大樹
舎費
神気
小国
県費
見世
応手
御伽
微意
海豚
黴毒
口碑
借銭
小変
自余
標灯
俗習
網代
類字
月色
古色
直中
青虫
綱引
大船
城山
筋合
苜蓿
吸盤
火手
如露
供宴
片栗
年寄
着駅
難行
列聖
守役
韻致
陰文
難句
赤心
暮雨
眷顧
短剣
蘭書
治乱
笛竹
東歌
明神
衰残
腹鼓
脱字
恵国
清濁
屠所
仁丹
独楽
厳然
卵生
語路
鉱産
性善
典章
凡手
誓書
許否
松韻
袖珍
人馬
彌陀
礼砲
寸尺
繰戸
木鋏
私話
血涙
野鶴
主旨
半截
錯落
蕩心
実線
大凡
掛値
宦官
冬日
器質
丸打
汚臭
塩豆
送状
花梗
私撰
珠玉
再犯
力水
業報
藁火
始期
河馬
乱婚
放論
直積
別杯
唐本
卸金
遺賢
引網
目眩
笈摺
杉苔
庖丁
石弓
譜代
実印
短艇
色神
綱曳
安閑
間代
凶日
西経
官舎
錦繍
様態
抜道
立党
本論
硬玉
予審
瑞兆
極安
肌身
灯明
遠音
試煉
石棺
光波
勇将
中門
余響
群落
仕合
水溶
飛蝗
薮入
絶景
腹切
淫欲
宿賃
牛痘
人膚
皇位
竹輪
福運
人爵
持家
紅灯
砿業
糸姫
標注
耽美
羊毛
今体
種本
死脈
恋風
砒石
仁君
夕波
級数
家数
亡妻
美妓
士関
火刑
年波
醤油
沙子
真人
短章
豺狼
藩校
微粒
細小
画餅
蜜柑
褐藻
留針
劇壇
共管
先史
冥福
群雲
捨子
煎剤
富国
影身
袖手
死恥
窯元
無欠
鼻紙
筆生
糸操
端書
突袖
戎克
頬紅
巨魁
牛疫
枝族
針箱
球状
各週
膝頭
枝肉
邦貨
知音
胚葉
牝馬
真鴨
丹田
耳順
燧石
白兵
隠逸
顕職
猿引
白浪
立冬
気体
新繭
餅草
焼討
夜具
全階
緑綬
異数
実像
感能
冷眼
遺誡
邪淫
恋文
夥多
王侯
穴冠
目屎
人偏
織機
常会
快技
求縁
社司
官位
死毒
論語
質店
炭庫
柴笛
苦患
綴代
葉脈
再往
公吏
護摩
福茶
貴公
遺業
変項
月役
楽典
学府
天質
流罪
膏薬
懐旧
小楯
寺詣
誣言
高教
震度
冷汗
戯作
角錐
兵務
仏子
面魂
墨縄
酸漿
尾羽
鼠穴
壜詰
徒浪
大紋
居敷
中州
抗力
訳文
硬水
手鑑
旅嚢
野猿
目視
切痔
短資
献灯
洋灰
重心
草月
内皮
頽齢
天金
夏型
硯蓋
食客
蝦蛄
緑青
微光
酸茎
若水
文箱
連夜
文目
屹然
党閥
鼻翼
尾翼
人波
骸骨
板蔀
龜節
言行
秋色
炭窯
懸紙
門生
潺湲
横列
場裏
旧教
歩度
行蔵
卵塔
局所
湯屋
入訳
上帝
博論
指分
栄位
建玉
弧光
桃李
申文
穎悟
大戸
天顔
白身
廻状
領袖
醜業
薬草
隣組
電鈴
等辺
涛声
逆旅
角通
蒲団
闘諍
目路
支点
奇利
塊打
小我
始原
辣腕
絶品
癲癇
震域
荷足
今昔
損気
理財
平温
手柄
早口
艦内
営為
翼下
旋花
片雲
沿海
明度
霊光
円陣
領分
正眼
巻尺
襟元
経線
後顧
変人
茶棚
秤目
後疵
岩組
角樽
金石
番地
衆愚
冠省
雑学
智者
同勢
帳場
異境
口腹
防具
積善
某国
知遇
行頭
釈家
高空
田螺
抜身
式台
芳念
歯肉
時艱
環状
米穀
繽紛
招宴
斧鉞
智謀
仲春
和製
別邸
無銘
食紅
狼煙
同属
死線
通言
戦野
碩学
鋒鋩
危篤
有色
豪家
鉢巻
理知
目次
旧作
機微
慈顔
矢筒
蚕糞
後肢
備砲
中風
色女
猛禽
大名
炭山
掛金
盛代
波瀾
不休
如法
窮理
後厄
徳政
頂門
重弁
候爵
気筒
水火
恩沢
残品
夜会
米糠
書証
素膚
圧制
好尚
生節
既定
水船
凛乎
相称
円柱
巨船
各科
体液
京菜
虚字
黯然
独往
熱傷
唐子
飴牛
幽囚
亢竜
快足
狂句
急診
最奥
儒家
連累
干乾
小編
毛穴
直販
凸坊
流者
縁先
蛮人
露頭
小鼻
暦本
鹹湖
前足
若党
易者
他動
縄目
痔瘻
義手
利酒
端本
話柄
副詞
賄賂
局方
梁間
胎教
揚縁
船棚
賊党
税源
教案
繰綿
外陣
英学
赤目
皆兵
小閑
釣針
訛語
魚族
双肩
寄算
自注
雀蜂
玉菜
証跡
甘食
手鍋
故紙
各課
序歌
音叉
主動
樽俎
割前
香味
岩畳
武徳
調帯
有識
異体
罪障
継泳
有期
腹蔵
附箋
残任
椎骨
葦笛
弘報
声望
方円
庭草
短躯
美田
拙筆
小史
停刊
商館
搗栗
兵火
種牛
蜜語
好逑
文鎮
片帆
刀工
為様
聴音
蔦蔓
行装
血豆
霊草
切傷
平皿
雷獣
国大
大暑
火縄
貴所
丸染
暖簾
人絹
舟唄
面貌
替地
初音
日傘
吠陀
台辞
水際
正負
初手
霊刹
糠漬
常体
後件
同線
顕然
刻限
既達
春眠
山狩
知謀
富鉱
選民
血粉
絵具
妖言
東国
馬飛
睫毛
深閑
澪標
煙突
経口
霊柩
敷板
与信
胸板
学資
新柄
身心
悪書
扉絵
薬鋪
狭義
宸襟
夕煙
卑陋
桜花
単線
釣魚
非運
国書
富民
老生
凱歌
操觚
戦旗
会規
天誅
宣命
本舗
表皮
定斎
火筒
家宝
招電
心術
蒸器
粗造
天辺
石筆
穴蔵
礼儀
巫術
英主
儀仗
俸祿
常夏
祝言
権門
近状
宵闇
拓本
裏作
表門
隻句
楽天
泥炭
月見
本堂
側部
焚付
翠黛
辻斬
霊境
拙宅
小勢
権幕
食尽
降順
清福
損亡
鴾毛
菲才
難局
枯木
士民
祝意
衷心
手車
門歯
亜麻
長文
料地
先箱
土気
重陽
初鰹
田打
晒飴
本性
瑕疵
社歴
枕頭
急使
春分
惰眠
道心
雑曲
振出
粒状
乾期
腸線
元老
将器
月齢
晴天
魂祭
譚歌
無常
本曇
同苗
分社
木末
大葬
補題
気密
挽臼
異腹
例月
初口
廷吏
巷間
良辰
番手
比価
壷皿
覇道
賦金
東屋
人才
図体
卜者
宮門
潮干
持主
端金
兵籍
初会
古泉
快方
小名
笹折
鏡面
外郎
心棒
暴民
次点
手長
煤埃
弱酸
豚舎
不義
婉然
怫然
腸詰
素性
蓑笠
肺癆
僧官
重苦
直会
季秋
邪欲
月経
力業
訳者
家来
水損
終車
大悲
空閨
古筆
社用
脱硝
襟章
旧離
野史
御製
軍略
旧怨
縦陣
近業
路次
札付
園丁
定量
詭弁
義侠
愉楽
仔細
孟秋
暮雪
兄嫁
白鞘
草摺
寸描
背戸
側帯
名工
教権
花期
顔役
櫛目
酔態
法悦
質券
霊神
小智
壮挙
血目
遣外
天変
加水
留鳥
和衷
月偏
片辺
陰陽
首府
曲譜
小爪
眉根
皮具
本圃
灯蛾
経堂
自尊
艷容
柚子
哲理
孝女
御霊
仇情
荒縄
地相
初刊
情炎
廷臣
目板
民心
別格
節榑
野蒜
透水
片身
夜警
中啓
山相
珍籍
公印
吉相
義軍
砂絵
妻女
所伝
地内
浄域
高祖
食分
冤罪
摂政
類火
妖女
美果
歌心
流弊
雨間
無声
缺員
友禅
初陣
月忌
所論
歿年
公会
他流
座薬
賊臣
呼値
夜霧
熱涙
知慮
宿善
疏水
楼門
地雷
正調
早年
掛篭
木蓮
魚道
弄火
内儀
鉄索
外堀
檣楼
寸陰
林業
道学
偽書
酷寒
段鼻
丁付
絨緞
泊地
町制
宸筆
靭帯
重言
春本
詔書
色揚
桟道
常節
紫苑
鼻屎
帳合
鰐鮫
隈取
斜文
上略
帯封
玉総
義人
上作
青畳
西北
従犯
舵手
晩熟
別種
尊者
葡萄
温色
貴店
水禽
朽葉
傍杖
美名
縁組
厚恩
色情
栄枯
金敷
急呈
雑纂
協奏
心療
小間
陽動
両損
報賞
琥珀
赤道
狐狸
風鳥
利器
郎子
砿石
塩竃
雄鳥
被虐
皇儲
絎台
禅話
木炭
霊宝
徒刑
褒詞
日嗣
石畳
諸色
毎歳
児戯
賀春
造化
海人
船着
右隅
王師
明眸
平身
裁物
艷種
乱数
貞婦
上使
籾糠
焼金
両脚
媒材
血潮
抜足
本邸
厚志
叱声
真蛸
末寺
堂塔
縦穴
聖楽
盆景
不軌
打物
軍歌
要目
悪漢
椋鳥
被管
祥月
本署
起電
儒者
棋界
愚問
呉絽
物見
連語
尺八
爪革
富嶽
臨休
毛槍
無賃
対日
世故
博労
打紐
年輩
豆汁
見性
人糞
家臣
札束
無祿
酒蔵
拍子
王城
瀑布
父老
詩才
閣老
後裔
漁撈
病菌
松茸
晨鶏
南殿
線分
前項
冷然
跡式
筥迫
元結
劣後
敢然
直音
錯簡
華鬘
英俊
薬研
通運
垂心
納所
願行
野老
抑揚
蟻塚
猛毒
酒糟
丸干
余香
下肥
雪見
韻文
清酒
藁灰
見料
餬口
姻戚
医術
神子
鉱床
俗歌
穂先
玉体
半襟
争訟
同腹
唯今
賢者
総状
空列
当課
麻黄
宿志
端山
洋舞
逆理
待人
山葵
手相
飄客
名識
気孔
御札
逸聞
山繭
外米
清元
婦女
忍草
果報
詮方
金紋
学務
王道
矢頃
唐皮
憫然
斯文
私通
仏説
踏板
雪女
投槍
前側
溜池
癈疾
銀賞
曠古
病変
松涛
付焼
竜巻
磨粉
郵務
異父
遊侠
俳画
省令
射倖
暦学
歌学
頚輪
湯殿
腎虚
頓首
小者
寒月
余聞
論策
両家
苫舟
相好
外港
難役
余事
積雲
連珠
川狩
上板
余弦
無題
水仙
水論
擂芋
釣棚
血煙
砲丸
番兵
名吟
権衡
昏冥
段位
罫描
東路
粗皮
危難
往路
絵絹
鉢叩
利鎌
外篇
不宣
併託
懐手
残党
筆法
抄造
長講
軽石
管鍼
悪銭
馬車
薬礼
語口
原資
劇談
暁光
木表
徳操
早生
口偏
強兵
工銭
空説
新暦
肥饒
上顎
蚊鉤
和学
不才
帷幄
半鐘
長久
壮者
船齢
樟脳
唐草
小乗
悪癖
補注
尊前
製織
開祖
流造
奇策
目釘
双眸
足労
草稿
出初
組紐
蓬生
市部
御璽
奴輩
挙世
上皇
口跡
火鑽
仏縁
宿便
烏有
紋柄
県南
汚吏
買弁
芳年
春蝉
悲境
故由
方舟
主著
頭割
猛鳥
差引
都度
密栓
読方
能動
空咳
尻目
深交
娼家
下前
伏篭
雅量
羽衣
諧調
粳米
焼塩
足枷
知者
雅兄
示顕
骨骼
筆墨
考試
寒梅
裏編
荷役
日待
端艇
金歯
幼主
喊声
歓心
励声
荒海
観法
家督
腕節
歯齦
規矩
書痙
道警
釣人
空音
奇声
蒼天
仏門
継走
剰員
社風
書風
猟場
杏子
継棹
卍巴
続物
夕暮
天蚕
毒手
心妻
必用
旗標
地神
番線
妾出
空砲
馬脚
煖房
月番
胡地
小娘
始筆
基点
甚麼
散銭
奸計
区切
背徳
病家
精気
雀踊
愛慾
宝珠
状勢
声質
屯田
苛性
獣医
敷革
躁狂
秋草
全港
善心
民訴
泰西
毬藻
真土
永世
脾臓
凡策
羽子
受腰
悪食
平準
大旆
元帳
佳品
毛孔
車力
銅器
有心
戦歴
新身
手下
国人
継室
死角
妖怪
誰彼
宵祭
族制
活塞
黒毛
天球
結尾
戒杖
数詞
人買
隙間
鉢物
陸田
斜陽
舳先
義子
代脈
軍靴
下男
牛偏
粗筵
来者
音像
昔日
奇人
専一
詩聖
情宜
若葉
斜坑
各館
拳骨
胴裏
因習
蜜蝋
容顔
明後
教範
牛耳
未刊
先様
俗諺
贅肉
黴菌
干葉
統覚
穂綿
傑僧
臨港
闇討
銀朱
愛娘
本四
直人
賦役
終端
軍資
艶姿
卵殻
豚箱
幣物
脹満
木挽
密雲
共軛
痛点
肉粉
盛宴
潮煙
下士
青馬
高説
神慮
卵色
高枕
日乾
剛毛
使丁
劇作
線表
泣女
胸先
稀世
廂間
高察
獣身
初耳
魚肥
尊卑
鵬程
北町
壌土
貫祿
石組
雄編
舎兄
名刹
添木
窓側
遺蹟
党規
悟道
茶杓
吸殻
怪傑
民望
呼水
外層
後棒
凡愚
嫣然
裳裾
門弟
地籍
平語
同工
恣意
尊簡
訓点
別称
摂氏
自恣
泥砂
水干
憶説
古跡
竿秤
資性
寒肥
谿谷
酸度
弁理
入費
庭前
間口
俗伝
蛸壷
石板
正道
煎薬
愚兄
狂体
馬齢
氏神
風樹
故老
優男
逓信
輿論
丁数
変局
凶賊
仙窟
自流
引継
華厳
情況
全能
妹御
魔術
煮染
妙技
恒心
後室
腰間
丸幅
炭肺
索寞
地雨
直垂
痳疾
持株
闘鶏
砥粉
撃剣
子中
俊傑
氷雨
書淫
白湯
野戦
後翅
胸毛
心肝
口器
青蝿
極製
叙事
兄達
名妓
弔鐘
没薬
湾口
清音
御念
小径
罫線
殖産
祖廟
実意
現今
碑石
肩息
分力
軟球
洋語
城府
煤煙
元詰
労協
棒鋼
監守
白梅
囹圄
徒手
巌暑
空似
故主
庭球
天人
艷事
台地
割声
惘然
春着
淵叢
緑樹
姦智
寸鉄
犬馬
遠国
敝衣
泥沼
藍綬
小手
蚊遣
遣手
長恨
亡兄
願誓
高閣
体計
根付
拳玉
霊峰
薮蛇
便箋
真蹟
枕経
頬袋
療育
篤学
林相
類語
銘酒
糸目
重土
板敷
良妻
絶域
権蔵
霊園
力持
遺徳
浅紅
不乱
函数
袈裟
工率
端尺
僧位
肘鉄
雄途
代数
鳩信
頽唐
引換
濛気
平絹
旧慣
駱駝
印税
持分
半文
富籤
汎論
買値
重職
泥鰌
法家
綿雲
調車
渾一
衒学
助平
吊床
玉将
雄篇
絶遠
瑪瑙
陰線
繁簡
扇町
魔境
老若
農夫
臓腑
鼻聾
丁稚
胼胝
鶏鳴
上値
手創
婢僕
鼻毛
白蛇
巨木
干城
湯女
偽足
肩章
行司
車偏
心夫
微塵
軍記
涕涙
諸方
欣快
蜆花
起原
書判
毒刃
核酸
雪肌
旧悪
風骨
古形
渋茶
半作
水牢
短靴
叛骨
上町
鬼火
甚六
大震
練鉄
握飯
土豪
華胥
滑剤
芸妓
桑蚕
触手
僧衣
棍棒
外編
本手
祠堂
圭角
外積
原義
桧皮
必修
奈落
俗臭
碁笥
蒲柳
桜草
農大
目付
小数
強面
大圏
蘭鋳
祖神
外貌
画境
令書
辻君
独眼
雅俗
僚友
朱唇
朝見
工房
石蝋
花色
山容
高根
夕晴
愁眉
軍夫
廃帝
嫡流
時局
内孫
苛政
印棉
凡失
轆轤
藁葺
鮮血
性合
瓶子
目縁
建場
奇聞
雅名
勇往
多生
側妻
雲級
謡曲
歿後
変量
悟性
軍帽
茴香
地歌
巨星
乱杭
本姓
青楼
引眉
間鴨
鬱金
放線
旧情
白羽
丸麦
害悪
褪紅
馬標
多聞
糸竹
命日
山崩
急用
臨機
弱卒
酉市
潅木
蛮族
客僧
富岳
親節
裏打
智慮
道管
揚戸
舞扇
動輪
石鏃
官報
能楽
趨向
別席
牧笛
芳心
種苗
紫衣
口吻
辞色
旧派
他用
生揚
菜種
噴流
水嚢
半天
多罪
新着
唐墨
曳網
韻語
赤飯
御名
怨府
塩気
寝室
葛餡
貸手
遺恨
私署
唯心
墓守
内金
無界
日商
生類
善果
詩興
徒足
原状
川底
証紙
猛犬
諸兄
髪際
追風
割判
霊肉
隠然
身柱
穴熊
継粉
敢為
霊域
無下
藻汐
指頭
殺気
栄爵
菎蒻
役印
吐剤
片脇
入目
斯界
叙位
防蝕
塩瀬
音調
赤膚
諸多
用達
色物
海容
力感
楊梅
道断
家政
奇偶
練貫
銚釐
山嵐
高著
吸血
姿見
荷車
情慾
白斑
軍籍
嗜眠
機具
検字
相聞
陸橋
誹諧
割礼
旧法
本陣
読点
竪坑
御状
花札
会心
稚児
短波
浅手
質感
利欲
渠魁
氷嚢
晨明
元高
緩徐
新茶
落度
聖水
墳墓
砂洲
威名
義戦
先口
点景
禅学
暖流
利運
良風
稜角
惻隠
老樹
同韻
制帽
見境
儒生
胡弓
南鐐
中陰
山色
聯珠
各州
宝典
飯盒
道教
粥腹
子種
寝巻
時宗
蚊柱
忠信
尊像
烏蛇
隠喩
薬指
病因
輓馬
走禽
京間
梅醤
無届
叛服
衍文
笠付
粗品
桧扇
有償
乳価
党争
割目
手勢
粋事
遊軍
水沫
艷姿
馬盥
胸裏
栗石
主上
新禧
鉄漿
満潮
家教
塑像
宝算
鸚鵡
嫖客
礼楽
金蝿
鯨鬚
公知
親衛
撓革
蒔肥
綱要
実記
代務
野師
奇話
拙論
近傍
割下
人別
各項
未必
痔疾
正嫡
史筆
注疏
共産
獣脂
砕身
塾舎
紡毛
柿色
毛裏
淋疾
懸詞
夜着
野路
筒音
御意
数個
素懐
遠眼
心友
壮漢
真否
内典
丈余
猟師
風眼
朔風
随感
篤信
前便
繁縷
中研
獄吏
裏芸
塔屋
青黴
上声
逆縁
余儀
下足
股間
人倫
蹴爪
賜金
例祭
学理
聖日
倍大
女色
憐憫
潮間
祝典
羽釜
銃身
今方
礼式
類同
秘境
神算
逐語
戒壇
変体
僻目
甜菜
山国
雑役
急白
部所
汽圧
営舎
速力
素肌
心悸
国法
自門
唐詩
捨売
蕃夷
種畜
抄物
情味
乳業
偽膜
破風
震央
両統
武者
家持
地積
魔羅
長上
分葱
琴瑟
当所
軸受
把手
聯詩
後段
女滝
同門
聖油
建具
両棲
蓐瘡
段平
日貨
日当
亜聖
夢魔
雑件
倦厭
貴翰
令室
銀地
入神
独話
黒米
梟雄
原虫
病症
儒学
国師
証文
穴場
君命
儒仏
洋紅
牧童
新盤
病癖
雪片
極量
免役
免囚
受話
辻占
救療
来車
郎党
旧領
御汁
遺矢
国粋
嫡子
豪酒
臨死
墾田
艦上
遊資
心付
血気
繊手
画舫
買価
正賓
元値
猥書
素手
新宮
寸胴
貫首
梳櫛
砂嚢
突指
辛党
瞬発
朝恩
刀圭
鉄石
余喘
単数
軒端
炭車
自大
木立
再応
髭面
遠路
逆潮
吸口
活栓
戸袋
木賃
引例
角帯
少弟
命毛
瀬音
偶詠
伸子
熾火
飲助
恩威
暮夜
色合
悖理
旬報
咳唾
米櫃
翻然
仮初
彙報
賓礼
蒸鍋
海損
令閨
緑茶
学外
養蜂
極左
伉儷
単利
銃丸
葉末
宿痾
悲況
玄黄
挙例
塞外
遷宮
紋絽
図会
寒色
部面
古訓
絶境
軒昂
屑繭
逆産
古稀
破鏡
午餐
提灯
全姿
藁筆
端整
跳箱
貴慮
付票
脱文
香水
稀覯
武弁
身方
営倉
帰航
勤評
善男
公器
幅飛
鰹節
難境
胃炎
笊耳
下敷
売口
暗鬼
浄机
演物
労苦
旱害
艦艇
賢愚
飢饉
末木
熱球
効験
頭株
短才
粳餅
陰極
浮説
脱力
鞍部
贅語
師恩
首筋
冠木
仏閣
庚申
鮮場
縹渺
油虫
舷頭
悪推
朧雲
初志
鶉斑
寡言
肉腫
花筐
首足
北辰
差足
戸口
厄前
国母
美音
豆銀
玉箒
仏前
私意
横縞
黄鶲
往古
費途
刺傷
屑篭
松柏
切能
信士
載貨
冬葱
楕円
定席
信実
仲冬
同素
後家
盛暑
精華
台木
世態
御遊
後場
故殺
小皿
矢絣
猊下
小前
度胸
摂関
字母
骨膜
浪宅
縞馬
換喩
覇業
隈笹
退紅
職位
性病
嗣子
良人
殿原
挫骨
漁労
新枕
手跡
逆接
現況
弘誓
熊鷹
蜀錦
素姓
敷皮
長持
細大
深林
算法
妙策
編棒
内陣
小潮
国表
下情
軍費
下塗
弱味
友邦
晩期
霊鳥
皮膜
掘割
右府
韻書
遺沢
泰山
湾頭
友軍
末節
海鼠
置床
羽音
球速
戦備
群雄
景趣
狂文
語順
粉炭
片町
繋駕
国光
枳殻
緬羊
幼童
蓖麻
缺番
雑報
旗持
新宅
外患
才槌
虫腹
車夫
道者
鼻祖
苦界
帳尻
既倒
遊金
憂国
右党
餅屋
墨痕
消炭
犬儒
楼台
有功
美文
段別
乞食
詩意
肉屋
戸外
薦骨
中程
佝僂
局外
造酒
講筵
伏目
梶棒
盲者
勝報
長波
吉兆
木蔦
倭絵
捕吏
怒気
加薬
郷社
逸足
美形
大約
老中
春雷
豆粒
山羊
所天
写経
肘木
残痕
聖跡
樹液
錨草
整調
鉄塔
闘技
石突
木偏
鼓笛
院宣
心象
出缺
東雲
竪穴
祭政
昇順
情実
尊堂
残花
活魚
心眼
師表
巨利
原籍
側役
入船
毒見
旧址
沈香
秣場
厭性
痒疹
助産
悪感
触書
渡船
湯桶
敵背
紅茶
過半
主我
強記
燦爛
側線
浴槽
寺子
手代
伏字
主部
村雨
忙種
凍原
防湿
某社
気附
確然
温灸
緋縅
燭光
険所
意趣
背革
寒竹
軟便
慨世
偶数
煤色
死場
船軍
売国
水雷
小佐
幼顔
縁辺
曲筆
残敵
幔幕
摸本
士族
熨斗
鎌鼬
賊兵
金工
歳計
銅貨
差紙
疑心
牡蠣
君恩
骨肉
磁束
我意
静心
淡彩
防人
余熱
文節
不労
狎妓
仏寺
写場
低木
土工
野末
踏段
草餅
標号
環海
斑点
紫綬
小槌
残響
湖沼
桟留
弓箭
私印
幻術
筆意
茶事
金盃
岩屋
怨敵
興亜
奥底
柄杓
我先
粒食
彌次
孤影
人品
核心
火消
禍福
線形
山嶺
天袋
留男
寓言
貴兄
愛憐
両三
異材
辺幅
外侮
廃盤
蓮根
不興
両蓋
奇貨
紙巻
至言
詩趣
典籍
煉塀
打傷
見所
事始
眉目
小蔀
人声
南天
誤脱
才子
淡色
迂路
固体
君父
継歯
重手
難治
定式
紙型
長篇
形像
潮境
山吹
白墨
密画
臍緒
仕組
光子
情態
才気
左下
孟冬
割烹
積肥
晩学
秘薬
手筈
情人
民有
藩中
門限
後端
医業
台場
虚説
法令
丹毒
月食
紙屑
非分
祖語
何方
立坪
烟草
卜書
右辺
理非
複葉
坐骨
仙女
暗然
火線
足業
初生
浄福
聖目
肩幅
掛軸
頓知
各月
腹腔
未了
水陸
業物
腕車
紳商
潮路
間奏
火気
楽長
機巧
緊褌
漁区
牽強
販路
真如
土窯
治国
佩剣
露点
畜類
通史
醍醐
戦雲
照影
美神
助人
飯店
分課
独房
作意
和本
畚褌
史談
訴権
小用
業主
暗夜
府下
銃床
恋仲
柏餅
清白
市松
花軍
蹄鉄
贋者
類歌
暮秋
復啓
洛中
活殺
腰椎
政経
右記
罫書
廻船
白骨
英気
傷者
枯枝
寸心
立后
波風
胸椎
閑職
同質
否運
深沈
総員
哨舎
近詠
天領
氷水
歩卒
基線
山勘
品柄
型紙
和音
癩者
隠者
粗葉
山荘
漁夫
省線
面識
何奴
乾飯
製紙
束論
朽木
偉観
区点
烏貝
大帝
黄体
茶腹
各様
貧窮
空字
塵埃
紡織
光輪
船方
寒紅
弊誌
重刑
盆山
禁廷
書法
物相
主意
翠玉
軍拡
花筵
親疎
望楼
皇神
門閥
家財
振鼓
天険
私利
後難
朔日
弔歌
注連
肺尖
経界
月影
食道
造幣
貧者
吹竹
采六
観兵
紅裏
大剛
頭字
木石
反身
本源
謡言
秋思
所生
研削
官界
被服
正使
柱頭
幽鬼
爵祿
斑猫
淫楽
洋才
法号
銅盤
聖衆
熟字
武備
酒食
雨氷
朝湯
衆評
微志
胴着
霊祭
掛子
涙雨
銃猟
単記
闇値
辞彙
養女
運筆
別墅
天目
初句
狂瀾
妓女
飛電
紫電
白桃
家門
諸法
路傍
蝦夷
贋首
変災
濁水
操守
試技
律師
福相
爆薬
素袍
僻遠
高炉
秒針
神位
小耳
鉄色
駝鳥
貴下
対価
多層
訓辞
神器
笹色
異域
争議
花時
小力
摸式
門葉
字解
慕情
激暑
盛運
江湖
丸薬
言文
痳菌
礼物
編首
重症
相判
反語
渋面
重病
電炉
木槿
他物
産衣
来電
節糸
蝦蟹
屍体
国貨
私法
火偏
孔雀
大官
余興
蓋世
適材
公子
切目
死児
敬具
仁者
懸字
余得
師号
終曲
臆見
順境
裸像
広軌
語調
正夢
掛字
宮家
蕭条
雀斑
世尊
内緒
深潭
朱儒
浮彫
元物
旅寓
文頭
裸麦
握箸
神歌
散光
便蒙
座興
節倹
温灰
蒼鉛
水藻
鏡餅
硯池
雌竹
雲煙
賢人
突棒
萱草
仔犬
田麩
死人
旧館
縞織
初穂
怨恨
空色
卓論
停学
義僕
呑舟
高曇
原棉
皇考
防雪
脇立
内憂
唐心
俗務
警防
評語
継手
黄門
表徳
佐官
何役
麻布
仏典
前垂
文殻
天賦
潜戸
銅鉱
章魚
鳳凰
亀甲
交雑
古渡
盛観
手兵
引潮
政所
高段
官印
内議
寝言
私産
仮構
手刀
古諺
潸然
牧舎
明徳
橋畔
懇書
従卒
虚貝
継親
冥利
買上
詰所
胃袋
袋織
偶因
月謝
潤筆
弊習
劇職
大猟
短檠
鼻孔
始祖
論拠
明鏡
事犯
積水
唐箕
常詰
波動
糊代
兵卒
伝単
花代
廻流
積弊
僧正
廻報
目顔
胸廓
蛮骨
神威
御子
流言
香炉
青票
念慮
金壷
客位
鶏群
長汀
風草
境涯
大隊
巻繊
消壷
名分
対向
岩床
債鬼
純絹
砂上
婦警
倍長
副文
報国
寝技
時鳥
晴着
長径
座元
陰雲
近事
謹上
風貌
偏旁
初繭
徒爾
俗界
奇計
穢土
香煙
典故
君民
聞役
全知
文例
火勢
筆先
断案
古刀
随神
北斗
御撰
僧院
美祿
災難
死地
音感
狩人
時論
痔核
家兄
呼損
明礬
髀肉
竹冠
内題
車紋
巣窟
小結
本紀
精麦
左岸
製絨
嫩葉
終局
延金
総帥
衛兵
仮寝
花片
酒興
評点
新語
藻草
墨壷
防毒
逆臣
脊梁
寄道
懦夫
心機
床盃
長櫃
勇者
拇印
俘虜
愛婿
老手
号音
照焼
平面
唯美
春泥
勢子
罷工
美粧
印面
唱名
海産
電略
小話
恬澹
陽暦
跡形
苦境
号俸
舳艫
病褥
歌書
理化
脳波
酢酸
長路
演者
虚誕
血塊
粕漬
胚芽
年男
気道
蜀黍
下策
中性
下僚
実収
糸桜
絶海
明春
尾骨
悚然
皮篭
禿鷲
景勝
刈萱
片親
呆気
秦皮
後架
行火
親等
鉱滓
陰火
眼光
珍優
茗荷
対米
砂場
摺本
波路
尾花
道士
衛戍
手踊
岩頭
乾咳
草分
尊影
糞蝿
態様
両夫
天職
期成
係累
猟期
文金
童形
春耕
兵制
糠油
兼愛
悠揚
時好
輪番
属性
良書
多勢
間髪
球心
商権
終極
酸葉
皇霊
銀扇
適才
慣性
訳合
岩盤
激浪
給源
仙洞
数輩
駅頭
席順
常宿
邦舞
牢固
水路
才媛
願意
小網
者共
俚語
川音
満款
古格
宗規
金地
法政
深意
上棟
岩室
下浣
訌争
大筒
前膊
白粉
荷駄
太初
韓紅
防臭
村里
脚気
猫板
止観
薄縁
島守
沼沢
酒壷
煙毒
売人
異姓
関白
手桶
他宗
原著
胆石
都電
後列
本志
翌晩
終審
限外
早見
吉事
医道
剛球
肉池
立木
横線
共益
凶手
調革
脇毛
吃音
白描
風足
橄欖
正否
薄塩
笹舟
猪子
来期
砲身
屠蘇
半開
踊子
車寄
夏服
扁額
取粉
言伝
音義
倒影
詩型
他聞
高年
竹叢
筆硯
腫脹
新約
短信
左近
譜表
飛燕
片前
荷積
今際
溶銑
戦利
素数
賭場
坑道
鮨飯
所収
白鷺
銀嶺
隷農
交霊
粋人
例言
洗米
戦況
喉頭
氷原
海淵
雲丹
風下
弱虫
初号
盛業
高次
国士
良材
空堀
裏手
陥穽
弥生
音域
定日
獣性
諸縁
童歌
汎愛
銀製
恰幅
落体
僧尼
古語
腰垣
燐肥
焙烙
車馬
貝爪
角膜
朧夜
制式
霜害
索条
葭簀
事理
陰紋
抜襟
猥談
旧恩
平侍
長堤
売名
徳行
満会
路標
膜質
暗号
箒草
恒産
台紙
主調
切先
死時
月掛
卑見
旧懐
先学
明智
老残
馬簾
神祭
途轍
兵営
半平
帯革
席代
敵陣
乾酪
洪恩
紙衾
半金
淋菌
先任
浮華
座標
風気
詩書
宿学
騾馬
波形
大晦
凡下
宿木
癈兵
礎材
語数
堆朱
帆柱
黒光
挿画
明達
取立
嬌声
痛風
雪煙
幻灯
複軌
額縁
京染
銘刀
利腕
小満
裘葛
台尻
近体
乾布
晦日
口才
暖衣
叢雲
禿山
乳状
別嬪
対屋
御大
薬種
日夕
荻町
誓詞
情痴
個数
夜討
人伝
異朝
教派
心裏
光耀
深邃
引綿
年子
品別
新案
畳字
黒奴
真鰈
冷熱
羊頭
近郷
拳法
酢貝
聞物
片腕
育苗
黒鯛
店卸
罌粟
乳酪
雑益
金談
魚板
圏点
書信
石粉
駅舎
青貝
生漆
丙午
不可
天産
継嗣
尊命
金線
火酒
客間
葉月
孤帆
余白
歩兵
香箱
秘録
小禽
葛餅
甘酸
螺旋
船床
伍長
字画
山詞
皀莢
仕掛
日割
蓬莱
心魂
恩顧
粗方
体刑
翌桧
伝手
令息
営林
新柳
上策
強弓
明月
正接
乙夜
桃尻
地袋
習性
造山
和式
炭疽
電卓
海国
鳩杖
具足
芋虫
呼出
鴫焼
猫糞
口金
微温
原石
海陸
合符
衰勢
蹈鞴
真跡
愛嬢
諒闇
保振
履物
外物
座職
吉日
后妃
打身
親政
蜘蛛
野蚕
蟒蛇
通辞
聖賢
木鼠
防塁
折箱
至人
鼻声
張物
労銀
鉄扉
蔵人
有卦
挽茶
文藝
花心
恩賜
版籍
減作
能文
宿運
迷霧
酔歩
代将
貴女
泥田
鱗形
元帥
荷扱
開山
原註
盛典
愛憎
巾着
大番
海象
実否
広敷
難物
枢機
性愛
毒魚
新秋
農期
県会
銀器
花笠
城址
隔心
下露
吾子
隻手
船宿
売卜
牧夫
相法
姫墻
油膜
付図
枇杷
白癜
逸書
級長
労金
鹹味
鳩胸
頚枷
葉柄
白樫
往日
蝋染
軍馬
夜番
金風
単葉
検量
平脈
京阪
椿油
私娼
私記
継馬
密書
武門
麦角
詩鈔
目蔭
宗法
他事
厄日
臓物
落雁
乾柿
南風
後傷
本態
自性
月表
浅才
所領
白蟻
治者
熊笹
寸評
神通
詩想
糸瓜
月明
雑作
題詩
沐猴
盛徳
帝都
軒灯
人礫
本字
小曲
全労
胃癌
吊目
劇臭
秘跡
鉄橋
山並
朱印
峡間
師父
栄華
頬杖
号車
美称
季候
片糸
火糞
溜飲
組踊
賢兄
有体
小倅
蔵米
状差
頚腺
疝気
干戈
賢女
学窓
前額
無二
口前
女波
浮魚
中潮
煮干
稀書
毬栗
予後
相方
文展
至急
蓑虫
宿銭
経論
麻睡
公理
急須
尊霊
劃然
揚足
何某
芳志
算木
怪人
類型
山襞
心意
流民
差水
青菜
奔命
蒲葵
上腕
先山
筆戦
等閑
赤紙
政論
惣菜
罰俸
剣幕
雲呑
欲心
憂身
罪責
串柿
青磁
喀痰
陰祭
史書
舌尖
烏瓜
幸便
性差
虚栄
細筆
分隊
制札
幻怪
雄心
凶事
上物
験者
指事
酔余
梃子
奇勝
欧字
曲直
任侠
喉輪
至情
社友
不尽
古祠
重詰
所懐
双手
乱療
掻玉
全霊
鬼瓦
砥草
風紋
喘息
玉算
教則
剣術
帯桟
敬神
伽羅
愛染
杉綾
略譜
情歌
斑鳩
武断
柔術
端渓
胡乱
電脳
天明
海難
半畳
仁術
湯茶
捻子
塊割
典薬
納戸
緑玉
言霊
葦毛
臨空
僧俗
寸暇
亡国
油気
通論
高嶺
目端
鈍痛
略画
両義
金聾
京師
飯台
張番
蒸物
負号
偉績
胡麻
寒蘭
意中
球史
利水
花簪
種紙
鬼面
差違
界面
不肖
単体
進士
上衣
天来
題意
馬丁
付注
官途
筆洗
金糸
梅毒
肉叢
社共
金団
豆幹
引幕
諸式
干死
中背
穏婆
中休
紗綾
文机
球道
高跳
多倍
泉石
下角
横雲
冬空
人称
葉蘭
地役
不知
鵜匠
稗史
銀側
茶釜
筒元
延性
楔状
倹飩
同臭
違例
密議
遊君
鶉豆
上客
舌先
例規
漁法
段幕
外舅
速歩
防空
謫所
秋晴
韻字
私募
言偏
寒害
至宝
堅陣
横綴
威信
桟俵
補聴
別冊
帯芯
大技
中隊
里謡
殯宮
胸像
造物
小陰
眼中
高黍
檣頭
尻足
皮綴
宋音
鰹木
内宮
斎服
豪邸
宝籤
陰地
平場
俗諦
仏祖
前言
山風
笑劇
翠巒
雪男
武勇
起句
鬼気
誤差
厳科
総点
恐山
毛並
脳漿
辺土
別涙
瘰癧
工手
流涎
角笛
丸襟
初湯
金冠
囃子
人死
株立
英略
湖底
筋炎
医員
古参
碧雲
両次
大安
友釣
来状
多祥
往事
激流
枡目
逸興
申入
窮鼠
鉄線
色悪
劈頭
鳥目
名流
屍斑
葬列
熔岩
面輪
定温
舷窓
旋盤
葉巻
石松
易化
遊廓
貸店
軟風
隆運
講説
霊場
厚紙
衆論
張板
点心
貸切
属僚
院政
御簾
具象
導管
俳号
札所
下刈
産婦
悲母
愚生
前代
造機
生漬
臥煙
眼瞼
気先
嘘字
箱庭
鼻木
漫文
貧寒
大兇
略図
真槍
虎狼
風見
静脈
咬創
暗室
足袋
茶臼
断崖
木酢
業況
筵旗
土釜
流氷
座員
薄暑
奇才
楽隊
後学
蝋纈
中入
柩車
愁思
子房
法難
列伍
名城
当家
隻影
石造
幼生
巫祝
与奪
騎兵
赤身
閏年
段歩
粗飯
町家
木肌
残像
木通
絹針
丹花
賽子
流派
表方
秋物
女人
虹彩
袖付
死水
凹版
助祭
花鋏
饅頭
緩怠
心材
諸物
藩学
砲戦
榛木
被布
看経
史籍
荒夷
雪袴
書画
芳命
金鍔
提要
山場
蕃地
絶技
中外
船型
御諚
布衣
中波
官権
弔客
後口
膝下
事跡
上薬
至尊
恭賀
艙口
乱酒
乳酸
秘計
根粒
更紗
御料
夢占
内股
日蝕
結線
公孫
切箔
日収
名鑑
盗心
焼跡
官辺
暴威
夜景
陽極
中耳
乾田
取付
珪肺
番台
声聞
玄麦
岨道
蝶鮫
夏仔
洋傘
奈何
銭形
陣鐘
銀座
他念
変値
呼名
桜色
券面
国儀
水夫
打力
焼麩
周縁
燐火
前審
真名
禁札
迅雲
踊場
山守
歌口
炒豆
丹前
大師
捩花
弊履
善政
負軍
御寮
水洟
疑団
来季
大黄
苦竹
借受
物販
喉頚
売色
才六
俳風
段通
蕃椒
雪空
新店
合着
炭壷
御柳
遊漁
幻視
玉垣
牢番
私室
木叢
並足
観想
岩魚
街娼
内苑
格付
皇祚
悪心
書目
字訓
源平
蛮習
耐湿
情工
天心
愚僧
刀心
生姜
老醜
米収
持薬
中指
人面
登遐
不着
別状
牛後
急信
品数
書換
弐心
愛息
吊橋
桜飯
発癌
書屋
沿線
野禽
風前
煩悩
船路
春景
奮迅
高徳
卯月
熱論
式目
庭訓
遊技
徳目
姉御
本宅
死魔
刃先
涼気
艨艟
天聴
策士
横紙
庵室
親株
幻像
虚位
倭人
本道
立錐
姫君
傑物
環節
荒筋
旅烏
旧主
平椀
花軸
墓穴
教鞭
夜光
円弧
縞蛇
姦臣
原泉
半解
素謡
官立
過怠
反物
金髪
肥育
焙炉
挿語
共役
胚乳
哨兵
相客
甘栗
生湯
私兵
酸鼻
水疱
件名
客寓
山裾
若君
軍旅
神灯
尺牘
裏白
戒名
盛場
石槨
引歌
仏事
瑜伽
藁屋
余財
実理
粉剤
肉類
式部
丁場
王化
木犀
情婦
手性
賞賜
水鉛
釣船
献辞
地産
全戸
古希
紫煙
海松
帯留
義烈
鹿子
事訳
松脂
泥縄
薮蚊
反例
体技
飛魚
主務
税目
船檣
雲脚
鴇色
下疳
防共
画筆
利尿
沙彌
清勝
台下
細線
夾雑
厚様
意想
因明
蕃族
本暦
漢才
猛者
魔法
勝景
近称
夕潮
日覆
裏声
宝蔵
隆昌
仲合
太夫
厚司
未決
淡雪
平話
茶亭
明哲
肌着
伎癢
空籤
炊煙
校旗
陰金
武功
宗義
賜餐
餃子
卓才
白頭
庖厨
恩義
豌豆
主脈
収差
語頭
出刃
末巻
忿懣
如簾
細民
急電
高踏
特需
赤銅
造本
震音
失体
盲導
設題
仏具
迎春
川獺
教皇
租界
麦飯
衣帯
野立
腹巻
短評
追儺
糞便
喬木
粗糖
尖塔
好字
小昼
凶年
声価
情動
規準
言句
力瘤
茶道
夕映
屠場
奇癖
結文
引金
歴象
拝殿
釣竿
塁壁
貴注
主君
新古
風姿
焼餅
姥桜
故里
初端
坪刈
銃刑
固唾
酢蛸
絹物
鮨詰
鋳鋼
危急
召状
修辞
政道
盛物
貞心
後先
路用
東琴
臘八
枠外
郵券
効目
仏堂
拙者
田龜
意嚮
塁審
賢婦
戦端
地織
余威
古人
詩文
鍋物
機転
得物
顛沛
亡骸
切水
道着
蛔虫
挙国
雑事
怨言
水棲
国富
鈍角
呉音
消磁
親木
金鋏
古昔
院外
木管
舷梯
朝命
出潮
洗粉
親玉
警蹕
紅唇
弓取
吉報
閑地
愚息
佐幕
衣魚
密偵
日掛
別使
現勢
俗姓
香華
青黛
主祭
吸湿
急湍
面壁
糞尿
艦長
文珠
亡君
平声
他姓
旅愁
軽症
願主
若布
双翼
公差
浴後
洋品
軍艦
厚地
玉稿
品名
絨毛
未到
超人
薬科
暗主
系譜
禅譲
整式
主情
花祭
目貫
陽炎
量子
紅梅
紅蓮
月草
蒼氓
見処
手妻
斑文
肉交
白痴
提重
気転
芸当
皆既
死金
小首
旗雲
条理
火玉
布目
沈吟
原拠
告文
風袋
銀山
真鰯
繁劇
補肥
群峰
原質
天秤
戦塵
法名
観音
貴書
病葉
霊気
後産
裏衿
骨壷
佳肴
瀉剤
元正
腹囲
絹本
足熱
他誌
木屑
主語
論旨
碾臼
猥本
触覚
彌生
翩翻
内侍
時空
具案
絽織
冗官
墨色
茸狩
内意
波面
脚絆
狡知
死罪
種物
童顔
博愛
智将
雷火
奇功
心胆
姓氏
副書
妖気
本拠
美声
破帽
旗鼓
乱行
学事
王土
讃歌
白餡
魂胆
略服
連尺
畳韻
夫君
中黒
中位
劇画
釣糸
殷鑑
深手
銅山
投節
実生
寒菊
良剤
箴言
地租
画趣
道服
毒牙
官女
夜戦
月切
照尺
霊水
貸主
単式
白魔
所感
紺綬
団居
風狂
筆陣
塗薬
金欠
舟人
手簡
筆鋒
絃歌
朝靄
粗目
日直
爆雷
摺足
圧政
枡掻
声紋
真弓
泳者
男浪
栗鼠
焼肴
人智
目代
補註
富者
支族
仕儀
岩茸
石斛
口伝
流俗
手釣
飛火
配所
釣銭
暗澹
遊糸
花守
志学
名彙
雁書
校本
天佑
瑣事
商圏
新版
神権
孤舟
平城
半巾
桜蝦
潮汐
結縄
山懐
巨漢
精根
炬火
陶然
仏法
洋式
空谷
落日
振事
裁板
親達
吃水
浅蜊
傷痕
表口
花屋
本給
愚人
色道
応分
炉端
和談
極楽
信越
雪娘
哀憐
焼絵
竜馬
骨身
用布
港外
紋所
侍者
裂傷
組重
縹緲
属地
氷室
全党
慶兆
地温
爪判
毒蛇
蛍狩
禁裡
供頭
過褒
書院
篇什
詐偽
茶代
聖女
尾端
部室
脚注
抜毛
情火
広漠
俚言
雑題
病歴
野乗
陽画
空拳
貴宅
水松
肉感
糧道
墨袋
右肩
看貫
霧氷
初氷
愁色
暮鐘
煩累
療薬
同上
畸型
世智
院展
暗渠
斑状
大姉
矢種
外賓
献物
喧擾
全島
華道
雄図
虫害
泣顔
宴曲
褒章
書体
草葺
鬢長
糞虫
諸肌
廃刀
線画
上表
西陣
手織
金杯
花壇
棚雲
異形
死際
錦木
女囚
捕方
飛礫
公休
目薬
赤錆
微罪
勤怠
格式
春暖
歯髄
采女
銅賞
宮廷
諾意
軟性
馬銜
黒柿
自序
砂嘴
凛冽
観菊
平米
俗体
傍訓
正金
戦機
陽春
独言
粉屋
前古
廻覧
通例
嫁御
済世
寵臣
機雷
内争
法橋
男帯
裁布
翻心
誓紙
場席
同番
亜炭
家職
徴憑
脇目
蘇鉄
啓蟄
躁病
識見
経籍
忌辰
律詩
紅髯
記数
翰林
麗筆
馬具
複素
鋼管
公賓
節婦
数刻
片肌
雪柳
対数
雲路
勝星
棟梁
脇戸
恋路
慄然
黄昏
旬日
古血
国劇
公債
偸安
歌体
既習
詰腹
烏金
革緒
逮夜
海星
席入
猿曳
立業
有精
徒名
断熱
俯仰
桐油
麦作
手序
微恙
蛇尾
邪道
辮髪
朝霞
曲馬
薬酒
冗語
密命
独歩
古俗
神仙
書状
路辺
川淀
湯玉
深窓
揚板
刺子
左辺
手隙
法輪
絹綿
採光
懸崖
両所
生母
猛然
年期
錦地
文意
神祖
渡者
色相
弧状
番長
茜色
必中
突先
悪道
怪聞
貨車
陣所
浮足
幇間
山芋
貫長
同朋
花魁
新釈
鼻汁
原意
草履
人煙
硼酸
軒数
老少
嶮所
爪牙
佳什
郵相
硝化
遅達
月毛
即金
海蛇
表作
広間
苦肉
強肩
網戸
撤饌
烏合
管状
賀詞
小知
奇習
進取
池畔
乳糖
黄砂
擬革
童蒙
武鑑
経絡
掌編
蒼然
梵文
石臼
今更
人世
破篭
密勅
上士
賊名
筆紙
高節
吉辰
環礁
冬場
徽章
松蘿
衣食
適所
近刊
秋宵
僧庵
軍令
国状
急足
明太
兵乱
島山
新教
特販
比喩
語根
活仏
霊剣
耐用
極月
重湯
追剥
心神
殿舎
請人
利刃
合従
臣子
船賃
潮気
剣玉
余力
野火
大政
巨資
儒官
要具
牛蛙
継端
流速
書机
綾町
鹹水
家柄
建売
男腹
後景
元兇
青眼
後書
興廃
擬声
固目
有半
瞳孔
証歌
金蛇
要害
焼豚
仮数
機業
案下
旧遊
大路
貴命
終発
満期
宿罪
舷側
退勢
的屋
塵取
魔道
油剤
俚謡
厳暑
泥海
大葉
双璧
読物
戯場
暴雨
虫薬
新令
陸奥
従僕
讚辞
直方
風月
清穆
直参
碍子
宿禰
悪様
兇変
差分
初役
中子
鈴虫
尼公
害心
窮鳥
通有
浅傷
幼者
分霊
国禁
微醺
机下
回文
龜虫
反立
奥付
氏子
長湯
単機
歩哨
微香
妊力
背理
前震
揚幕
妬心
手箒
心太
原語
引物
器機
西諺
管下
散楽
同旨
出格
肝煎
郭公
索具
戦渦
心火
晦冥
陰翳
縉紳
論陣
結願
熱砂
季題
真筆
伏線
農奴
色欲
命婦
寺格
従者
法城
塩害
御末
玉虫
倭名
故山
守宮
値域
兵船
句法
姻族
篭球
先君
盛名
豁然
火矢
要地
割栗
闇屋
豚汁
難場
輦台
輪中
面前
旗竿
底魚
残夜
夜色
水盤
花実
増炭
抹香
墨絵
写絵
受持
邪宗
小勇
似顔
疎音
水垢
令妹
衣偏
賀宴
荒屋
腰巻
打豆
余技
船荷
壷金
心像
鷹匠
焼付
届先
緑林
例刻
半白
彩雲
私物
内乱
右舷
忌地
流体
国司
雲霧
上世
勇武
神剣
棒組
晩餐
醇乎
掌篇
酌婦
鼻音
智略
漁網
雷光
濁江
徴求
市勢
讒臣
夜業
微粉
大逆
曲面
文名
砂原
中農
衆力
厭人
幾何
両雄
質料
始端
宗廟
腕骨
立姿
黒貂
丸木
俗言
残燭
令弟
鬼婆
卵黄
難曲
切子
日算
布帛
仁愛
紐革
旧任
素養
大過
鶏姦
初物
由縁
姑娘
打緒
粗酒
泥剤
海女
世路
錆鮎
美醜
零下
徴候
歳末
馬印
億兆
演舞
体様
叙法
医方
赤熊
懇情
義肢
法華
碩徳
天王
母胎
玉歩
思潮
鎌首
雲形
荒肝
獣肉
尊翰
総譜
地鼠
外戚
属国
介添
魔障
酔漢
岡持
後人
家名
球戯
轟音
日永
用法
実費
間着
書冊
神橋
妖雲
原寸
後釜
弁口
侍史
宝鑑
癇癖
凡作
句点
名月
盛事
鼻糞
知行
図嚢
楽園
熊手
投首
店屋
臭素
篤行
壮士
校規
宝船
灰吹
分秒
給金
存生
皆掛
沃素
斯学
由旬
湯熨
求心
磁路
文鳥
哀傷
学才
城主
垂幕
聖哲
胸倉
綱具
俗吏
素襖
原紙
尊覧
紙切
田作
爪跡
後患
猛火
御灯
軍勢
支隊
羽尺
色魔
化繊
偉物
玉案
暗紅
中有
同職
排日
片口
老侯
踪跡
添景
使徒
釜飯
諸姉
輪形
情夫
魚鱗
訪販
隆祥
死斑
蕭然
粗砥
雷公
捏取
門跡
忠心
石蓴
冥罰
羽交
秘宝
整数
賎業
取舵
寺侍
博聞
本則
凡俗
色目
物情
明証
庶政
聖業
水蘚
和戦
紙花
湯漬
塗立
真先
霧雨
白茶
天意
取口
廃寺
権妻
労役
重罪
酢豚
濡場
守成
蒼空
女医
豊年
砂船
葉桜
和布
持場
手毬
憲兵
麻裏
巍然
後詰
有夫
前祝
春雪
窮民
別件
官能
諸彦
可視
詩劇
押絵
御用
界雷
聖霊
高批
紙器
肚裏
音譜
薬学
式年
人参
節分
権道
昼夜
野犬
火水
正数
尼寺
鼻柱
蓄妾
山骨
木醂
真鯉
膀胱
蛍雪
列火
粉米
沫雪
文典
鸚哥
瓶詰
壮途
薄利
報徳
付根
魚梯
残生
石版
特金
非人
雷名
現尺
牛蒡
僧侶
通気
乳牛
歌枕
歴戦
鳥網
先約
鶏舎
薄物
井桁
地衣
端綱
美点
平底
銃剣
半搗
籾殻
用例
本訴
曲調
如才
実際
絵暦
郷関
破線
若僧
印判
恩賞
清鑑
束脩
天蓋
荒土
礼帽
仕打
泥足
年令
山賊
天真
風勢
国訓
尾大
分陰
覇王
大鉈
宮刑
定昇
頚骨
躙口
祝捷
仏滅
斗掻
夜鶴
廃鉱
詩語
笑話
死物
衣笠
坑夫
花落
故知
狂疾
在処
連翹
野袴
大意
袢纏
鎖鎌
艶聞
軍陣
胴乱
山肌
音速
虚名
面皮
拙策
清閑
東遊
内縁
霧中
定論
拾屋
近因
新形
藁紙
純系
宿縁
浮巣
慈雨
仏土
下戸
指命
定職
血路
和銅
火打
散米
米所
粕汁
軽口
印譜
語末
高股
市区
僧坊
金柑
切炭
正則
外洋
我国
贅六
拗音
軍装
官記
原初
死屍
寸莎
業病
塾頭
梯子
謝金
会舘
紋様
存意
回虫
素意
法統
諸政
漢土
矢庭
水油
行平
穴痔
金蔓
僻事
鼻綱
縞目
単解
音韻
断碑
尖頂
乾癬
平曲
命運
夏作
旨味
胃酸
箱船
良工
高庇
暖炉
深浅
罪跡
烏麦
文段
鈍刀
工廠
物忌
月琴
付則
才物
乱文
極上
希世
宿許
白壁
光臨
領民
命題
空電
殉難
鍾馗
国訛
棹秤
忘年
貴賓
従容
拙戦
小梅
鍛工
頚筋
導体
仕法
神罰
逆叉
真草
罫紙
肉刺
官職
尖鋭
縄張
目笊
杉形
図様
主筋
正教
干草
縦形
道産
掛目
軸承
御悩
牧人
俗書
碧玉
同文
晒餡
調歩
底土
風花
実姉
権助
珪酸
余所
朝飯
背嚢
神式
驍名
風脚
干鱈
道庁
骨頂
出合
雪庇
半銭
親芋
御難
水天
寸隙
白帆
爪先
家蝿
減法
板本
寒帯
屋体
石摺
名筆
達引
置傘
季冬
白線
喇叭
多項
休錘
心持
善悪
俗事
妖美
定宿
軽羅
出丸
痳病
惜春
勝因
弱齢
偏衫
前門
中興
要事
衒気
極官
諸相
震幅
襟髪
狛犬
折助
胎齢
真髄
擬勢
侍曹
依命
銀位
口糧
喉笛
旗亭
遺制
毎会
川床
雨声
緇素
縁取
生霊
湯壷
割勘
大協
店構
清祥
匂袋
外需
香具
要黐
軽業
柳絮
要覧
上体
同君
中浣
横議
厭離
煉乳
上唇
古体
丞相
天骨
雑炊
積木
巨歩
副使
詞章
叡聞
純乎
有権
廟堂
坐作
大祓
鬢掻
度肝
補元
銀縁
売出
表具
爪痕
御事
脊椎
草鞋
逐字
容止
杯洗
編章
隣席
番所
菱餅
訪客
合羽
及落
形骸
元価
精粗
真横
冠詞
職制
巧言
上潮
印紙
薫物
群小
舌戦
花穂
翌週
砂山
近影
耳許
狂犬
鳴子
身性
立役
菊芋
穂並
好配
祖師
神髄
猿戸
室温
栄典
洛外
俳諧
洲浜
練兵
浮力
当校
胡粉
脈所
戸板
大福
肺臓
無窮
双務
熱情
範式
遅霜
容貌
股肱
加数
秘技
臆面
已上
豪物
赭土
手工
関守
錠前
勅書
藍本
糠袋
地気
脱硫
陸封
嘗物
入潮
外苑
合繊
暮春
真砂
歯屎
法治
妖花
物上
目性
概数
花嵐
逆波
敬答
老農
論鋒
代案
犬蓼
琴歌
心木
茶房
山苞
奸策
俗流
大円
水足
核質
戸長
香合
色覚
雄略
男衆
酷熱
在野
車引
語感
酒楼
飛車
制勝
後山
骨粉
生肝
恒温
浩然
贓物
秋作
養母
賃餅
洗足
休閑
輝石
新院
越度
良策
徒情
尊称
拇指
優姿
胎便
道芝
諧声
重責
秘説
氷雪
無上
金売
戛然
方略
名木
湯巻
情調
時弊
塊状
手植
祭場
吟社
海老
目処
紅雀
加俸
袂糞
仕形
鞍点
黄綬
幻覚
雲量
膿胸
詠史
唇音
与国
木遣
肩癖
国字
裂地
弧線
晒首
閏月
腓骨
部内
交友
殻竿
舌苔
舗道
大罪
粗銅
旗下
寝食
熟鮨
極付
宛先
爽涼
直門
尻癖
脆性
御忌
常法
不時
猶子
高下
荒布
偏人
夜学
悪報
名望
水餅
米塩
和冦
玉串
別儀
土星
俗用
秘方
原付
印章
虎鶫
確乎
劫火
山番
生侍
持病
旗頭
木霊
湯呑
所書
空談
浪漫
機略
微震
雪腹
鉛毒
皇紀
朱筆
白目
織女
貧農
空耳
晩鐘
蛇苺
利鈍
上水
長唄
純然
急霰
牛鍋
噴門
神智
伝助
零時
未設
水禍
干満
国衙
若鮎
確報
税込
早桶
別宅
才腕
枯葉
正妃
太子
納采
門口
両市
玉繭
半纏
他律
小鴨
血沈
御祓
半音
空合
白糸
黙契
痛事
主恩
殉国
多血
欧文
焚刑
両朝
勤行
公証
直衣
斑紋
有情
別途
同役
波布
沙門
壁土
楽劇
総髪
蘭学
文勢
鉄拳
副次
雄蕊
貫入
愚禿
名標
篇首
雲海
敷島
禁獄
能吏
本金
弘道
機根
日雇
夜船
書取
置引
技工
広巾
鬚髯
図絵
陣屋
能筆
伯爵
当館
鎧板
神官
義眼
記聞
天壌
竹柏
銘木
評言
夏越
上様
古制
誘電
防壁
平麦
月別
名刀
生垣
因子
海防
不随
硯滴
全便
朋輩
聞酒
勤王
殿御
晩食
題画
偶作
小面
両道
炭取
桜紙
横形
推力
通箱
孩児
祝宴
財貨
台網
刷物
種芋
緑門
末世
半片
天主
炭質
殿宇
水茎
大足
用後
英霊
広原
週報
桂庵
雛形
錦鯉
画帖
天外
伴侶
堅人
半玉
明視
梵唄
外向
画業
白話
征矢
触文
愚案
半価
年季
援兵
龜卜
不惑
砥糞
水物
群竹
忌詞
取灰
内患
香気
虎視
半袖
役牛
銀子
遅日
打首
直喩
糠星
老躯
玉露
役畜
兄子
核燃
紋紗
近東
添乳
番傘
馬面
旧宅
円貨
買気
音波
地合
尾錠
出銭
剃刀
気魄
黎明
泰平
楽想
強震
広幅
輜重
鼻炎
古傷
芋茎
寒心
窮余
瓦版
義膜
欄外
庫裡
祭司
矢束
松明
犯則
尻馬
新風
舟艇
療護
酔顔
葦簾
段物
模試
山伏
仲居
神色
封蝋
腰元
乾葉
両年
奔馬
円上
華氏
御飯
童部
鏑矢
痴話
長柄
革質
御膳
薄明
名子
歴程
綱玉
滅後
本籤
大死
詞宗
当機
哀感
鴻儒
鰐足
誤判
奴原
愚見
口脇
杉折
縁家
蚊帳
年貢
根毛
燭台
紫紺
男前
蓮華
遊女
元肥
彫物
王代
麦粉
利手
擬制
鬼歯
義心
通事
幼女
蕃人
坩堝
襟巻
讚歌
焦熱
気嚢
劇通
勧業
実字
白虎
真鍮
主教
帆布
日輪
熱量
炭層
女浪
同値
口蓋
下僕
根芹
汐先
赤本
柴犬
石女
陰暦
喪具
開衿
巨財
終巻
船標
適評
欠本
痴人
多売
商科
横腹
消炎
鉱石
御歌
出稼
歯牙
手桎
転寝
腰弁
政略
連声
塗篭
調音
臨池
旧債
史官
引戸
聯句
魚群
縁石
国元
木菟
公役
航続
私人
嘆声
奔流
蜻蛉
豎子
新酒
和船
胞衣
羽蟻
思郷
壮年
僧上
斜体
世評
緑風
未収
旗幟
教理
洋学
外因
瘡毒
代赭
内法
与太
我輩
書林
下草
白扇
空巣
各賞
公方
竹簀
先払
魚滓
旧藩
重箱
焼印
史伝
南瓜
香辛
然諾
商学
紀律
円坐
真皮
行文
起死
狼火
標目
鰐口
国持
家信
尊攘
揚陸
灯用
廻天
蝦蟇
敗勢
幾日
焦土
手飼
盗癖
鉱害
藤波
海草
金気
愁傷
張手
苫屋
炸薬
犬歯
仙界
列伝
単級
手事
道統
古伝
糠雨
釈門
族称
素足
水滴
例題
禅堂
獄窓
霧吹
謹言
警策
乳鉢
君侯
河船
吹上
不埒
空冷
船艙
全期
惨苦
兵刃
新涼
碩儒
饌米
売薬
対称
旌旗
王事
事相
病躯
建株
女敵
早場
父権
草箒
風琴
雑俳
属島
主薬
乳香
後編
季春
竜骨
臍茶
票数
針術
切替
袖口
糖衣
寺号
清栄
後備
花序
利剣
床杯
余徳
蛮声
手疵
箱師
内聞
絹緞
西陽
酒手
舟形
野心
相国
鱗毛
欠目
雪踏
足偏
島影
徳望
無籍
道話
係数
惨澹
碾茶
数多
補木
哀絶
平織
卑属
声誉
太絹
渡殿
雷神
恩命
満車
船守
火祭
汗疹
防弾
砂子
竪琴
観桜
娘心
笹身
裾物
硬度
伴僧
禅味
挿図
客地
寺領
冲天
我流
西土
片息
遺文
凍瘡
左証
仮痘
古里
丁年
外道
砂鉄
庄園
欣然
応力
草書
赤沈
評注
丹色
標柱
序詞
鑑札
杉蘚
偽首
爪紅
求償
狂詩
姦商
属領
市費
使臣
墨跡
船幅
鈍行
洋弓
白寿
音節
緒戦
断橋
鼻面
風力
可動
楼閣
繚乱
撮像
別殿
浮舟
藩屏
醜状
邪念
交声
上屋
旧臣
荒天
乗換
眼疾
光参
落陽
綾地
証票
戴冠
旧道
心柄
矢場
缺漏
愛欲
便意
焼山
副将
人垣
畝間
冷泉
漁礁
序言
位地
肉片
篭手
先蹤
法門
総記
恋情
小中
医書
欠員
挿木
縫代
傍注
牛革
私刑
課業
漢語
席料
警手
従兄
愛執
真向
糸柳
稚魚
累年
楽聖
史劇
図上
内妻
同輩
小器
大乗
武技
痛覚
同類
論題
創傷
征途
裾濃
諡号
魔性
中置
大通
代人
鏡石
耳環
可逆
合札
上皮
名山
養豚
袋縫
衣糧
紋日
名著
透目
綺談
親御
芳信
平幕
侍童
虫螻
発句
片棒
饑饉
笹屋
基板
礼電
割札
素焼
興亡
筆蹟
怪火
芳詠
行路
灯心
椰子
兇弾
脾肉
落人
御寝
副題
高角
返電
脱殻
太藺
市上
芸文
芋版
拍板
金銅
太箸
毛黴
駄弁
流汗
賞杯
仲立
興趣
船級
水霜
馬手
陰言
外耳
校僕
槍玉
高覧
玉偏
鍬下
疼痛
筆舌
聴視
水筆
正系
編隊
初酉
類題
門魔
呑助
橋杙
親署
欠唇
邯鄲
縄付
風蘭
半裂
能才
雄志
全紙
炊夫
雑株
字句
文盲
邦字
洋本
全豹
手蔓
紅紫
粛然
弔詩
庸愚
主位
兵略
賊軍
有刺
焼飯
俗談
山窩
揚玉
方寸
木皮
光陽
膝骨
号旗
胆嚢
懐刀
顕教
健筆
金扇
電報
在所
旅情
繋累
秋郊
従弟
耐圧
感熱
潮合
等式
革靴
金将
神楽
商運
所帯
空事
金屑
結膜
尖兵
各論
右近
廃除
飛泉
執権
本属
功過
官衙
夕影
場景
男手
用度
浸礼
金管
琴線
中層
乗法
外紙
烏兎
魚篭
擂鉢
僧階
索然
手蹟
硅石
南岸
畳語
余燼
大凶
置土
軍港
白蓮
銭苔
絶壁
光芒
甲骨
播肥
楽匠
絵所
蹴球
門主
血糖
客気
軍紀
鳳輦
土筆
馬橇
桜貝
福助
門柱
光来
短針
浮荷
現業
吉凶
断乎
召電
男妾
薬毒
禿鷹
同母
秘史
取高
風鎮
隠士
馬方
舟場
童僕
円転
容子
無品
複式
面差
炭団
差毛
善言
余沢
溶剤
生糸
肩肘
決然
琉金
印伝
傍流
色感
気息
送辞
束帯
酒気
月詣
男根
犬侍
粋筋
非番
取的
画板
外気
碁敵
常客
回天
仙客
臘梅
寒行
秋月
侮言
異本
虎杖
帚星
切窓
女工
胸臆
愚母
権柄
掃墨
組下
上目
国主
薄肉
草枕
冷温
呼鈴
胸紐
砂州
路肩
文色
藩閥
小付
素式
家君
鬱蒼
無手
回状
灯篭
定則
現任
西戎
昔年
入物
悪童
塩基
弁膜
依然
眉墨
邪論
遠流
剣難
無稽
率然
著聞
唐人
偽悪
数行
厚誼
溶質
禅林
妙所
熟蕃
夕立
麦芽
金盥
当流
旅衣
鞘当
格率
後作
巧遅
村荘
官設
粗筋
盛挙
天成
国策
糞土
貸元
宗徒
天堂
海港
要訣
浅酌
要用
血痰
亡父
落首
打綿
内国
桑子
宝刀
内訌
書翰
報恩
抗論
悵然
田夫
濡縁
革帯
嗜虐
隔壁
羽翼
野道
上意
喉仏
善人
数式
長編
遺習
船蔵
差前
児女
焼畑
内債
香魚
宝前
溝渠
指値
静夜
元禄
村役
職工
地底
光年
宿六
家訓
沢蟹
邪知
私宅
略綬
斜影
徒口
影向
容態
角柱
建坪
雅鰤
近火
貧鉱
蘭塔
小僧
喘鳴
作男
木盃
倍角
渡鳥
家作
公傷
遠火
行縢
寛弘
何頭
時勢
検孔
教場
開襟
諸点
湯葉
燗鍋
末筆
地所
赤口
新附
頓智
糸枠
寒卵
出様
奇知
姦賊
揺籃
溶菌
田紳
軒別
翼状
泉水
盤根
平時
極冠
夜店
茶店
勿体
刎頚
雁皮
攻口
徒跣
間歇
峻嶺
古称
異人
不評
楽市
寒波
電閃
鳥偏
雅称
院議
共裏
私供
丹塗
戯画
素槍
神宝
臆念
桃割
背節
測鉛
尊慮
蝶番
敵討
糠蝦
強弩
姫鱒
小童
人臣
個物
旧蹟
有様
主家
杵柄
媒染
仕手
寒天
大杯
間然
旅装
未聞
呉下
穀粉
差料
射利
雲烟
家風
主事
風柄
老台
会堂
読手
鼻先
簡保
久離
画才
屈性
紅顔
弁士
元始
受認
迫真
奮然
速効
襟度
遺著
仇討
老女
名籍
満干
茶所
蛮夷
鞍馬
反間
軍鼓
栗毛
前腕
蓮糸
豆板
順逆
羸痩
孔版
索敵
情交
鈴掛
駘蕩
作土
酒槽
譚詩
茶掛
葦登
施物
球体
動体
宮腹
家苞
衣桁
太棹
妄執
心音
補語
春情
梵妻
用足
誤謬
仏塔
心土
願事
絶佳
徒飯
乳臭
地引
山子
和親
悪霊
替着
歴世
累犯
閉包
穿刺
鮮度
紅毛
諸表
謙語
薬餌
手摺
煙雨
砒素
螽斯
倭琴
痼疾
蜜豆
肉色
陰刻
朱欒
異類
呉須
櫓脚
門札
口許
題詞
窮極
本床
忍音
老鴬
竜眼
釣果
律蔵
分針
勧学
芸大
漢奸
腹背
締金
冷暗
滑車
俗文
文型
旅篭
売声
沖積
貞操
涜神
甚平
山鉾
若様
財嚢
繊切
手駒
新前
鼈甲
酒肉
叡智
太虚
館主
不磨
蚕室
髻華
同病
直列
花月
晴間
幼君
目篭
宮室
雨曇
初速
滑石
油脂
叡覧
靴篦
贅物
昨暁
善本
霊木
円筒
画意
郵袋
枯骨
芸苑
嬋娟
宵寝
乃父
男持
赤燐
火遁
細雪
布子
兵書
但書
不漁
貯炭
原名
竜虎
空寝
春陽
漫然
内圧
生首
臨御
官栄
来旨
骨幹
斜線
内廷
覆土
読史
雛壇
美肌
病犬
外線
活眼
残香
貴札
小女
端唄
雌鳥
屎尿
寸時
雨具
舟守
魚拓
謀計
袖丈
所由
養分
土人
主剤
縦隊
画室
名号
目庇
壇上
幻聴
浄几
訳書
産所
涯分
憲政
銀粉
有向
行書
似合
猫柳
来世
蒼海
蛋白
厳君
月限
鶴嘴
擬似
明徴
貴社
外法
間貸
理窟
石鹸
西紀
熱型
謹白
繻子
同人
益友
俗眼
達意
色素
土間
兵事
過客
諷意
古刹
累卵
侍講
書契
月割
冷床
乱筆
連曲
袋帯
茶托
蓑龜
口琴
願人
天象
戦域
阿媽
中手
騰落
目許
全作
偽名
提督
平民
下火
禅門
水筒
隣地
道内
天朝
岩窟
暈繝
糸車
勃然
鯖雲
塩酸
視学
憐愍
祥瑞
畝織
角形
在家
店子
儀容
別間
正篇
薄刃
高誼
衆道
幽愁
尿意
花茎
晩景
硼素
撥鬢
所与
帆綱
略体
木裏
弊衣
霊像
浜荻
懸軍
霊智
光学
変種
谿流
膏血
廷丁
席題
肋間
階梯
醤蝦
与件
西人
雄滝
酒樽
書割
体躯
供御
洋種
繧繝
梅暦
無風
本状
免罪
勅諚
唐菜
木斛
形勝
無位
仮綴
親潮
凡常
庵主
金環
矢車
粗製
畑作
湯水
気運
黒焼
縫目
叢林
天譴
戦役
産米
星屑
聞所
砲門
売笑
澱粉
両町
他称
横型
純分
血尿
法域
爪音
根瘤
版本
横筋
折鞄
玉鬘
方眼
腺腫
下職
半途
石茸
貸本
文才
空家
気根
鉱層
所出
拾物
日報
神国
瑞穂
神助
汚俗
機屋
鷹飼
下帯
貼紙
法話
寄手
褒美
構文
判子
巨擘
茶飯
頚木
怒髪
詩仙
並幅
決河
書抜
山犬
円価
直腸
入夫
試筆
刺虫
飯櫃
宗風
都議
糸杉
長剣
木瓜
前払
擦疵
貴紙
極所
待針
愕然
寄木
智嚢
壮図
仲店
躑躅
気韻
踏絵
硯材
伝書
智歯
猪口
彦星
温容
羊水
帝王
頬髭
僧形
織姫
無印
男役
権現
軍鶏
疥癬
試料
覆輪
延棹
才知
悲喜
後夜
裏店
勲功
前約
沈鐘
私塾
粗木
徹宵
財経
組子
藁沓
郵船
奇手
逃道
総高
銀将
近臣
卓見
和議
救民
押鮨
矢声
別段
迂生
近古
国喪
訴額
突角
禁園
新参
小鬢
地峡
葦戸
精彩
賀意
薄日
左舷
佳人
分身
碁客
禽獣
部課
産道
穂波
気圏
栓塞
干天
賤業
閣員
驕児
霊媒
相恩
連木
常打
大知
息女
人海
秘奥
荒筵
訴因
異同
神州
手絡
歳費
子鹿
鬼謀
投銭
貸費
座金
際物
好餌
幹竹
慾望
常緑
写字
日脚
値幅
幕屋
早馬
許婚
球茎
雪隠
廻廊
丁字
魚油
要理
洋銀
豆油
忌憚
幽門
善哉
殺那
粗菓
豪商
史蹟
馬匹
人定
驢馬
蒲焼
乱塊
旧居
上聞
消暑
密謀
毒茸
定礎
牧牛
石印
遍照
疵物
舎監
俗才
野鼠
勇姿
書聖
先住
就縛
版下
所司
格外
里程
老婢
梵語
管見
反歩
巻狩
新刀
法弟
忍法
遊士
巨巖
領水
厄難
小寒
略章
甘薯
利幅
種板
前作
蛆虫
公課
大水
遊山
適訳
部署
皮剥
厚手
和毛
切張
小祠
托生
木蝋
桔梗
黙然
連環
筒親
宝祚
副手
父君
官金
文苑
縮織
釈尊
高密
留別
金箔
円心
勤皇
羅刹
実学
腹帯
敵手
京洛
附則
温熱
麒麟
監事
妄念
破墨
秘教
望郷
島根
無官
修女
目途
目尻
低圧
鱗屑
歩廊
蛮風
内高
手塩
軍学
星図
仏殿
太白
作事
兵革
痩身
両辺
家産
羊腸
碧眼
測線
小逕
敬呈
船渠
詩編
棒頭
愛鳥
物影
庭先
往昔
什物
折戸
立米
顕正
疵痕
縁側
令嗣
早番
和訓
辻堂
夜鷹
厳島
夕景
餅腹
点線
産額
書巻
草昧
汚物
溝萩
繁務
駄犬
治下
仁王
匕首
秘文
別条
業容
伝奇
多士
中砥
春色
蚯蚓
雄竹
包有
帰環
測光
終電
冤枉
形体
貝殻
手械
笹薮
素首
保水
若蔵
飛型
省議
業苦
趣致
煤竹
霧雲
小町
政見
柘榴
気流
饗膳
続柄
水月
年譜
巣引
政綱
手綱
居合
蔑如
意慾
連歌
全判
奇縁
実歴
溜塗
順列
鴉片
形声
白鑞
平射
住戸
甘茶
帝釈
黄水
蚕児
神職
肩衣
拝啓
政戦
画素
焼石
発話
桿菌
蚕棚
諸費
纐纈
浮腰
井目
艇身
在寮
盗犯
電鍵
義民
焼酎
術数
実事
甚助
袖無
急啓
聯邦
絶後
癇癪
出超
責苦
見込
刑訴
蔗糖
欲得
濾水
受身
大命
銚子
櫓下
大器
業師
唐竹
画鋲
小言
恨事
酉待
内郭
疣痔
特質
耳金
小父
明笛
失地
師道
寄目
貸賃
小店
所労
遠来
気持
句読
甲羅
甘党
保父
漫芸
満作
心力
飯米
仙郷
宛名
祠祭
級友
祝盃
夏至
中臈
歌仙
手槍
悪戦
茶盆
団交
渦状
近情
平炉
畳鰯
村会
坪数
追号
羊羹
名勝
諸白
病体
全学
歌聖
熟柿
家借
員数
事大
甘心
基層
黒縁
祠官
帯側
孤剣
論叢
石墨
吹降
大邦
光圧
屋並
悪寒
行刑
有理
疫癘
迷夢
無向
武芸
印画
什宝
鳩笛
涙腺
蟋蟀
無住
創見
家鴨
通弁
芋頭
弔銃
壷焼
慈母
東邦
犯跡
本身
貧土
余慶
本案
連句
鰯雲
陰徳
蛍火
大度
漠然
耕土
下心
好日
銭龜
灯船
異相
上弦
総意
夕凪
密事
金時
雨季
毛見
知徳
女旱
中業
暗黒
鉄鉱
叛意
東口
旬刊
実包
光源
行状
黒熊
都邑
猿猴
哥沢
層間
古銭
良品
公準
賢才
武道
沼気
丁子
公館
獄門
技研
迷児
朱鷺
聯盟
乱丁
定府
升目
空夢
世俗
皇嗣
均整
遠称
林檎
河鹿
野臥
泉町
揚代
画帳
無双
贖罪
序品
別口
貴著
蘇枋
通則
利目
勅命
追腹
楽座
夢現
物欲
匹儔
物陰
炭櫃
飯蛸
渾沌
宗室
紛状
追伸
山僧
接辞
白焼
高楼
恵沢
谷地
弱志
葉状
雷雲
脂身
儀表
青桐
角叉
父上
誠忠
地誌
高粱
忠節
胚子
弓偏
鋪道
比論
珍宝
雑観
貴覧
硝子
虜囚
有閑
双幅
奥向
木目
棒鱈
径行
気宇
託生
辻車
家父
筆触
脂足
木型
相宿
愛書
船側
丸髷
野茨
書中
雲足
胴衣
矩形
古城
法語
只者
蘊蓄
京畿
悪声
着払
竹薮
返歌
泡銭
岳父
定訳
黒鼠
桟敷
藺草
敗残
日暮
正株
活弁
鼠径
勘所
戦果
逕庭
亡羊
小夜
愚民
天物
切畑
比隣
甲殻
歯形
忍術
巻鬚
詩体
廃車
首魁
蔓菜
御内
講述
夷狄
総桐
水楊
杯盤
葷酒
紋服
後足
検使
付箋
差油
座方
鉄槌
素志
幕営
松飾
女犯
荘園
金仏
鉄泉
燐酸
兇手
兵站
画稿
軍律
接台
呪法
金高
順流
磔刑
村童
鞍尻
夜曲
遺風
魔除
神徳
蟹屎
桧葉
兎馬
柔肌
訳詞
舌端
小使
薄目
麗姿
関所
類本
土俗
縁海
詠歌
縫糸
煙霧
門外
巻帙
保身
適役
宗務
傷兵
農芸
粉塵
血行
卓袱
法灯
科料
他校
米材
渣滓
愛社
胸腔
朦気
奇捷
淫雨
伏屋
黄鳥
人橋
曲射
玉音
跋語
名言
冬作
縞物
寿像
絹地
入朱
箏曲
軟質
前翅
半角
穎才
蘭麝
禿頭
鍔元
小褄
大弐
戦局
各区
聖王
産毛
恪勤
回船
実員
処務
沃地
山稜
撒餌
嫡孫
日限
苦寒
走路
寵児
産気
下略
入汐
杏里
硬筆
譲葉
士人
各相
顆粒
白太
同房
種卵
矮性
禁衛
軍票
排中
芍薬
管外
花環
大脳
偽印
譫言
剣突
慶色
筆塚
刑務
凹凸
塊茎
居中
戯事
軒忍
類縁
細石
御構
断編
水芸
世知
仮死
猿轡
背部
歌誌
溌剌
行賞
荷作
躾糸
泥中
性情
痘苗
神階
檀家
初夢
海道
点睛
荒寥
好悪
太陰
教卓
年央
会意
気褄
苗代
作況
鍛鉄
奇士
水影
凶兆
電光
陪賓
化身
櫛笥
畜力
天運
猫背
湖岸
書癖
騒人
骨張
手持
子方
始点
乙種
切戸
連言
夜這
時文
山刀
地顔
敵襲
愚妹
紐帯
弊風
真葛
絹漉
救癩
絹篩
塗炭
西域
日賦
損料
像法
空戦
同好
憑依
反別
鑑識
細面
筆耕
官員
警視
内帑
逆光
鬼哭
脳病
綴織
末書
上製
未踏
車台
釣合
輪留
御方
色慾
点者
耳輪
木仏
領主
赤帽
益金
股上
茅蜩
藤浪
乗手
里心
洋琴
鴻鵠
眼窩
足並
皇孫
笊碁
印材
人相
金穴
飲屋
先登
衛視
浮橋
宿将
異彩
露草
炳乎
迷子
俄盲
公武
願文
飯盛
胴中
年報
傑士
嚢胞
燦然
行手
茶園
多少
手打
御告
前菜
奸臣
料足
更地
初犯
下層
水密
石塔
欠番
高波
登高
蔦葛
起毛
手刷
善所
吉祥
髪型
筆箱
蒼蝿
斬罪
水引
羽目
巻網
未配
腰骨
外延
法服
文題
相識
泥障
分脈
成句
門火
知略
逆艪
掏児
武臣
前轍
裏紋
本末
瓦石
販拡
滋味
特立
居職
蛟竜
漢音
竹工
背子
下郎
令婿
小腹
死花
朝餉
淫祠
暴政
近作
金紗
氏族
予診
幼心
諸賢
火柱
備荒
食塩
担税
裸虫
仏師
名論
骨炭
貢物
絹雲
寒露
首枷
脳膜
遠心
騎馬
口舌
乱髪
臑脛
船霊
帰雁
行学
母御
没年
帰帆
大農
果糖
心慮
各車
油槽
蜜吸
訳詩
近視
落胤
自照
理外
練塀
焚書
番屋
長虫
舟歌
雑詠
奸商
余命
水脈
別項
顔貌
天稟
駑馬
腐肉
寝藁
隠語
老優
涙痕
永代
私欲
香車
露台
立膝
貝偏
心性
後嗣
猫足
地変
圧雪
立秋
生国
同友
揚巻
断金
遅緩
狂気
辛子
山陰
暦法
弔電
肺腑
撞球
同前
与力
他殺
深間
原皮
朝議
職長
筆太
分室
講中
旦那
船艦
隻眼
欠字
管領
虚言
下履
諸行
掛詞
高殿
干瓢
老嬢
公娼
膝枕
遅場
至論
霊山
屈葬
尊号
擦半
皇宗
俗信
怪漢
町医
主面
流量
朝間
遺漏
史乗
回流
汗腺
神意
課内
仏身
王命
義士
序幕
桎梏
商都
餌食
庶子
字典
毎戸
相嫁
重水
被験
間男
遺愛
脚註
酸類
来信
監房
篝火
修論
博打
霜天
衰年
伉配
籬垣
耆宿
清宴
経連
用益
騙馬
霜雪
毛臑
深紅
男滝
半臂
大鋸
先覚
傍点
触角
競買
法談
交互
朝来
荷造
日出
誨淫
座高
死処
利敵
夜祭
鼠輩
雌蕊
形跡
橋板
前段
事変
布巾
沃度
夜道
叫喚
水甕
出物
尊台
慨然
唯物
行灯
畳表
文學
引力
本筋
式日
請取
銀盤
曙光
桜餅
楽焼
良縁
仙薬
軍旗
創痕
吸呑
伎倆
罪過
冷機
薬舗
宿弊
不老
大奥
鶏卵
外套
星団
組討
肉入
酒家
花蕊
鬼畜
母物
情義
駄物
雑技
真情
浄曲
城市
逐条
快弁
除夜
茶袋
前略
道化
花鰹
風説
例話
諸訳
尊師
裸婦
錦紗
中許
立引
伶人
安値
速足
道草
蔓草
長月
難癖
答訪
茶瓶
精粋
漁況
竜灯
単元
拙作
表替
星宿
木偶
娼妓
不悉
丸絎
棒先
経年
老病
高所
藩老
敗軍
堂奥
昨報
芸子
破船
接穂
春作
大典
有性
飛檄
禁城
漸時
密宗
鐘鼓
弾性
王制
湯潅
版制
編木
竹光
紙帳
所化
目張
史詩
発震
正客
単軌
脂性
複眼
改暦
備忘
織元
抜刷
壁紙
跳馬
豆類
揚地
補色
錦絵
導因
初学
美談
降魔
値打
倒木
肉声
赤札
浮島
小刀
兇漢
宿駅
花薄
魔球
屑米
霊殿
篋底
近在
勅許
鶏口
気球
北辺
虚飾
持戒
毒味
歌話
私怨
父系
遣水
塚穴
浸染
本立
鉱毒
鳶尾
普天
音燭
即今
祭儀
間色
土管
紅絹
家禽
燈台
烙印
早便
外股
重患
飲物
勧降
造言
轟然
夜鳥
訳語
公達
満額
母衣
阿鼻
両行
付句
拙稿
油屋
多元
夢枕
居館
克己
初更
古流
絹傘
良夜
菫色
寂光
割注
脈絡
茶匙
切口
羊蹄
名馬
悪手
端女
油分
言笑
向寒
空釣
鬱病
超俗
短篇
白癬
切餅
高菜
陶枕
完本
行人
如意
爛漫
神宮
鉄砧
対流
転帰
性慾
蒟蒻
月輪
質種
在俗
痛苦
水郷
木芽
不縁
魚礁
矜恃
銀鼠
珍書
場数
海嶺
当為
久闊
時務
単騎
詩抄
図面
鍋焼
甲子
彼此
虹鱒
勢車
坐業
両輪
寂声
祖先
蚕糸
天助
光陰
狡智
受書
他紙
英資
嚢網
糸引
鬼子
良性
板材
山彦
敬仰
白肌
夜顔
鎮守
凡小
竜胆
紙価
視程
怪力
古顔
口書
世塵
金瘡
僧体
聞書
悍婦
才筆
馬力
瑞枝
本殿
雲居
散票
獄衣
付火
黄白
忠霊
線条
名家
座中
乾湿
順風
振袖
鼻筋
天与
番匠
角袖
脊索
慈眼
前陳
胸襟
手技
女婿
産屋
保税
土鳩
懇志
幣信
士分
画嚢
旅枕
竃馬
開府
未詳
適薬
伏勢
石龜
大智
人山
引越
社則
天魔
字彙
校章
空値
組立
借主
打水
縁者
手洗
牧神
賢弟
章句
男囚
燗番
洋刀
椋木
較差
尿道
虫拳
遠戚
人柱
電界
偏物
極太
茱萸
嘉肴
回教
飼鳥
疑点
産着
麗質
真義
全備
粗景
革具
蟇股
板場
橋梁
麻糸
露仏
紙背
聖徒
偽筆
歩数
乳液
直宮
食餌
市中
溶炉
丸腰
豆蔵
帯域
裸視
群盲
乾式
門衛
新穀
夕餉
負腹
部材
没我
生血
和裁
急談
空木
間引
矮躯
牧羊
神主
臼砲
悪人
柞蚕
膝皿
今上
車代
謝儀
耐震
賜物
血糊
血合
刀痕
偉力
訳業
会誌
空穂
順潮
重態
名越
変格
詩草
女腹
逆境
公衙
別命
付文
御社
持説
盟休
竿釣
蜚語
内燃
櫛巻
天馬
歴朝
卑称
逸文
字義
初伝
暮雲
綿雪
巻藁
製茶
未草
消渇
縦坑
打粉
機片
小腸
宿意
仁政
非役
余勢
女傑
呆然
世心
鬼薊
閉式
狐火
地番
御台
徒士
昂然
大計
優賞
官費
乱倫
季夏
進境
荒事
蒼穹
話術
生唾
真水
葛篭
聖断
緑土
綿花
鴨居
糸鬢
乾死
證券
鳥兜
花聟
床板
枠組
田虫
裂痔
胸間
原鉱
象棋
霞網
鄙歌
益鳥
饑餓
非望
木履
講談
桑門
語種
分封
家扶
洋紙
利他
早計
空茶
解法
史家
忠君
仇敵
長石
法眼
妖精
黒枠
客分
陣形
産直
公儀
相銀
肺癌
光風
軍扇
牆壁
舟航
読会
薬害
別刷
潮曇
傑人
除数
狂恋
数次
新付
草肥
村方
土瓶
客車
硅素
体温
葉風
蛇篭
当住
妖婦
錦上
卓然
領国
肩先
小照
禅室
肝胆
銘茶
漢和
造庭
臨戦
読人
中味
隻脚
仙宮
柑子
両県
題言
包皮
所外
与格
端居
梟木
鉄騎
陶製
艦橋
棚卸
親日
貝柱
莞爾
菱形
山鳩
夕刻
雑税
妻君
鼠賊
線上
硝石
胴親
金轡
公憤
灸点
経糸
簡閲
遠因
吸玉
左衽
累日
噺家
記文
蓚酸
往者
俳書
胸骨
違算
忘憂
死中
市協
柄行
意字
諸人
詩壇
神政
長者
俊豪
紋章
銀紙
貫乳
検校
民度
用務
才蔵
突堤
社日
産制
法力
巨躯
唐桟
懐剣
全課
空名
擂身
妻妾
石碑
嫡男
露盤
筋子
不善
手拭
謬見
時服
断獄
樹氷
広口
鋤簾
玉房
実正
和牛
病牀
法理
教区
絵詞
小歌
高射
飛札
羇旅
粗朶
平鍋
長音
布引
人税
重縁
寝殿
神体
捷径
弁巧
激臭
沢瀉
絶島
蹌踉
研屋
国詰
沈勇
名数
吉例
上絵
御輿
小額
扇面
臭覚
青史
各県
猿面
土嚢
甲種
上端
法嗣
前官
湖水
分詞
目地
中形
尊兄
大慾
富札
米食
粗茶
胃痛
宅造
贓品
冬着
溌墨
引起
筆名
油層
貴台
貴意
恁麼
鴻毛
欣幸
濁点
自席
呵責
軽四
疱瘡
多肉
古兵
本分
傷物
寸楮
毛鉤
多恨
罪名
柳営
妄誕
肘掛
麺棒
虎魚
盛衰
用便
山鯨
毒水
丹心
無勢
粗布
嬌姿
凶漢
仮宮
形勢
永訣
右文
土鍋
甲掛
欲情
雇人
韻脚
学際
光彩
賢答
庶物
群論
胸奥
粘液
居然
書跡
不二
獣皮
唐丸
嘉辰
眉宇
白酒
朧月
酉偏
切髪
軟論
寝間
副読
反橋
脳炎
厖大
似指
町会
節供
弓馬
節季
下枝
不一
粘体
幅跳
時雨
韻事
乾季
新株
細腕
結語
湯腹
福音
画数
技官
行道
硅砂
黒松
星辰
公国
禁闕
田楽
小冊
顫音
炭火
真面
連理
引喩
身頃
牢舎
霊泉
背皮
保姆
防除
長流
荷捌
居宅
水圧
妙諦
探題
半球
土煙
無才
諾否
手帖
候文
軍談
満願
要港
上底
同憂
天際
草画
座浴
木片
路頭
式事
高風
謝状
数寄
垢光
坑内
異観
分量
無慾
名媚
神品
勾欄
余録
国侍
丸本
洋妾
温石
俗縁
別巻
天測
区会
日歩
情欲
空殻
示度
礼譲
定木
悲歌
光明
丸太
法曹
冷飯
金札
同罪
書式
海抜
驥尾
超然
中幅
玳瑁
試航
題跋
詩藻
腰刀
浮体
瞠若
古癖
短見
寸話
新券
獣欲
手套
海猫
親書
桜湯
侍従
音便
小節
風位
情状
安寧
魔力
振付
寵妾
海牛
経国
歳男
箒星
熊蜂
古漬
人肌
煮豆
牛膝
篦鮒
盛夏
笹葺
神業
鴟尾
奥伝
糧米
唖然
胡蝶
遍路
恩讎
挽子
単流
綱目
難症
徒労
群盗
物持
酋長
黄楊
留袖
楽音
黒点
師資
内規
執政
酒徒
奇病
日柄
気性
若殿
伴食
蝋石
冗文
新編
如上
誓文
揚屋
鯨尺
静態
役付
種蒔
入声
楽員
島陰
場末
胡瓜
席末
郡代
倉卒
甲状
艷文
天子
豊丸
勲爵
腹壁
粗餐
冥助
火影
毒矢
君寵
違棚
原詩
鉄剤
上靴
空母
側板
貞女
異邦
猟人
黒檀
腋窩
郎女
毀誉
心房
飢渇
牛糞
島嶼
舌鼓
木琴
臣下
銀燭
硅藻
鯨油
輿脇
艦載
救貧
語族
得業
無水
鎖骨
祝祷
貴紳
不偏
肉桂
樹陰
新味
甘塩
早昼
仕置
電導
愚老
脚韻
添字
御堂
縁談
官省
根方
天眼
爪皮
官等
墨付
葛掛
下臈
喪服
宅診
持物
註疏
土偶
呼子
可算
常軌
俗称
臭味
客来
左端
元宵
野獣
雪駄
幕臣
秋雨
手箱
新選
沿革
流離
全科
只今
目偏
人名
蜂鳥
正絹
当会
胆道
魔界
舟偏
別法
轡虫
日次
上古
赤腹
検番
痴愚
綴蓋
寝刃
姿容
抄本
整容
動態
睡蓮
乱戦
屋舎
睦月
朝会
龕灯
法界
先途
後影
適期
馭者
習作
剽盗
旨煮
偉才
聴罪
卓説
紫雲
銀杯
癈人
方体
風向
内務
鷲鼻
粗服
母権
辨慶
哀史
火難
虎毛
符丁
本旨
木刀
腑分
反吐
牛舎
導師
塗絵
同者
後塵
砂舟
毛皮
綾織
簒立
輪差
図工
既裁
春秋
聖蹟
日銭
変事
各日
春慶
焼売
金円
技芸
社命
下線
湖面
俗僧
切地
小引
好古
俊才
戦費
楷書
世人
冥護
未見
職印
夫権
枕詞
海綿
村営
衣冠
所業
患家
販促
天籟
草市
合財
刺身
巨艦
売手
握屋
弓懸
悼辞
屍室
雑嚢
姦計
社費
晏如
舷灯
据置
水先
素裸
濡手
南画
拝具
学徳
前賢
反切
缺文
煖炉
仲兄
笑声
鼻緒
右筆
技士
蝋梅
初給
反哺
池心
平押
典例
前章
総省
金言
立網
坑木
海苔
遠矢
斜眼
軍役
流眄
弓張
土色
半切
芳情
砂煙
鋼索
氷蔵
新地
単座
木魚
権謀
初声
偉材
老鋪
校倉
守則
野趣
詩嚢
素麺
踏台
鋳金
曝首
現神
俗調
丑寅
口答
川面
非違
真綿
金塊
篇章
究理
原動
利生
護国
艷聞
人君
御許
防塵
隣保
風炉
破鐘
実数
衆多
教法
半裁
錨鎖
神領
溶性
梅漬
悪縁
逸事
軋轢
晴雨
本代
遥遠
公家
尻毛
統辞
口茶
老身
理法
燃油
実録
高論
雨空
廃疾
木柵
便衣
座棺
支線
印綿
小金
屑物
心祝
進運
拵事
村社
達識
茶筌
椿事
面長
霊知
家筋
花卉
摘草
都下
切線
染粉
翕然
若菜
猪頚
老健
飛地
作例
干鯛
胸腺
蔭地
眼孔
糖蜜
摩可
梅林
儼乎
小膝
女院
前掲
紙魚
箇条
当腹
恭順
襟刳
紅殻
毒草
蜷局
口証
経伝
液便
女童
法科
誘因
乳汁
後指
煉炭
某所
濡鼠
誕辰
下巻
呪物
脂燭
軟鋼
日長
本譜
美身
粉薬
抜衿
胎毒
器楽
新帝
大藩
聖俗
永存
枝豆
音素
口銭
火箸
肋木
語義
葵祭
年功
例文
礼典
表構
烈風
宿怨
値札
画讚
雁首
裏矩
卯木
綿油
丸寝
払子
抜穴
薬液
殿方
小作
常項
民情
鉛管
語物
母后
俊髦
籤運
買手
機宜
類句
上敷
掛物
賞罰
硬膏
法認
雲表
肉質
医家
黒雲
物慾
話語
奇想
威容
盛時
鳴物
黒炭
真鶴
既往
石拳
楊弓
権勢
細流
粗宴
荒地
清適
影絵
蕪菁
氷霧
山奥
篠懸
手垢
身中
洗湯
煙筒
紅綬
共助
少壮
海獣
鬼胎
腹芸
墨金
違名
偽金
真勇
唱歌
桜漬
深憂
郷士
緞子
競市
個条
猜忌
鶸色
臣籍
磁土
志操
極書
筆順
層状
語序
牛脂
真紅
甘酒
貴報
鵞鳥
前輪
焚口
酒甕
筒袖
口辺
身形
図法
砕片
妖星
称名
手負
汗疣
公論
品等
製糸
蒸焼
隊形
新橋
祭事
申楽
薙刀
石榴
乾坤
吊革
混声
逗子
地色
壁蝨
識閾
開架
罪業
雷門
吸物
国守
多妻
奥方
交趾
遺命
盟主
定跡
凡夫
油井
鷹派
段数
若紫
土製
騎銃
史論
地膚
鮫肌
後姿
雑巾
煙幕
出師
余滴
銀狐
生年
手提
警句
非職
逆心
反骨
世上
芝刈
怒涛
干害
上寿
春蘭
原種
博引
下婢
暁鐘
法敵
城頭
蓴菜
小異
党情
正課
馬屋
中値
平紐
山桃
雪間
垂木
煙波
兵長
落丁
向性
球面
浅海
別業
半休
物量
池亭
逆運
逆徒
財用
毒婦
凶報
面頬
題字
気焔
鉱水
卒然
刺叉
屑鉄
仏界
霊位
別離
細雨
焼場
佳話
鹿砦
和臭
小舅
底本
禍害
怨霊
粗壁
体側
出歯
変数
用木
輸贏
体言
狭斜
暖帯
尿素
算式
表徴
悪趣
錦蛇
船医
眼識
稚気
語部
軍書
肌合
核種
主点
褶曲
竹帛
危殆
宗家
楽界
老父
宗論
山塞
美男
父性
田鶴
大鳥
弊政
徒話
晩稲
線描
仏罰
入婿
弱震
文武
逐鹿
年歯
草枯
総画
令兄
鄙陋
衣紋
大詔
極致
切身
鍋底
気書
壁代
串焼
糟粕
社稷
目脂
貴誌
鉄分
香烟
巨体
邦文
個我
伝家
藁苞
欠漏
通性
戸閾
武略
止痛
陽刻
講壇
襲歩
拝上
遊客
羽虫
相思
奸物
売立
吏読
御家
屑屋
賓辞
進度
典範
籤引
成算
先便
牡蛎
劫初
蒼茫
放課
遺骸
法螺
茶舗
可分
深更
賢慮
宗匠
目元
着丈
楚歌
僧林
暇人
目見
玄室
切屑
防食
広蓋
袋地
紫竹
忌服
平衝
無明
掛矢
藻屑
総角
両個
懸河
着発
謹啓
不溶
大任
中洲
団匪
剣戟
裏襟
現身
濃紺
室鯵
嵐気
水鳥
睦言
殊遇
精髄
灰燼
綿服
掻取
掻痒
要職
管長
関数
竜神
本義
酒客
筋書
渋色
永日
残額
暁雲
後図
掌上
足蹴
密儀
脛巾
作間
潮吹
亥子
白滝
線型
妙計
既遂
蚕豆
切端
不豫
編戸
比翼
差薬
童画
本寺
陸離
別辞
勝栗
山砦
逆数
冷奴
陽解
鼻水
虚空
僧職
白眉
物税
彼是
瘴気
有産
振鈴
簿記
義兵
段丘
病毒
盲暦
彌勒
硬論
退潮
序章
虎穴
勇足
極細
官話
石英
上席
剰余
石火
太守
呼気
糸価
遠謀
眉毛
結石
獄卒
堅蔵
矮林
名香
行力
面持
後便
仲仕
詳伝
美姫
故旧
才藻
詩家
無想
拡販
長袖
白菜
年端
燻製
棒縞
陰晴
用字
緞帳
狭霧
駒鳥
海蘊
外寇
小篆
水枕
鯉幟
細作
昼餉
散史
孟宗
静水
略表
地軸
矢面
麦酒
大京
君側
詰物
家母
野面
汽缶
梵天
後背
朋党
色里
澎湃
煙草
訃音
乳癌
片恋
特種
内層
主峰
双六
群議
原板
経綸
競漕
紀伝
若湯
足許
盤台
河豚
碇草
遊里
菩提
聖上
砲艦
品番
鶴龜
約数
重席
無頼
北狄
福徳
奴僕
売僧
雪線
切売
視床
台形
律語
船影
枡席
出癖
飛鳥
雷電
皮脂
標識
砲手
隷書
針目
牢乎
本節
用兵
青緡
岩塩
鉄柵
漬菜
残金
湯槽
先考
無腰
盆石
等外
農園
温故
羈絆
骨偏
入口
論攷
古株
乾瓢
不出
暗中
全区
幻影
公魚
再啓
褄先
学匠
福豆
稲叢
文範
薮椿
塵労
美感
唐様
風光
嘉言
雷管
剣尺
良否
御者
上家
糧秣
業火
抜手
闇夜
反軍
壁間
針路
巻首
蜈蚣
自社
傷寒
愚父
燧鉄
部将
僧都
生籬
口気
統語
生傷
法益
文運
野牛
卓識
紅土
併談
瞭然
径路
組糸
国勢
押韻
櫺子
陸釣
信管
禁色
次号
蚊屋
用言
銅鐸
奇行
御蔭
京成
律速
逃水
水防
手沢
散薬
列世
中幕
原頭
小官
駿才
相即
舌根
手業
延竿
余色
好球
同列
古鉄
振舞
後納
御中
当身
各階
主潮
直心
線維
巻舌
馴鹿
謹厚
林泉
戦国
金側
珪藻
総門
哲人
紅裙
怪童
路盤
相輪
悪病
焜炉
商賈
校訓
社是
剥製
寺銭
墨染
異食
規那
梯団
世子
新婦
詞花
整然
湿田
戦法
乳切
徒然
雨夜
生簀
帷幕
家法
物論
序説
人望
海風
準則
仮親
骨堂
卯花
自火
名宛
消閑
長手
歳旦
収税
仏恩
木賊
衛士
号笛
硯北
白檀
不言
埋草
気団
薬店
芸事
摺物
怱卒
廉恥
捷路
双頭
松蝉
国造
揚物
鬱憤
耳漏
本絹
木蔭
持味
有形
剛力
原簿
佞人
有配
蔵置
中庭
野猪
必携
俗耳
咬傷
表芸
伎芸
削剥
御仁
燐光
唐織
苦海
単物
伝馬
内地
鉱泉
売文
海内
木鐸
軌条
餅肌
軍制
水炊
杣山
力足
冬型
梓弓
底豆
脚立
肉情
後腹
内因
皮下
名剣
底意
垂柳
大鑑
明週
風波
下肢
応変
眼路
国帑
角力
和国
草体
麗句
楫枕
社殿
聞方
雪山
両君
原木
羞悪
僧徒
合性
偉容
烈火
展性
版木
片庇
老幼
禁句
形代
階上
歩武
分母
壮美
廠舎
謹賀
平作
前厄
防熱
鱗状
部首
木耳
節用
美景
養狐
禁裏
下記
余弊
歳次
鍋尻
船脚
神人
盲龜
夜伽
即妙
首桶
弊社
仏間
基根
友垣
水柱
在地
校医
悪風
製菓
岩木
碧海
時評
油菜
外孫
古詩
雪氷
淫風
牛頭
指箴
窮境
趨勢
災厄
袋網
呼声
直路
昼餐
筋道
我欲
僻見
上塗
無電
畸人
踏歌
軽質
佳日
掻巻
激語
絶世
戦史
通語
両生
欲念
松籟
処暑
車座
初切
御覧
落縁
迎車
論賛
新月
背紋
御託
銃口
釣手
香物
呑屋
南蛮
銃傷
経学
風疹
銀鱗
平文
初空
見様
成虫
短文
仙術
丈六
飛湍
水練
徒党
方偏
朝凪
雨気
狂風
宝殿
労賃
好望
同筆
草堂
士魂
令姉
懸架
拙著
銅壷
本丸
肋膜
貴信
蔵本
股引
寵姫
悪酔
深謀
妾腹
義援
縲絏
札差
補角
王佐
骨柄
院生
社人
区営
将家
守衛
箸箱
休戚
門地
発破
残菊
蒼生
咽頭
邪気
旧株
執柄
大礼
沖天
泥龜
乱雲
綽然
嘉例
艷笑
嬖臣
内室
章節
縄簾
祐筆
栴檀
曠世
地謡
毛管
帳元
爆風
曾遊
滅期
薪水
困苦
嶄然
手風
食慾
釣鐘
高祿
風儀
漸次
篇目
垂水
増分
実妹
文辞
膂力
箇別
砒酸
難字
上角
倉荷
中老
御代
町奴
粗金
暁星
鄙語
宅扱
昼飯
令嬢
甘煮
理工
角番
罪状
更年
色絵
梅酒
売品
跫音
女気
弊店
騎虎
塵塚
家郷
白波
晒者
山坂
廃兵
不急
種姓
祭器
祭服
長袴
門標
気骨
需品
小隊
仁恕
矢倉
大弓
悪鬼
機智
至孝
岡引
勝差
脇腹
深度
金剛
凡主
羽虱
諸刃
庭石
連名
搗布
霜柱
全幅
荒砥
横根
太山
斜視
原物
灯下
迫間
此処
上背
勝目
画壇
捨石
声門
鋼玉
模糊
車曳
冶金
凡例
素引
堅炭
赤肌
仏徒
雅言
悪事
歿前
証憑
緑泥
宮人
餞別
脇道
非才
別室
本鬮
厘毛
秘本
揚油
娼婦
親心
唐風
塔頭
手許
狂人
典座
明知
予震
誤殺
兇賊
回報
秕政
貴僧
治績
愚論
補則
差合
挿花
糸鋸
孤客
叡慮
平目
唾腺
浄衣
胡座
語幹
平家
失語
曲学
品行
唐橘
前奏
産児
縦列
米紙
軍師
橢円
鱗片
複流
怱忙
異訓
繊度
御感
木筋
沽券
暗影
郷党
照度
熱澗
貴地
理詰
色艷
穴馬
校生
舌鋒
別伝
牧歌
白亜
乙女
続貂
小敵
皓歯
旧記
血肉
俗人
遊芸
機先
塩鮭
勘気
要義
幼魚
玉糸
初発
絶勝
脊髄
社格
双紙
藩侯
地祇
零点
極光
歩巾
足駄
僧兵
海驢
平水
初午
鉄工
油煙
散文
流木
釈義
建徳
簀巻
茶宇
陣笠
白粥
舎弟
有縁
外典
受皿
池沼
証本
義憤
刳形
職方
冬木
邪曲
聖旨
船隊
恩典
涙金
箱柳
商機
坂道
慶福
奇禍
朝餐
燻銀
取分
奇観
蚕業
磁極
下役
実竹
赤蛙
近信
水線
湿性
荷主
表編
光画
速筆
物詣
骨組
並巾
鬼才
糊口
而立
巷談
毒虫
面容
衆生
礼節
発御
股旅
腋芽
血刀
皮帯
糸織
願力
回米
急症
坐棺
荊冠
添物
各戸
嚠喨
練絹
売女
山鳥
柿渋
富有
豊頬
狭軌
工法
上澣
生爪
他郷
数件
雪害
童体
川蝉
蒼古
行者
鈍器
凡眼
瞿麦
抜目
聖夜
毫末
手甲
悪妻
持番
末文
急所
画幅
塵外
摂家
話法
内冑
精鋼
財形
木綿
褒賞
唐画
故買
肩車
白及
彫塑
漢意
病竃
豪農
獣疫
山雨
股座
順路
狂躁
鳩目
突傷
漢学
書庫
前栽
満株
耳偏
杣人
蜂蜜
後陣
挿物
補遺
心髄
木剣
紙鑢
方丈
謀略
国原
市庁
麻苧
満座
岸壁
妖光
雲助
雄松
随処
詩話
西哲
雨傘
率爾
液汁
車窓
濃霧
覆水
芸域
狂騒
防塞
居城
養魚
油然
操行
雅趣
口訣
度合
親電
錐面
崖道
理路
雑人
兇徒
番茶
祝融
玉葱
曲技
色事
取手
石蕗
薄紗
坊間
僕婢
武威
全書
昼顔
仲夏
車速
飛脚
締切
真裏
湾流
井然
先哲
間隙
枕席
算盤
赤誠
舎利
白栲
駅亭
酷刑
結句
球根
貴顕
侍読
穂麦
辻番
賢主
相役
劇毒
疎密
通説
山偏
曝涼
安宿
乳剤
行実
勲等
廃人
打棒
碧落
射術
正出
必聴
遠祖
生贄
学都
経世
医界
宅内
量感
板紙
諸種
草刈
姉達
銀髪
穂高
陸続
劣情
羽風
未申
周壁
破戒
鬼門
唯事
不念
院号
貴君
虚伝
宣旨
旧都
亡魂
富家
投力
宛然
好手
家学
節点
神託
断腸
脚湯
茶筒
割符
大海
処士
洋算
心腹
山側
靴音
同党
貴酬
職能
焼物
大愚
飛弾
愁然
正真
毛唐
雌雄
退嬰
下風
月蝕
沢山
月利
饂飩
野良
抜書
冥界
石塊
甘草
屯所
弄花
韻律
金砂
慈悲
仏者
胴鉢
未着
要図
繃帯
紛然
旗色
鵞毛
船台
虎猫
弾倉
掛算
白皙
箇中
不妊
許嫁
親筆
異説
輝度
報命
定収
結縁
詩句
色男
母堂
師傅
自暴
綿布
所以
巨樹
変哲
板張
錦旗
師範
零本
仇怨
院主
雛祭
円錐
紫瘢
夏山
等角
塵紙
画質
渓流
白丁
世事
持碁
花信
心室
霧笛
功名
樹霜
江河
準急
末輩
美辞
野天
農法
青書
爽秋
付合
国保
卵嚢
楽日
湯量
呂律
国辱
銀天
適者
難事
簾中
序詩
腸満
学割
題号
梯段
牡馬
例式
週番
産褥
手製
根雪
簀子
悪業
盛砂
成員
創世
主夫
乾性
零度
茘枝
布製
弔砲
枕許
貧道
余話
懸魚
無代
俗語
災禍
県勢
欠格
源氏
建水
兵糧
漁猟
道幅
褒状
尊家
嘉日
吊篭
魚田
砲車
知将
高張
両全
不離
梯形
築山
時人
欲火
魚偏
蛇体
空目
無血
色恋
掛合
明烏
断雲
女竹
鞍壷
柱廊
手金
娘師
他端
師伝
補缺
指先
農工
花押
辛酸
華人
箪笥
童詩
義捐
良計
心事
油蝉
根柢
朱脣
頚椎
斎米
嬌態
旧縁
原猿
祝筵
達文
特級
弾幕
経穴
比丘
寺務
吊棚
砂埃
宮守
吐逆
封土
種族
正邪
恒等
炭塵
鼓弓
糖分
詩宗
語草
急調
雑兵
網間
牙城
福祿
城代
毛脛
盛年
乗場
折込
私版
界標
姫松
寝敷
応報
曲論
邪神
眼福
真言
銑鉄
鉄兜
守秘
円蓋
大白
地卵
芸道
首将
酒精
錯体
付値
競歩
危地
平打
絃楽
霜夜
網針
不為
独活
潮目
下弦
至境
坊主
膿疱
御物
凶行
縷言
俗間
悪運
天狗
秘伝
方陣
右左
寒路
動静
郷国
内湯
聖母
海馬
才色
軽震
刀自
夜軍
身許
賜杯
教父
法器
国歩
炭焼
立番
朱墨
桃源
区長
雨滴
実弾
擬音
定法
私道
数回
鱗介
関越
益虫
波涛
露悪
噬臍
征旅
東経
餓鬼
剛性
感状
凛然
肉芽
遊星
句論
戌亥
出窓
槓杆
上番
相等
金員
嬌羞
海龜
帯鋸
女偏
雁垂
書生
僧堂
交喙
胞子
人畜
実寸
潜熱
日影
侍臣
前生
塩類
春愁
喪家
分校
等親
敵営
小紋
影画
片刃
凝塊
小袖
濁酒
祝酒
兵燹
傍題
剣法
取消
早縄
枡組
寒暖
水杯
大厄
純血
徴証
定本
野人
磯辺
弱竹
金屎
上前
醜聞
捕虫
道床
町方
些事
死霊
手玉
内懐
畝傍
相生
丹頂
担桶
羊歯
雲雀
廃残
釘目
上枝
道火
墨画
酸模
暗翳
流感
詩碑
満腔
水子
耐熱
官憲
水鶏
国手
針子
仙境
同地
玉杯
擦過
諸家
友誼
生蕃
緑藻
凸面
水薬
習癖
真影
奇道
打荷
死命
佑助
水鏡
渦動
逓次
諸山
連綿
両刀
小善
有蓋
建値
感官
邪心
中篇
会式
経巻
萌葱
冷雨
盛花
下学
海図
山号
草本
朝廷
艷書
製靴
堂舎
読後
適性
好個
開題
別派
胴龜
挿櫛
禁令
薄手
経蔵
所思
継物
首鼠
真鯛
序奏
黒竹
大欲
荒原
人寿
採否
旧識
兇器
茶漬
笑壷
斗枡
略語
病垂
剣先
霊徳
局内
技癢
夜爪
斜子
水団
別珍
画師
札止
熔銑
封切
概容
浮寝
療用
冬草
養親
知勇
国老
巨億
擂餌
悪態
鶺鴒
寓意
弦音
油粕
肉界
威徳
盗汗
既報
廟議
町歩
老兄
舟運
海月
人士
血膿
正字
虚業
野砲
路側
別紙
曇天
尾長
部費
小遣
当字
姦物
客演
心願
主格
険路
遺訓
手巾
等差
任国
穂芒
曠久
漕手
遅行
曹達
筆力
虐政
鯨蝋
橿鳥
遺詠
龜鑑
間諜
下拙
天啓
禁猟
護謨
擬態
古史
外灯
厳父
茶菓
山椒
産室
水性
座右
幕吏
擦傷
糸巻
俗曲
寮母
征衣
山塊
幕張
口絵
人脈
俗学
召料
地坪
重臣
風色
目糞
中刻
転義
柳箸
多値
尊名
前非
笠木
新派
魔窟
奥秘
縮緬
胸水
製販
法貨
凍土
賃銀
枢軸
御地
本俸
斤目
漁灯
時針
本営
割付
初動
仮象
種馬
汗水
苗圃
釣瓶
生者
悪例
数物
外語
広狭
蚕紙
助字
幽谷
頭目
門前
慈父
元種
正風
刀銭
上舵
馬槽
閣下
赭顔
劣敗
紡糸
紀州
懐郷
石斧
禁則
大洋
福耳
茶席
落籍
満票
走狗
立夏
天資
熱沙
蔓立
引合
単文
戒厳
家憲
酷吏
廃材
疝痛
水魔
街衢
夕汐
鳥篭
湖心
畳紙
東宮
地目
口合
痃癖
虚仮
右角
死活
霊屋
音符
防腐
門派
政派
鳶口
暦年
因数
表高
鉄桶
知見
応需
華甲
西日
小米
常闇
人魂
夜露
日除
股下
校紀
凡慮
拙文
吹管
薫製
去秋
鷦鷯
庭口
語釈
本編
兵権
座骨
元栓
星祭
叡知
甘鯛
要式
上膊
次子
猫舌
駄賃
来書
異見
太字
鉱夫
小弟
祝着
真猿
茅屋
鳥銃
小水
被風
歎声
遠雷
物音
保革
邪見
実景
小咄
総則
霜月
受動
埒外
女帝
帳付
居士
暗線
水屑
丸材
胸当
小雀
飼主
魚籃
職掌
閑暇
純理
太織
正格
連雀
形質
共襟
馬子
感量
車止
枕金
樹影
聖体
濡事
緑鳩
少尉
辛味
天恵
埋木
風窓
題詠
題辞
入超
屋形
久遠
小糠
死出
抜荷
溶暗
桧垣
長足
磨臼
青侍
浅黄
緒論
合壁
木地
正文
来迎
廻米
口説
御陵
青梅
夜盗
狂者
裏道
外債
体腔
帆影
仏座
秘術
帰巣
音訓
渾名
座葬
尊父
富力
瑞気
枡形
温顔
商港
仁侠
群雀
晒粉
索引
間判
負戦
幽明
偶像
尖端
凸版
利高
遺墨
真菰
勇魚
抗日
杜若
山桜
恩誼
紅鱒
実説
精魂
女給
小篇
幕政
群像
青筋
社頭
蟾蜍
汁粉
場銭
櫓門
原由
無給
腰蓑
童子
傭兵
折目
下値
喜色
治山
承前
遺髪
銀糸
老来
賢君
直線
隻数
賭博
礼装
肺魚
征野
赤金
単複
祿高
聞達
弔文
将星
年表
舌頭
杓子
母語
快事
暴君
瓔珞
本務
予餞
単項
飢寒
漫語
胴巻
信義
影像
縁坐
国賊
篇帙
諜報
軍手
缺格
電鉄
天引
臥竜
道念
近流
譜第
捧腹
佳景
平首
異字
夕空
名親
特車
平然
草根
吐気
侏儒
待肥
潮瀬
組物
脂汗
滅私
茶庭
塩尻
見神
指貫
治産
先兵
緋鯉
旧師
石器
無主
瘡蓋
重恩
残片
落莫
鈍物
眉間
混一
犬猿
生辰
執事
美事
公権
熱誠
亡児
両虎
席次
法網
鮮紅
当店
渋柿
鉄器
巻紙
知合
石膏
印綬
厳寒
赤門
威令
索麺
全数
本朝
高欄
美挙
賊将
銘仙
外力
辛夷
飯粒
見幕
交情
賞牌
逆夢
声名
自邸
差歯
小脇
油状
小笹
御詠
時制
人我
認印
筒口
根因
切抜
玻璃
微雨
雑務
薄儀
膈膜
頬桁
心学
棘魚
樺色
縫箔
蕁麻
奇骨
互先
仏学
故智
険要
鱗粉
転石