青色
船人
名答
切首
大兄
天声
茶入
長子
入海
雲水
円本
本学
元方
合名
文中
馬肉
角書
工船
雲気
細道
原図
音大
同気
同学
同音
新雪
心月
早天
小書
活計
母上
形木
公電
船室
馬草
切石
川竹
生木
本石
中音
強電
口角
金力
引船
力車
風声
山立
白下
鳥人
川中
新顔
海気
目方
近目
日食
当山
語原
大刀
方形
組歌
外地
中肉
金元
遠見
人後
名文
帰心
船用
立春
下女
小火
長道
草紙
文台
地金
水雲
青竹
男工
市子
立毛
南海
太線
方角
本会
海里
戸前
切米
黄道
公人
虫気
半紙
力紙
天水
交点
本船
王水
用人
前場
朝顔
言外
新来
角行
通草
天工
毛羽
野山
水星
原色
電工
黄玉
直弟
聞耳
正方
矢立
玉子
青草
知友
聞手
道家
町場
目色
名園
通人
自公
大入
古学
黒地
後光
正室
遠道
上戸
野点
目高
年強
地文
上天
下人
古記
門人
半弓
前車
矢文
売子
小半
角地
水母
作中
中口
見目
上紙
上長
本校
科人
矢先
雨後
前人
遠海
金星
米語
新字
体用
内記
校風
絵心
原生
方図
名犬
古文
台子
地口
点茶
星雲
名店
小形
生紙
会下
点画
黒目
入子
画工
学兄
母船
空語
雪白
山海
来光
弱電
田地
空馬
室町
中食
名手
原音
羽車
月読
活花
生色
画会
合口
花鳥
国学
明王
雨中
食間
合方
子日
魚子
目角
玉目
弓道
知力
教生
古紙
地虫
後金
正中
肉牛
通番
下番
頭分
近間
字音
小才
間道
分数
日新
火切
才力
何分
上記
合切
国文
原毛
親鳥
年弱
明色
野手
心耳
科白
前科
頭首
草子
今生
天女
道人
父兄
赤土
草色
止金
中天
同体
水玉
里数
弱国
切火
原麦
近国
工大
土語
半円
岩石
竹紙
語形
小頭
秋分
長兄
秋気
文人
船虫
人語
見台
白雨
自今
教本
出花
石高
高点
手心
夜直
北画
天草
目星
歌切
夏休
男心
星合
教学
語手
回春
電文
時数
船足
通風
長夜
日切
茶気
新木
日計
白玉
茶人
見番
引手
兄人
山女
強国
川船
中点
多毛
後会
京女
当市
用金
入方
水貝
山寺
先天
中国
花台
親船
色町
見場
同色
長円
里人
校友
社中
左記
水生
字数
名花
楽土
食通
図引
雲間
国花
水魚
行金
内入
水声
紙子
水木
新本
校外
戸車
早耳
門下
山水
多雨
中気
国電
歌合
地頭
外字
下目
右下
弱行
工科
心気
気前
水音
上玉
光頭
水計
人台
心算
時日
原書
山行
引数
矢来
社線
白光
週日
牛馬
足形
工数
夜気
弓手
本科
東天
楽人
日子
月夜
王公
左角
話頭
林学
後朝
花園
夜話
秋高
丸首
寺男
切紙
天理
船内
後目
春画
新体
風教
天台
草原
星夜
青地
火色
水絵
数社
天上
古音
男声
才人
図形
園地
今風
小春
米麦
明夜
小字
朝家
道歌
本草
石竹
心頭
小母
組頭
音字
手合
大公
地歩
玉門
雲上
麦雨
矢玉
社家
青毛
地紙
馬市
金頭
光点
見合
母線
売場
夕顔
夜昼
教門
人知
赤手
青玉
明文
切点
後前
父方
木馬
地米
通力
広前
出会
春光
牛刀
外教
空理
友引
秋日
年女
水明
月来
月下
下名
細引
馬頭
東男
西国
鳴戸
天分
弱年
早月
小国
月色
古色
直中
青虫
大船
火手
赤心
東歌
人馬
冬日
力水
石弓
遠音
中門
今体
家数
細小
知音
立冬
気体
高教
草月
天金
文目
言行
秋色
門生
大戸
天顔
角通
早口
岩組
金石
番地
行頭
高空
通言
理知
中風
色女
大名
水火
夜会
水船
前足
赤目
方円
刀工
国大
同線
東国
国書
楽天
月見
手車
長文
土気
春分
道心
晴天
分社
番手
人才
図体
小名
手長
直会
家来
社用
名工
地内
食分
歌心
雨間
公会
早年
魚道
道学
春本
上作
西北
小間
赤道
風鳥
海人
線分
直音
雪見
玉体
外米
王道
雪女
歌学
馬車
語口
早生
読方
下前
空音
社風
書風
番線
月番
秋草
羽子
車力
手下
国人
黒毛
人買
下男
明後
牛耳
本四
直人
青馬
北町
石組
門弟
同工
間口
正道
後室
地雨
子中
分力
天人
台地
犬馬
遠国
小手
体計
糸目
半文
古形
半作
上町
本手
小数
朝見
花色
夕晴
多生
地歌
白羽
丸麦
多聞
糸竹
半天
内金
入目
読点
会心
元高
新茶
先口
山色
道教
京間
家教
公知
心友
上声
下足
学理
女色
今方
山国
自門
長上
同門
日当
黒米
原虫
来車
自大
木立
少弟
色合
学外
図会
売口
首足
戸口
国母
後家
台木
後場
小前
字母
細大
羽音
国光
戸外
東雲
活魚
入船
強記
寺子
村雨
売国
金工
土工
線形
人声
南天
才子
光子
才気
左下
台場
月食
何方
火線
火気
楽長
小用
右記
黄体
空字
船方
食道
頭字
木石
秋思
天目
家門
小耳
花時
小力
言文
来電
公子
切目
文頭
空色
黄門
手刀
買上
目顔
風草
名分
時鳥
古刀
家兄
新語
小話
歌書
年男
気道
明春
行火
岩頭
草分
文金
川音
金地
岩室
村里
売人
早見
肉池
立木
風足
高年
左近
風下
弱虫
古語
車馬
売名
台紙
切先
先学
半金
風気
語数
黒光
近体
口才
日夕
年子
青貝
金線
字画
強弓
明月
海国
口金
原石
花心
大番
新秋
夜番
金風
麦角
南風
月明
本字
口前
公理
算木
先山
赤紙
社友
玉算
天明
天来
金糸
中休
下角
冬空
秋晴
前言
山風
雪男
工手
鳥目
点心
気先
風見
後学
中入
当家
町家
木通
女人
書画
山場
中外
後口
中耳
番台
声聞
歌口
大黄
売色
才六
雪空
新店
岩魚
書目
天心
刀心
牛後
風前
本道
夜光
引歌
台下
細線
白頭
語頭
野立
小昼
茶道
引金
新古
後先
古人
切水
親木
親玉
月草
肉交
小首
火玉
元正
時空
王土
中黒
月切
日直
校本
空谷
色道
同上
大姉
書体
線画
公休
正金
前古
同番
記数
歌体
海星
麦作
生母
番長
月毛
広間
小知
冬場
明太
新教
野火
後書
直方
風月
中子
回文
心太
原語
心火
玉虫
火矢
夜色
半白
文名
丸木
切子
日算
海女
天王
玉歩
雲形
後人
家名
名月
知行
楽園
文鳥
学才
原紙
紙切
田作
羽交
色目
紙花
白茶
春雪
昼夜
野犬
火水
正数
通気
新形
下戸
回虫
夏作
空電
正教
同文
風花
出合
水天
白線
出丸
前門
毎会
雨声
上体
古体
売出
合羽
鳴子
当校
手工
地気
心木
大円
水足
戸長
車引
後山
秋作
金売
名木
国字
交友
直門
高下
夜学
土星
山番
白目
空耳
上水
太子
門口
半音
空合
白糸
雲海
本金
夜船
図絵
記聞
名刀
大足
用後
広原
天外
半玉
白話
兄子
近東
買気
地合
新風
円上
名子
男前
赤本
石女
多売
引戸
国元
教理
書林
下草
公方
行文
海草
金気
早場
内聞
野心
道話
数多
西土
古里
外道
草書
風力
交声
矢場
小中
図上
大通
名山
高角
市上
馬手
外耳
右近
男手
外紙
光来
同母
馬方
生糸
外気
回天
秋月
女工
組下
上目
文色
数行
夕立
後作
内国
野道
光年
近火
作男
家作
遠火
何頭
教場
赤口
夜店
茶店
楽市
家風
読手
画才
作土
心音
用足
心土
地引
山子
肉色
売声
新前
花月
晴間
細雪
原名
生首
外線
小女
土人
画室
行書
同人
土間
中手
下火
道内
天朝
糸車
角形
店子
光学
西人
矢車
文才
空家
山犬
才知
後夜
組子
矢声
近古
大知
人海
早馬
上聞
新刀
前作
大水
円心
内高
星図
太白
立米
早番
点線
春色
形体
小町
水月
形声
黄水
小言
耳金
小父
小店
遠来
心力
村会
下心
金時
毛見
東口
谷地
父上
木目
家父
書中
雲足
小夜
後足
金高
門外
黄鳥
玉音
名言
冬作
半角
回船
白太
細石
海道
電光
子方
切戸
時文
山刀
地顔
車台
里心
行手
茶園
多少
水引
羽目
門火
竹工
近作
遠心
行学
理外
長虫
立秋
生国
同友
同前
分室
朝間
毎戸
間男
朝来
日出
夜道
引力
肉入
立引
道草
長月
春作
竹光
肉声
小刀
歌話
本立
間色
夜鳥
多元
切口
名馬
行人
場数
糸引
夜顔
古顔
口書
聞書
馬力
黄白
名家
人山
組立
回教
歩数
市中
空木
間引
今上
天馬
地番
大計
田虫
早計
空茶
長石
光風
読会
村方
読人
親日
線上
記文
社日
空名
広口
小歌
長音
名数
上絵
目地
中形
米食
多肉
本分
右文
町会
弓馬
時雨
画数
行道
公国
田楽
草画
高風
丸本
日歩
光明
丸太
親書
海牛
楽音
黒点
入声
天子
空母
早昼
秋雨
人名
当会
上古
朝会
方体
木刀
図工
春秋
金円
下線
切地
小引
草市
売手
水先
南画
池心
金言
遠矢
土色
半切
新地
木魚
口答
晴雨
公家
口茶
雨空
小金
村社
切線
紙魚
日長
小作
買手
黒雲
話語
地色
生年
雪間
半休
細雨
用木
体言
大鳥
気書
羽虫
売立
目元
目見
水鳥
後図
作間
本寺
石火
行力
用字
細作
大京
家母
色里
雪線
切売
台形
先考
入口
公魚
風光
上家
自社
口気
野牛
組糸
用言
原頭
直心
雨夜
海風
自火
長手
内地
売文
海内
力足
明週
角力
草体
聞方
雪山
原木
分母
木耳
下記
岩木
牛頭
通語
新月
雨気
本丸
社人
門地
内室
手風
上角
理工
角番
色絵
女気
大弓
太山
声門
親心
明知
米紙
校生
玉糸
冬木
水線
光画
回米
売女
山鳥
山雨
国原
親電
番茶
昼顔
正出
羽風
家学
大海
下風
船台
色男
夏山
心室
野天
青書
楽日
週番
魚田
時人
空目
女竹
手金
語草
大白
右左
海馬
才色
刀自
教父
国歩
立番
数回
上番
書生
前生
分校
野人
弱竹
上前
町方
手玉
道火
水子
国手
同地
下学
海図
草本
読後
黒竹
冬草
町歩
海月
正字
当字
口絵
風色
外語
頭目
門前
正風
立夏
引合
地目
口合
右角
知見
西日
小米
来書
太字
小弟
小水
馬子
車止
長足
木地
正文
社頭
直線
赤金
母語
天引
夕空
名親
当店
知合
赤門
本朝
外力
声名
心学