別後
心血
軍法
学課
青色
他門
林産
船人
期首
連送
冷気
名答
君子
来由
両頭
井守
清朝
失意
美育
切首
気位
大兄
円周
悲話
天声
塩引
他生
神明
帯紙
芸林
種皮
受口
茶入
曲玉
長子
入海
雲水
円本
本学
和様
主神
印形
元方
合名
平泳
法印
鉄山
文事
守札
歯学
上側
鏡板
標縄
文中
英和
焼野
馬肉
角書
追手
等温
折紙
倍音
菜花
工船
雲気
細道
位階
命数
原図
音大
菜館
同気
国利
海戦
水神
遊民
同学
同音
熱線
新雪
各室
心月
次位
県人
早天
平熱
主用
雪景
小書
活計
塩物
母上
形木
家運
公電
城下
和子
流矢
答辞
船室
馬草
軍服
無熱
切石
言説
川竹
会所
国界
電熱
生木
正念
相者
本石
重工
中音
強電
順法
名乗
口角
宿所
徒弟
重石
金力
老兵
公案
引船
湖上
新湯
力車
刷本
未生
半輪
正貨
電位
暗流
有終
風声
暗色
魚屋
官有
都道
残月
実機
借物
間縄
不通
山立
首級
白下
鳥人
品玉
養老
単向
中折
川中
新顔
早老
最前
側室
間欠
海気
目方
荷馬
連山
気節
短所
血清
近目
日食
当山
名案
星章
語原
島台
頭注
大刀
方形
対辺
駅路
組歌
外地
前芸
中肉
麦笛
礼法
横隊
引鉄
記法
金元
下種
遠見
面白
梨園
人後
名文
不帰
番卒
帰心
主辞
湯元
祭主
先例
法問
南港
続飯
機才
宿徳
大勇
冬芽
兵科
街道
観相
照星
生皮
船用
内界
立春
下女
和算
小火
銀輪
打歩
有司
信女
長道
草紙
借着
酒代
美童
文台
子持
苦役
地金
横物
軽水
後身
神変
油単
宿業
客人
信書
戦敗
事物
水雲
丁半
芸界
愛別
折山
新兵
青竹
男工
天界
市子
立毛
葉虫
後住
兵学
上根
温気
真前
横木
馬追
考課
南海
和金
太線
子葉
岡三
方角
切札
法式
本会
左府
練物
未成
良筆
好漢
空位
海里
本管
戸前
投物
年別
城門
切米
茶味
黄道
血色
公人
大局
商才
虫気
声調
清流
悪場
等号
産金
全波
門流
特用
水冷
山幸
鉄心
半紙
力紙
天水
飛板
功科
灯光
野次
後事
法楽
軽焼
根号
門灯
交点
本船
成語
功力
時運
神文
京童
入相
秋冷
王水
飯事
用人
発頭
付目
前場
果菜
朝顔
電路
好戦
次女
借間
言外
置市
産湯
新来
県西
子安
辞世
火皿
角行
原注
暗箱
加法
徒者
育休
勝地
付子
内積
軍船
極熱
好例
文案
好漁
良相
通草
天工
肉筆
毛羽
実悪
代品
遠島
太極
節気
香油
真打
石持
病理
無業
流水
岡目
投信
雨皮
社運
前説
駅手
声帯
礼服
組打
放生
野山
引札
海参
水星
原色
信望
書札
位相
電工
欠文
合服
求法
母港
黄玉
木具
歌意
直弟
聞耳
急便
氷海
短音
院本
正方
料紙
宿料
矢立
倍数
男波
旅宿
司直
松風
水根
良貨
玉子
青草
国号
話者
知友
漁色
黄梅
自利
聞手
血相
足湯
原級
波高
悪習
道家
詩形
雪路
夜宮
帯祝
英図
船客
町場
帯皮
中宮
目色
名君
残暑
暑気
局紙
満室
害鳥
田遊
選集
日給
君徳
戦功
表号
名園
語法
乗打
平服
病根
通人
宿帳
名器
乗数
習知
自公
田植
親好
大入
連体
金的
県令
正法
工兵
正号
茶利
古学
底面
銀波
転注
黒地
後光
正室
連年
転結
遠道
上戸
各面
無月
式次
野点
同県
民活
目高
帯地
年強
白州
代印
地文
上天
悪所
面部
正訓
国府
下人
達見
折本
農兵
全県
死病
古記
門人
半弓
前車
矢文
女持
梨地
売子
小半
血祭
旅銀
後葉
和上
角地
時世
氷炭
成典
油土
全景
水母
小波
次数
作中
外商
中口
君公
見目
民草
上紙
終点
神典
上長
多照
本校
科人
矢先
守刀
借方
牧者
雨後
連対
借景
家令
前人
不感
外皮
遠海
酒倉
祝祭
金星
米語
鉄材
新字
共学
体用
正覚
重器
悪文
内記
校風
火夫
絵心
原生
悪筆
使番
方図
外宮
才徳
酒色
名犬
作法
引縄
古文
帳面
養家
台子
白根
清談
金平
地口
原酒
和物
花畑
積悪
乗物
族長
水菜
点茶
星雲
名店
小形
名節
真中
生紙
無音
小暑
茶器
大徳
古物
功臣
全市
印池
会下
板屋
折角
点画
下表
人夫
黒目
見付
図録
利所
水仕
練炭
入子
側節
直伝
神火
画工
赤鼻
学兄
遊楽
初荷
公事
年利
実方
死文
母船
白歯
返点
空語
民力
聞香
丸取
他心
雪白
山海
差等
何様
階数
来光
実害
置数
弱電
委曲
田地
研北
空馬
公主
波数
億万
民地
別物
青物
室町
雪消
中食
名手
原音
神君
名利
船底
羽車
配役
群臣
令色
月読
死票
原隊
熱風
活花
岩根
花氷
生色
化工
全角
鳴神
玉代
画会
散人
合口
花鳥
前景
国学
明王
旗日
便船
雨中
負目
月極
印肉
電柱
国運
小事
悲調
練糸
食間
合方
子日
魚子
花梨
強談
昭代
目角
金鉄
熱血
玉目
弓道
死所
知力
平手
想念
平信
強味
列代
教生
病害
古紙
地虫
書付
折節
悪才
横波
席画
後金
小伝
間夫
戸主
各市
正中
塩花
肉牛
庭梅
熱度
通番
底流
口取
仲直
下番
黒豆
頭分
近間
楽節
字音
血族
頭重
小才
本然
金波
最少
湯花
間道
都鳥
分数
無地
日新
火切
実科
兵種
世才
才力
黒血
明主
別当
何分
軽卒
不死
草取
兵馬
上記
合切
国文
原毛
黒酒
親鳥
年弱
明色
野手
全局
軍門
心耳
無辺
立礼
科白
前科
頭首
身根
金主
草子
工期
旅所
受入
身空
今生
次兄
天女
宿悪
神鏡
道人
荷縄
農作
馬主
悪者
希書
父兄
音物
鹿毛
赤土
体感
才芸
草色
機工
緑便
止金
関屋
初夜
持前
中天
本章
苦塩
同体
悪念
土民
単音
水玉
里数
遊子
大鹿
全品
弱国
別便
仕向
焼鳥
灯標
宮中
切火
待合
選科
副食
焼玉
空陸
貝焼
原麦
近国
落口
良種
工大
聞事
土語
立板
県外
小業
半円
人達
当路
向暑
空豆
岩石
旅心
福引
竹紙
外客
画然
語形
小頭
中表
松虫
鼻薬
徒事
員外
秋分
話芸
鼻輪
金輪
波線
両部
長兄
無宿
秋気
文人
本願
祭式
船虫
選対
高飛
人語
薬園
見台
無反
和語
用命
外材
白雨
無色
食指
自今
板間
温州
単色
省力
教本
酒塩
出花
宿根
石高
高点
臣節
官服
宿屋
令孫
手心
夜直
北画
神都
家老
明君
落魚
外界
低位
鉄筆
方様
法官
残年
天草
終期
目星
歌切
両目
薬石
材木
包金
早業
仕種
大波
曲節
大要
約手
夏休
物界
不戦
単車
男心
星合
談林
宿老
重代
祭日
海員
取前
自他
折線
教学
語手
業法
下流
回春
焼魚
電文
夜寒
他県
物種
牛皮
時数
服地
船足
無季
通風
鉄血
着類
長夜
日切
本法
仕材
知歯
茶気
新木
意力
日計
白玉
機外
鳥屋
銀漢
旅物
茶人
死目
暗君
時候
勝運
見番
選外
追福
日産
孫子
神馬
主持
連子
引手
全車
首題
兄人
漁父
軍神
目鼻
別品
無量
運上
功業
山女
強国
式服
川船
感度
中点
重役
心根
多毛
末法
令名
客種
進物
陸湯
後会
君王
用筆
極点
春寒
苦熱
京女
選言
受苦
仲秋
法線
行宮
特電
落花
初筆
原票
名札
当市
物日
細波
氷野
用金
挙動
色香
入方
港口
古事
有高
良案
金位
水貝
両前
山寺
先天
中国
無産
花台
親船
用役
好季
君臣
守神
日和
正員
色町
角灯
鉄管
草笛
指物
悪気
令聞
筆画
軽風
負数
起票
等位
帯金
葉音
見場
同色
馬陸
豆炭
長円
父様
山神
里人
乗具
路銀
間借
朝酒
兵役
約音
秋期
節理
流人
校友
宿場
参差
社中
風害
左記
夫子
水生
時節
水差
電球
字数
要路
名花
切岸
楽土
残物
食通
軍使
産学
良民
結言
成文
単発
等量
悪形
表地
各駅
金持
図引
教典
標題
雲間
好学
神米
泣言
初等
香花
取組
空包
陸戦
国花
氷点
民選
和書
県下
側目
地階
水魚
帰命
飲茶
守兵
横目
行金
時様
内入
末位
買主
案文
水声
法典
紙子
水木
来意
新本
大功
校外
他力
戸車
早耳
門下
売主
官選
便法
悪相
山水
定理
多雨
助炭
和習
中気
洋室
外局
部類
国電
歌合
地頭
外字
下目
右下
弱行
社主
工科
真理
銀笛
軽挙
心気
気前
動労
水音
上玉
光頭
家主
機知
平体
水計
人台
外題
福分
原器
小兵
野羊
心算
氷柱
反歌
母式
所説
黄身
麦畑
縄手
時日
原書
板目
礼者
山行
主音
県別
引数
足代
矢来
有休
名題
気管
軍刀
社線
白光
打切
取札
要点
不具
式法
板元
法例
良港
君達
結節
兵家
週日
牛馬
死身
足形
工数
家例
荷受
場代
小身
馬料
夜気
王法
弓手
本科
先夫
良友
機長
東天
加里
借手
楽人
老臣
日子
大部
両足
本官
産前
下界
助辞
買薬
別院
言辞
低地
世道
月夜
家伝
富強
副本
鉄輪
王公
科挙
下根
米飯
化物
界線
馬連
箱書
冷麦
住持
左角
薬玉
話頭
宿雨
林学
衣手
書役
後朝
全音
教具
本城
花園
夜話
課外
用次
秋高
位記
丸首
名主
寺男
有生
急病
切紙
反照
天理
船内
点薬
町役
医用
後目
官学
麦湯
飯場
乗合
才取
何等
春画
新体
風教
天台
結界
標札
家集
利達
対地
不買
港内
副木
草原
丸帯
飲水
画商
変物
星夜
流物
青地
火色
末社
水絵
置屋
米屋
荷札
漢書
緑野
間者
数社
絵付
消口
径庭
勝味
天上
古音
成心
投売
残欠
男声
地物
取調
熊祭
名付
才人
油送
図形
列後
園地
門付
戦地
英名
群青
出湯
満月
動産
今風
旅路
詩学
小春
帳票
冷肉
寒流
米麦
明夜
祝勝
神学
手付
語意
小字
軍功
北洋
重科
票田
所願
朝家
面体
道歌
仕切
本草
石竹
歯音
心頭
農事
小母
荷船
手鼻
細事
浅春
上代
院試
委細
組頭
積荷
音字
手合
大公
関頭
地歩
玉門
方案
雲上
暑熱
束子
回章
麦雨
間柱
矢玉
果皮
特等
紙屋
温習
他見
社家
青毛
豆本
特高
種油
地紙
有界
馬市
公法
飛台
大法
軍医
不例
良知
米産
根菜
辺地
連火
柱石
用量
笑気
油差
金頭
小成
光点
船板
満山
付表
見合
母線
売場
借料
生酒
飛信
夕顔
反米
夜昼
火屋
教門
文官
人知
君国
赤手
産院
足芸
公徳
間服
典礼
日照
行旅
糸底
青玉
板子
内庭
神水
不文
明文
切点
後前
緑酒
根城
原典
便服
所見
父方
山畑
木馬
未発
太物
植生
業風
真金
中卒
地米
悪貨
他家
内所
生面
通力
定点
追分
日動
広前
下司
軍兵
定命
返札
切所
出会
倍速
飛石
深酒
真竹
春光
速算
和人
無文
景物
牛刀
商家
置字
量水
真底
定見
天機
相席
外教
別電
空理
友引
秋日
街灯
刀身
年取
空身
悪神
和字
年女
草卒
信者
水明
戦隊
飛箱
国典
月来
鳥追
残照
月下
下名
細引
老体
手旗
飲代
馬頭
東男
部立
根太
西国
鳴戸
天分
産土
洋書
出典
便通
飛語
炭田
弱年
早月
良法
原品
根深
参議
今様
重機
量目
牧民
天孫
神気
小国
見世
小変
標灯
類字
月色
古色
直中
青虫
大船
城山
火手
着駅
守役
赤心
笛竹
東歌
明神
語路
典章
人馬
実線
冬日
丸打
塩豆
力水
始期
直積
石弓
実印
色神
間代
極安
灯明
遠音
光波
中門
群落
仕合
竹輪
福運
持家
標注
羊毛
今体
種本
夕波
級数
家数
年波
真人
短章
細小
共管
群雲
富国
無欠
鼻紙
筆生
各週
知音
耳順
白兵
立冬
気体
夜具
全階
社司
官位
炭庫
福茶
月役
楽典
学府
高教
中州
重心
草月
内皮
天金
食客
緑青
文箱
連夜
文目
人波
言行
秋色
門生
横列
歩度
局所
湯屋
指分
栄位
建玉
申文
大戸
天顔
白身
薬草
等辺
角通
目路
始原
荷足
今昔
平温
早口
明度
変人
岩組
金石
番地
帳場
行頭
高空
式台
歯肉
仲春
死線
通言
戦野
有色
理知
目次
中風
色女
大名
炭山
不休
水火
残品
夜会
生節
水船
円柱
各科
京菜
流者
小鼻
前足
他動
縄目
利酒
局方
教案
英学
赤目
魚族
自注
玉菜
各課
主動
香味
調帯
有期
声望
方円
庭草
美田
商館
兵火
種牛
刀工
血豆
平皿
国大
大暑
火縄
初音
台辞
正負
初手
同線
選民
絵具
東国
馬飛
身心
悪書
単線
国書
富民
老生
戦旗
表皮
天辺
石筆
英主
祝言
表門
楽天
月見
側部
清福
祝意
手車
門歯
長文
料地
先箱
土気
重陽
田打
急使
春分
道心
元老
晴天
分社
木末
例月
初口
番手
東屋
人才
図体
宮門
持主
初会
小名
鏡面
次点
手長
重苦
直会
季秋
力業
家来
終車
大悲
古筆
社用
近業
路次
札付
園丁
定量
側帯
名工
花期
顔役
血目
天変
加水
首府
皮具
地相
目板
民心
山相
公印
所伝
地内
食分
類火
美果
歌心
雨間
無声
公会
他流
正調
早年
魚道
林業
道学
丁付
重言
春本
帳合
上作
西北
別種
温色
美名
小間
陽動
赤道
風鳥
利器
木炭
賀春
海人
船着
平身
上使
焼金
末寺
打物
軍歌
要目
悪漢
起電
物見
連語
対日
博労
家臣
札束
王城
父老
詩才
線分
冷然
元結
直音
薬研
通運
願行
野老
雪見
清酒
見料
神子
玉体
空列
当課
待人
手相
外米
清元
王道
雪女
前側
病変
付焼
省令
歌学
小者
寒月
両家
相好
外港
積雲
上板
無題
番兵
東路
筆法
軽石
馬車
薬礼
語口
木表
早生
強兵
空説
和学
不才
小乗
足労
出初
市部
挙世
宿便
県南
差引
都度
読方
深交
下前
羽衣
焼塩
知者
考試
寒梅
荷役
日待
金歯
観法
空音
社風
書風
続物
必用
旗標
地神
番線
月番
始筆
区切
病家
秋草
全港
真土
羽子
悪食
元帳
車力
有心
新身
手下
国人
死角
黒毛
天球
人買
陸田
下男
来者
昔日
各館
明後
牛耳
先様
本四
直人
青馬
高説
使丁
線表
泣女
高察
初耳
北町
石組
民望
門弟
平語
同工
訓点
庭前
間口
石板
正道
氏神
丁数
変局
自流
後室
地雨
子中
氷雨
白湯
野戦
口器
兄達
清音
小径
実意
分力
洋語
城府
労協
白梅
徒手
庭球
天人
台地
春着
犬馬
遠国
小手
体計
根付
林相
類語
糸目
重土
力持
代数
持分
半文
法家
調車
助平
農夫
鼻毛
湯女
行司
心夫
軍記
起原
古形
半作
上町
練鉄
本手
外積
奈落
農大
目付
小数
強面
令書
朝見
花色
高根
夕晴
軍夫
時局
内孫
建場
多生
雲級
変量
地歌
放線
白羽
丸麦
害悪
馬標
多聞
糸竹
命日
急用
弱卒
親節
道管
動輪
別席
牧笛
辞色
他用
菜種
半天
新着
赤飯
塩気
内金
無界
日商
生類
徒足
川底
追風
身柱
無下
指頭
役印
入目
音調
用達
色物
力感
荷車
機具
相聞
陸橋
読点
花札
会心
短波
浅手
元高
新茶
落度
先口
点景
利運
良風
山色
各州
道教
子種
薬指
京間
遊軍
主上
家教
礼楽
公知
実記
人別
未必
共産
夜着
野路
心友
内典
前便
中研
上声
下足
例祭
学理
倍大
女色
祝典
今方
礼式
類同
神算
変体
山国
急白
部所
速力
国法
自門
家持
地積
長上
当所
同門
建具
日貨
日当
令室
銀地
入神
黒米
原虫
君命
牧童
極量
受話
来車
心付
血気
新宮
鉄石
単数
炭車
自大
木立
遠路
引例
角帯
少弟
命毛
飲助
色合
緑茶
学外
極左
単利
葉末
挙例
図会
寒色
部面
古訓
付票
香水
身方
公器
売口
労苦
末木
熱球
短才
油虫
首足
差足
戸口
国母
美音
豆銀
定席
信実
仲冬
後家
台木
後場
小皿
小前
字母
良人
漁労
長持
細大
深林
算法
国表
弱味
右府
友軍
末節
羽音
球速
語順
国光
旗持
車夫
道者
苦界
遊金
消炭
有功
美文
詩意
肉屋
戸外
局外
長波
加薬
美形
大約
老中
山羊
所天
整調
東雲
残花
活魚
側役
入船
助産
悪感
強記
側線
寺子
手代
主部
村雨
寒竹
死場
船軍
売国
小佐
曲筆
金工
差紙
静心
文節
不労
写場
低木
土工
野末
標号
筆意
茶事
岩屋
人品
火消
線形
両三
見所
事始
人声
南天
才子
固体
君父
重手
定式
仕組
光子
才気
左下
民有
医業
台場
法令
月食
何方
右辺
暗然
火線
足業
初生
各月
水陸
業物
火気
楽長
漁区
治国
戦雲
美神
助人
飯店
分課
作意
和本
小用
業主
暗夜
府下
清白
市松
花軍
類歌
右記
英気
波風
氷水
歩卒
和音
漁夫
省線
区点
黄体
各様
空字
光輪
船方
書法
物相
主意
注連
食道
観兵
頭字
木石
反身
秋思
所生
官界
正使
柱頭
洋才
法号
酒食
雨氷
朝湯
単記
養女
運筆
天目
飛電
家門
福相
神位
小耳
鉄色
訓辞
神器
争議
花時
小力
門葉
丸薬
言文
礼物
反語
重病
他物
産衣
来電
節糸
国貨
大官
公子
切目
死児
終曲
語調
宮家
元物
文頭
神歌
散光
死人
空色
黄門
表徳
佐官
何役
章魚
手兵
官印
内議
手刀
明徳
買上
明鏡
積水
波動
兵卒
伝単
花代
目顔
流言
青票
客位
風草
大隊
名分
対向
倍長
副文
時鳥
晴着
長径
近事
君民
聞役
全知
文例
筆先
古刀
死地
音感
家兄
内題
小結
左岸
終局
新語
心機
勇者
老手
号音
照焼
平面
印面
唱名
海産
小話
歌書
理化
長路
年男
気道
明春
景勝
行火
親等
対米
波路
岩頭
草分
両夫
期成
文金
童形
時好
輪番
良書
球心
終極
駅頭
席順
水路
才媛
願意
者共
川音
金地
深意
岩室
太初
村里
止観
島守
売人
関白
都電
後列
早見
医道
肉池
立木
横線
風足
来期
半開
夏服
言伝
他聞
高年
新約
短信
左近
荷積
戦利
例言
氷原
風下
弱虫
初号
高次
良材
定日
童歌
落体
古語
車馬
事理
売名
徳行
満会
路標
暗号
台紙
主調
切先
死時
先学
老残
神祭
半平
席代
半金
風気
詩書
宿学
波形
宿木
語数
黒光
明達
取立
小満
近体
口才
対屋
薬種
日夕
人伝
年子
品別
新案
冷熱
羊頭
聞物
金談
魚板
書信
青貝
天産
金線
火酒
客間
葉月
歩兵
香箱
字画
伝手
令息
強弓
明月
和式
海国
具足
口金
原石
海陸
外物
打身
通辞
折箱
鼻声
労銀
花心
宿運
開山
大番
新秋
農期
県会
銀器
船宿
牧夫
相法
付図
級長
労金
軍馬
夜番
金風
単葉
京阪
麦角
他事
南風
月表
浅才
治者
神通
詩想
月明
題詩
本字
小曲
全労
鉄橋
号車
季候
有体
無二
口前
女波
予後
相方
公理
算木
心意
流民
差水
青菜
先山
筆戦
赤紙
幸便
細筆
分隊
上物
験者
指事
曲直
社友
玉算
天明
湯茶
典薬
緑玉
油気
飯台
負号
意中
利水
種紙
界面
単体
上衣
天来
題意
馬丁
付注
金糸
社共
中休
球道
多倍
下角
横雲
冬空
地役
不知
銀側
遊君
上客
漁法
速歩
秋晴
寒害
中隊
内宮
平場
前言
山風
雪男
辺土
工手
角笛
初湯
人死
湖底
医員
古参
両次
大安
申入
鉄線
色悪
鳥目
名流
面輪
定温
石松
点心
札所
悲母
前代
気先
箱庭
鼻木
風見
暗室
流氷
楽隊
後学
中入
名城
当家
赤身
町家
木通
表方
秋物
女人
死水
助祭
心材
書画
山場
中外
中波
後口
上薬
結線
公孫
官辺
夜景
陽極
中耳
取付
番台
声聞
奈何
他念
水夫
打力
真名
山守
歌口
負軍
来季
大黄
苦竹
借受
売色
才六
雪空
新店
合着
遊漁
観想
岩魚
悪心
書目
字訓
天心
刀心
持薬
中指
人面
不着
牛後
急信
品数
愛息
書屋
風前
船路
春景
高徳
式目
庭訓
徳目
横紙
本道
夜光
官立
反物
共役
相客
生湯
軍旅
神灯
引歌
実理
肉類
式部
丁場
王化
地産
全戸
古希
海松
鹿子
反例
飛魚
画筆
清勝
台下
細線
意想
漢才
勝景
仲合
太夫
未決
平話
校旗
白頭
語頭
細民
急電
失体
麦飯
衣帯
野立
好字
小昼
茶道
結文
引金
主君
新古
後先
路用
古人
詩文
機転
切水
道着
挙国
国富
親木
古昔
院外
木管
朝命
親玉
弓取
衣魚
別使
主祭
平声
願主
公差
浴後
洋品
品名
薬科
暗主
整式
花祭
量子
月草
肉交
気転
芸当
死金
小首
旗雲
火玉
銀山
法名
観音
病葉
後産
元正
足熱
主語
時空
具案
内意
波面
種物
童顔
博愛
副書
美声
学事
王土
夫君
中黒
中位
深手
投節
実生
道服
官女
夜戦
月切
単式
所感
金欠
日直
真弓
泳者
目代
富者
口伝
飛火
配所
遊糸
花守
校本
平城
結縄
洋式
空谷
落日
親達
表口
花屋
本給
色道
和談
極楽
焼絵
港外
組重
氷室
地温
書院
茶代
部室
野乗
陽画
水松
肉感
初氷
同上
大姉
矢種
全島
虫害
泣顔
書体
線画
上表
公休
目薬
平米
正金
戦機
陽春
前古
通例
内争
法橋
男帯
場席
同番
記数
馬具
対数
雲路
勝星
古血
歌体
海星
席入
立業
徒名
麦作
曲馬
薬酒
路辺
湯玉
左辺
法輪
両所
生母
年期
文意
色相
番長
必中
悪道
貨車
原意
老少
月毛
表作
広間
苦肉
小知
進取
人世
筆紙
高節
冬場
衣食
軍令
急足
明太
島山
新教
語根
極月
重湯
心神
臣子
野火
要具
流速
建売
後景
後書
固目
有半
要害
機業
案下
大路
終発
満期
的屋
大葉
読物
虫薬
新令
直方
風月
直参
悪様
差分
初役
中子
害心
通有
回文
反立
氏子
長湯
単機
心太
原語
引物
器機
管下
散楽
心火
結願
季題
真筆
法城
塩害
玉虫
守宮
兵船
先君
火矢
要地
輪中
面前
底魚
残夜
夜色
花実
写絵
受持
小勇
令妹
打豆
船荷
焼付
緑林
半白
流体
国司
上世
鼻音
夜業
曲面
文名
中農
丸木
令弟
切子
日算
初物
海女
世路
馬印
億兆
体様
医方
赤熊
天王
玉歩
雲形
岡持
後人
家名
用法
間着
神橋
名月
知行
楽園
熊手
投首
店屋
分秒
給金
求心
文鳥
学才
城主
原紙
紙切
田作
玉案
中有
使徒
輪形
羽交
整数
博聞
色目
和戦
紙花
真先
白茶
天意
取口
労役
守成
女医
持場
有夫
前祝
春雪
紙器
薬学
式年
人参
節分
昼夜
野犬
火水
正数
鼻柱
列火
文典
付根
残生
特金
通気
先約
地衣
美点
平底
用例
曲調
仕打
年令
天真
国訓
詩語
笑話
死物
花落
大意
音速
面皮
東遊
拾屋
新形
下戸
指命
血路
火打
散米
米所
軽口
語末
市区
切炭
外洋
官記
原初
業病
回虫
漢土
矢庭
水油
行平
平曲
命運
夏作
箱船
良工
深浅
才物
極上
希世
命題
空電
小梅
仕法
真草
図様
正教
道産
牧人
同文
調歩
底土
風花
実姉
朝飯
神式
出合
水天
板本
寒帯
屋体
名筆
達引
季冬
白線
心持
定宿
出丸
前門
要事
極官
折助
銀位
毎会
雨声
大協
香具
軽業
上体
同君
横議
古体
積木
副使
売出
表具
番所
合羽
真横
印紙
群小
鳴子
立役
好配
室温
栄典
練兵
当校
戸板
大福
加数
手工
関守
地気
法治
物上
老農
代案
心木
大円
水足
戸長
香合
色覚
車引
語感
飛車
後山
秋作
養母
新院
氷雪
無上
金売
名木
手植
祭場
海老
仕形
雲量
国字
部内
交友
旗下
極付
直門
不時
高下
夜学
名望
米塩
土星
原付
印章
山番
持病
旗頭
所書
空談
白目
空耳
上水
伝助
太子
門口
両市
半音
空合
白糸
多血
両朝
直衣
同役
副次
名標
雲海
本金
機根
夜船
書取
置引
図絵
当館
神官
記聞
上様
平麦
月別
名刀
全便
聞酒
題画
小面
両道
炭取
横形
通箱
刷物
緑門
末世
天主
大足
用後
広原
天外
半玉
外向
画業
白話
年季
水物
群竹
香気
役牛
銀子
打首
兄子
近東
馬面
円貨
買気
音波
地合
楽想
寒心
祭司
矢束
松明
新風
神色
両年
円上
童部
名子
大死
当機
根毛
男前
遊女
王代
利手
通事
実字
主教
日輪
熱量
赤本
石女
船標
欠本
多売
商科
連声
調音
引戸
魚群
国元
公役
新酒
和船
緑風
教理
洋学
内法
書林
下草
空巣
公方
重箱
焼印
商学
真皮
行文
起死
標目
国持
家信
灯用
海草
金気
犬歯
列伝
単級
手事
古伝
例題
空冷
全期
売薬
王事
事相
早場
主薬
季春
票数
寺号
清栄
内聞
西陽
酒手
野心
相国
欠目
徳望
道話
係数
数多
満車
船守
火祭
客地
西土
古里
丁年
外道
草書
標柱
使臣
洋弓
音節
鼻面
風力
交声
上屋
光参
落陽
矢場
便意
焼山
位地
法門
小中
医書
欠員
課業
漢語
席料
真向
図上
小器
大乗
同類
中置
大通
代人
鏡石
合札
上皮
名山
礼電
行路
灯心
落人
副題
高角
返電
市上
芸文
仲立
船級
馬手
外耳
水筆
類題
縄付
全紙
洋本
主位
焼飯
木皮
光陽
号旗
健筆
感熱
等式
神楽
商運
所帯
空事
右近
場景
男手
用度
金管
乗法
外紙
南岸
置土
軍港
絵所
門主
客気
土筆
福助
門柱
光来
同母
取高
馬方
円転
無品
面差
差毛
生糸
決然
印伝
色感
気息
送辞
束帯
酒気
男根
取的
画板
外気
回天
寒行
秋月
女工
組下
上目
国主
冷温
文色
小付
家君
無手
昔年
入物
悪童
遠流
数行
夕立
麦芽
当流
旅衣
後作
天成
海港
要用
落首
内国
田夫
野道
上意
数式
差前
児女
焼畑
香魚
静夜
村役
地底
光年
宿六
家訓
徒口
角柱
近火
作男
倍角
家作
遠火
何頭
教場
湯葉
末筆
地所
赤口
出様
平時
夜店
茶店
楽市
寒波
院議
小童
人臣
有様
主家
仕手
寒天
間然
未聞
差料
家風
主事
老台
読手
鼻先
画才
元始
老女
茶所
反間
豆板
作土
球体
動体
心音
用足
心土
願事
徒飯
地引
山子
和親
肉色
門札
芸大
冷暗
売声
沖積
新前
酒肉
館主
同病
直列
花月
晴間
宮室
初速
画意
男持
細雪
兵書
不漁
原名
春陽
生首
官栄
病犬
外線
残香
小女
雨具
所由
養分
土人
画室
名号
産所
有向
行書
来世
外法
同人
達意
土間
兵事
連曲
願人
中手
全作
平民
下火
道内
天朝
糸車
角形
店子
別間
光学
変種
席題
西人
洋種
無風
形勝
無位
矢車
畑作
湯水
気運
黒焼
戦役
産米
聞所
売笑
両町
文才
空家
気根
所出
拾物
神国
神助
機屋
下帯
法話
茶飯
山犬
入夫
試筆
都議
極所
仲店
伝書
羊水
無印
男役
試料
才知
後夜
前約
組子
近臣
和議
矢声
近古
新参
賀意
分身
部課
産道
連木
大知
息女
人海
神州
子鹿
写字
早馬
丁字
魚油
要理
洋銀
豆油
人定
上聞
消暑
牧牛
石印
先住
所司
管見
反歩
新刀
法弟
小寒
種板
前作
公課
大水
遊山
和毛
副手
父君
官金
円心
実学
温熱
島根
無官
内高
手塩
軍学
星図
太白
作事
両辺
家産
愛鳥
庭先
折戸
立米
早番
和訓
夕景
点線
治下
春色
包有
終電
形体
手械
省議
業苦
小町
気流
水月
巣引
連歌
順列
形声
住戸
黄水
焼石
発話
井目
実事
受身
大命
大器
小言
耳金
小父
明笛
失地
小店
所労
遠来
気持
満作
心力
飯米
級友
悪戦
村会
追号
名勝
病体
全学
家借
員数
事大
帯側
悪寒
有理
無向
印画
無住
本身
本案
大度
下心
好日
灯船
金時
雨季
毛見
知徳
中業
暗黒
東口
実包
黒熊
良品
丁子
公館
定府
画帳
別口
利目
白焼
谷地
父上
木目
径行
家父
相宿
愛書
船側
野茨
書中
雲足
古城
法語
悪声
返歌
敗残
戦果
小夜
天物
切畑
歯形
詩体
後足
差油
金高
順流
村童
夜曲
神徳
小使
関所
類本
門外
農芸
血行
法灯
科料
他校
米材
愛社
黄鳥
人橋
玉音
名言
冬作
半角
戦局
各区
産毛
回船
実員
苦寒
走路
産気
各相
白太
軍票
管外
細石
水芸
世知
荷作
神階
海道
好悪
年央
会意
電光
化身
天運
湖岸
手持
子方
始点
切戸
連言
時文
山刀
地顔
空戦
同好
反別
細面
官員
末書
車台
点者
耳輪
乗手
里心
印材
人相
飲屋
先登
願文
行手
茶園
多少
手打
前菜
料足
欠番
高波
登高
起毛
手刷
筆箱
水引
羽目
未配
法服
文題
門火
本末
滋味
特立
漢音
竹工
死花
近作
氏族
火柱
食塩
遠心
行学
大農
各車
自照
理外
番屋
長虫
香車
地変
立秋
生国
同友
同前
深間
原皮
朝議
筆太
分室
欠字
町医
主面
流量
朝間
回流
神意
課内
王命
商都
字典
毎戸
重水
間男
来信
博打
先覚
競買
法談
朝来
日出
夜祭
橋板
事変
夜道
出物
行灯
引力
式日
楽焼
軍旗
冷機
不老
肉入
酒家
母物
城市
道化
風説
例話
立引
速足
道草
長月
単元
星宿
老病
高所
敗軍
芸子
春作
大典
竹光
紙帳
所化
正客
豆類
初学
美談
肉声
赤札
小刀
宿駅
気球
北辺
歌話
本立
間色
土管
早便
飲物
夜鳥
公達
母衣
両行
油屋
多元
古流
良夜
切口
名馬
悪手
油分
言笑
向寒
高菜
完本
行人
神宮
対流
転帰
月輪
木芽
場数
図面
両輪
天助
受書
他紙
糸引
板材
夜顔
古顔
口書
聞書
才筆
馬力
散票
付火
黄白
名家
順風
産屋
開府
人山
校章
組立
借主
打水
牧神
洋刀
人柱
電界
極太
回教
産着
板場
歩数
直宮
市中
部材
生血
急談
空木
間引
牧羊
神主
悪人
今上
車代
血合
詩草
別命
付文
持説
天馬
初伝
未草
宿意
世心
地番
大計
季夏
真水
緑土
田虫
語種
洋紙
利他
早計
空茶
長石
客分
産直
相銀
光風
読会
薬害
別刷
数次
新付
村方
客車
体温
葉風
当住
小照
漢和
読人
中味
両県
題言
包皮
所外
親日
貝柱
線上
記文
死中
市協
意字
長者
銀紙
民度
社日
法力
全課
空名
時服
広口
実正
和牛
法理
教区
小歌
飛札
長音
神体
研屋
名数
上絵
各県
前官
湖水
目地
中形
富札
米食
冬着
引起
筆名
自席
軽四
多肉
古兵
本分
用便
右文
不二
白酒
副読
反橋
町会
弓馬
節季
不一
時雨
結語
福音
画数
行道
黒松
公国
田楽
炭火
真面
連理
長流
半球
無才
候文
軍談
満願
要港
上底
草画
路頭
式事
高風
分量
神品
丸本
温石
区会
日歩
定木
悲歌
光明
丸太
冷飯
金札
書式
短見
親書
音便
小節
風位
海牛
神業
単流
徒労
物持
楽音
黒点
酒徒
役付
入声
楽員
場末
席末
郡代
倉卒
天子
原詩
空母
側板
臣下
語族
無水
新味
早昼
仕置
官省
根方
官等
持物
客来
秋雨
手箱
新選
全科
人名
当会
別法
日次
上古
朝会
法界
習作
方体
風向
木刀
同者
毛皮
輪差
図工
春秋
変事
各日
焼売
金円
社命
下線
湖面
切地
小引
好古
世人
未見
所業
草市
売手
水先
南画
学徳
反切
仲兄
笑声
右筆
初給
池心
典例
前章
金言
遠矢
軍役
土色
半切
新地
木魚
初声
校倉
口答
川面
究理
原動
利生
人君
実数
教法
晴雨
本代
公家
口茶
老身
理法
実録
雨空
便衣
小金
心祝
進運
村社
面長
都下
切線
老健
飛地
作例
梅林
女院
紙魚
女童
法科
後指
日長
美身
器楽
年功
例文
礼典
小作
語物
買手
雲表
医家
黒雲
話語
鳴物
黒炭
細流
身中
共助
真勇
唱歌
競市
極書
筆順
前輪
口辺
身形
図法
手負
品等
隊形
新橋
祭事
申楽
地色
国守
油井
生年
世上
原種
博引
城頭
正課
馬屋
雪間
兵長
落丁
球面
浅海
別業
半休
物量
題字
卒然
細雨
焼場
底本
体側
出歯
変数
用木
体言
算式
船医
語部
軍書
主点
楽界
老父
美男
大鳥
徒話
年歯
令兄
切身
気書
鉄分
伝家
遊客
羽虫
相思
売立
進度
成算
先便
放課
目元
目見
無明
着発
水鳥
管長
関数
酒客
後図
作間
差薬
童画
本寺
別辞
鼻水
有産
勇足
極細
官話
石英
上席
石火
太守
結石
名香
行力
面持
後便
仲仕
詩家
無想
白菜
用字
細作
静水
矢面
麦酒
大京
君側
家母
野面
色里
特種
群議
原板
遊里
品番
約数
重席
福徳
雪線
切売
台形
飛鳥
本節
用兵
岩塩
残金
先考
等外
農園
入口
不出
暗中
全区
公魚
福豆
美感
風光
上家
業火
反軍
自社
口気
文運
野牛
径路
組糸
信管
次号
用言
京成
散薬
列世
原頭
小官
手業
好球
同列
古鉄
当身
各階
直心
戦国
金側
相輪
悪病
校訓
世子
整然
戦法
徒然
雨夜
家法
人望
海風
自火
長手
号笛
不言
薬店
芸事
持味
有形
有配
中庭
表芸
苦海
単物
伝馬
内地
売文
海内
力足
底豆
皮下
底意
明週
風波
角力
和国
草体
聞方
雪山
両君
原木
形代
階上
分母
平作
部首
木耳
節用
美景
下記
神人
水柱
校医
悪風
岩木
油菜
外孫
古詩
雪氷
牛頭
直路
無電
通語
両生
初切
新月
香物
平文
初空
見様
成虫
短文
水練
雨気
好望
同筆
令姉
本丸
札差
王佐
院生
社人
門地
大礼
沖天
内室
章節
毛管
帳元
手風
実妹
文辞
上角
倉荷
中老
昼飯
理工
角番
色絵
梅酒
売品
女気
白波
山坂
不急
祭器
祭服
門標
小隊
矢倉
大弓
岡引
勝差
深度
庭石
連名
横根
太山
原物
灯下
勝目
声門
悪事
宮人
別室
親心
明知
差合
平目
平家
失語
曲学
品行
産児
米紙
照度
校生
別伝
牧歌
血肉
遊芸
機先
玉糸
初発
極光
平水
初午
鉄工
散文
流木
建徳
外典
受皿
冬木
船隊
商機
坂道
取分
下役
実竹
近信
水線
荷主
光画
速筆
礼節
血刀
皮帯
願力
回米
各戸
売女
山鳥
富有
工法
雪害
童体
行者
持番
末文
急所
話法
漢意
山雨
順路
漢学
書庫
国原
雲助
詩話
養魚
油然
度合
親電
理路
番茶
色事
取手
全書
昼顔
仲夏
車速
井然
球根
相役
通説
安宿
行実
正出
学都
医界
量感
板紙
姉達
陸続
羽風
未申
不念
院号
富家
投力
好手
家学
節点
大海
洋算
山側
焼物
正真
下風
月利
野良
未着
要図
旗色
船台
親筆
色男
所以
院主
夏山
等角
白丁
世事
花信
心室
功名
美辞
野天
農法
青書
付合
楽日
湯量
銀天
題号
例式
週番
根雪
悪業
成員
主夫
無代
建水
魚田
両全
時人
空目
無血
女竹
手金
指先
農工
童詩
良計
心事
達文
特級
宮守
種族
語草
急調
城代
乗場
界標
真言
大白
芸道
競歩
平打
悪運
右左
寒路
動静
内湯
海馬
才色
刀自
夜軍
教父
法器
国歩
炭焼
立番
区長
定法
数回
肉芽
遊星
上番
相等
金員
書生
前生
塩類
分校
等親
祝酒
取消
早縄
定本
野人
弱竹
上前
町方
手玉
相生
羊歯
道火
流感
水子
国手
同地
水薬
打荷
死命
水鏡
両刀
感官
会式
冷雨
下学
海図
山号
草本
読後
開題
所思
黒竹
局内
札止
冬草
養親
知勇
国老
肉界
町歩
老兄
海月
正字
路側
別紙
当字
心願
等差
筆力
外灯
産室
口絵
重臣
風色
法貨
漁灯
初動
種馬
生者
悪例
数物
外語
助字
頭目
門前
元種
正風
大洋
福耳
茶席
満票
立夏
引合
単文
湖心
東宮
地目
口合
右角
死活
表高
知見
西日
小米
去秋
庭口
星祭
要式
次子
来書
太字
小弟
祝着
小水
物音
実景
受動
帳付
暗線
丸材
馬子
感量
車止
題辞
屋形
死出
長足
浅黄
木地
正文
口説
青梅
帰巣
音訓
富力
温顔
商港
負戦
利高
勇魚
実説
女給
社頭
原由
無給
童子
折目
治山
銀糸
老来
直線
赤金
聞達
年表
母語
軍手
電鉄
天引
道念
近流
平首
夕空
名親
特車
平然
草根
組物
茶庭
見神
治産
先兵
石器
無主
美事
席次
当店
鉄器
知合
赤門
全数
本朝
美挙
外力
声名
差歯
心学
転石