文明
残飯
右目
都県
鏡台
世辞
氏名
年上
強力
礼金
実話
家事
雪雲
語録
正伝
本人
初子
入試
鉄柱
門徒
人心
鼻息
実業
村民
国鳥
長身
出身
正気
大道
目白
有線
功利
短大
本号
手本
音声
東西
同夕
幸先
老年
和漢
有給
部員
酒類
使命
各線
以東
用具
隊員
歌手
電力
油紙
板金
会場
東風
下水
社屋
行員
高弟
答案
漁港
試薬
見栄
全国
山気
方位
曲名
作者
市立
原文
成分
黒船
最長
出自
消息
時流
親中
伝記
時計
辞意
花形
中等
気色
岩場
親父
長屋
冷風
機首
本省
足音
漢方
室内
公用
売店
極地
軍事
根元
汽車
歯車
首相
各人
和食
時短
打者
海中
表音
不作
好感
悲引
波長
先高
真実
遠近
博物
文字
事典
画集
西風
無死
真相
新卒
学究
中級
府県
文末
水屋
立会
文楽
北倉
黄土
治安
大社
門松
羽根
好機
対物
明暗
表面
同大
副長
熱戦
暑中
強心
小康
別館
線量
同等
寺社
月日
東方
文治
小石
作付
不敗
動物
点数
大地
行楽
内実
青葉
車間
都区
国外
側面
音階
村立
日記
客体
左飛
広角
死者
学期
山道
人体
飛白
谷行
意地
陽光
満点
反日
運気
特使
未練
事案
長期
終戦
茶室
定員
親類
実例
青豆
天道
西進
方便
同一
軍部
上面
路線
本所
対人
投機
南東
短期
手法
向学
人里
音信
極悪
公金
小豆
血便
遊園
体重
先進
各社
酒量
本歌
出欠
社員
大臣
選管
黒字
以西
短歌
合板
週内
置物
人身
黄旗
代役
役名
白文
番号
白馬
球場
寒村
野原
悪口
高熱
各行
花器
日時
愛国
電動
和服
悪女
料金
合金
民生
字体
節目
火口
式場
白銀
魚肉
島国
楽章
高配
議会
竹林
山里
歌人
海運
近所
車中
生魚
司祭
大玉
黒土
希少
種子
倉庫
残部
白雲
風速
全会
細身
工業
黒白
手引
建前
絵馬
線区
特大
塩水
校歌
女子
課員
銀貨
器具
長打
省内
国交
名聞
始発
苦言
国風
未来
大形
高地
児童
土中
出鼻
大夫
民間
工具
女心
白魚
文筆
有印
本書
列強
力点
生花
争点
車両
後生
半生
年度
不全
物心
内線
光線
信号
高給
生後
走者
数学
全形
横丁
男物
前節
両日
雨戸
下着
利害
通貨
古式
地表
血球
時差
低速
庭木
商工
作物
同校
氷魚
石門
所作
浴客
板木
同左
屋外
客語
無念
転機
分科
期初
学者
内戦
景品
客足
道県
単品
強弱
王族
州立
海洋
同家
求道
秋水
年産
前者
医大
感想
中央
女王
土産
漢文
乗用
作出
小口
原作
大戦
最強
成魚
風土
大君
同町
親友
分野
仕業
画面
黒人
原子
平地
会頭
次席
台車
色白
体協
最中
産業
多産
表紙
駅伝
同業
中火
子音
文芸
本命
学位
家相
法学
声楽
合印
不学
役所
外人
自動
古楽
予選
大物
対内
陸相
産別
足首
店員
分館
青空
良家
海面
口先
陸風
全線
乗客
分子
先客
神前
歌曲
力作
天空
学部
滋養
機器
区民
地帯
曲者
友人
元利
大手
議案
店長
近代
字面
実物
形見
先見
身内
熊毛
安打
市街
学業
歩道
軍国
旗手
暗部
身代
議連
雨量
手芸
東院
口笛
信教
点差
数量
新都
薬局
兵隊
気功
金物
機動
手中
旗本
口車
悲運
直径
不動
健児
火山
原油
早足
白日
用水
母印
全校
発作
急坂
残雪
小屋
上人
細部
冷夏
空自
弱気
毛筆
水心
心地
成果
自前
火薬
各組
祝電
父母
末学
路地
本当
横顔
試案
口語
合法
年中
近県
会社
記者
公算
金具
議長
海友
苦力
頭取
文書
大役
等級
敗色
竹刀
大豆
所員
借家
食後
必勝
物語
官軍
花束
形式
草花
機電
身辺
道徳
館員
店主
自室
気配
知名
香料
小品
天漢
全員
西口
地声
名前
金文
動意
小雪
代官
中前
浴用
重点
土地
方言
王宮
谷間
始球
赤貝
重文
本番
下作
神父
大声
菜園
会友
水底
極寒
敗者
後記
友好
湯船
大雨
女中
落語
病巣
正体
国庫
不実
車庫
小差
太刀
月代
年始
草魚
使節
人目
早道
病身
山路
市長
中身
手間
主戦
文部
車体
短長
手形
実兄
医長
古代
打線
社説
差金
同港
昼食
農山
海軍
配点
金山
原産
悲鳴
女形
表土
官公
名曲
急火
農地
茶色
中空
前歯
体形
金満
気品
当人
乗員
品種
無病
全文
文具
表題
他所
子女
返球
病原
立方
連休
用事
青雲
金色
後期
利息
店内
水草
見地
新道
出面
母校
前世
対外
教書
実力
水門
空言
音曲
冷戦
生身
実車
栄養
夜空
詩人
相対
各店
薬理
駅長
下絵
軍民
文集
旗印
役目
水車
実体
弟分
風流
温度
院内
産品
大使
雪上
園芸
筆者
当社
最古
遠足
短刀
通所
府会
金貨
校内
内耳
県立
公共
様相
中葉
会期
公取
黒色
元手
金銀
人口
同点
鉄人
良心
深緑
林道
本館
人工
本紙
神木
有機
章典
電線
新手
無知
労農
林間
実父
天命
書作
同村
新緑
童女
合理
極印
競書
海底
戸数
着物
社会
息子
左官
残土
内径
中元
面相
作風
元年
顔面
中間
旅人
役人
国名
台風
赤地
外形
直筆
葉書
左手
夏物
事由
本土
大全
立合
子細
声量
船首
地下
返書
特典
飛球
物品
血管
大火
球形
家電
大川
悪日
長命
後手
単一
子息
病院
都内
同時
州兵
定休
才女
変電
回数
助手
雪原
人力
病人
助員
農産
上辺
手紙
船橋
火力
代物
友達
半日
前頭
大輪
原野
神話
弟妹
様式
人様
洋酒
書店
球児
自軍
美人
院長
巣箱
愛車
元首
手前
無道
大便
西岸
中部
例外
医学
家具
近辺
選書
玉章
植物
果物
言動
街談
水辺
角度
部品
土木
用地
小社
長話
社交
南方
黄色
重量
両校
下位
天平
陸地
遠洋
月光
死神
列車
無名
口数
祝日
次週
酒場
白地
花芽
見本
満身
体調
自信
全量
実相
底辺
賀正
全長
好物
立場
教官
南国
美女
下町
緑豆
沖合
両極
安物
光度
文化
本隊
理数
白紙
戦時
局地
横道
理科
理想
部数
祭神
公海
不平
秋冬
茶会
理由
水利
行間
男坂
強飯
同省
銀行
文語
山野
長調
各回
英紙
軍楽
野鳥
山上
船員
最高
外車
部民
局長
苦楽
切手
社協
組曲
名画
大気
力動
府内
絵図
園生
世間
各地
市電
夜行
車輪
箱屋
工員
後発
作品
水牛
新香
水温
先王
回路
相手
海鳥
信徒
前線
王立
議事
外信
陸運
金利
温帯
番外
白色
真書
白番
時化
副官
歯科
国産
強風
白子
借地
焼肉
場面
学友
駅員
遊休
本店
刷毛
立札
法量
原案
足軽
器械
部局
最初
黒子
景観
都立
愛犬
外見
法相
物議
南部
車種
間合
月数
題材
他方
山田
組長
相場
大小
所信
工高
医事
実弟
自明
小人
高校
漁業
理国
空文
詩歌
白票
近世
公害
出番
里子
遠方
標高
指標
火元
不定
漁民
名残
冬季
岐路
赤毛
白首
機材
空地
女手
公明
連隊
名目
手話
北国
農場
弱者
極右
死体
国定
地熱
口実
右前
園長
角界
東北
商店
満開
小指
次男
交番
黄金
各委
両紙
朝練
何事
風味
手先
南庭
食管
鉄路
未完
横長
初秋
真正
数列
長物
野草
辞令
中佐
議運
朝市
島民
委員
伝灯
信組
愛馬
鉄板
山地
駅名
物産
対等
緑地
主体
漁船
同博
色石
内相
地学
転院
家内
有事
里親
同薬
心身
週給
不意
不法
大男
長刀
別名
横手
長姉
名声
方式
出来
岩船
高速
民家
字引
流血
森林
県土
人類
野球
商船
香典
熱湯
不信
黒衣
春季
愛想
前書
和洋
男児
当来
歯根
選手
学園
中日
目前
所長
初級
美学
人道
小道
打席
青山
動機
官民
天守
白旗
曲線
平野
姉妹
労使
学区
成年
村落
様子
南都
決死
工場
労作
本場
人命
例会
生死
園児
北側
他者
野外
屋内
全店
全集
山間
原理
南口
長歌
加害
口上
高音
活気
言語
月白
野望
歌業
水道
本部
新曲
次長
初歩
市井
戸別
悪行
島内
食料
西洋
鉄道
平屋
見積
病名
別線
本位
電機
建物
山手
新館
自画
特急
半径
死語
隊列
初夏
遠目
台本
商会
法衣
東海
覚書
春物
酒屋
駅前
気温
説話
目頭
部隊
要所
和文
方法
県道
当落
速球
石頭
男気
上役
老後
紙上
大望
開明
式辞
戦車
内面
教員
祭礼
体高
入用
初雪
市町
包丁
塩分
横笛
自分
失投
学名
本気
両院
土焼
定時
女児
公民
代走
国民
下味
不発
係官
人生
時機
立体
給湯
塩味
真顔
家計
動力
無期
内的
横糸
他国
県議
王様
入級
感覚
社名
弓形
部位
反戦
青春
名実
高山
店名
茶話
画題
県内
下手
山村
教材
表側
本港
法事
交通
課目
中世
古寺
風体
部外
火器
定説
世帯
元金
区間
道理
浴室
紙面
戦場
南西
市道
君主
大差
神様
目線
内部
同根
無間
同府
同区
町村
年輪
雨足
上方
村長
牛歩
前期
東洋
協会
進路
前文
地位
徒花
古書
年長
本体
長雨
陸連
首席
口径
根気
組員
子孫
見立
少佐
死生
当行
不変
速達
矢板
香木
活字
岸辺
台帳
安楽
水面
火事
天井
軽協
電池
定形
下意
空手
下図
青天
会館
寺院
府民
洋間
海事
機関
熱意
物置
重度
川下
赤色
海辺
食味
固形
見習
変年
計器
母国
利子
自治
単月
内陸
書記
町名
多客
大佐
知育
手管
内側
州都
少数
芸人
意気
多色
同軍
期間
絵本
悪意
主命
直間
図学
重油
国有
温水
年内
外交
各校
米人
最愛
石炭
電流
天地
戦中
軽油
成金
低温
南側
付近
書道
末路
特有
水分
愛児
全土
後内
後天
教委
伝票
部門
親王
各次
農具
号外
月面
空調
治験
行方
体内
始終
同和
歌会
子宮
使者
土日
早急
横車
北風
両人
美観
王国
声色
電極
連中
旅客
頭打
前例
目下
関取
夜食
遊具
人種
放列
図星
生理
国選
開教
固有
本線
山王
荷物
番付
参道
言葉
落差
金庫
食前
同小
歩調
漁村
果実
日光
耳目
農薬
消極
建材
金字
物流
大群
書物
家庭
不順
商品
牧場
地区
波間
読本
王手
大家
銀色
屋上
笑芸
飲料
美酒
目安
末期
自家
国道
本島
多種
重荷
小鳥
観客
薬事
旅館
高官
年下
小物
気付
食器
各紙
橋台
新書
各位
街頭
世相
静物
年数
天宮
洋梨
神酒
曲目
根本
学会
続開
中道
単打
送料
地場
両社
館長
平気
正札
歌集
本名
先頭
康平
単位
左前
兵器
期日
白土
葉色
右側
最多
切羽
算数
式典
時代
正門
原始
冷酒
北西
日月
熱病
文章
人中
地主
県連
物事
実名
同中
短命
歌道
便器
後部
要員
国対
同右
不問
同隊
客船
冷水
投打
同機
祭文
例年
番頭
切花
子分
町立
女声
商戦
議席
工合
新星
地平
軽重
口元
民意
小犬
雲母
信念
学院
大台
他意
外相
夫役
上手
労相
悪玉
仕様
漁期
天候
観葉
標語
身体
出色
標的
医院
考古
地中
線香
去声
満員
商事
農相
医者
通年
法王
代地
車外
死力
頭角
和室
順番
東南
結末
徳育
代打
子犬
空車
古老
辞典
観点
種目
実子
出先
全社
大卒
学力
先代
運命
糸口
次期
楽屋
申立
標本
土建
山林
薬用
真夏
日付
実母
新米
側近
味覚
海外
主客
悪友
社外
老公
母屋
産物
次官
特会
治世
長老
新入
町議
化学
画材
文民
首都
自力
博徒
中心
英文
和声
他馬
町中
原画
無料
手動
苦虫
対空
右上
周辺
老母
主役
歩合
親子
議院
上期
道標
打点
木札
機内
体育
軍人
元号
初期
法度
卒中
農民
正面
夜長
臣民
里方
野分
売上
後方
西側
部落
家業
都銀
秋風
末子
字形
洋楽
軍隊
英知
弟子
悲願
近習
調度
週休
白炭
植木
兵員
牛肉
火花
半身
公道
前身
辞表
戦記
陸海
府議
左上
毛根
主計
年代
組合
単科
市場
水中
体長
本選
郡部
入念
山菜
打球
農業
図書
屋根
外観
古米
別表
習字
大金
法会
下辺
投手
前兆
外輪
部長
先方
文法
意向
車道
黒石
公園
電場
事業
商人
全曲
地名
書面
名門
陸協
波頭
決勝
人外
空港
半旗
民法
法人
器物
初回
全身
学芸
軍命
他社
先負
水色
細工
期末
都民
身上
空気
同案
短調
図利
大根
議題
満席
当期
寒空
悪法
毛色
原本
道行
元本
付人
絵筆
社寺
電気
父子
栄光
色紙
法案
酒席
外側
終着
初心
兄弟
自身
石神
列島
台数
歌友
商標
月産
労連
係員
春風
衣料
外面
方向
書名
都合
場外
道交
予行
後味
大老
道民
木工
初孫
岩山
好天
身長
通産
空中
出方
室外
客員
同族
用材
神事
末孫
色弱
気心
風習
南洋
大作
声音
同山
何人
水害
中古
死期
害虫
大口
未知
配下
週間
最速
町人
活力
末日
急流
金口
漁火
半量
休園
願書
板前
天元
店先
勝算
山家
曲事
親米
同館
無敗
短夜
天神
各界
両面
強者
上官
定数
文体
初産
右手
白書
友愛
勝敗
古着
候鳥
王家
魚心
先入
漢詩
本音
人文
無線
肉親
本局
古様
曲芸
高話
漢字
大方
具合
各国
気合
早期
熱帯
本文
門書
薬代
雨林
最短
内外
前部
花輪
知人
船上
風物
車内
分会
原題
新説
金品
海路
隊長
同名
指数
人出
人徳
名代
白衣
住所
大寒
前方
階級
県花
細目
口内
部族
親分
口中
両親
親族
白球
等身
対極
民話
学徒
老酒
老人
左目
地銀
単調
本数
気味
表札
風景
学童
決選
国歌
学長
念頭
後代
気力
度量
円形
民主
北東
図案
正目
学卒
同数
絵画
楽曲
新聞
消印
人足
野選
両船
首長
口頭
弱点
両機
類書
最小
同位
小玉
洋画
商法
目的
区立
人員
満天
白夜
大雪
文面
入管
洋名
残高
松林
近親
季語
立法
調子
美徳
不仲
打順
法体
月例
近海
最良
当主
美的
器量
会長
星空
同店
集題
助役
名品
小男
油田
目玉
主力
北岸
作戦
船旅
車線
兆候
古今
教主
利便
冬山
国父
語気
知事
高卒
面子
山形
国土
汽笛
人材
白熊
生計
場内
先番
水田
民放
食材
写真
昔話
次節
時事
陽子
夕日
題目
文教
秋季
女流
夕飯
和平
会員
中倉
立地
春日
事例
客室
無神
労組
学年
勇気
長計
自伝
大山
同市
教会
同高
浴衣
神代
家屋
日用
民業
子羊
道場
無実
路面
牛車
肉体
生薬
秋波
定年
力投
民芸
死球
園内
内局
海兵
男女
国教
本箱
鳥類
選良
台所
予科
空軍
生来
洋館
長所
弱体
調書
生肉
記章
両省
海水
山人
直近
身命
本意
灯台
電材
末弟
手順
美風
思想
無機
徒歩
海岸
兄妹
体面
好事
古巣
業種
力学
主筆
芸風
人気
極意
自説
正副
同級
真意
広場
生命
部分
先生
火星
本家
林野
代金
左足
学校
科学
地方
雨期
引分
魚体
親交
昨季
農村
学科
積年
無人
動画
先人
緑色
校門
事後
東部
石室
文相
外聞
市民
油絵
石材
親水
下屋
花車
周期
実家
地元
前庭
受取
底力
車列
遠景
産声
西部
好守
社業
青果
係長
小学
小包
年賀
市内
半期
多角
田畑
外事
農林
司教
秋空
洋食
小声
年次
本物
米作
屋台
水気
毛糸
入日
役員
左側
徳利
利札
近景
新品
本社
水流
教徒
顔色
大皿
寒気
節度
風上
夜目
急場
部活
上流
大関
市会
上着
赤軍
空白
明星
群島
通期
本題
字書
女神
船場
公安
地理
人前
高札
首位
州法
西方
上司
点前
都市
特命
当事
好意
石庭
手羽
工学
梅雨
苦味
庭園
部下
竹馬
同書
漁具
大木
実利
親元
水球
立話
水兵
耳元
新春
風雪
山男
古来
市有
各省
女体
親方
本山
原人
死相
次代
大業
土足
天気
生体
上位
番人
列石
自国
長短
早春
国体
冬物
電子
必然
行場
和紙
反感
花道
上白
外貨
集客
起点
原点
後者
南北
成体
反動
玉石
内科
要人
開運
大祭
都会
音頭
教科
地面
悪血
特産
文身
王位
街角
局部
図画
他人
衣服
兵力
目標
頭金
業界
主題
語学
麦茶
産地
記号
古典
人物
本屋
気分
下級
表意
草木
祝辞
富商
思春
体積
足元
野花
文理
頭数
無言
共和
産科
主文
頭皮
石油
高低
街路
家長
深部
天然
定期
年金
多分
体力
目録
特色
転作
楽器
秒速
物体
国家
初戦
高利
動議
列国
気風
手数
祭具
手練
見方
右岸
公立
本流
南倉
官業
新車
通念
単語
各局
前半
軍機
言下
北門
生気
所産
日課
老木
女官
木材
英才
青年
極少
高温
老害
活路
長官
無配
年頭
雨水
都心
返信
家路
自助
利付
合間
両方
人頭
出目
手首
線路
終身
文月
同国
指輪
兵法
工芸
色街
特例
原形
雪国
本戦
文科
信金
養子
積雪
灯油
積立
大空
水着
主観
特区
曲想
何者
日向
大事
集名
学内
勝者
電器
所内
低音
正月
土物
大学
茶柱
下面
試練
取水
風神
中流
特長
最上
最深
船体
体毛
知命
頭上
色気
住民
身元
雨風
天体
雨雲
外来
半月
局員
水軍
石工
両側
年間
病苦
女坂
馬番
給料
主席
予算
意表
不覚
後宮
宿主
辞書
小児
戦前
心底
医局
土用
不和
人手
周波
初代
米兵
品物
細君
区内
連投
赤子
番犬
風船
春期
歌声
白米
面積
中期
金魚
大軍
電波
法文
外部
年号
美顔
数字
芸談
自主
足場
各氏
開村
仕草
書類
体外
地酒
村議
功労
国事
原料
富農
横町
小目
学級
細字
洋上
真空
究極
曜日
老親
春雨
同社
司法
麦秋
土石
母体
野辺
子役
仲間
文様
外伝
氷山
女物
生地
電信
所用
本心
人数
住人
作家
店頭
正味
集落
全館
夏季
勝機
道具
出足
外角
神風
先手
天使
病室
悪役
機械
有徳
宿命
時速
話題
新法
真冬
人魚
打数
白人
屋号
名所
実地
会席
和名
洋服
年月
手口
行内
教頭
利点
新人
大漁
漁場
多重
議員
耳鼻
楽所
内輪
校庭
当代
図式
温室
用語
名車
来客
不満
読者
右足
力量
手札
気候
画風
画一
大陸
手鏡
全席
年配
宿世
長旅
公社
陸上
最新
汽船
新薬
定例
開口
水上
夫人
大半
最大
出口
茶番
夕陽
初春
公司
特番
季節
伝令
定食
地形
校長
仲人
親愛
画家
低空
大麦
朝野
家人
同紙
地力
所行
熱気
農協
漁協
残火
深海
民兵
宮司
食肉
母音
外科
産年
名人
便数
農家
事前
夏期
国軍
月内
貝類
水位
衣類
部会
軍転
電灯
小委
薬湯
理学
有料
茶屋
長女
弱火
同種
戦力
両国
初日
名水
今期
戦線
無数
中年
対案
果肉
英字
音量
大願
多国
角材
町内
童心
国会
土台
多岐
伝説
男子
船便
労力
直球
主知
景色
達人
強火
反古
消夏
農学
浅緑
天才
灯火
音色
校区
上級
同島
白金
終末
図表
要録
教養
戦友
乗組
度数
社内
口調
荷台
母子
小農
新種
宿願
低利
夕食
労音
松原
湯気
人家
風雲
下方
村人
両様
管区
本元
畑地
空間
外野
競馬
最終
選者
反旗
名作
神道
不治
手足
公庫
国旗
芸者
仕立
地図
芸名
手水
短観
階下
火種
香道
客数
競輪
順位
母方
大工
前金
天文
山中
母親
明器
最低
山川
記事
歯石
田園
空席
食品
船頭
最後
少雨
名字
悪名
次元
薬品
県民
高台
貨物
月間
電車
生物
白星
詩集
末流
大身
花街
戦意
用品
国内
時給
天日
新芽
町民
高足
受章
中秋
水虫
各部
和歌
望遠
行来
筆頭
天下
父親
部屋
世代
天火
機会
各所
回線
生業
色調
教室
日中
上空
前回
集魚
学生
局番
林地
大兵
荷重
大王
景気
民宿
取次
海上
満面
食用
具体
関門
最悪
光熱
主食
年商
行年
病者
学風
和風
主人
同委
世界
軍配
春節
関心
直前
局面
品目
議場
王者
白石
商用
時分
水銀
半数
側石
同相
商社
魚類
北方
薬味
西南
役者
冷茶
客席
幸運
中温
食物
鼻血
念書
旅先
単勝
同心
両氏
船倉
高木
家元
月給
小麦
真上
船長
人界
細管
雨天
冷害
童話
王室
末席
機体
定番
軽量
外周
司書
夜中
類例
羽毛
半面
道路
頭部
子弟
神社
参事
光速
金目
品位
中小
公使
単身
新家
少女
実定
外国
手元
時点
路上
天国
同所
風雨
口火
古都
血道
府立
別人
役場
本業
方面
前面
民事
先物
市議
親指
省油
名物
大目
法定
半目
陸軍
前週
大国
浴場
赤旗
自筆
死本
牛女
単形
長男
写本
王朝
人屋
前夫
機上
問屋
原発
料飲
海原
年初
下部
同形
流説
虫歯
多面
白鳥
学界
海神
両手
商業
水量
社長
軍用
夏場
毛虫
東側
道順
重力
地点
知的
仕丁
題名
急戦
日数
目上
大字
中学
野菜
少年
学説
大門
数理
黒板
大本
深雪
強度
古手
有無
多選
念力
場所
薬物
水深
戦列
男色
月次
産油
山車
本宮
生家
両者
夜間
花火
室長
根底
門戸
民族
暗雲
農道
人間
点字
立国
短詩
牧草
文言
州民
外電
山内
当地
福利
下地
材料
朝夕
水力
無休
正本
器官
洋風
神童
通路
笑顔
所定
管内
地上
書家
土器
課題
白面
新進
理念
風車
海流
内角
草案
首輪
深山
同行
定石
生水
身分
初老
他行
有数
空力
黒星
火付
機種
人形
赤字
国立
自発
上部
草屋
秋口
欠点
船主
弱音
流星
有人
新内
科目
本国
入歯
太陽
光景
縄文
小説
土手
高原
動向
文物
法主
人民
光量
朝臣
北部
真心
球界
外用
全馬
末代
地球
顔料
小路
未然
速度
計時
関節
買取
無形
単願
理事
成鳥
地代
対岸
心理
国王
隊商
半島
生音
水産
少子
寒風
文学
石柱
客土
内心
新駅
本薬
出前
法要
当局
文庫
形相
電算
大会
井戸
医科
風水
館内
副業
空前
戦火
落果
平安
前列
成案
英語
自体
足下
大人
便所
医薬
小雨
生徒
各種
器材
大所
名産
春宮
予兆
音楽
薬方
課長
王子
続投
祭典
養父
船具
勇名
機運
商号
通帳
全力
目先
木星
国力
写実
家族
中産
前月
町長
水運
功徳
市外
内野
全面
種類
年会
物理
実年
行事
業者
当方
手帳
鼻歌
重体
初球
弓矢
人事
国語
同院
番組
反共
終章
良薬
外様
王女
清風
結社
名医
用紙
新生
冷血
安手
不利
切実
完全
横様
無体
肉太
意外
心的
好調
無類
高等
間遠
明細
短小
大力
円満
年少
多病
物的
正業
肉細
強健
馬鹿
便利
伝法
横風
無筆
高直
未定
利口
平明
小味
人的
口早
不様
無学
口軽
地味
高位
上品
博大
生直
平等
足速
活発
半間
中高
軽少
高大
無茶
火急
清新
皮相
残念
有利
不整
必死
順調
極度
多幸
強固
平板
光栄
多芸
古風
未読
陽気
茶目
見高
本式
苦手
有力
真黒
下等
足早
不調
完成
高名
地道
公正
丁重
相当
気軽
必要
病的
高遠
全的
低級
水平
高度
無味
実直
積極
不用
重要
大様
気短
深遠
小体
極大
失当
不等
横着
強引
量的
失礼
熱心
太平
反対
老弱
然様
法外
不良
暗弱
大童
少食
深切
感心
足弱
不当
不要
多感
速急
軽便
健勝
下品
特別
内気
不明
遠浅
軽度
平行
器用
美味
広大
流石
不同
小食
好色
法的
左様
冷静
正当
多大
無害
博学
切要
温順
着実
多才
寒冷
有名
丁度
身重
短気
老練
達筆
低調
不毛
整美
安定
同様
公平
公的
勝気
本望
健気
健康
気長
不服
無理
広博
多様
安心
真赤
未開
内福
分外
利発
神速
親切
勝手
不味
浅学
詩的
親身
英明
安気
無残
温良
急速
別様
文弱
幸福
無芸
順良
達者
長大
大風
不徳
声高
安静
重大
利根
細心
大味
老実
主流
中正
元気
平和
生新
遠大
公然
無礼
希有
真当
自然
気楽
不便
短目
満足
公式
黒山
正直
分明
悪徳
気早
口速
深長
真暗
皮肉
病弱
有意
少量
必定
不運
見事
手軽
直角
有用
気弱
多目
小量
大切
案外
無事
多望
新式
広量
心外
真白
鉄火
多事
高級
間近
希代
無根
不束
極道
有害
徳用
共通
先安
方正
好運
無力
身軽
学的
安全
無法
調法
無用
強気
主要
静的
笑止
同然
強的
手短
全一
大変
目深
手近
明白
動的
上乗
正式
上等
無心
不正
正大
順当
安直
目茶
温和
平静
勇健
真丸
真青
外的
強大
無口
肉的
気重
真直
放題
自由
無様
良好
大量
不幸
当然
不安
弱小
望外
身近
多量
最下
小心
健全
極小
口重
有望
真昼
全部
平日
深夜
時間
家中
道中
以来
毎秋
終夜
死後
来春
毎朝
昔時
明日
明方
時折
来月
半分
今春
土曜
春先
目今
場合
本日
夜前
元朝
以後
両度
産後
今回
時下
昨秋
来週
早朝
満目
平生
午後
夜半
今季
昨夏
来年
当分
全体
向後
時期
結果
大数
行先
末葉
当世
直後
客月
元来
昨春
水曜
来夏
木曜
席上
近年
今次
反面
後半
本年
初年
昨冬
次第
太古
毎次
事実
年末
明年
戦後
客年
行末
安息
大挙
前後
去春
半季
今後
次回
前日
下期
近来
去年
長年
後月
今夏
他日
他年
他面
先夜
今年
当年
昨今
同夜
金曜
昨月
朝方
少時
昼前
客冬
昼間
火曜
最期
今朝
数等
昼中
当時
時季
日毎
夜来
毎時
今時
当夜
初頭
毎食
昨年
年来
毎年
以前
昨日
毎秒
毎月
当今
毎期
以上
夕方
前夜
平年
方今
当節
早秋
今月
今夕
夜分
夜毎
寒中
同期
本初
昨夕
満都
今冬
帰路
白昼
半年
倍量
月末
先年
先月
後来
毎回
午前
毎日
同年
終年
先日
当初
毎夕
半時
半夜
昨週
後日
全日
当月
日曜
前年
多年
例日
後年
後世
休日
多数
日夜
未明
月曜
毎週
同月
週末
終日
満場
先度
各員
城内
病後
昨夜
毎度
大体
陸路
元三
本来
近時
昨朝
空路
結局
各自
新年
初度
今度
正午
生前
明朝
去月
近日
今秋
毎号
毎夜
来秋
先週
当季
大昔
同日
最近
連日
初冬
半道
雨下
終生
当日
今週
当面
終世
冬期
長日
月央
今日
今夜
印加
水書
深化
直送
外遊
間食
予言
自決
伝言
消灯
努力
成敗
特待
通交
起筆
欠落
開会
転送
節米
通関
門出
湯治
特注
試行
群発
連発
試合
放置
引受
熱願
横行
商談
転化
下宿
重合
栄達
開通
欠席
後送
受配
取材
卒業
低回
北面
消光
高唱
生動
散点
口外
休養
買春
散歩
約言
失敗
主管
固辞
止宿
速成
要約
差配
安着
票決
家出
結球
配管
予想
出府
察知
休神
同車
集計
送波
行動
静止
配信
配給
外出
共生
照合
意思
関係
相乗
同化
発心
着色
力泳
病死
曲言
水食
細説
照明
当番
明言
合同
初出
力説
入港
参戦
分岐
計画
放水
念持
出金
固化
植皮
外切
信服
合議
乗馬
和楽
念願
同流
積分
参朝
内談
東進
実写
急落
出札
合体
力走
予覚
標記
自活
合宿
開票
野宿
着金
引用
日参
前進
参進
着想
固持
清書
植林
内命
群生
宿望
訓話
見分
満水
新調
返送
分散
内通
付言
選出
開国
会合
自学
合意
力戦
終止
直覚
分配
来島
追録
作業
同定
思案
老成
変改
立見
発音
競争
失速
参宮
号泣
下見
行商
群集
下放
約分
特約
放電
転回
予習
参考
公言
伝来
開門
用心
単行
分化
見聞
加階
変名
予知
入局
直上
通電
連結
直面
引見
完歩
量定
全通
悪用
上書
長考
結成
作図
成形
愛用
治水
作文
決起
計算
通学
仲買
申達
遠出
変位
通算
代書
乗船
省筆
協定
植民
投写
自転
休心
考案
登院
投身
内服
筆算
借入
案出
開発
帰着
伝達
分家
建言
入来
転地
消失
列記
教育
合力
入信
大書
消散
配合
安神
北上
発出
送別
陽転
考究
説教
直観
化合
交信
塩焼
発電
訓電
手交
付課
返本
赤熱
出仕
帰山
残害
訓読
配付
送信
出漁
転出
声明
入城
始業
調理
習練
代表
協業
進発
林立
細別
目指
登板
変約
客観
問答
仕官
帰服
帯電
改新
来院
協調
出水
分業
終漁
送配
乗算
給水
静養
休部
注目
飛散
転変
来所
開札
水泳
入場
強要
発走
辞去
代言
老死
血戦
写植
投球
転写
変転
表出
愛飲
着水
順礼
入札
司令
早出
散水
集配
単作
投書
談合
集金
分流
代決
協議
来日
帰休
決算
給血
熱愛
食害
対置
放送
着岸
想定
出炭
苦学
標定
終結
不参
入部
整流
選別
答電
訓令
思料
説法
大病
列挙
指名
配流
自記
代議
思考
感泣
老化
送風
回想
先行
詩作
落石
命令
死産
欠礼
行使
起案
流用
工夫
小別
教訓
同室
直売
節電
付議
完敗
買物
集散
合成
流行
入館
配本
心労
特進
放神
転落
発議
記帳
通計
回議
改正
下向
交配
参照
朝礼
休学
洋行
指向
配送
起算
工事
鳥観
直言
欠場
合算
帯同
発生
進学
完投
加工
流転
新作
直感
追求
落城
気化
受光
由来
用談
出芽
自負
代用
改印
建都
試写
体験
周回
相伝
集成
開帳
低下
包帯
定置
入院
口約
暗唱
配電
遊行
追記
会見
公転
点火
内祝
希求
分有
失業
知覚
思念
帰化
工面
自愛
議定
休息
入省
弱化
受業
改題
回帰
死去
代行
当直
協和
帰投
分水
思量
同着
早世
化石
運転
入庫
伝習
自立
出発
集貨
練習
失笑
考察
悪化
連戦
連打
散発
才覚
折半
分界
相愛
読図
上陸
出題
転位
起用
対立
心服
流出
上木
所期
発起
帰省
回遊
出所
電話
化育
区分
変身
流産
反落
整体
暗算
帰順
自乗
多食
発熱
和合
集中
実行
死守
下付
羽化
失神
発問
放鳥
続出
落手
加入
放出
周知
引火
書写
作画
反転
改作
通行
代作
選考
調節
登場
立案
切開
代筆
東上
小売
来場
生成
塩化
調合
起工
改行
協同
発会
出船
回心
指定
活動
通用
図説
軽食
倍加
付置
変死
放散
歩行
真読
対当
特選
帰朝
遊泳
具申
借金
言上
飲食
入梅
当選
苦行
来館
成約
労働
焼失
安産
助力
植毛
売買
交合
入朝
追放
頭書
消音
連想
直進
共用
学問
登城
結束
開化
化生
類焼
実見
直交
注進
変心
投合
土着
耳語
両分
集積
商売
道楽
内観
筆記
発動
板書
遊学
暗合
結合
両立
分類
黄葉
参学
塩梅
東道
半焼
印行
挙式
養成
放心
開業
発声
大言
入浴
来観
犬死
会議
雲集
書見
目送
入定
中立
強化
入植
出土
必着
整理
定植
加速
命名
伝送
受命
差別
仕度
来校
参内
要談
花見
通院
引算
配転
静観
競売
公開
形成
着用
直読
通観
休校
連取
小便
内包
成人
約定
配色
度外
味方
続落
合図
集合
作曲
血書
付帯
味見
計量
着地
下校
自生
化成
特筆
高調
走行
公選
連作
筆写
分宿
美食
参入
送金
開板
完結
進行
動員
宿直
代理
付会
使令
見物
和協
進上
入隊
決行
信用
大勝
実感
活着
共立
苦心
定着
筆談
実用
運送
好投
転成
熱中
挙用
建議
出港
速決
給付
朝賀
散大
調味
徒死
手当
外食
反命
落選
登山
動作
選歌
出社
欠食
左折
着信
多発
生録
白黒
対話
台頭
追考
下乗
海食
進入
使送
出国
仕分
清算
代願
打開
進出
連敗
育児
開放
行持
返事
入村
徒食
調印
回向
入荷
転校
内約
好転
欠配
観念
大敗
速記
飛行
空想
入北
始動
流下
参列
転調
生育
合計
定位
対決
入社
放歌
止血
落着
回答
敗戦
録音
分列
配向
消火
照会
風化
底止
着手
出入
直下
下命
達観
発進
栄進
手記
改選
運算
自習
要求
係船
生産
発光
横死
受注
着衣
交付
電化
低唱
送付
臣事
発令
上船
戦争
先後
筆答
試作
参究
投薬
表白
発注
生起
参上
自給
失調
試問
内達
仕事
約束
冷笑
着工
入道
参府
多言
連記
着荷
同意
通知
帰社
定立
改定
連合
全敗
投出
付録
放熱
直流
連係
下山
放火
早産
赤面
返金
出向
決心
低頭
立身
録画
同調
親祭
病欠
使役
曲折
直結
令達
公約
帰結
売春
出店
特売
学習
助走
選好
連乗
生食
記入
消長
算入
助長
出動
休会
手書
当用
休業
作表
兄事
所管
着筆
転売
受給
重刷
完勝
連立
行幸
望見
同道
来談
強打
対戦
相関
元服
別売
暗記
校合
参着
帰農
足算
周遊
計数
待命
帰来
予感
受理
流動
転入
代休
出火
入線
給養
出席
多用
特集
内借
的中
相続
緑化
指図
着意
開園
失念
達成
別送
帯出
対談
同宿
入校
入会
低落
調進
刷新
別家
他出
消去
表決
読書
意味
指令
回生
点灯
生別
楽勝
大別
会同
強直
注意
手続
養育
用意
下野
分売
協力
固守
物色
打電
飲用
生長
欠課
運休
選定
順行
節録
連続
落馬
挙手
区画
実験
投入
調整
改元
取引
下知
下船
談話
工作
注力
安置
変動
感化
観察
給電
対顔
流通
根治
送達
回国
極言
投下
究明
全勝
切言
位置
来朝
集会
開校
発火
会計
参会
配線
入国
大観
左右
教化
回申
消化
信愛
回転
注文
開店
発信
集録
対面
強調
山積
入水
進達
調薬
愛育
他界
人選
外注
自足
急送
明察
必見
平方
内分
首唱
配列
直談
連用
近道
配達
会読
参観
登校
聞知
説明
登記
転進
転用
予察
活用
卒読
加味
全治
小計
発送
用船
記念
下車
自覚
重用
帰京
勇戦
臣服
急進
特訓
案分
回付
選炭
徒長
実習
死別
意見
答申
配水
実働
輪作
節食
言明
他言
決議
改悪
転宿
炭化
出馬
赤化
着帯
分村
宿題
半周
見学
服薬
火定
直話
感光
特出
反目
教練
交差
公売
加算
族生
参賀
回読
自害
観光
結実
会話
重唱
矢印
内定
入園
帯刀
早死
強行
想望
見参
等分
建立
観戦
感知
内向
共感
散開
協約
代位
変成
間作
清遊
中和
食事
意図
下落
発願
打算
着電
苦節
運行
入手
自首
草食
細書
楽観
決定
祝賀
発明
入室
加筆
持参
参画
産出
発意
完工
失点
遊説
開局
出立
折中
水死
内省
共栄
通商
先着
流会
回訓
歌唱
着火
治定
風聞
陸送
結氷
速答
勝負
生息
回折
同感
官給
心中
特定
所望
長欠
育英
出血
直行
議決
輪転
自選
急冷
空発
完走
自問
愛好
選挙
流失
育毛
産休
改名
近着
開立
休電
受用
入学
植字
追究
生活
追加
発達
所要
連帯
関知
不足
着服
商量
変化
談笑
送出
徳化
続発
通信
子守
下馬
白熱
来店
受験
陸行
両用
通読
開館
育種
大同
加点
集結
面会
失火
立食
失望
発赤
作成
急行
合点
算定
後見
配置
共起
切死
勉強
明答
速写
集線
成道
送電
下城
発育
休止
参向
反問
配員
先勝
焼死
予期
交流
休戦
平定
反発
野合
作詩
切願
験算
発車
発向
競泳
具有
登録
成業
発色
分乗
送水
類別
変速
整合
落札
起動
放言
面談
完売
区別
予定
受電
焼香
回送
予約
進水
建国
自白
加重
帰港
料理
分極
記名
発散
伝動
自省
起業
開場
朝食
目礼
失言
転向
側聞
成功
改組
安住
入選
静思
送球
帰参
配当
直立
温浴
風食
氷結
出走
量産
連行
同席
管理
共同
特配
右折
音読
整地
試飲
荷電
訓練
助言
始末
変節
愛唱
放牧
関連
研究
対照
特記
下達
参集
協商
想起
積算
分別
転置
試走
商議
印字
着目
転記
調教
合唱
転生
上申
連勝
出庫
挙兵
切望
電荷
悲観
必読
上達
所持
文通
中止
明記
主唱
口受
敗北
金打
重出
残業
入京
親近
発芽
放念
立言
養生
心配
競走
通話
食言
会戦
鳴動
南下
変色
育成
固定
発表
上京
熱唱
落書
作用
追試
給油
印刷
発覚
競合
入湯
助命
発見
通約
放校
理会
野生
観照
発案
感服
後進
合流
発売
求人
帰館
苦戦
少考
行進
直通
広言
動転
売約
記録
改号
勉学
続生
伝道
持続
合本
風発
合作
出品
交遊
細分
回礼
自作
分合
感電
来遊
勝利
入所
味読
出家
神化
残置
入力
願望
教習
急転
自書
出世
固着
試算
放談
結集
組成
旅行
試食
習合
参加
集束
連関
放下
選曲
便乗
目算
改札
決別
付加
信心
加給
給食
分地
流入
落筆
決意
受付
高談
自重
投石
改変
写生
課金
上気
大食
訓育
加熱
公表
落球
運動
入漁
想見
返付
急追
多読
分光
服役
散見
種別
焼成
口達
期待
感受
分筆
来社
集約
散会
合戦
開所
返答
内助
書置
愛読
活写
先取
発行
火食
所有
答礼
発言
早着
係争
急死
分立
失心
号令
着船
本有
算用
服用
帰一
入行
流連
直書
伝聞
客死
栄転
南面
高言
会商
水浴
遊牧
節酒
発病
節水
変説
休館
出生
落下
南進
投宿
内申
着生
調和
伝写
遠望
列席
代読
返礼
代参
出願
集荷
進化
転業
改心
進歩
敗走
行軍
反省
唱和
建白
来着
行水
算出
手写
順化
注記
失明
正答
世話
見当
多作
続行
改良
大息
点頭
上下
転戦
表明
登極
整列
開院
前借
求愛
代置
起草
菜食
船出
肉食
目印
転借
配分
試験
進級
成長
待望
画定
連動
祝福
注油
全開
予見
西下
火中
受信
運開
転住
決着
指教
立願
下問
決戦
待機
交戦
周章
通夜
流伝
発給
特発
先決
合一
加配
考量
横転
親和
帰国
空転
別注
通達
落命
相談
開始
列立
乗車
等化
分節
成立
同船
高進
別記
卒去
西遊
給仕
出荷
開城
発足
発想
節約
表記
先発
出場
馬食
出力
軽信
進軍
戦勝
全休
送受
戦死
苦笑
順守
焼身
付着
転身
注水
入内
発着
輪唱
交感
内切
手配
投票
挙行
先議
代香
出産
通園
急変
返品
司式
使用
送話
仕付
変調
借用
終決
観望
後続
飲酒
雲散
注入
出兵
放流
唱道
電送
公有
遊歩
試用
前売
立売
店番
文選
整形
定住
熱発
行列
生害
先達
入電
希望
公定
門番
開花
代入
転学
共有
美化
登用
落後
共鳴
会食
対生
出頭
利用
同乗
要心
力行
大成
借問
入府
熱望
着席
入門
休場
終息
競落
計上
司会
対語
成育
開平
向上
対局
交代
追給
内用
前記
付記
加持
要望
対校
調練
感動
病気
返上
命中
作歌
省察
追想
引当
直答
返辞
練達
会談
愛着
苦労
競作
上場
長生
落葉
来集
変通
変形
色刷
実戦
引決
配車
去来
来会
校正
案内
落第
進言
挙止
落成
飛来
暗転
愛重
通分
作動
手品
別言
運用
平分
助成
輪読
開港
転読
終業
開戦
自失
転乗
入金
試乗
指南
南中
全焼
陸生
負荷
起立
調達
返照
研学
遠泳
相反
着陸