文明
本領
残飯
右目
都県
素子
鏡台
世辞
氏名
年上
強力
制服
礼金
実話
常識
家事
低額
技術
雪雲
語録
正伝
本人
初子
入試
鉄柱
門徒
人心
鼻息
実業
村民
気質
国鳥
耕地
長身
出身
正気
大道
目白
情報
有線
功利
余波
短大
職業
本号
手本
音声
東西
同夕
幸先
老年
和漢
性悪
有給
部員
酒類
使命
各線
以東
均等
用具
総力
過程
隊員
歌手
電力
油紙
板金
個利
会場
東風
下水
通常
社屋
行員
高弟
答案
漁港
格差
詩情
試薬
見栄
全国
山気
方位
曲名
作者
市立
原文
間断
成分
黒船
最長
出自
感情
消息
時流
法務
親中
伝記
金属
雑則
時計
辞意
花形
心情
中等
気色
岩場
親父
長屋
冷風
機首
本省
足音
漢方
総菜
室内
公用
売店
極地
軍事
課程
根元
汽車
歯車
首相
各人
和食
時短
打者
海中
表音
不作
好感
皮質
悲引
波長
先高
真実
逆風
遠近
博物
文字
事典
素顔
画集
西風
無死
電圧
真相
新卒
学究
工程
中級
府県
有税
文末
水屋
立会
主幹
文楽
北倉
略字
貸間
墓列
黄土
治安
大社
門松
羽根
築地
好機
対物
安保
根性
明暗
表面
同大
仮説
副長
熱戦
暑中
雑色
強心
小康
不備
別館
線量
同等
寺社
精度
白布
月日
東方
文治
小石
税額
作付
不敗
文句
動物
点数
大地
行楽
内実
高検
青葉
車間
都区
賀状
走資
団地
国外
側面
経常
音階
村立
日記
格好
運勢
客体
左飛
広角
版元
死者
学期
山道
人体
婦長
飛白
谷行
意地
鉱山
総数
陽光
義妹
満点
反日
確度
運気
金堂
特使
未練
事案
長期
終戦
茶室
修業
定員
仏像
親類
実例
青豆
天道
西進
測候
感性
方便
同一
好評
軍部
上面
路線
本所
対人
投機
主犯
南東
古銅
特効
塩素
制球
短期
手法
河原
向学
人里
政調
音信
極悪
公金
小豆
血便
遊園
体重
先進
各社
酒造
酒量
本歌
出欠
社員
大臣
油性
選管
黒字
以西
品性
短歌
合板
週内
置物
人身
黄旗
代役
役名
白文
税調
罪人
番号
白馬
武人
球場
寒村
名士
野原
悪口
高熱
各行
花器
日時
愛国
黄粉
電動
同格
和服
衛生
悪女
豊作
料金
金額
合金
実情
士官
民生
字体
節目
財務
府政
火口
職場
式場
書留
白銀
魚肉
識字
厚相
島国
楽章
高配
議会
竹林
山里
歌人
海運
近所
車中
生魚
正犯
司祭
公団
大玉
黒土
希少
種子
倉庫
残部
現状
白雲
風速
全会
細身
工業
黒白
文脈
手引
判事
建前
業績
絵馬
国政
線区
特大
塩水
校歌
女子
課員
非業
銀貨
波状
器具
同率
居所
長打
省内
国交
名聞
始発
苦言
国風
未来
大形
仏体
高地
史実
児童
土中
講師
出鼻
大夫
民間
横暴
工具
神経
商務
女心
白魚
間接
文筆
有印
本書
列強
力点
生花
平常
争点
車両
総務
後生
半生
年度
不全
物心
情景
防犯
内線
光線
運輸
信号
高給
生後
走者
数学
全形
横丁
男物
前節
両日
雨戸
信条
下着
利害
通貨
古式
円堂
地表
団員
最貧
血球
時差
停職
低速
庭木
商工
作物
同校
人災
氷魚
石門
所作
浴客
板木
同左
屋外
客語
保安
無念
転機
関税
分科
期初
財団
学者
内戦
景品
客足
木版
道県
単品
強弱
王族
男性
州立
県境
程度
海洋
同家
圧力
世紀
求道
秋水
燃料
年産
外務
前者
任務
医大
感想
雑貨
中央
定評
謝意
女王
土産
漢文
住職
資力
団長
乗用
作出
小口
原作
大戦
史学
最強
成魚
風土
大君
同町
親友
分野
総局
仕業
画面
黒人
原子
同性
平地
定率
会頭
地検
次席
評判
台車
色白
体協
現職
最中
産業
多産
在米
表紙
領野
駅伝
同業
中火
子音
文芸
本命
学位
家相
法学
声楽
合印
不学
役所
市価
外人
税金
自動
古楽
花弁
故国
初版
予選
大物
対内
陸相
産別
足首
店員
分館
成績
青空
良家
内政
海面
口先
陸風
全線
乗客
分子
酸素
先客
神前
歌曲
力作
天空
学部
滋養
機器
職人
教授
季刊
区民
有限
地帯
曲者
友人
元利
炭素
綿糸
能力
大手
議案
店長
近代
字面
実物
形見
牧師
反故
先見
身内
熊毛
幹部
客舎
安打
木造
温厚
祖母
市街
学業
歩道
軍国
旗手
暗部
身代
議連
物価
雨量
手芸
重圧
東院
厚情
現象
口笛
信教
点差
数量
中型
新都
技法
薬局
兵隊
気功
金物
効用
機動
手中
旗本
市制
口車
悲運
直径
不動
有職
健児
火山
原油
早足
白日
用水
母印
全校
発作
急坂
残雪
小屋
追肥
上人
細部
冷夏
空自
弱気
暴投
毛筆
水心
心地
成果
自前
火薬
各組
山師
祝電
父母
末学
路地
人質
本当
横顔
試案
口語
合法
年中
近県
会社
記者
公算
金具
条約
議長
海友
苦力
頭取
文書
大役
快楽
等級
敗色
竹刀
資料
大豆
実態
余人
氷河
所員
借家
食後
必勝
物語
官軍
資財
花束
形式
草花
機電
身辺
道徳
館員
店主
自室
要領
気配
知名
香料
小品
天漢
全員
田舎
西口
地声
手職
名前
金文
動意
小雪
代官
中前
犯行
浴用
重点
土地
方言
王宮
管財
領土
谷間
日刊
始球
粉末
赤貝
重文
本番
下作
神父
大声
菜園
会友
水底
極寒
敗者
境内
後記
友好
湯船
大雨
女中
落語
病巣
省益
正体
国庫
不実
車庫
小差
太刀
月代
年始
草魚
使節
人目
早道
同額
災害
病身
山路
市長
中身
手間
主戦
役職
弁天
文部
校舎
車体
短長
適法
手形
実兄
医長
古代
墓前
打線
血液
社説
差金
民航
同港
昼食
農山
海軍
配点
金山
原産
悲鳴
国益
女形
地価
表土
官公
立件
名曲
急火
農地
暴風
茶色
中空
前歯
体形
金満
気品
生態
当人
乗員
品種
無病
健保
音程
全文
文具
表題
他所
貸出
新制
子女
旧交
返球
病原
立方
総統
連休
用事
青雲
金色
後期
利息
店内
水草
見地
新道
出面
母校
前世
対外
教書
実力
寄席
水門
断面
空言
音曲
冷戦
生身
実車
講堂
栄養
技量
夜空
詩人
相対
各店
薬理
駅長
要素
下絵
軍民
文集
旗印
役目
水車
毒性
実体
弟分
職務
風流
義足
温度
院内
産品
常連
技能
工費
大使
後妻
雪上
園芸
性別
仮題
筆者
当社
図版
最古
日程
遠足
短刀
通所
銅板
府会
損益
金貨
肉眼
校内
内耳
県立
公共
様相
中葉
芸能
官製
会期
公取
黒色
元手
金銀
人口
同点
暴力
鉄人
総身
毒素
良心
深緑
林道
本館
人工
本紙
神木
時価
要因
機構
有機
章典
差額
電線
新手
無知
労農
林間
体質
実父
夫妻
魚価
天命
発禁
書作
同村
新緑
童女
害毒
合理
極印
個室
総花
競書
見識
海底
立像
戸数
合弁
着物
血税
社会
息子
基地
犯人
左官
残土
内径
中元
面相
画像
特務
作風
元年
顔面
中間
仏式
旅人
役人
国名
台風
情念
賛歌
赤地
外形
複線
直筆
犯科
雑木
葉書
左手
夏物
事由
美術
本土
大全
立合
子細
声量
船首
地下
返書
特典
飛球
不燃
物品
画布
教団
血管
大火
球形
家電
大川
悪日
長命
防虫
後手
芸歴
毒気
単一
境目
子息
病院
都内
過労
同時
州兵
山脈
定休
才女
林政
変電
回数
才能
墓所
来歴
紀行
防火
共修
高圧
愛情
助手
雪原
人力
謝辞
病人
確固
助員
野性
農産
性向
上辺
版画
手紙
船橋
火力
短編
代物
情勢
友達
半日
検事
前頭
大輪
学歴
原野
神話
過失
月刊
弟妹
様式
人様
洋酒
書店
球児
自軍
美人
院長
巣箱
愛車
図像
県政
元首
手前
行程
青銅
技手
無道
大便
飼料
西岸
中部
例外
独身
国境
医学
家具
近辺
外護
選書
採火
要件
玉章
共布
植物
倍率
果物
言動
快速
街談
定額
確率
快感
水辺
故事
応急
角度
時報
部品
習慣
土木
用地
小社
長話
社交
南方
黄色
重量
両校
下位
天平
陸地
遠洋
月光
総出
弁当
死神
列車
無名
口数
祝日
次週
酒場
直情
白地
採算
水質
花芽
見本
満身
体調
経典
武術
自信
全量
実相
柱状
食費
事故
標準
底辺
賀正
全長
好物
立場
能管
過言
教官
南国
美女
下町
基底
緑豆
形態
沖合
両極
安物
光度
文化
本隊
理数
白紙
戦時
局地
市政
横道
理科
理想
義母
部数
祭神
公海
毛布
能書
余念
不平
秋冬
夫婦
仏徳
茶会
理由
水利
行間
男坂
強飯
同省
銀行
文語
不潔
山野
長調
各回
英紙
軍楽
野鳥
勇士
能会
生得
山上
船員
精子
最高
外車
在外
部民
業務
局長
苦楽
切手
社協
組曲
軍政
名画
大気
力動
府内
絵図
血幹
園生
世間
各地
市電
夜行
車輪
箱屋
工員
築法
後発
作品
敗因
水牛
新香
水温
悪夢
先王
無限
句集
基準
回路
相手
海鳥
信徒
前線
王立
議事
外信
陸運
金利
技師
温帯
素面
義理
番外
白色
団子
真書
白番
時化
副官
歯科
国産
強風
貸金
容量
白子
借地
大判
焼肉
引導
場面
学友
駅員
遊休
共犯
本店
刷毛
立札
法量
原案
足軽
少額
迷路
精力
器械
部局
開張
最初
運河
黒子
史上
景観
都立
愛犬
外見
毒薬
団体
法相
基幹
物議
南部
永久
車種
間合
殺虫
国技
月数
題材
保冷
他方
山田
組長
鉱業
相場
大小
所信
工高
医事
実弟
戦術
良識
自明
小人
慣習
高校
漁業
理国
空文
詩歌
白票
友情
幹事
氷質
近世
公害
出番
里子
遠方
紙質
標高
指標
火元
変則
不定
漁民
名残
冬季
岐路
赤毛
白首
機材
空地
眼球
国際
女手
公明
連隊
名目
手話
北国
農場
弱者
極右
死体
国定
見解
地熱
口実
右前
園長
角界
単独
総業
平価
現下
識者
東北
商店
満開
興福
小指
次男
交番
黄金
各委
両紙
朝練
何事
風味
手先
南庭
食管
鉄路
未完
個体
横長
初秋
真正
数列
長物
逆進
野草
動脈
辞令
中佐
議運
朝市
老境
島民
委員
伝灯
信組
愛馬
条文
仏性
資金
鉄板
山地
駅名
物産
対等
河岸
緑地
主体
漁船
師走
全容
残務
同博
色石
墓相
個所
内相
地学
先妻
潔白
転院
演歌
家内
有事
里親
同薬
心身
興味
美容
週給
不意
不法
大男
税法
理容
長刀
貧富
大河
別名
無断
横手
長姉
名声
方式
山河
出来
経時
岩船
前衛
高速
民家
情愛
字引
流血
森林
県土
支部
人類
野球
国費
河川
消防
商船
婦人
製品
香典
熱湯
不信
心証
黒衣
実技
春季
愛想
前書
和洋
男児
当来
歯根
税別
選手
学園
中日
目前
所長
正統
初級
美学
人道
区史
小道
打席
青山
金肥
動機
官民
同型
天守
白旗
曲線
貸家
平野
姉妹
労使
暴挙
学区
成年
略解
村落
様子
南都
決死
工場
労作
本場
人命
例会
生死
園児
北側
他者
労務
前歴
正規
野外
屋内
全店
全集
祖国
山間
原理
国務
歴史
形状
南口
長歌
加害
口上
銅鏡
芸術
高音
活気
言語
境界
略式
月白
野望
歌業
水道
本部
新曲
定型
次長
初歩
市井
過少
態勢
戸別
悪行
犯意
島内
食料
西洋
鉄道
平屋
見積
病名
別線
本位
電機
建物
山手
心境
新館
自画
特急
半径
死語
隊列
初夏
遠目
財政
台本
商会
副賞
製法
法衣
東海
覚書
春物
愛妻
酒屋
本能
駅前
気温
説話
目頭
部隊
要所
和文
方法
県道
当落
定価
温情
速球
格別
石頭
男気
上役
老後
紙上
大望
弱毒
開明
式辞
戦車
令状
最適
内面
首領
天性
教員
実質
墓地
祭礼
軍属
体高
入用
初雪
市町
包丁
塩分
現行
横笛
自分
失投
学名
本質
本気
両院
旧来
土焼
政局
定時
女児
適温
悪性
公民
代走
国民
下味
不発
係官
人生
時機
任期
立体
給湯
塩味
真顔
家計
動力
無期
内的
事務
質実
横糸
戦犯
他国
県議
王様
入級
感覚
音質
社名
弓形
資質
美技
部位
反戦
青春
名実
高山
店名
功績
茶話
画題
県内
下手
山村
教材
表側
本港
法事
交通
課目
中世
古寺
必殺
風体
部外
火器
定説
世帯
元金
区間
道理
浴室
酸味
紙面
戦場
南西
市道
君主
大差
神様
目線
内部
同根
無間
同府
同区
町村
年輪
航空
実益
雨足
上方
村長
牛歩
前期
東洋
協会
進路
前文
地位
徒花
差益
古書
年長
本体
主婦
長雨
陸連
博士
受益
首席
口径
益税
根気
組員
子孫
見立
風格
少佐
死生
現代
当行
不変
速達
矢板
活性
香木
新旧
基本
活字
岸辺
台帳
非鉄
陽性
安楽
水面
火事
仮名
天井
財布
軽協
電池
定形
下意
空手
下図
青天
会館
寺院
府民
複数
漁師
史料
洋間
海事
石像
機関
熱意
物置
重度
主義
川下
赤色
無罪
海辺
食味
大型
固形
主眼
見習
変年
計器
母国
利子
自治
責任
単月
内陸
書記
町名
多客
大佐
知育
公営
手管
本件
内側
不在
旧知
州都
少数
石綿
芸人
意気
多色
同軍
期間
絵本
悪意
主命
直間
図学
重油
国有
温水
年内
外交
各校
米人
最愛
石炭
電流
天地
戦中
軽油
成金
低温
南側
付近
書道
末路
特有
打率
墓石
水分
愛児
全土
後内
別個
総量
後天
教委
伝票
部門
親王
各次
効果
農具
号外
月面
空調
治験
行方
民営
体内
始終
同和
歌会
子宮
使者
極限
麦価
土日
人件
現地
断章
早急
横車
大賞
北風
両人
美観
王国
声色
電極
連中
旅客
頭打
前例
目下
関取
手編
日額
夜食
遊具
人種
放列
図星
生理
国選
開教
固有
本線
山王
荷物
番付
参道
快晴
血眼
言葉
落差
情感
金庫
修士
食前
同小
歩調
漁村
政労
果実
日光
耳目
農薬
月報
消極
建材
金字
物流
大群
書物
行政
家庭
不順
商品
総長
牧場
地区
波間
読本
王手
国営
大家
新居
銀色
屋上
笑芸
飲料
雑草
美酒
目安
末期
自家
国道
詩境
本島
多種
在院
罪科
重荷
小鳥
外資
観客
薬事
旅館
総体
高官
年下
小物
気付
格安
食器
各紙
橋台
新書
各位
街頭
世相
静物
年数
天宮
洋梨
神酒
女性
財産
公務
曲目
根本
義弟
学会
続開
中道
単打
送料
地場
両社
館長
特性
平気
正札
責務
歌集
予備
武器
本名
先頭
康平
単位
左前
塩性
兵器
事象
期日
所得
白土
葉色
右側
最多
切羽
算数
式典
時代
正門
政界
原始
冷酒
年率
破談
北西
日月
費用
熱病
文章
人中
地主
県連
意志
物事
病状
実名
同中
球団
短命
歌道
便器
後部
状態
要員
事績
国対
同右
不問
同隊
客船
銅版
冷水
投打
同機
祭文
損金
例年
領事
番頭
切花
子分
町立
女声
商戦
議席
白眼
工合
新星
地平
守旧
軽重
口元
民意
小犬
庭師
雲母
信念
学院
大台
他意
性分
外相
夫役
上手
労相
悪玉
仕様
公報
漁期
因果
支店
格言
天候
観葉
標語
比重
身体
出色
標的
府営
医院
考古
地中
線香
兵士
去声
満員
商事
農相
医者
地質
通年
法王
代地
証人
車外
死力
適時
頭角
和室
順番
東南
結末
徳育
代打
子犬
空車
古老
政令
辞典
観点
有罪
種目
学舎
実子
出先
全社
大卒
学力
故意
態度
先代
運命
糸口
次期
楽屋
申立
再話
標本
土建
山林
薬用
真夏
日付
実母
新米
側近
味覚
保険
海外
主客
悪友
両像
社外
石仏
老公
母屋
産物
義務
次官
神仏
特会
治世
長老
新入
町議
化学
画材
導線
文民
首都
自力
博徒
中心
英文
和声
戦略
他馬
総研
町中
原画
師団
無料
手動
苦虫
旧制
対空
右上
周辺
差損
老母
大勢
特技
原因
主役
歩合
親子
議院
精兵
上期
道標
実務
打点
木札
機内
体育
航路
軍人
元号
初期
法度
職員
道程
卒中
往年
新妻
農民
正面
夜長
臣民
常態
貸付
里方
野分
区検
売上
歴博
過多
後方
西側
部落
家業
都銀
秋風
仮面
末子
字形
洋楽
軍隊
英知
弟子
旧友
悲願
新仏
近習
精細
調度
週休
白炭
演芸
植木
兵員
牛肉
火花
半身
同士
公道
前身
情熱
辞表
戦記
会費
陸海
証書
武家
特製
府議
左上
毛根
主計
物質
年代
組合
単科
弁務
市場
水中
体長
本選
苦情
郡部
燃費
再戦
入念
山菜
打球
農業
図書
黄銅
導火
屋根
外観
古米
血圧
別表
習字
大金
校則
法会
下辺
投手
前兆
外輪
部長
先方
文法
意向
車道
開講
営利
黒石
公園
電場
示談
事業
商人
全曲
検見
地名
書面
名門
陸協
波頭
上質
決勝
現役
人外
空港
実効
半旗
民法
法人
器物
初回
全身
学芸
軍命
他社
先負
水色
公費
指圧
細工
期末
都民
身上
空気
同案
高率
短調
図利
大根
議題
条件
実勢
興業
満席
当期
寒空
悪法
表情
毛色
原本
似非
道行
元本
付人
絵筆
社寺
電気
父子
栄光
火災
色紙
法案
賞品
酒席
外側
終着
初心
兄弟
自身
石神
買得
列島
台数
賞金
歌友
夜桜
商標
言質
素人
月産
労連
日常
係員
春風
衣料
序列
効能
外面
方向
書名
都合
場外
道交
手際
予行
後味
大老
道民
木工
初孫
岩山
好天
身長
通産
空中
出方
室外
小判
客員
犯罪
同族
用材
眼下
神事
特価
末孫
色弱
国防
土質
気心
風習
町営
南洋
大作
声音
貧打
同山
義兄
何人
水害
伝統
中古
死期
害虫
大口
損保
未知
備品
配下
週間
最速
町人
活力
復田
末日
急流
金口
住居
漁火
半量
休園
願書
板前
墓標
天元
体格
店先
勝算
山家
曲事
親米
同館
無敗
短夜
天神
各界
故人
両面
強者
上官
戦績
定数
文体
初産
右手
白書
友愛
勝敗
余罪
重税
古着
書士
候鳥
王家
魚心
先入
漢詩
本音
人文
無線
肉親
戦士
本局
古様
天保
曲芸
高話
精神
士気
漢字
気勢
大方
具合
各国
殺意
気合
早期
熱帯
本文
門書
薬代
雨林
最短
内外
前部
社報
花輪
知人
船上
根幹
銀河
風物
車内
費目
分会
原題
新説
金品
海路
民政
隊長
同名
指数
人出
人徳
名代
白衣
住所
大寒
前方
貧民
階級
県花
略歴
細目
口内
米価
部族
正堂
親分
糸状
口中
両親
親族
白球
等身
対極
民話
学徒
老酒
老人
水準
左目
地銀
単調
本数
性格
気味
表札
素案
風景
炭酸
学童
決選
布団
国歌
学長
念頭
雑魚
後代
気力
構内
度量
円形
民主
北東
図案
正目
学卒
同数
師家
公職
絵画
印象
楽曲
新聞
消印
人足
野選
大損
両船
初任
首長
口頭
弱点
両機
類書
最小
同位
材質
政府
暴利
評伝
小玉
洋画
商法
目的
区立
人員
満天
白夜
大雪
文面
大義
入管
洋名
残高
松林
近親
季語
素材
立法
調子
美徳
不仲
打順
法体
時限
月例
急務
近海
最良
当主
美的
器量
会長
星空
同店
集題
助役
名品
用件
小男
油田
目玉
復配
主力
北岸
作戦
船旅
車線
造花
兆候
接点
古今
教主
利便
冬山
国父
語気
修身
馬術
利得
当確
知事
高卒
面子
山形
国土
汽笛
便益
逆手
人材
期限
役得
労災
白熊
生計
場内
先番
水田
旅費
任地
民放
食材
年刊
写真
昔話
事態
清貧
次節
時事
陽子
夕日
常敗
営農
無税
題目
文教
秋季
女流
経費
新興
衛星
夕飯
和平
会員
中倉
立地
春日
事例
分税
客室
無神
労組
学年
総勢
税制
勇気
長計
自伝
大山
神像
同市
教会
同高
浴衣
旧型
神代
禁漁
村政
家屋
日用
民業
新刊
子羊
迷信
道場
無実
路面
牛車
肉体
生薬
秋波
定年
力投
民芸
死球
園内
内局
海兵
男女
悪政
国教
本箱
鳥類
選良
総連
台所
予科
無性
空軍
生来
羽織
洋館
本職
長所
弱体
調書
演目
生肉
記章
両省
海水
山人
直近
身命
本意
護身
灯台
電材
政争
戦災
末弟
手順
美風
思想
無機
木製
徒歩
海岸
兄妹
快挙
体面
好事
古巣
業種
力学
主筆
句風
社団
芸風
人気
極意
自説
政官
正副
同級
真意
広場
生命
部分
先生
火星
本家
林野
代金
左足
学校
科学
地方
雨期
引分
魚体
親交
昨季
農村
原告
学科
積年
無人
動画
相性
先人
緑色
内情
校門
事後
東部
石室
体勢
文相
外聞
市民
油絵
石材
親水
下屋
花車
肥料
周期
実家
周囲
地元
前庭
受取
底力
車列
遠景
正賞
産声
西部
好守
社業
同義
青果
枝葉
係長
小学
厚生
小包
年賀
政務
市内
半期
焼経
多角
田畑
外事
農林
司教
秋空
洋食
政変
気象
小声
年次
本物
中団
米作
屋台
仏文
水気
農務
毛糸
無職
入日
役員
総代
個性
妻子
左側
徳利
常習
利札
国史
性質
駅弁
近景
仏心
品質
新品
本社
水流
教徒
黄精
顔色
大皿
寒気
節度
風上
暴動
夜目
講社
急場
部活
特修
上流
大関
原則
市会
修法
上着
赤軍
空白
明星
群島
旧名
通期
本題
字書
全編
女神
逆説
船場
公安
禁教
地理
医務
人前
雑種
高札
勢力
有毒
首位
州法
西方
上司
点前
証取
都市
特命
当事
好意
破局
石庭
手羽
総理
工学
梅雨
苦味
庭園
部下
厚底
金鉱
竹馬
同書
漁具
大木
実利
親元
適格
水球
立話
水兵
知能
耳元
新春
鉄製
風雪
山男
古来
市有
各省
外圧
女体
限度
支流
親方
法規
本山
禁輸
原人
死相
母性
次代
大業
土足
賞状
天気
生体
上位
番人
列石
精巣
自国
長短
早春
国体
冬物
花粉
電子
眼科
必然
粉雪
行場
社務
楽団
和紙
反感
花道
航法
上白
外貨
祖父
集客
起点
心得
原点
後者
南北
効率
居室
成体
事件
反動
英断
玉石
内科
有価
要人
開運
節句
大祭
都会
公設
音頭
構図
教科
地面
血統
悪血
特産
文身
王位
美境
街角
後任
前妻
局部
図画
他人
衣服
兵力
目標
頭金
大仏
業界
主題
語学
麦茶
産地
記号
支社
古典
人物
本屋
気分
下級
表意
草木
祝辞
富商
思春
体積
足元
野花
文理
頭数
編者
生保
無言
共和
産科
主文
頭皮
国情
石油
高低
街路
家長
深部
歴代
天然
定期
年金
多分
体力
目録
特色
知識
知性
元職
暗証
任意
宿舎
政情
転作
楽器
秒速
物体
両性
応札
国家
演題
初戦
高利
永遠
動議
小型
列国
気風
手数
祭具
手練
見方
右岸
公立
護岸
本流
南倉
官業
新車
通念
単語
各局
前半
軍機
河童
内容
言下
北門
生気
県営
秋桜
所産
日課
老木
意義
女官
真価
木材
英才
青年
極少
高温
老害
活路
長官
無配
年頭
雨水
都心
返信
家路
軍団
自助
利付
合間
両方
人頭
出目
手首
線路
終身
文月
同国
物件
指輪
兵法
自費
工芸
色街
特例
素質
原形
雪国
本戦
文科
信金
養子
積雪
不断
利益
教職
医師
現金
灯油
積立
球技
大空
水着
主観
特区
曲想
何者
雑音
日向
大事
集名
学内
勝者
電器
名演
所内
勝率
賛意
名義
低音
正月
土物
液状
大学
茶柱
武具
急性
下面
試練
取水
水素
風神
中流
特長
最上
最深
船体
学術
体毛
時効
正価
知命
頭上
色気
体制
住民
身元
雨風
天体
雨雲
多額
外来
半月
局員
常温
水軍
石工
両側
年間
病苦
女坂
馬番
給料
主席
理性
食堂
予算
投句
意表
不覚
学士
過度
後宮
宿主
辞書
小児
境地
戦前
心底
領内
主任
医局
土用
不和
人手
周波
初代
米兵
品物
細君
区内
連投
断筆
赤子
同志
番犬
酒税
風船
春期
現場
円型
元祖
歌声
白米
教程
面積
中期
酸性
金魚
大軍
電波
居間
法文
外部
年号
美顔
数字
芸談
自主
足場
各氏
開村
仕草
書類
体外
地酒
村議
功労
国事
原料
得手
富農
横町
小目
守勢
学級
細字
洋上
真空
公益
究極
適量
半額
曜日
老親
春雨
同社
総会
司法
麦秋
土石
学費
母体
野辺
集団
子役
仲間
文様
外伝
限界
氷山
女物
生地
金粉
税率
電信
所用
本心
人数
住人
財物
士長
作家
店頭
正味
集落
所在
全館
夏季
勝機
魚粉
道具
出足
外角
神風
詩経
天災
都政
先手
天使
病室
悪役
功罪
機械
有徳
宿命
良質
時速
話題
新法
隊舎
真冬
人魚
打数
白人
屋号
名所
実地
会席
和名
洋服
年月
手口
行内
教頭
息災
鉱脈
利点
新人
大漁
帯状
漁場
多重
格調
議員
耳鼻
楽所
規約
内輪
校庭
当代
図式
価格
温室
用語
名車
来客
不満
読者
右足
力量
手札
気候
画風
画一
大陸
手鏡
全席
制度
素因
年配
宿世
長旅
公社
陸上
最新
汽船
新薬
定例
開口
陸士
水上
夫人
大半
最大
出口
前任
茶番
夕陽
初春
公司
特番
季節
伝令
定食
地形
校長
新型
仲人
親愛
幹線
画家
低空
大麦
朝野
家人
基金
同紙
地力
所行
熱気
農協
漁協
残火
深海
民兵
宮司
眼力
救世
能面
食肉
母音
外科
産年
名人
主因
便数
農家
事前
禁物
格下
夏期
国軍
月内
貝類
水位
衣類
際限
財界
容体
法制
銅像
部会
軍転
電灯
小委
薬湯
理学
有料
容器
茶屋
長女
弱火
同種
元素
戦力
性能
両国
初日
名水
今期
戦線
無数
液体
中年
構造
対案
士道
清規
果肉
英字
音量
大願
多国
河口
角材
余地
町内
童心
国会
政治
土台
多岐
伝説
男子
船便
労力
直球
主知
旧家
景色
達人
強火
反古
消夏
農学
格子
能率
居候
浅緑
天才
暴漢
灯火
工務
音色
校区
上級
同島
白金
評者
終末
総額
図表
要録
在来
教養
戦友
乗組
効力
後衛
度数
社内
下限
経歴
口調
荷台
母子
小農
新種
宿願
低利
夕食
労音
松原
湯気
人家
風雲
下方
村人
両様
管区
早版
本元
健常
畑地
空間
外野
競馬
性根
製薬
義姉
原型
最終
算術
選者
学識
反旗
名作
神道
不治
手足
公庫
国旗
芸者
科技
仕立
地図
王政
芸名
手水
短観
求肥
階下
火種
香道
客数
平素
競輪
順位
母方
大工
前金
天文
山中
母親
明器
最低
山川
記事
歯石
田園
空席
食品
船頭
風情
最後
在民
有志
少雨
名字
悪名
次元
薬品
県民
高台
貨物
資材
風紀
月間
電車
生物
白星
詩集
末流
大身
花街
戦意
産政
気圧
墓場
用品
国内
時給
天日
新芽
町民
高足
受章
中秋
水虫
各部
和歌
望遠
行来
仏教
筆頭
天下
父親
紀元
部屋
救急
世代
新規
天火
機会
各所
回線
生業
色調
教室
日中
上空
前回
集魚
学生
局番
林地
大兵
荷重
大王
景気
民宿
取次
海上
満面
食用
具体
関門
最悪
光熱
主食
教師
年商
行年
病者
学風
和風
主人
件数
炭鉱
同委
世界
軍配
春節
関心
直前
判例
週刊
局面
品目
議場
王者
白石
商用
時分
順序
水銀
半数
側石
同相
商社
魚類
北方
薬味
西南
役者
間際
職種
冷茶
客席
幸運
市営
中温
食物
鼻血
念書
旅先
単勝
原価
職労
同心
両氏
船倉
殺人
高木
家元
月給
規格
資本
小麦
現世
利率
真上
船長
人界
細管
戦型
雨天
冷害
童話
王室
末席
機体
定番
軽量
外周
税務
司書
夜中
額面
夕刊
編目
類例
可燃
羽毛
半面
道路
前提
頭部
子弟
神社
職責
参事
光速
雑用
金目
品位
上布
中小
公使
都営
単身
新家
少女
実定
外国
悪評
義父
手元
時点
路上
先祖
天国
同所
風雨
口火
古都
証左
血道
府立
別人
役場
本業
方面
前面
限月
民事
資格
先物
支局
市議
型式
政商
増勢
親指
省油
歴然
名物
大目
続編
政体
法定
半目
条例
陸軍
前週
大国
道義
浴場
判官
赤旗
自筆
死本
牛女
単形
長男
文政
規則
写本
王朝
正義
人屋
前夫
機上
問屋
過当
適地
原発
新税
料飲
海原
年初
下部
同形
流説
虫歯
経路
多面
鉄則
白鳥
絶好
学界
海神
両手
商業
水量
社長
月額
句会
兵舎
軍用
夏場
刊本
毛虫
東側
人造
道順
慣例
重力
地点
支柱
知的
仕丁
留置
題名
急戦
単価
日数
領海
目上
大字
朝刊
総評
中学
基数
資産
事情
野菜
少年
学説
大門
数理
料率
黒板
大本
深雪
農政
強度
古手
人妻
質量
有無
多選
念力
場所
薬物
比率
常務
水深
戦列
男色
月次
産油
山車
本宮
生家
両者
夜間
花火
眼鏡
室長
根底
物資
門戸
民族
暗雲
農道
人間
点字
立国
本格
短詩
牧草
文言
州民
外電
山内
当地
福利
死因
原版
下地
保母
材料
朝夕
水力
無休
正本
編物
器官
絶唱
洋風
神童
現実
通路
官制
笑顔
所定
管内
地上
書家
土器
課題
白面
新進
理念
風車
海流
内角
草案
首輪
深山
同行
定石
年限
女史
生水
力士
身分
初老
他行
有数
基調
空力
黒星
分限
火付
機種
案件
人形
非行
赤字
法則
国立
会報
自発
上部
草屋
秋口
欠点
対象
船主
弱音
流星
有人
新内
科目
本国
入歯
太陽
武士
光景
縄文
小説
土手
支所
高原
動向
文物
法主
人民
謝礼
体型
光量
朝臣
人格
北部
真心
球界
外用
史観
旧版
慣行
現物
全馬
救国
末代
人情
地球
顔料
小路
未然
速度
余生
布地
個人
計時
関節
買取
無形
単願
理事
成鳥
地代
対岸
心理
政教
細型
国王
序文
隊商
半島
生音
水産
少子
寒風
文学
石柱
客土
美質
内心
新駅
合判
本薬
出前
法要
当局
文庫
形相
電算
快音
通禁
大会
仏語
井戸
医科
風水
薬価
館内
副業
木像
領空
空前
戦火
落果
血脈
平安
志士
織物
前列
成案
英語
全額
自体
足下
大人
便所
素地
医薬
小雨
生徒
各種
器材
大所
名産
春宮
予兆
音楽
金脈
薬方
課長
王子
続投
祭典
養父
船具
旅団
上限
勇名
機運
近眼
子規
商号
通帳
全力
目先
木星
国力
写実
家族
中産
前月
町長
水運
功徳
市外
内野
全面
種類
保健
年会
物理
実年
行事
業者
当方
手帳
鼻歌
重体
初球
弓矢
人事
武力
典型
国語
外政
同院
国税
番組
実績
反共
終章
良薬
外様
王女
清風
結社
名医
用紙
新生
史的
冷血
安手
不利
悲酸
複雑
切実
完全
横様
無体
肉太
意外
安価
心的
好調
無類
高等
間遠
真率
明細
適切
短小
大力
円満
年少
多病
物的
正業
快調
肉細
強健
雑多
馬鹿
便利
伝法
横風
無筆
高直
未定
確実
利口
平明
小味
人的
口早
不様
快活
無学
有益
口軽
質素
性的
地味
高位
上品
清潔
非常
博大
生直
平等
足速
活発
半間
中高
軽少
高大
無茶
火急
破格
清新
皮相
素的
不適
博識
残念
高潔
有利
不整
明解
必死
順調
極度
多幸
強固
平板
光栄
多芸
古風
未読
平易
陽気
茶目
見高
可変
絶美
本式
苦手
不精
有力
真黒
貧弱
下等
足早
不調
完成
高名
地道
公正
丁重
相当
適任
果断
気軽
必要
病的
高遠
全的
低級
水平
高度
無味
実直
積極
不用
重要
過小
大様
気短
豊満
深遠
小体
極大
失当
厚顔
不等
横着
強引
過重
容易
量的
失礼
熱心
同断
精確
太平
反対
老弱
健在
然様
法外
不良
暗弱
大童
少食
深切
感心
足弱
多弁
可読
不当
不要
独立
不快
多感
好適
速急
軽便
有能
健勝
下品
無精
特別
内気
悪質
不明
判明
遠浅
個別
軽度
平行
器用
美味
広大
流石
非情
不同
小食
好色
法的
左様
冷静
正当
多大
高額
無害
定常
博学
切要
温順
安易
着実
多才
寒冷
有名
丁度
身重
短気
老練
達筆
低調
不毛
整美
安定
同様
公平
等価
公的
勝気
本望
健気
無能
健康
正確
気長
不服
過分
余計
得意
無理
広博
多様
安心
真赤
未開
有効
険相
内福
分外
利発
神速
親切
勝手
不味
独自
浅学
詩的
無効
親身
英明
等質
適正
安気
無残
温良
急速
別様
文弱
幸福
情強
無芸
明快
順良
不能
可能
達者
長大
大風
非礼
確定
正常
不徳
声高
安静
重大
利根
明確
細心
大味
軽率
老実
低能
主流
中正
元気
平和
多能
生新
強暴
遠大
無益
公然
無礼
強情
希有
深厚
真当
自然
精美
気楽
不便
短目
性急
貧小
満足
公式
率直
黒山
正直
逆様
分明
適当
悪徳
気早
素直
口速
深長
真暗
自在
皮肉
病弱
有意
低率
少量
因業
暴悪
豊富
必定
不運
余分
見事
手軽
独特
険悪
直角
有用
気弱
多目
小量
均一
大切
案外
無事
多望
新式
広量
心外
無情
能弁
真白
鉄火
多事
高級
間近
絶無
希代
無比
無根
結構
独得
不束
不易
高価
極道
過大
有害
徳用
重厚
共通
先安
方正
好運
無力
精良
旧式
相応
身軽
学的
安全
軽快
無法
調法
無用
強気
質的
主要
静的
笑止
同然
非道
強的
手短
全一
大変
多情
目深
手近
明白
動的
上乗
軽易
正式
貧相
絶大
上等
無心
夢中
不正
正大
順当
快適
安直
適度
均質
目茶
温和
平静
勇健
真丸
真青
外的
精強
強大
無口
的確
肉的
得用
気重
真直
放題
自由
無様
良好
非力
大量
不幸
当然
不安
弱小
望外
身近
多量
最下
小心
健全
限定
無毒
極小
口重
有望
真昼
全部
平日
深夜
時間
家中
道中
以来
毎秋
終夜
死後
来春
毎朝
昔時
明日
明方
時折
挙句
来月
過日
半分
今春
土曜
春先
目今
場合
本日
夜前
元朝
以後
両度
産後
今回
時下
昨秋
来週
早朝
満目
平生
午後
夜半
今季
昨夏
来年
当分
全体
向後
時期
結果
大数
行先
末葉
当世
直後
客月
元来
昨春
水曜
来夏
木曜
席上
近年
今次
反面
後半
本年
初年
昨冬
次第
太古
毎次
事実
真際
年末
明年
戦後
客年
行末
安息
大挙
前後
去春
半季
今後
次回
前日
下期
近来
去年
長年
後月
今夏
他日
他年
他面
先夜
今年
当年
昨今
同夜
金曜
昨月
朝方
術後
少時
大略
昼前
客冬
昼間
火曜
最期
今朝
数等
昼中
当時
時季
永年
直接
日毎
夜来
毎時
今時
当夜
初頭
毎食
昨年
時余
年来
毎年
以前
昨日
毎秒
毎月
当今
毎期
以上
夕方
前夜
平年
方今
復路
当節
早秋
今月
今夕
夜分
夜毎
寒中
同期
本初
昨夕
満都
居常
今冬
帰路
白昼
常時
半年
倍量
月末
先年
先月
後来
毎回
午前
毎日
同年
終年
先日
当初
毎夕
独力
半時
半夜
昨週
先程
後日
全日
当月
日曜
前年
多年
例日
後年
後世
休日
多数
日夜
未明
月曜
毎週
同月
週末
終日
満場
余日
先度
現在
各員
城内
病後
昨夜
過去
毎度
真個
大体
以往
陸路
元三
本来
近時
昨朝
旧年
空路
再度
結局
絶対
各自
新年
初度
今度
正午
生前
旧時
明朝
去月
近日
今秋
毎号
毎夜
来秋
先週
当季
大昔
同日
最近
連日
初冬
半道
雨下
終生
旧冬
当日
今週
当面
終世
冬期
長日
月央
今日
今夜
印加
水書
大破
検案
絶家
深化
演説
直送
領有
初演
興起
増兵
外遊
再検
確言
道破
間食
開示
評定
予言
自決
伝言
消灯
努力
禁制
成敗
特待
通交
起筆
整備
例示
明断
仮設
欠落
開会
制定
感謝
増車
転送
低減
節米
増結
通関
来演
倍増
査定
門出
湯治
特注
救助
公判
試行
群発
連発
耕作
試合
放置
検問
引受
熱願
横行
制止
混合
営巣
受任
商談
在住
転化
解説
下宿
自賛
重合
休職
栄達
断念
開通
欠席
続報
後送
受配
取材
卒業
談判
低回
独断
油断
休航
北面
消光
高唱
任用
生動
散点
率先
告知
再思
開演
貯金
口外
休養
買春
留保
散歩
構成
約言
失敗
造型
主管
略言
遊歴
固辞
止宿
歴遊
授精
査問
速成
増進
要約
接写
肥大
差配
安着
票決
家出
結球
解読
加護
口演
配管
予想
出府
察知
救命
休神
同車
集計
送波
行動
静止
配信
配給
外出
応答
修理
共生
照合
査証
修得
意思
関係
相乗
同化
付設
発心
着色
力泳
病死
曲言
水食
説経
細説
混線
照明
当番
明言
借財
合同
布達
初出
力説
実測
入港
布設
検死
送像
参戦
分岐
評価
計画
絶句
放水
念持
採鉱
出金
固化
好防
植皮
保育
外切
信服
持久
合議
乗馬
和楽
念願
絶食
在席
同流
接種
積分
欠航
参朝
内談
東進
実写
接地
急落
出札
合体
力走
散在
反逆
予覚
禁固
標記
確聞
精製
自活
営業
解熱
合宿
開票
野宿
着金
引用
日参
前進
参進
着想
固持
清書
独演
植林
調停
編集
内命
群生
宿望
訓話
製版
車検
見分
満水
新調
返送
分散
内通
付言
選出
開国
判断
会合
自学
評議
合意
力戦
終止
直覚
分配
来島
主演
追録
好演
作業
造血
同定
思案
護送
禁圧
老成
変改
指示
仮想
去勢
立見
発音
競争
失速
感得
散布
参宮
造形
号泣
下見
改版
行商
群集
下放
開設
仮植
居留
約分
定義
特約
申告
放電
転回
減数
導出
減量
予習
演出
参考
公言
局限
伝来
開門
断種
布告
礼賛
用心
単行
常任
修養
分化
見聞
製塩
停船
加階
変名
検査
予知
入局
直上
新築
通電
連結
直面
引見
完歩
量定
全通
悪用
上書
製作
特設
長考
真似
結成
作図
成形
愛用
治水
作文
空費
判示
決起
計算
通学
仲買
申達
雑記
遠出
演習
変位
通算
解任
代書
乗船
省筆
規整
協定
植民
試製
投写
自転
休心
考案
布置
登院
投身
内服
馬耕
絶版
筆算
借入
案出
消費
開発
帰着
修造
伝達
弁明
分家
建言
入来
転地
消失
列記
保養
教育
主導
合力
入信
再生
大書
消散
配合
順応
安神
北上
発出
照査
送別
陽転
寄付
考究
説教
混食
協賛
直観
化合
交信
塩焼
発電
訓電
手交
付課
先述
返本
赤熱
両断
出仕
帰山
受領
残害
判定
服属
訓読
配付
復旧
送信
出漁
仮借
消毒
転出
声明
入城
始業
移設
調理
習練
代表
得道
協業
中断
進発
林立
編入
報告
図解
快勝
役務
細別
目指
自責
登板
変約
客観
検察
問答
別居
仕官
帰服
保証
出費
夜営
帯電
接見
雑言
改新
製油
祖述
再刊
来院
引接
賞味
応対
加勢
協調
出水
自証
分業
終漁
精米
送配
準用
自得
設問
乗算
給水
入質
提唱
混浴
組織
上程
支度
製粉
酸敗
課税
移入
静養
休部
調製
注目
混戦
飛散
転変
受容
弁護
寄書
来所
開札
寄進
水泳
入場
任命
述作
強要
賛助
発走
在荷
現送
辞去
代言
老死
雑談
血戦
社告
写植
投球
開眼
転写
変転
表出
愛飲
着水
研修
順礼
自制
破約
入札
司令
早出
散水
集配
単作
在社
投書
帰耕
失職
自任
談合
集金
独学
分流
代決
接岸
協議
帰営
来日
感応
帰休
決算
給血
熱愛
食害
対置
放送
暴飲
変造
着岸
想定
節減
検知
内示
出炭
苦学
標定
終結
不参
入部
整流
反復
選別
答電
訓令
制動
入賞
思料
在役
確立
説法
講話
大病
入構
列挙
指名
配流
自記
応戦
代議
思考
感泣
老化
混信
略述
均分
送風
回想
口授
先行
転移
詩作
落石
命令
死産
強弁
欠礼
行使
起案
流用
工夫
小別
直航
教訓
合格
造水
非議
予防
同室
直売
習得
節電
付議
完敗
買物
集散
現前
製材
合成
流行
精進
混在
実検
入館
暴落
配本
心労
特進
放神
転落
散財
引証
発議
記帳
予測
通計
走破
財投
回議
主張
改正
下向
交配
修練
参照
朝礼
公告
休学
中耕
洋行
指向
配送
助演
包容
起算
工事
農耕
鳥観
直言
在京
欠場
現像
合算
帯同
発生
進学
完投
加工
流転
新作
再製
直感
追求
落城
気化
受光
採点
理解
由来
用談
出芽
表象
自負
代用
改印
建都
試写
体験
周回
妻帯
相伝
集成
開帳
対質
低下
暴言
包帯
復調
確約
定置
入院
口約
養護
転貸
夢想
強圧
暗唱
配電
減車
遊行
肥厚
追記
会見
公転
点火
内祝
経営
挙証
希求
分有
失業
知覚
思念
増大
再演
確信
帰化
在国
工面
自愛
笑殺
受賞
統一
報謝
復興
議定
休息
入省
弱化
受業
改題
送検
回帰
死去
代行
当直
協和
遊興
帰投
再送
分水
思量
交接
同着
早世
防止
思弁
防戦
公述
分解
化石
官許
運転
入庫
伝習
自立
造語
出発
集貨
訓告
練習
失笑
考察
悪化
連戦
連打
散発
接頭
終演
才覚
折半
分界
自製
準備
復航
授業
相愛
読図
上陸
冷評
休講
自修
化現
欠損
組版
出題
造船
転位
起用
対立
心服
流出
上木
所期
発起
過信
自弁
放任
帰省
回遊
常住
出所
電話
化育
区分
変身
実在
速断
減殺
流産
代謝
反落
構想
整体
在留
訓導
暗算
帰順
検地
自乗
多食
再挙
造営
発熱
修交
和合
集中
実行
服罪
流布
独語
失効
死守
照準
機能
略取
下付
羽化
失神
曲解
統治
発問
放鳥
続出
落手
提示
取得
加入
放出
救護
周知
雑食
引火
書写
作画
反転
素読
改作
考査
通行
代作
選考
調節
登場
立案
切開
考証
代筆
暴走
東上
小売
来場
生成
塩化
調合
起工
建造
改行
協同
発会
精算
出船
復命
回心
重版
指定
活動
過熱
通用
図説
来報
軽食
倍加
常設
付置
変死
放散
予断
歩行
提案
真読
対当
特選
加増
味得
設備
帰朝
遊泳
具申
借金
査読
改築
転居
混用
告白
軍備
全快
確証
絶賛
修好
言上
飲食
白状
委任
入梅
当選
苦行
参政
来館
成約
統計
労働
焼失
安産
志願
減産
服務
助力
賛成
植毛
精察
売買
圧死
営造
交合
入朝
追放
頭書
採炭
消音
連想
提起
直進
共用
答弁
回航
学問
登城
増資
結束
開化
化生
破産
寄宿
類焼
実見
受検
直交
在府
破断
注進
受講
変心
投合
土着
耳語
両分
集積
商売
物故
道楽
内観
増長
筆記
発動
板書
遊学
暗合
結合
両立
講義
内在
分類
示教
黄葉
停止
参学
塩梅
東道
半焼
印行
挙式
養成
改修
放心
解約
開業
弁別
平復
発声
大言
入浴
統制
来観
犬死
会議
雲集
書見
防音
目送
内応
入定
中立
強化
入植
出土
必着
整理
連接
定植
加速
命名
照応
絶筆
講演
伝送
寄留
受命
差別
仕度
来校
仮定
混作
提出
参内
要談
花見
通院
引算
配転
訓示
改造
移管
静観
増便
増額
競売
公開
省略
形成
着用
直読
通観
休校
連取
小便
内包
深謝
成人
約定
配色
禁断
度外
味方
血判
続落
合図
再編
集合
空輸
再議
作曲
血書
移民
変態
付帯
味見
輸出
計量
採種
着地
下校
自生
解決
化成
助勢
再燃
特筆
暗示
高調
走行
形容
公選
連作
筆写
分宿
美食
参入
検便
送金
開板
移出
規程
完結
混入
進行
動員
貯水
禁酒
宿直
代理
増強
読破
付会
競技
賛同
使令
質問
見物
親任
和協
復古
折損
伝授
進上
増産
布線
入隊
決行
雑居
信用
大勝
実感
変移
護持
常食
適応
活着
損害
共立
苦心
定着
筆談
告別
制圧
実用
賛美
判読
運送
代任
在官
好投
自演
復刊
転成
熱中
挙用
建議
出港
速決
給付
情死
朝賀
散大
調味
徒死
手当
外食
問責
毒殺
編修
反命
復位
落選
通報
登山
動作
選歌
出社
先導
授受
受粉
欠食
左折
略記
公許
着信
輸入
多発
授賞
許可
生録
白黒
対話
試演
台頭
追考
下乗
解放
造林
海食
導水
進入
使送
出国
仕分
清算
代願
打開
中毒
進出
連敗
育児
防災
開放
出演
競演
行持
返事
構築
入村
徒食
飼養
調印
回向
総計
入荷
転校
内約
好転
欠配
観念
大敗
速記
弁解
断行
飛行
受精
成型
空想
入北
始動
流下
参列
転調
生育
合計
来往
定位
対決
入社
放歌
止血
落着
逆算
回答
発布
学修
印可
敗戦
群居
政談
録音
運航
殺生
分列
配向
再版
消火
照会
風化
底止
着手
破損
査察
出入
直下
下命
拾得
講究
増悪
復円
達観
発進
栄進
手記
改選
運算
本復
増力
自習
減圧
修習
内職
要求
係船
証印
暴行
生産
比類
発光
横死
通過
受注
着衣
交付
往来
要述
居住
具備
電化
応化
低唱
修正
送付
解消
混雑
改易
臣事
常置
体現
守備
発令
上船
戦争
先後
領解
親告
熱演
断罪
断線
筆答
復号
講評
試作
参究
投薬
表白
発注
生起
参上
公布
自給
公刊
失調
移調
試問
内達
仕事
約束
冷笑
問罪
応用
着工
入道
減税
参府
多言
自営
連記
着荷
同意
通知
独居
帰社
断食
合資
定立
改定
連合
全敗
投出
付録
放熱
直流
連係
下山
放火
早産
赤面
写像
返金
出向
決心
低頭
立身
録画
同調
親祭
検品
深耕
再建
病欠
混交
使役
曲折
直結
氷解
令達
交織
公約
帰結
売春
修整
出店
復習
増加
解題
特売
愛護
暗殺
宿衛
接近
学習
助走
家居
選好
連乗
生食
記入
消長
算入
助長
出動
休会
検束
手書
当用
休業
作表
団結
兄事
所管
着筆
制約
具現
転売
受給
重刷
完勝
連立
逆上
行幸
築港
望見
布教
同道
来談
同居
留任
強打
対戦
相関
元服
転任
別売
暗記
校合
乗務
参着
移転
混成
帰農
輸送
在庫
検証
足算
製氷
周遊
計数
待命
帰来
予感
受理
教示
測定
流動
転入
製図
移行
代休
検温
出火
入線
給養
出席
多用
仏参
特集
力演
内借
的中
相続
燃焼
報知
記述
増刷
緑化
比例
指図
統率
着意
留学
開園
失念
編成
達成
別送
帯出
絶交
対談
同宿
入校
寄金
来任
入会
参堂
低落
調進
交易
説示
刷新
念仏
別家
他出
消去
表決
読書
意味
得心
指令
因由
製表
回生
品評
変容
点灯
生別
近接
楽勝
大別
公示
会同
強直
注意
手続
修復
養育
用意
標示
下野
分売
精白
表示
判決
協力
固守
解禁
物色
打電
飲用
在校
通航
編曲
生長
上演
欠課
走査
読過
護衛
運休
再考
増発
選定
順行
節録
連続
落馬
断言
経理
再転
挙手
区画
実験
採取
投入
調整
節税
改元
取引
下知
演算
下船
談話
厚着
工作
注力
停車
招集
安置
変動
寄生
感化
転職
想像
築城
観察
給電
対顔
流通
根治
送達
教護
読解
留守
回国
極言
絶望
投下
究明
全勝
相殺
宿営
切言
位置
来朝
集会
選任
名状
開校
発火
会計
参会
配線
小破
入国
禁足
大観
出張
左右
総説
混迷
教化
回申
消化
信愛
回転
保持
注文
開店
発信
集録
重複
類似
精油
増減
半減
対面
強調
予告
山積
総合
強制
入水
進達
制限
減資
調薬
愛育
検波
他界
人選
外注
自足
逆行
急送
明察
貯留
必見
現有
平方
圧入
謝絶
内分
応接
中略
首唱
配列
分断
直談
連用
根絶
近道
配達
会読
混生
参観
登校
減益
要略
聞知
説明
登記
失格
転進
測地
支配
転用
予察
出精
活用
卒読
禁止
精通
常用
運営
減算
独走
加味
全治
小計
独修
発送
用船
観賞
圧勝
記念
復職
発刊
殺害
属望
下車
自覚
講習
重用
帰京
勇戦
臣服
報道
来航
急進
特訓
案分
同情
回付
独唱
選炭
徒長
回復
実習
死別
受像
意見
答申
配水
保管
実働
修行
輪作
節食
薬殺
移植
表現
言明
他言
合評
支持
決議
急設
改悪
味解
転宿
炭化
出馬
赤化
着帯
横領
精査
熱弁
分村
宿題
増設
半周
見学
服薬
自殺
火定
引責
直話
感光
特出
反目
教練
接合
交差
変質
暴発
公売
加算
族生
参賀
直営
回読
接受
過賞
自害
保留
観光
結実
点眼
会話
重唱
毒害
付属
矢印
内定
提議
現用
配属
入園
帯刀
完備
手術
目測
早死
強行
想望
見参
等分
建立
観戦
感知
内向
共感
散開
協約
代位
歩測
着任
変成
間作
清遊
編制
中和
食事
意図
示達
肥満
下落
発願
打算
着電
修学
苦節
運行
入手
再帰
提言
中絶
自首
防寒
草食
書評
細書
楽観
決定
祝賀
平均
代講
発明
解散
証明
入室
加筆
造園
防備
増置
復元
持参
参画
注解
産出
発意
完工
失点
遊説
得度
開局
製鉄
出立
折中
水死
内省
共栄
規制
通商
先着
雑交
保守
教導
毒死
流会
回訓
経験
歌唱
着火
治定
風聞
独白
現住
再開
陸送
結氷
再会
混血
速答
支弁
損失
勝負
生息
回折
同感
複合
官給
再選
心中
点検
特定
所望
長欠
育英
出血
直行
議決
輪転
立証
自選
急冷
空発
完走
自問
愛好
選挙
引率
流失
公演
実証
代弁
育毛
産休
改名
近着
開立
休電
受用
入学
植字
追究
生活
追加
発達
所要
連帯
関知
限局
不足
出現
着服
商量
安居
変化
出航
示現
談笑
送出
求職
徳化
続発
通信
子守
下馬
白熱
検出
来店
再来
現出
採録
受験
陸行
面接
両用
通読
留意
開館
育種
復員
大同
圧服
加点
集結
修道
増反
面会
失火
前述
立食
暴食
失望
在位
識別
建築
発赤
作成
減水
急行
合点
算定
後見
配置
共起
切死
勉強
経過
和解
明答
速写
集線
成道
送電
下城
版行
発育
休止
参向
反問
談義
低迷
際会
配員
救出
入団
寄港
先勝
焼死
予期
交流
支給
休戦
平定
採用
反発
野合
切断
修築
造立
接客
作詩
切願
験算
発車
発向
競泳
新任
在天
具有
登録
導通
成業
発色
分乗
作興
送水
類別
続演
復帰
絶息
変速
整合
落札
起動
在中
放言
面談
完売
区別
予定
受電
面責
再任
焼香
在職
可決
回送
予約
進水
快復
建国
暴死
自白
選評
加重
帰港
制作
料理
分極
外在
脈動
記名
発散
伝動
自省
復原
起業
開場
留年
解職
朝食
総和
目礼
増員
失言
転向
側聞
成功
改組
安住
刊行
入選
配布
静思
往生
送球
帰参
配当
直立
温浴
風食
氷結
出走
舎営
量産
連行
同席
管理
実現
共同
常備
特配
右折
気絶
在学
相似
音読
整地
試飲
荷電
訓練
助言
減石
始末
変節
係属
象眼
飼育
愛唱
放牧
関連
研究
対照
特記
下達
急告
参集
協商
想起
減点
知得
積算
分別
転置
快気
試走
商議
印字
着目
転記
調教
合唱
転生
任官
減損
上申
連勝
休刊
出庫
挙兵
切望
電荷
悲観
必読
増量
上達
破門
多謝
所持
文通
中止
複製
統合
明記
主唱
口受
敗北
常直
減少
金打
重出
残業
入京
体得
重任
親近
急報
発芽
永別
迷走
放念
起居
立言
再起
養生
心配
反応
競走
通話
圧殺
告発
食言
会戦
鳴動
局在
南下
変色
育成
固定
発表
上京
熱唱
落書
作用
追試
給油
歴任
検眼
印刷
入営
鳴謝
発覚
再興
競合
感賞
過食
採油
入湯
減配
助命
発見
通約
放校
理会
野生
観照
発案
感服
後進
合流
減員
発売
求人
帰館
苦戦
設置
少考
行進
暴圧
直通
広言
動転
説破
保温
売約
記録
保護
改号
勉学
続生
伝道
持続
合本
告示
風発
精練
合作
出品
交遊
細分
回礼
選句
賛辞
増給
自作
断定
再読
分合
感電
対比
来遊
新設
勝利
通告
類比
入所
設計
味読
倍旧
出家
神化
断続
交際
正解
残置
入力
結団
願望
徒費
教習
急転
自書
出世
固着
試算
放談
結集
増築
組成
証言
旅行
試食
帰属
習合
逆転
参加
集束
服毒
連関
放下
選曲
便乗
目算
経略
改札
決別
付加
停戦
精読
協演
信心
分留
加給
分布
給食
分地
勇断
変圧
流入
落筆
決意
判別
受付
高談
自重
急減
選鉱
増税
複写
投石
減額
連破
休演
改変
写生
課金
上気
観測
減反
大食
復学
訓育
加熱
公表
落球
運動
解毒
入漁
復業
検札
接待
反証
復唱
領会
想見
返付
急追
多読
分光
服役
伝導
移用
検分
散見
再調
種別
計測
焼成
口達
期待
感受
減食
分筆
造作
貧血
来社
採石
集約
信任
散会
移住
賞賛
輪講
合戦
開所
演技
報復
返答
志望
内助
書置
愛読
活写
長居
適合
先取
発行
火食
所有
混和
答礼
適用
解答
講和
発言
早着
係争
急死
経由
分立
失心
号令
着船
圧着
速報
本有
算用
服用
帰一
入行
親授
流連
直書
伝聞
客死
起因
横断
栄転
南面
後述
減速
高言
会商
水浴
遊牧
節酒
発病
仮作
独習
節水
自衛
減価
変説
休館
出生
落下
独行
断交
接戦
輸血
南進
係留
投宿
内申
着生
調和
伝写
再説
作製
対応
遠望
断水
混同
列席
航行
代読
返礼
代参
出願
点在
集荷
周航
意識
進化
転業
改心
進歩
敗走
上告
行軍
造反
判然
指導
許容
復活
実演
反省
唱和
建白
先制
酸化
来着
行水
算出
手写
広報
在朝
順化
注記
失明
正答
世話
着眼
見当
賞美
多作
続行
粉食
改良
大息
点頭
上下
転戦
表明
登極
唱導
墓参
電解
採血
整列
往復
開院
前借
休耕
包囲
求愛
増作
代置
給費
起草
会得
菜食
船出
肉食
目印
転借
自適
配分
後略
試験
進級
検定
打破
成長
謝罪
待望
画定
連動
規定
祝福
注油
帰任
全開
予見
略説
適帰
造成
貿易
増益
西下
火中
確答
広告
受信
発現
運開
断絶
転住
絶命
決着
設定
指教
変型
立願
下問
決戦
増配
待機
交戦
周章
通夜
急増
流伝
整復
発給
航海
特発
先決
合一
加配
考量
横転
図示
移動
親和
帰国
辞任
属目
接着
特報
空転
加減
別注
通達
落命
相談
開始
列立
志向
招来
検印
乗車
解体
在室
等化
分節
予報
成立
発効
同船
在世
得票
高進
軽減
別記
破水
防護
得点
費消
卒去
西遊
給仕
出荷
順接
開城
建設
守護
発足
共演
寄食
発想
節約
表記
先発
出場
上述
採決
馬食
出力
軽信
進軍
戦勝
野営
設営
全休
送受
口述
出版
入居
永住
戦死
苦笑
辞職
順守
比定
在日
防水
特許
焼身
付着
永続
転身
注水
入内
発着
節制
輪唱
交感
告解
快走
内切
返報
手配
投票
挙行
先議
代香
出産
通園
節略
増水
急変
返品
司式
使用
送話
仕付
変調
焼損
借用
終決
観望
後続
飲酒
液化
雲散
注入
出兵
停電
放流
検算
所属
講読
唱道
近似
義絶
外接
防衛
電送
公有
遊歩
精選
試用
前売
立売
在宿
製造
店番
移送
文選
整形
定住
賞用
支出
熱発
行列
生害
先達
入電
進講
希望
招待
公定
門番
開花
代入
転学
確保
減給
内接
共有
美化
逆用
登用
落後
共鳴
貸借
例証
会食
再現
対生
出頭
利用
山居
同乗
要心
力行
進航
成仏
大成
反則
借問
入府
熱望
着席
残留
連判
入門
休場
終息
復交
決断
増刊
競落
採集
計上
接続
司会
調査
対語
検挙
成育
開平
禁絶
向上
対局
交代
管制
追給
内用
前記
付記
加持
破顔
要望
対校
調練
感動
再発
在任
病気
返上
命中
句作
作歌
適中
省察
略筆
追想
引当
直答
返辞
練達
会談
出資
愛着
苦労
改編
布石
失禁
競作
導入
上場
長生
落葉
来集
変通
変形
色刷
実戦
引決
移築
慣用
配車
説得
去来
設立
来会
校正
案内
落第
進言
興行
保全
規正
挙止
落成
急造
築造
飛来
暗転
製本
愛重
通分
作動
手品
読経
別言
移乗
保有
新造
投資
逆流
運用
平分
助成
停会
輪読
開港
転読
独航
終業
解明
開戦
自失
評決
転乗
入金
試乗
総見
指南
測量
南中
再築
全焼
陸生
明示
負荷
転属
起立
直属
調達
停留
返照
師事
研学
遠泳
相反
着陸
配備