乱臣
私傷
常民
別後
心血
軍法
学課
発条
青色
現数
手並
職歴
他門
林産
船人
仏道
警世
裏山
原論
若緑
期首
銀鉱
連送
冷気
名答
君子
寄場
雑穀
来由
風評
寸刻
郵税
両頭
井守
敵役
清朝
失意
物性
美育
相棒
切首
貴志
気位
大兄
歴年
割印
円周
悲話
天声
塩引
鉄片
等比
他生
神明
欲目
帯紙
芸林
種皮
悲報
俳聖
受口
茶入
刀泉
曲玉
先皇
諸公
長子
入海
精糖
雲水
円本
本学
和様
主神
印形
元方
旧聞
合名
徳性
平泳
節義
法印
書志
鉄山
文事
守札
歯学
私心
原罪
上側
鏡板
失費
雑歌
針山
劇界
善事
標縄
文中
英和
焼野
馬肉
角書
原液
絶間
追手
迷宮
探湯
河港
等温
残余
折紙
自宗
倍音
支庁
菜花
工船
雲気
細道
討手
位階
命数
再試
原図
急難
音大
菜館
同気
新報
国利
往信
才略
海戦
人性
厚意
水神
遊民
達弁
純愛
同学
同音
供人
熱線
新雪
各室
情意
心月
次位
肥土
県人
早天
平熱
暖地
主用
雪景
小書
活計
塩物
母上
形木
家運
公電
風防
城下
和子
流矢
素絹
路程
商状
答辞
船室
馬草
尊公
軍服
無熱
切石
言説
川竹
会所
国界
電熱
生木
胸痛
正念
相者
白張
本石
重工
中音
常命
強電
順法
名乗
口角
宿所
徒弟
貴校
職域
張本
重石
金力
老兵
公案
聖恩
引船
年増
大聖
連枝
良能
湖上
新湯
報労
力車
刷本
未生
半輪
正貨
精銅
情合
蚕種
電位
非負
先師
暗流
格技
有終
風声
暗色
魚屋
賞詞
分銅
官有
現当
都道
残月
実機
恩人
声域
借物
間縄
不通
山立
首級
白下
貸方
私営
鳥人
胸高
品玉
養老
単向
術計
片足
中折
川中
新顔
農舎
早老
護法
筆勢
最前
側室
皇漢
間欠
女将
病態
海気
目方
荷馬
連山
気節
寄人
情話
短所
血清
近目
私設
日食
当山
名案
星章
語原
編針
徒骨
手傷
悪逆
島台
頭注
射場
大刀
方形
存念
対辺
駅路
組歌
外地
前芸
中肉
麦笛
礼法
横隊
引鉄
記法
金元
並製
下種
遠見
常談
従前
水腹
鏡銅
面白
対敵
地象
梨園
人後
名文
不帰
番卒
敬白
帰心
丸損
主辞
気脈
湯元
雑考
祭主
先例
潮水
法問
余類
南港
続飯
機才
宿徳
失政
大勇
冬芽
正妻
庭樹
兵科
吸水
街道
天幕
観相
照星
職分
生皮
熟田
船用
内界
模本
我人
損所
尺寸
立春
尊書
下女
大著
和算
小火
倍額
南限
銀輪
孝弟
前条
諸声
打歩
有司
信女
断固
長道
失態
草紙
借着
酒代
美童
提子
文台
子持
苦役
地金
回腸
横物
軽水
自腹
諸矢
後身
神変
油単
宿業
客人
信書
私製
旧訳
至誠
外勤
仁義
雑仕
戦敗
事物
水雲
忠臣
丁半
芸界
愛別
折山
往時
外装
新兵
青竹
測度
男工
天界
達示
市子
樹海
立毛
葉虫
後住
兵学
神域
純忠
上根
湯銭
温気
真前
横木
馬追
考課
南海
地勢
義歯
国難
旧物
和金
太線
得分
子葉
大難
聖祭
岡三
高士
張子
略号
方角
人証
切札
法式
奏法
本会
左府
練物
未成
本裁
英姿
良筆
何程
好漢
防潮
空位
海里
台覧
善行
本管
戸前
官署
役宅
樹皮
投物
年別
城門
切米
茶味
式能
黄道
朝政
興国
血色
公人
存疑
筋金
尊顔
死灰
語句
大局
商才
糖類
虫気
各個
声調
月評
長針
片食
清流
文責
悪場
至芸
整脈
禁書
等号
会則
産金
上巻
多欲
全波
旧人
土留
門流
俳味
特用
具眼
水冷
山幸
鉄心
雑筆
身銭
半紙
条令
清興
力紙
難語
素魚
教義
天水
飛板
孝子
功科
得体
銀筋
灯光
野次
経文
後事
法楽
平版
物我
高堂
序論
構外
条目
軽焼
倉皇
根号
門灯
交点
母系
仏力
本船
白銅
俳話
成語
功力
時運
神文
京童
入相
切株
秋冷
寸劇
王水
銅銭
飯事
用人
発頭
型付
防砂
付目
前場
婦徳
親仁
雑念
裏方
営養
精液
果菜
朝顔
電路
好戦
切片
次女
詩格
借間
聖徳
司政
大域
言外
高評
旧観
置市
乳人
低質
産湯
大冊
新来
県西
子安
辞世
秘中
異風
快報
火皿
角行
原注
暗箱
加法
羽並
音容
徒者
育休
勝地
変乱
方処
付子
内積
軍船
極熱
地異
好例
字源
文案
大枚
好漁
良相
通草
天工
肉筆
不仁
旧習
築庭
毛羽
実悪
不犯
代品
妻戸
遠島
太極
器財
節気
胃病
香油
真打
筋目
老骨
準縄
石持
雑費
病理
無業
朝憲
寸秒
治効
価額
物権
流水
干潟
岡目
私行
敵情
投信
雨皮
天頂
水肥
再三
社運
前説
駅手
単弁
声帯
礼服
組打
正編
放生
野山
運座
適業
引札
眼底
海参
連俳
水星
原色
信望
書札
授産
位相
電工
欠文
至善
合服
雲際
求法
母港
黄玉
木具
仏果
歌意
直弟
聞耳
住処
急便
氷海
率土
造兵
予価
角質
短音
留山
院本
宿敵
両舌
臨急
正方
料紙
現形
術中
結腸
宿料
矢立
複利
争乱
仮病
倍数
男波
旅宿
司直
松風
鉱区
空際
水根
良貨
乱逆
玉子
青草
国号
話者
知友
漁色
黄梅
飼葉
開基
将領
座作
自利
聞手
血相
足湯
原級
波高
悪習
道家
詩形
雪路
夜宮
帯祝
英図
船客
旧例
河骨
町場
手筋
射光
帯皮
中宮
目色
豆乳
人穴
創憲
名君
厚子
残暑
根基
暑気
局紙
満室
来臨
害鳥
田遊
営庭
選集
堂上
学績
快刀
訳注
逆児
日給
君徳
戦功
表号
名園
語法
乗打
平服
病根
通人
宿帳
名器
逆修
乗数
乳棒
語勢
習知
自公
田植
清覧
親好
公舎
師友
大入
連体
金的
粉本
各誌
県令
正法
工兵
正号
茶利
古学
底面
銀波
真因
転注
金製
黒地
後光
正室
雑犬
連年
転結
客筋
精義
遠道
眼目
白磁
上戸
売価
各面
魚腹
分団
装画
無月
式次
才幹
徒桜
木骨
野点
同県
民活
目高
帯地
光背
弓術
弁才
年強
堂宇
白州
代印
地文
修史
上天
義旗
悪所
面部
正訓
国府
下人
達見
忠士
衆人
折本
農兵
全県
別製
章程
内属
死病
古記
門人
暴論
星眼
綿毛
至心
半弓
象形
留金
前車
矢文
日射
基体
禁鳥
女持
不納
中綿
根株
梨地
売子
小半
複方
複文
経机
血祭
盛期
旅銀
解語
雑劇
後葉
詞書
和上
変性
角地
時世
氷炭
成典
株券
水勢
従兵
油土
鉄条
全景
欲気
日干
水母
盛会
小波
次数
術語
作中
士風
遺子
外商
法皇
中口
末座
君公
見目
民草
条規
上紙
終点
神典
上長
多照
本校
持仏
禁門
科人
親権
破竹
毛筋
矢先
守刀
素見
借方
牧者
雨後
商略
連対
借景
家令
前人
定規
刻時
極貧
不感
外皮
胃液
遠海
酒倉
策戦
我見
祝祭
金星
米語
私益
鉄材
新字
延縄
共学
他派
体用
借宅
将卒
性行
正覚
重器
晴眼
木質
楽士
可用
悪文
内記
校風
国憲
放資
火夫
絵心
原生
悪筆
極性
両得
使番
半眼
傷病
方図
拾遺
衆望
外宮
才徳
酒色
名犬
作法
欠片
墓表
従姉
引縄
古文
帳面
養家
黒潮
台子
白根
暖気
豊漁
清談
列座
金平
地口
原酒
和物
花畑
積悪
乗物
族長
語脈
末技
水菜
点茶
原綿
星雲
前編
女系
名店
小形
名節
真中
文士
節奏
暴徒
生紙
無音
小暑
茶器
難訓
職権
質札
綿羊
大徳
古物
功臣
検体
全市
印池
会下
暗幕
板屋
粉乳
学則
捨値
折角
情理
点画
山妻
下表
素行
人夫
黒目
外敵
見付
図録
利所
水仕
舎人
練炭
入子
側節
先限
肺病
直伝
神火
画工
自若
赤鼻
仏経
常勝
学兄
純綿
遊楽
火除
腹水
初荷
公事
経木
年利
政友
衆口
大序
助士
視座
実方
忘恩
死文
射干
母船
定値
宝玉
常道
白歯
返点
質点
空語
民力
聞香
丸取
他心
雪白
山海
差等
何様
階数
来光
実害
許多
置数
弱電
委曲
田地
研北
空馬
操短
公主
波数
億万
民地
別物
青物
室町
雪消
中食
名手
原音
神君
機織
名利
石段
船底
政断
雑品
和敬
羽車
配役
群臣
皇祖
令色
神授
鉱物
適例
非理
潮先
月読
死票
原隊
熱風
車券
活花
個中
岩根
校異
花氷
生色
化工
全角
鳴神
玉代
画会
散人
合口
花鳥
前景
密計
法師
国学
夢精
諸味
国許
祖宗
明王
旗日
便船
雨中
負目
月極
貴家
印肉
電柱
乱視
国運
権原
孝心
次序
小事
脳性
晴姿
曲師
悲調
練糸
電設
大宗
食間
合方
子日
諸王
魚子
花梨
強談
穀雨
昭代
財欲
目角
金鉄
熱血
玉目
弓道
死所
質物
歯並
拝外
知力
納屋
平手
想念
金枝
棒術
採草
持経
平信
常春
強味
未済
列代
雑話
教生
病害
師弟
私信
古紙
情事
地虫
実状
難読
書付
骨質
折節
仏敵
悪才
横波
無痛
席画
後金
小伝
間夫
基質
武運
戸主
妹背
各市
飛報
岩穴
正中
塩花
単眼
肉牛
庭梅
病舎
熱度
通番
日豊
底流
口取
仲直
永生
権化
下番
黒豆
論功
頭分
近間
楽節
字音
少敵
血族
油圧
頭重
小才
穀類
本然
盛者
金波
最少
仏画
額際
湯花
容色
賞辞
割算
識語
間道
弁舌
都鳥
分数
無地
書誌
象限
日新
火切
実科
雑然
兵種
世才
親骨
才力
黒血
明主
陽報
立居
別当
何分
軽卒
不死
草取
裏曲
兵馬
上記
経書
合切
国文
救難
貴簡
姿態
共編
原毛
俳文
語格
黒酒
親鳥
年弱
明色
難文
野手
納期
全局
空論
軍門
妻板
心耳
無辺
北限
破屋
立礼
激職
科白
前科
守株
精農
序曲
前史
頭首
川筋
中編
裏表
軍営
身根
暴状
初経
病勢
金主
草子
名句
諸処
工期
旅所
受入
身空
論集
今生
次兄
立志
天女
肉欲
宿悪
造次
向背
神鏡
道人
荷縄
諸手
職名
農作
演義
馬主
雑録
悪者
希書
父兄
条章
音物
鹿毛
述語
赤土
銀宝
呼物
体感
才芸
術策
眼帯
夢見
草色
機工
敵本
緑便
止金
雑感
演武
関屋
初夜
冷性
持前
序次
葉酸
中天
本章
我利
苦塩
同体
留湯
操典
悪念
弱敵
土民
接眼
単音
旧約
要務
水玉
里数
仏工
遊子
大鹿
全品
弱国
上刻
質屋
非命
別便
仕向
諸宗
異義
焼鳥
灯標
毛織
接木
宗門
宮中
版図
切火
画聖
待合
選科
副食
焼玉
空陸
貝焼
分段
原麦
熱性
能否
逆順
近国
落口
良種
工大
村勢
聞事
土語
立板
県外
小業
半円
人達
紀年
私曲
当路
向暑
座下
来復
磁区
空豆
財力
岩石
代価
原肥
旅心
福引
竹紙
外客
樹幹
画然
語形
小頭
律令
句切
臨地
紅型
中表
常例
除法
松虫
鼻薬
総領
虫干
徒事
員外
兵備
秋分
広義
話芸
鼻輪
金輪
波線
朗色
健忘
妻室
両部
長兄
無宿
新価
秋気
文人
修験
本願
祭式
船虫
選対
高飛
道術
人語
薬園
見台
無反
後遺
衆目
名訳
和語
義勇
寸書
用命
頭領
残夢
外材
白雨
現品
無色
食指
火宅
老眼
自今
志気
板間
温州
単色
訳解
省力
肺葉
歌論
教本
酒塩
出花
肺門
熱源
盛栄
乳頭
宿根
酒保
石高
訳名
高点
臣節
官服
宿屋
令孫
詩巻
手心
夜直
往航
北画
諸道
神都
風圧
家老
年額
整骨
明君
正史
方術
落魚
多義
比熱
妻達
義挙
忠言
毒舌
外界
低位
鉄筆
方様
武官
法官
布令
残年
視差
天草
終期
目星
歌切
武名
両目
質草
赤潮
絵姿
朝敵
熟畑
画賛
薬石
支署
材木
包金
早業
仕種
大波
官営
曲節
大要
対句
約手
夏休
物界
弓勢
不戦
前件
聖堂
単車
天敵
神性
旧幕
男心
星合
蔵版
秘仏
談林
宿老
金筋
重代
男系
寸言
素生
祭日
絵素
海員
取前
自他
細則
状箱
大敵
折線
教学
首罪
語手
業法
下流
回春
焼魚
動因
通宝
電文
夜寒
程合
他県
物種
外報
牛皮
時数
精肉
段収
服地
船足
無季
善根
遺筆
通風
副因
鉄血
虫酸
着類
長夜
日切
本法
仕材
知歯
全巻
茶気
制令
町並
新木
意力
乳質
得失
将官
日計
白玉
定性
探鉱
機外
冬営
鳥屋
銀漢
骨相
定律
旅物
骨法
若人
茶人
死目
暗君
時候
勝運
複本
見番
版式
選外
追福
日産
対格
孫子
神馬
主持
筋立
連子
引手
全車
首題
兄人
漁父
軍神
目鼻
頭頂
別品
眼前
無量
運上
功業
山女
強国
式服
川船
仏書
感度
中点
重役
張店
店賃
心根
特賞
多毛
末法
木灰
精舎
先棒
令名
客種
進物
陸湯
生乳
後会
君王
用筆
極点
楽師
史話
潮時
型番
異物
穴子
春寒
苦熱
京女
選言
受苦
仲秋
旅程
旧態
法線
軍規
行宮
特電
落花
絵像
業態
初筆
原票
名札
仏家
当市
物日
教祖
炭価
細波
氷野
用金
挙動
色香
入方
港口
若竹
聖代
古事
有高
検車
文略
良案
臨本
金位
水貝
両前
墓域
毛蚕
備考
山寺
呼塩
先天
胸底
玉座
中国
小脳
無産
花台
親船
用役
金座
風災
老師
中筋
好季
君臣
織目
守神
日和
正員
色町
密教
角灯
鉄管
草笛
指物
警乗
尊来
悪気
令聞
筆画
軽風
敬承
負数
起票
等位
帯金
葉音
見場
同色
馬陸
豆炭
長円
父様
月並
山神
形象
腹中
基肥
里人
乗具
路銀
痛棒
間借
禁中
朝酒
兵役
約音
至徳
秋期
節理
流人
安危
従妹
除目
乳歯
校友
灰分
増価
宿場
拝復
参差
常人
社中
党人
風害
客将
左記
過料
夫子
水生
適作
時節
下衆
朝権
愛敬
小布
父祖
水差
眼界
詩史
墓誌
性器
保線
余毒
有史
電球
外史
天恩
余栄
字数
小職
秘曲
要路
名花
法論
切岸
諸税
難件
楽土
残物
暮色
食通
軍使
産学
尊王
官紀
良民
余病
無我
活版
接線
不弁
預血
大穴
結言
成文
背教
非時
属人
単発
毒物
等量
強酸
悪形
遠視
応益
表地
盛土
各駅
金持
図引
教典
標題
雲間
金賞
好学
労資
緑眼
経水
神米
区割
現官
中限
泣言
初等
私党
香花
移流
取組
空包
銅製
現高
陸戦
所存
国花
氷点
民選
節穴
諸口
物象
寸志
品格
恩情
和書
結納
県下
側目
新政
地階
返討
町筋
水魚
破子
断頭
空株
純量
帰命
教務
飲茶
補数
守兵
横目
雑書
領地
行金
次段
礼状
時様
除幕
忠勇
自象
夢路
内入
末位
買主
案文
愛郷
水声
法典
紙子
適職
水木
橋銭
来意
新本
大功
校外
真宗
他力
戸車
早耳
現員
冷灰
作条
門下
売主
官選
身状
便法
悪相
山水
引際
定理
金貸
多雨
助炭
音律
和習
中気
素話
洋室
至近
外局
部類
胃散
国電
歌合
地頭
外字
下目
右下
弱行
年並
社主
工科
真理
銀笛
水盛
仁徳
軽挙
収量
心気
気前
動労
水音
容共
保金
長潮
上玉
会務
鉱油
光頭
異事
家主
機知
真性
皇統
平体
罪悪
水計
人台
公序
天授
外題
福分
原器
小兵
垂線
野羊
至大
心算
氷柱
船団
反歌
母式
海布
所説
忘我
黄身
純利
象虫
内証
河清
麦畑
縄手
時日
原書
板目
礼者
堂守
山行
主査
神格
日並
精虫
主音
県別
引数
足代
矢来
有休
節織
名題
武辺
気管
軍刀
社線
白光
打切
取札
要点
忠孝
逆子
不具
式法
腹案
枝折
板元
天窓
法例
良港
君達
結節
兵家
測位
週日
初姿
教条
射的
満堂
牛馬
告祭
死身
足形
批点
工数
家例
絵師
荷受
場代
家格
小身
馬料
余談
胃弱
別報
夜気
秋興
張紙
武事
王法
総有
復文
足技
弓手
輪状
本科
優形
先夫
良友
俳論
機長
親展
東天
加里
借手
母型
楽人
親許
老臣
属官
日子
皇宮
大部
両足
講料
寸土
開巻
長幼
政客
流亡
成因
老婦
能事
治略
本官
不測
実株
産前
下界
警棒
助辞
買薬
円座
別院
言辞
低地
容積
末派
世道
月夜
家伝
富強
副本
鉄輪
略伝
王公
木精
試補
宇高
毒筆
科挙
下根
純増
角巻
米飯
夏蚕
故実
化物
界線
馬連
暴勇
複音
箱書
俳談
潮受
冷麦
命脈
豊水
住持
労政
左角
薬玉
話頭
基部
張力
株間
勝勢
宿雨
非我
性状
緑肥
林学
衣手
重囲
書役
後朝
全音
雑文
教具
専権
本城
花園
夜話
課外
用次
秋高
密使
位記
丸首
境域
名主
寺男
冊数
局報
米銭
有生
論蔵
私選
急病
切紙
反照
善女
天理
精機
船内
点薬
町役
医用
余光
後目
官学
麦湯
敬語
飯場
乗合
才取
子株
何等
旧劇
春画
郵書
机辺
新体
風教
私論
天台
貸席
結界
標札
尊容
家集
利達
対地
不買
港内
副木
言責
草原
丸帯
飲水
画商
変物
星夜
恩給
流物
青地
火色
末社
宮居
水絵
毒液
置屋
沿路
米屋
悪因
荷札
船窓
漢書
緑野
間者
適言
血盟
数社
巻貝
赤貧
絵付
劇務
消口
径庭
測深
県域
勝味
天上
古音
官版
支脈
成心
投売
残欠
男声
軍務
地物
取調
熊祭
名付
潮頭
磁針
士卒
義気
閉路
有余
才人
油送
純毛
図形
小策
列後
園地
門付
戦地
枝隊
英名
群青
出湯
満月
動産
学制
今風
旅路
詩学
小春
帳票
冷肉
石刻
敗報
寒流
計略
米麦
明夜
祝勝
神学
手付
語意
小字
経度
軍功
北洋
重科
優女
票田
所願
朝家
先非
面体
大志
歴数
道歌
仕切
句題
本草
雑粉
外乱
信認
石竹
歯音
祖業
心頭
定圧
農事
小母
荷船
手鼻
細事
浅春
上代
層雲
院試
切干
委細
組頭
積荷
音字
敵意
手合
大公
関頭
地歩
玉門
方案
精分
宗族
目盛
裏尺
雲上
暑熱
束子
回章
重犯
麦雨
仮性
断然
間柱
矢玉
子宝
果皮
特等
紙屋
温習
他見
将士
社家
益体
青毛
暖国
義金
豆本
近衛
会衆
特高
月余
型名
種油
現収
異聞
在高
地紙
中腹
余寒
有界
液肥
防暑
秘法
馬市
国領
下刻
公法
飛台
大法
軍医
裏窓
不例
良知
米産
綿弓
根菜
磁界
売値
辺地
連火
史脈
本誌
衆知
柱石
用量
笑気
編組
棒引
油差
金頭
小成
光点
船板
満山
付表
見合
母線
非勢
売場
停年
引窓
借料
職階
生酒
飛信
夕顔
婦道
反米
夜昼
火屋
教門
文官
詩論
本妻
人知
君国
赤手
薬師
裏門
産院
足芸
横座
公徳
私権
結綿
判取
間服
現時
多段
典礼
地境
賃銭
尺地
日照
行旅
青酸
糸底
青玉
板子
異教
内庭
神水
不文
明文
切点
後前
緑酒
無雑
根城
原典
便服
所見
割線
劇暑
党類
父方
易学
山畑
朗話
紀要
木馬
全段
未発
太物
興産
植生
業風
危局
研師
真金
中卒
損得
地米
初潮
悪貨
梅干
他家
政事
内所
品詞
泉下
生面
切妻
我家
通力
定点
物証
権臣
法条
追分
来示
日動
広前
砂利
下司
絹布
軍兵
定命
返札
切所
無銭
出会
倍速
飛石
深酒
武神
真竹
春光
速算
暖色
和人
無文
景物
牛刀
織地
商家
置字
現制
貧苦
量水
女権
劇詩
真底
水割
劇痛
定見
天機
相席
外教
枝炭
側圧
潮入
別電
空理
友引
秋日
差潮
街灯
刀身
各署
年取
空身
悪神
世情
和字
薬効
悪党
常数
年女
草卒
信者
水明
庫裏
戦隊
飛箱
国典
練武
月来
鳥追
枝道
異土
小難
残照
月下
下名
細引
老体
手旗
飲代
分際
学賞
馬頭
東男
部立
根太
余情
税政
当限
土蔵
西国
鳴戸
才識
天分
産土
洋書
出典
便通
客層
乱軍
飛語
兵団
炭田
弱年
感興
常世
早月
成層
良法
徳義
蔵店
裏話
辺境
原品
根深
参議
宇内
今様
基音
重機
量目
台閣
牧民
天孫
防風
衆議
在方
大樹
舎費
神気
小国
県費
見世
応手
借銭
小変
自余
標灯
類字
月色
古色
直中
青虫
大船
城山
筋合
火手
年寄
着駅
難行
列聖
守役
難句
赤心
暮雨
治乱
笛竹
東歌
明神
独楽
厳然
卵生
語路
鉱産
性善
典章
許否
人馬
寸尺
私話
実線
冬日
器質
丸打
塩豆
送状
再犯
力水
業報
始期
河馬
放論
直積
石弓
実印
色神
間代
西経
官舎
様態
立党
本論
極安
灯明
遠音
光波
勇将
中門
群落
仕合
絶景
腹切
宿賃
皇位
竹輪
福運
持家
紅灯
標注
羊毛
今体
種本
死脈
仁君
夕波
級数
家数
亡妻
士関
年波
真人
短章
細小
留針
共管
先史
群雲
捨子
富国
無欠
鼻紙
筆生
糸操
枝族
針箱
球状
各週
枝肉
知音
耳順
白兵
立冬
気体
焼討
夜具
全階
異数
実像
感能
冷眼
織機
常会
快技
社司
官位
死毒
論語
質店
炭庫
葉脈
再往
福茶
貴公
遺業
月役
楽典
学府
天質
流罪
高教
兵務
仏子
中州
訳文
目視
短資
洋灰
重心
草月
内皮
天金
夏型
食客
緑青
若水
文箱
連夜
文目
人波
言行
秋色
門生
横列
場裏
旧教
歩度
行蔵
局所
湯屋
入訳
博論
指分
栄位
建玉
申文
大戸
天顔
白身
薬草
等辺
逆旅
角通
目路
支点
小我
始原
絶品
荷足
今昔
損気
理財
平温
早口
片雲
沿海
明度
領分
正眼
巻尺
経線
変人
岩組
金石
番地
雑学
同勢
帳場
異境
口腹
防具
積善
行頭
高空
式台
歯肉
米穀
仲春
和製
食紅
同属
死線
通言
戦野
有色
理知
目次
旧作
中風
色女
大名
炭山
盛代
不休
徳政
頂門
重弁
水火
残品
夜会
書証
圧制
生節
水船
円柱
各科
体液
京菜
独往
熱傷
快足
小編
毛穴
流者
小鼻
前足
若党
易者
他動
縄目
義手
利酒
副詞
局方
税源
教案
英学
赤目
魚族
寄算
自注
玉菜
故紙
各課
序歌
主動
割前
香味
武徳
調帯
有識
異体
罪障
有期
腹蔵
残任
声望
方円
庭草
美田
小史
停刊
商館
兵火
種牛
刀工
行装
血豆
切傷
平皿
国大
大暑
火縄
貴所
丸染
人絹
初音
台辞
水際
正負
初手
常体
後件
同線
刻限
富鉱
選民
血粉
絵具
東国
馬飛
経口
胸板
学資
身心
悪書
桜花
単線
非運
国書
富民
老生
戦旗
会規
宣命
表皮
家宝
招電
心術
蒸器
天辺
石筆
穴蔵
英主
常夏
祝言
権門
近状
裏作
表門
楽天
月見
本堂
側部
小勢
権幕
降順
清福
損亡
難局
士民
祝意
手車
門歯
長文
料地
先箱
土気
重陽
田打
本性
社歴
急使
春分
道心
雑曲
腸線
元老
将器
晴天
無常
分社
木末
補題
気密
異腹
例月
初口
番手
比価
東屋
人才
図体
宮門
潮干
持主
初会
古泉
快方
小名
鏡面
心棒
暴民
次点
手長
弱酸
不義
素性
重苦
直会
季秋
月経
力業
訳者
家来
水損
終車
大悲
古筆
社用
野史
軍略
近業
路次
札付
園丁
定量
暮雪
背戸
側帯
名工
教権
花期
顔役
質券
血目
天変
加水
留鳥
片辺
首府
皮具
経堂
自尊
孝女
地相
初刊
目板
民心
別格
片身
夜警
山相
公印
義軍
砂絵
妻女
所伝
地内
高祖
食分
類火
美果
歌心
雨間
無声
所論
公会
他流
座薬
呼値
宿善
正調
早年
魚道
林業
道学
段鼻
丁付
町制
重言
春本
常節
帳合
上略
玉総
義人
上作
西北
従犯
晩熟
別種
尊者
温色
貴店
美名
厚恩
色情
協奏
小間
陽動
両損
報賞
赤道
風鳥
利器
木炭
諸色
賀春
造化
海人
船着
王師
平身
裁物
乱数
上使
焼金
血潮
厚志
末寺
縦穴
聖楽
打物
軍歌
要目
悪漢
本署
起電
物見
連語
尺八
臨休
無賃
対日
世故
博労
見性
家臣
札束
酒蔵
王城
父老
詩才
閣老
線分
冷然
元結
直音
薬研
通運
垂心
納所
願行
野老
丸干
余香
下肥
雪見
清酒
見料
医術
神子
玉体
同腹
総状
空列
当課
宿志
逆理
待人
手相
名識
外米
清元
婦女
果報
学務
王道
私通
仏説
雪女
前側
銀賞
病変
付焼
郵務
異父
俳画
省令
歌学
小者
寒月
余聞
論策
両家
相好
外港
難役
余事
積雲
上板
無題
水論
番兵
段位
東路
危難
往路
絵絹
不宣
残党
筆法
長講
軽石
悪銭
馬車
薬礼
語口
原資
劇談
木表
徳操
早生
強兵
工銭
空説
和学
不才
長久
小乗
補注
尊前
製織
開祖
流造
足労
出初
市部
挙世
上皇
宿便
県南
買弁
悲境
故由
主著
頭割
差引
都度
読方
能動
深交
下前
羽衣
焼塩
知者
考試
寒梅
裏編
荷役
日待
金歯
幼主
観法
道警
空音
仏門
社風
書風
続物
夕暮
天蚕
毒手
心妻
必用
旗標
地神
番線
月番
始筆
基点
散銭
区切
背徳
病家
精気
状勢
声質
秋草
全港
善心
真土
永世
羽子
悪食
平準
元帳
車力
銅器
有心
戦歴
新身
手下
国人
死角
族制
黒毛
天球
数詞
人買
陸田
義子
代脈
下男
来者
音像
昔日
専一
詩聖
若葉
各館
因習
容顔
明後
牛耳
未刊
先様
干葉
統覚
臨港
本四
直人
軍資
密雲
痛点
肉粉
下士
青馬
高説
卵色
使丁
劇作
線表
泣女
胸先
高察
初耳
魚肥
北町
石組
舎兄
窓側
党規
民望
呼水
外層
後棒
門弟
平語
同工
尊簡
訓点
水干
資性
寒肥
酸度
弁理
入費
庭前
間口
石板
正道
氏神
風樹
故老
優男
丁数
変局
自流
全能
後室
炭肺
地雨
直垂
持株
子中
氷雨
白湯
野戦
胸毛
口器
極製
兄達
清音
小径
実意
現今
分力
洋語
城府
労協
棒鋼
白梅
徒手
空似
故主
庭球
天人
台地
割声
春着
緑樹
寸鉄
犬馬
遠国
小手
亡兄
高閣
体計
根付
林相
類語
糸目
重土
良妻
絶域
権蔵
力持
遺徳
浅紅
不乱
工率
代数
平絹
旧慣
印税
持分
半文
買値
重職
法家
綿雲
調車
助平
玉将
絶遠
老若
農夫
上値
手創
鼻毛
干城
湯女
行司
心夫
軍記
諸方
起原
書判
旧悪
風骨
古形
半作
上町
練鉄
外編
本手
外積
原義
必修
奈落
桜草
農大
目付
小数
強面
祖神
画境
令書
独眼
朝見
花色
山容
高根
夕晴
軍夫
時局
内孫
性合
建場
勇往
多生
側妻
雲級
変量
地歌
放線
旧情
白羽
丸麦
害悪
馬標
多聞
糸竹
命日
急用
臨機
弱卒
親節
裏打
道管
動輪
官報
能楽
別席
牧笛
辞色
旧派
他用
菜種
半天
多罪
新着
赤飯
塩気
貸手
私署
墓守
内金
無界
日商
生類
善果
詩興
徒足
原状
川底
証紙
諸兄
追風
割判
身柱
穴熊
無下
指頭
殺気
役印
入目
音調
諸多
用達
色物
海容
力感
道断
家政
高著
吸血
姿見
荷車
機具
検字
相聞
陸橋
割礼
旧法
読点
花札
会心
短波
浅手
質感
利欲
元高
新茶
落度
聖水
義戦
先口
点景
暖流
利運
良風
老樹
見境
山色
各州
宝典
道教
子種
時宗
忠信
尊像
薬指
病因
京間
無届
乳価
党争
割目
手勢
遊軍
胸裏
主上
満潮
家教
宝算
礼楽
公知
親衛
実記
代務
野師
割下
人別
未必
史筆
共産
毛裏
夜着
野路
数個
遠眼
心友
真否
内典
風眼
前便
中研
裏芸
上声
下足
例祭
学理
聖日
倍大
女色
潮間
祝典
今方
礼式
類同
秘境
神算
変体
山国
雑役
急白
部所
汽圧
営舎
速力
国法
自門
捨売
情味
乳業
破風
両統
武者
家持
地積
長上
当所
後段
同門
聖油
建具
段平
日貨
日当
雑件
令室
銀地
入神
独話
黒米
原虫
国師
証文
穴場
君命
洋紅
牧童
雪片
極量
受話
来車
旧領
遺矢
臨死
遊資
心付
血気
買価
元値
素手
新宮
朝恩
鉄石
単数
炭車
自大
木立
再応
遠路
逆潮
吸口
木賃
引例
角帯
少弟
命毛
飲助
暮夜
色合
仮初
海損
緑茶
学外
極左
単利
葉末
挙例
図会
寒色
部面
古訓
絶境
逆産
破鏡
提灯
全姿
付票
香水
武弁
身方
営倉
帰航
勤評
善男
公器
難境
売口
演物
労苦
末木
熱球
効験
頭株
短才
師恩
首筋
仏閣
油虫
悪推
初志
首足
差足
戸口
国母
美音
豆銀
仏前
私意
往古
切能
信士
定席
信実
仲冬
同素
後家
盛暑
台木
世態
後場
故殺
小皿
小前
度胸
字母
退紅
職位
性病
良人
漁労
逆接
長持
細大
深林
算法
編棒
小潮
国表
下情
軍費
弱味
晩期
右府
友軍
末節
羽音
球速
戦備
語順
粉炭
片町
国光
幼童
雑報
旗持
新宅
虫腹
車夫
道者
鼻祖
苦界
遊金
右党
消炭
有功
美文
段別
詩意
肉屋
戸外
中程
局外
造酒
勝報
長波
加薬
郷社
美形
大約
老中
山羊
所天
写経
樹液
整調
院宣
心象
東雲
祭政
情実
尊堂
残花
活魚
心眼
師表
側役
入船
毒見
助産
悪感
敵背
紅茶
過半
主我
強記
側線
寺子
手代
主部
村雨
確然
険所
背革
寒竹
死場
船軍
売国
小佐
幼顔
曲筆
残敵
士族
金工
銅貨
差紙
疑心
君恩
骨肉
磁束
我意
静心
防人
余熱
文節
不労
仏寺
写場
低木
土工
野末
標号
私印
筆意
茶事
岩屋
我先
人品
火消
線形
留男
貴兄
両三
異材
不興
紙巻
至言
打傷
見所
事始
人声
南天
才子
固体
君父
重手
難治
定式
紙型
形像
潮境
密画
仕組
光子
情態
才気
左下
積肥
晩学
秘薬
情人
民有
門限
医業
台場
法令
月食
非分
祖語
何方
右辺
理非
複葉
暗然
火線
足業
初生
聖目
各月
水陸
業物
潮路
間奏
火気
楽長
漁区
治国
通史
戦雲
美神
助人
飯店
分課
作意
和本
史談
小用
業主
暗夜
府下
清白
市松
花軍
類歌
暮秋
活殺
政経
右記
白骨
英気
傷者
寸心
立后
波風
同質
否運
総員
天領
氷水
歩卒
基線
型紙
和音
漁夫
省線
面識
製紙
束論
区点
黄体
茶腹
各様
空字
光輪
船方
寒紅
書法
物相
主意
軍拡
皇神
家財
天険
私利
後難
注連
経界
食道
貧者
観兵
紅裏
頭字
木石
反身
本源
秋思
所生
官界
正使
柱頭
洋才
法号
聖衆
熟字
武備
酒食
雨氷
朝湯
衆評
単記
養女
運筆
天目
初句
飛電
家門
諸法
変災
操守
試技
律師
福相
秒針
神位
小耳
鉄色
貴下
対価
多層
訓辞
神器
異域
争議
花時
小力
門葉
字解
激暑
盛運
丸薬
言文
礼物
編首
相判
反語
重病
他物
産衣
来電
節糸
国貨
私法
大官
余興
適材
公子
切目
死児
敬具
仁者
余得
師号
終曲
順境
語調
正夢
宮家
世尊
元物
文頭
神歌
散光
座興
温灰
死人
旧館
空色
停学
皇考
防雪
警防
評語
黄門
表徳
佐官
何役
仏典
前垂
銅鉱
章魚
交雑
盛観
手兵
引潮
政所
高段
官印
内議
私産
仮構
手刀
牧舎
明徳
従卒
買上
月謝
劇職
始祖
明鏡
事犯
積水
波動
兵卒
伝単
花代
目顔
流言
青票
客位
風草
大隊
名分
対向
純絹
砂上
婦警
倍長
副文
報国
時鳥
晴着
長径
座元
近事
典故
君民
聞役
全知
文例
火勢
筆先
断案
古刀
災難
死地
音感
時論
家兄
呼損
内題
小結
本紀
精麦
左岸
終局
延金
衛兵
花片
酒興
評点
新語
防毒
逆臣
寄道
心機
勇者
老手
号音
照焼
平面
勢子
印面
唱名
海産
電略
小話
苦境
歌書
理化
脳波
長路
演者
年男
気道
下策
中性
実収
糸桜
絶海
明春
景勝
片親
行火
親等
眼光
対米
砂場
波路
道士
岩頭
草分
態様
両夫
天職
期成
文金
童形
春耕
兵制
時好
輪番
属性
良書
多勢
球心
商権
終極
酸葉
適才
慣性
訳合
給源
駅頭
席順
常宿
水路
才媛
願意
者共
川音
古格
宗規
金地
法政
深意
岩室
白粉
太初
村里
止観
島守
売人
関白
他宗
原著
都電
後列
本志
翌晩
限外
早見
医道
肉池
立木
横線
共益
調革
風足
正否
来期
半開
車寄
夏服
取粉
言伝
音義
詩型
他聞
高年
新約
短信
左近
片前
荷積
今際
戦利
素数
所収
例言
洗米
氷原
風下
弱虫
初号
盛業
高次
国士
良材
裏手
音域
定日
童歌
銀製
落体
古語
車馬
制式
事理
旧恩
売名
徳行
満会
路標
暗号
台紙
主調
切先
死時
先学
老残
神祭
兵営
半平
帯革
席代
半金
先任
座標
風気
詩書
宿学
波形
宿木
語数
黒光
明達
取立
痛風
京染
小満
近体
口才
暖衣
乳状
対屋
薬種
日夕
個数
夜討
人伝
異朝
教派
心裏
引綿
年子
品別
新案
冷熱
羊頭
近郷
聞物
雑益
金談
魚板
書信
石粉
駅舎
青貝
不可
天産
尊命
金線
火酒
客間
葉月
余白
歩兵
香箱
秘録
字画
山詞
日割
伝手
令息
営林
上策
強弓
明月
正接
習性
造山
和式
海国
具足
呼出
口金
原石
海陸
外物
座職
打身
親政
野蚕
通辞
折箱
至人
鼻声
張物
労銀
蔵人
花心
減作
能文
宿運
代将
貴女
開山
盛典
大番
海象
実否
難物
性愛
毒魚
新秋
農期
県会
銀器
船宿
牧夫
相法
付図
級長
労金
往日
軍馬
夜番
金風
単葉
検量
平脈
京阪
私記
密書
武門
麦角
宗法
他事
臓物
南風
後傷
本態
自性
月表
浅才
所領
治者
寸評
神通
詩想
月明
雑作
題詩
盛徳
本字
小曲
全労
鉄橋
山並
師父
号車
季候
片糸
有体
蔵米
状差
学窓
前額
無二
口前
女波
中潮
予後
相方
文展
至急
宿銭
経論
公理
算木
類型
心意
流民
差水
青菜
先山
筆戦
赤紙
政論
欲心
罪責
青磁
史書
幸便
性差
細筆
分隊
制札
上物
験者
指事
曲直
至情
社友
玉算
教則
敬神
愛染
情歌
武断
電脳
天明
海難
仁術
湯茶
典薬
納戸
緑玉
臨空
亡国
油気
通論
略画
両義
京師
飯台
張番
蒸物
負号
意中
球史
利水
種紙
界面
単体
進士
上衣
天来
題意
馬丁
付注
筆洗
金糸
梅毒
社共
金団
豆幹
引幕
諸式
干死
中背
中休
文机
球道
多倍
泉石
下角
横雲
冬空
地役
不知
銀側
延性
密議
遊君
上客
舌先
例規
漁法
段幕
速歩
防空
秋晴
寒害
至宝
別冊
大技
中隊
胸像
造物
眼中
内宮
平場
仏祖
前言
山風
笑劇
雪男
武勇
起句
誤差
厳科
総点
毛並
辺土
工手
角笛
初湯
人死
株立
英略
湖底
医員
古参
両次
大安
来状
往事
激流
申入
鉄線
色悪
鳥目
名流
面輪
定温
葉巻
石松
易化
貸店
講説
厚紙
衆論
張板
点心
貸切
院政
具象
導管
俳号
札所
産婦
悲母
前代
造機
気先
箱庭
鼻木
貧寒
略図
風見
静脈
暗室
流氷
座員
楽隊
後学
中入
法難
名城
当家
石造
幼生
赤身
段歩
町家
残像
木通
絹針
流派
表方
秋物
女人
死水
助祭
心材
諸物
看経
書画
提要
山場
絶技
中外
船型
布衣
中波
官権
後口
上薬
至尊
乱酒
乳酸
秘計
結線
公孫
日収
官辺
夜景
陽極
中耳
取付
番台
声聞
奈何
銭形
銀座
他念
変値
呼名
桜色
券面
水夫
打力
真名
禁札
山守
歌口
大師
善政
負軍
疑団
来季
大黄
苦竹
借受
売色
才六
俳風
段通
雪空
新店
合着
遊漁
私室
並足
観想
岩魚
格付
悪心
書目
字訓
源平
情工
天心
刀心
米収
持薬
中指
人面
不着
別状
牛後
急信
品数
愛息
桜飯
書屋
沿線
風前
船路
春景
高徳
熱論
式目
庭訓
遊技
徳目
本宅
策士
横紙
親株
本道
旧主
墓穴
夜光
原泉
半解
官立
反物
肥育
共役
相客
生湯
私兵
酸鼻
件名
若君
軍旅
神灯
裏白
盛場
引歌
仏事
余財
実理
肉類
式部
丁場
王化
情婦
手性
地産
全戸
古希
海松
帯留
鹿子
事訳
反例
体技
飛魚
主務
税目
防共
画筆
清勝
台下
細線
厚様
意想
因明
漢才
勝景
夕潮
裏声
宝蔵
仲合
太夫
厚司
未決
平話
校旗
武功
宗義
白頭
恩義
主脈
収差
語頭
末巻
細民
急電
赤銅
造本
失体
設題
仏具
教皇
麦飯
衣帯
野立
腹巻
短評
好字
小昼
声価
情動
規準
言句
茶道
夕映
結文
引金
歴象
貴注
主君
新古
風姿
故里
絹物
危急
修辞
政道
盛物
後先
路用
郵券
効目
仏堂
地織
古人
詩文
機転
得物
切水
道着
挙国
雑事
国富
消磁
親木
古昔
院外
木管
朝命
出潮
洗粉
親玉
弓取
佐幕
衣魚
別使
現勢
主祭
亡君
平声
願主
若布
公差
浴後
洋品
厚地
品名
薬科
暗主
整式
主情
花祭
量子
紅梅
月草
見処
手妻
肉交
提重
気転
芸当
死金
小首
旗雲
条理
火玉
布目
告文
銀山
補肥
原質
法名
観音
貴書
病葉
後産
元正
腹囲
絹本
足熱
他誌
主語
時空
具案
内意
波面
死罪
種物
童顔
博愛
副書
美声
乱行
学事
王土
略服
連尺
夫君
中黒
中位
劇画
深手
銅山
投節
実生
道服
官女
夜戦
月切
照尺
貸主
単式
所感
団居
金欠
手簡
日直
圧政
真弓
泳者
目代
富者
支族
口伝
飛火
配所
遊糸
花守
志学
校本
新版
神権
平城
結縄
精根
仏法
洋式
空谷
落日
裁板
親達
表口
花屋
本給
色道
応分
和談
極楽
焼絵
骨身
用布
港外
組重
属地
氷室
全党
地温
供頭
書院
茶代
聖女
部室
情火
雑題
病歴
野乗
陽画
貴宅
水松
肉感
初氷
同上
院展
大姉
矢種
全島
虫害
泣顔
書体
線画
上表
手織
異形
死際
公休
目薬
格式
春暖
銅賞
自序
平米
正金
戦機
陽春
独言
粉屋
前古
通例
済世
内争
法橋
男帯
裁布
場席
同番
家職
識見
律詩
記数
馬具
複素
鋼管
節婦
数刻
対数
雲路
勝星
古血
国劇
歌体
海星
席入
立業
有精
徒名
断熱
麦作
手序
曲馬
薬酒
密命
独歩
書状
路辺
湯玉
深窓
左辺
法輪
絹綿
採光
両所
生母
年期
文意
神祖
色相
番長
必中
悪道
貨車
原意
老少
郵相
月毛
表作
広間
苦肉
管状
賀詞
小知
進取
乳糖
黄砂
人世
上士
筆紙
高節
冬場
衣食
適所
近刊
軍令
国状
急足
明太
兵乱
島山
新教
語根
活仏
極月
重湯
心神
合従
臣子
船賃
潮気
余力
野火
大政
要具
流速
書机
建売
男腹
後景
青眼
後書
固目
有半
証歌
要害
仮数
機業
案下
旧遊
大路
貴命
終発
満期
宿罪
退勢
的屋
厳暑
大葉
読物
暴雨
虫薬
新令
直方
風月
直参
悪様
差分
初役
中子
害心
通有
浅傷
幼者
国禁
机下
回文
反立
氏子
長湯
単機
背理
心太
原語
引物
器機
管下
散楽
出格
心火
結願
熱砂
季題
真筆
色欲
命婦
寺格
従者
法城
塩害
玉虫
故山
守宮
値域
兵船
句法
先君
盛名
火矢
要地
難場
輪中
面前
底魚
残夜
夜色
花実
増炭
写絵
受持
小勇
似顔
令妹
打豆
余技
船荷
心像
焼付
届先
緑林
例刻
半白
私物
内乱
流体
国司
上世
勇武
棒組
鼻音
市勢
夜業
大逆
曲面
文名
砂原
中農
衆力
質料
立姿
丸木
令弟
卵黄
難曲
切子
日算
仁愛
旧任
素養
大過
初物
海女
世路
馬印
億兆
体様
医方
赤熊
天王
玉歩
思潮
雲形
属国
岡持
後人
家名
日永
用法
実費
間着
書冊
神橋
原寸
弁口
句点
名月
盛事
知行
楽園
熊手
投首
店屋
校規
宝船
分秒
給金
存生
求心
磁路
文鳥
学才
城主
垂幕
胸倉
原紙
尊覧
紙切
田作
軍勢
支隊
羽尺
玉案
暗紅
中有
同職
片口
使徒
諸姉
輪形
情夫
忠心
羽交
秘宝
整数
博聞
本則
色目
物情
明証
聖業
和戦
紙花
真先
白茶
天意
取口
権妻
労役
重罪
守成
女医
豊年
砂船
葉桜
和布
持場
憲兵
有夫
前祝
春雪
別件
官能
可視
詩劇
高批
紙器
薬学
式年
人参
節分
権道
昼夜
野犬
火水
正数
鼻柱
山骨
列火
粉米
文典
報徳
付根
残生
石版
特金
非人
現尺
通気
乳牛
歴戦
先約
地衣
美点
平底
用例
曲調
実際
郷関
破線
印判
恩賞
仕打
年令
天真
風勢
国訓
詩語
笑話
死物
花落
故知
在処
大意
音速
面皮
東遊
定論
拾屋
近因
新形
純系
仏土
下戸
指命
定職
血路
和銅
火打
散米
米所
軽口
語末
市区
切炭
正則
外洋
我国
軍装
官記
原初
業病
謝金
存意
回虫
素意
法統
諸政
漢土
矢庭
水油
行平
単解
平曲
命運
夏作
胃酸
箱船
良工
深浅
文段
付則
才物
乱文
極上
希世
宿許
光臨
領民
命題
空電
忘年
従容
小梅
導体
仕法
真草
官職
縄張
図様
主筋
正教
干草
縦形
道産
牧人
同文
調歩
底土
風花
実姉
権助
余所
朝飯
神式
道庁
骨頂
出合
半銭
水天
減法
板本
寒帯
屋体
名筆
達引
季冬
白線
心持
善悪
定宿
出丸
勝因
前門
中興
要事
極官
諸相
折助
銀位
遺制
毎会
雨声
大協
店構
香具
軽業
要覧
上体
同君
横議
古体
天骨
積木
副使
詞章
有権
補元
売出
表具
容止
編章
番所
訪客
合羽
元価
真横
職制
上潮
印紙
群小
舌戦
翌週
砂山
耳許
鳴子
身性
立役
好配
祖師
室温
栄典
練兵
当校
脈所
戸板
大福
肺臓
熱情
加数
秘技
手工
関守
地気
入潮
暮春
真砂
法治
物上
目性
逆波
敬答
老農
代案
心木
大円
水足
戸長
香合
色覚
男衆
在野
車引
語感
飛車
制勝
後山
骨粉
秋作
養母
洗足
新院
良策
徒情
優姿
重責
秘説
氷雪
無上
金売
方略
名木
湯巻
情調
手植
祭場
海老
目処
仕形
雲量
国字
部内
交友
大罪
旗下
極付
直門
常法
不時
高下
夜学
悪報
名望
米塩
土星
秘方
原付
印章
山番
持病
旗頭
所書
空談
機略
雪腹
皇紀
白目
織女
貧農
空耳
上水
純然
伝助
未設
干満
確報
別宅
太子
門口
両市
他律
半音
空合
白糸
痛事
主恩
多血
両朝
勤行
公証
直衣
有情
同役
波布
楽劇
文勢
副次
名標
雲海
本金
機根
夜船
書取
置引
技工
図絵
能筆
当館
神官
義眼
記聞
評言
上様
古制
平麦
月別
名刀
因子
海防
全便
聞酒
勤王
晩食
題画
小面
両道
炭取
桜紙
横形
推力
通箱
財貨
刷物
緑門
末世
半片
天主
炭質
大足
用後
広原
週報
天外
半玉
明視
外向
画業
白話
半価
年季
水物
群竹
取灰
香気
役牛
銀子
打首
兄子
近東
馬面
旧宅
円貨
買気
音波
地合
出銭
楽想
古傷
寒心
祭司
矢束
松明
犯則
新風
段物
模試
仲居
神色
両年
円上
童部
革質
名子
歴程
大死
詞宗
当機
誤判
根毛
男前
遊女
元肥
王代
麦粉
利手
義心
通事
幼女
劇通
実字
主教
日輪
熱量
炭層
同値
赤本
石女
終巻
船標
適評
欠本
多売
商科
横腹
鉱石
政略
連声
調音
臨池
史官
引戸
魚群
国元
公役
航続
私人
新酒
和船
思郷
世評
緑風
未収
教理
洋学
外因
内法
書林
下草
空巣
各賞
公方
重箱
焼印
史伝
商学
紀律
真皮
行文
起死
標目
国持
家信
灯用
敗勢
手飼
鉱害
海草
金気
張手
犬歯
列伝
単級
手事
道統
古伝
素足
例題
警策
河船
空冷
全期
売薬
王事
事相
建株
女敵
早場
父権
雑俳
属島
主薬
乳香
後編
季春
票数
針術
糖衣
寺号
清栄
後備
花序
余徳
箱師
内聞
西陽
酒手
野心
相国
欠目
徳望
道話
係数
数多
補木
平織
太絹
恩命
満車
船守
火祭
砂子
観桜
客地
寺領
我流
西土
片息
遺文
左証
古里
丁年
外道
砂鉄
応力
草書
評注
標柱
序詞
属領
市費
使臣
洋弓
音節
断橋
鼻面
風力
可動
交声
上屋
旧臣
光参
落陽
証票
旧道
矢場
愛欲
便意
焼山
副将
冷泉
序言
位地
肉片
法門
総記
小中
医書
欠員
牛革
課業
漢語
席料
警手
従兄
真向
楽聖
史劇
図上
内妻
小器
大乗
武技
痛覚
同類
論題
創傷
中置
大通
代人
鏡石
可逆
合札
上皮
名山
名著
平幕
発句
片棒
基板
礼電
割札
素焼
興亡
行路
灯心
落人
副題
高角
返電
市上
芸文
金銅
仲立
船級
馬手
外耳
高覧
筆舌
水筆
正系
編隊
類題
親署
縄付
能才
全紙
雑株
字句
洋本
主位
兵略
焼飯
方寸
木皮
光陽
号旗
健筆
電報
在所
旅情
従弟
感熱
潮合
等式
金将
神楽
商運
所帯
空事
各論
右近
飛泉
本属
功過
場景
男手
用度
金管
中層
乗法
外紙
南岸
置土
軍港
絵所
門主
血糖
客気
軍紀
土筆
桜貝
福助
門柱
光来
短針
現業
薬毒
同母
秘史
取高
馬方
円転
容子
無品
複式
面差
炭団
差毛
善言
生糸
決然
印伝
色感
気息
送辞
束帯
酒気
男根
非番
取的
画板
外気
常客
回天
寒行
秋月
異本
切窓
女工
組下
上目
国主
冷温
砂州
文色
小付
素式
家君
無手
回状
定則
現任
昔年
入物
悪童
塩基
遠流
率然
著聞
数行
夕立
麦芽
当流
旅衣
格率
後作
官設
盛挙
天成
国策
貸元
宗徒
天堂
海港
要用
亡父
落首
打綿
内国
宝刀
報恩
田夫
革帯
野道
上意
善人
数式
長編
遺習
船蔵
差前
児女
焼畑
香魚
宝前
指値
静夜
村役
職工
地底
光年
宿六
家訓
私宅
徒口
容態
角柱
近火
貧鉱
作男
倍角
家作
公傷
遠火
何頭
時勢
教場
諸点
湯葉
末筆
地所
赤口
寒卵
出様
泉水
平時
夜店
茶店
異人
不評
楽市
寒波
院議
共裏
私供
神宝
背節
敵討
小童
人臣
個物
有様
主家
仕手
寒天
間然
旅装
未聞
穀粉
差料
射利
家風
主事
老台
会堂
読手
鼻先
簡保
画才
紅顔
弁士
元始
受認
奮然
速効
遺著
老女
満干
茶所
反間
豆板
順逆
情交
作土
球体
動体
宮腹
心音
補語
春情
用足
心土
願事
徒飯
地引
山子
和親
歴世
閉包
紅毛
諸表
肉色
異類
門札
口許
題詞
律蔵
分針
芸大
腹背
冷暗
文型
売声
沖積
若様
新前
酒肉
館主
蚕室
同病
直列
花月
晴間
幼君
宮室
初速
善本
画意
男持
細雪
布子
兵書
不漁
貯炭
原名
春陽
内圧
生首
官栄
骨幹
読史
病犬
外線
活眼
残香
貴札
小女
寸時
雨具
所由
養分
土人
縦隊
画室
名号
訳書
産所
憲政
銀粉
有向
行書
似合
来世
厳君
月限
貴社
外法
間貸
西紀
熱型
同人
益友
達意
色素
土間
兵事
過客
月割
乱筆
連曲
願人
天象
戦域
中手
目許
全作
平民
下火
道内
天朝
糸車
塩酸
視学
角形
在家
店子
別間
衆道
晩景
略体
木裏
光学
変種
席題
西人
書割
洋種
無風
本状
形勝
無位
親潮
矢車
畑作
湯水
気運
黒焼
戦役
産米
聞所
売笑
両町
横型
純分
法域
版本
横筋
方眼
下職
貸本
文才
空家
気根
鉱層
所出
拾物
日報
神国
神助
機屋
下帯
法話
寄手
構文
判子
茶飯
決河
山犬
円価
直腸
入夫
試筆
宗風
都議
貴紙
極所
待針
寄木
仲店
伝書
温容
羊水
無印
男役
権現
試料
才知
悲喜
後夜
裏店
前約
財経
組子
郵船
総高
銀将
近臣
和議
救民
矢声
別段
近古
禁園
新参
賀意
分身
部課
産道
干天
閣員
相恩
連木
常打
大知
息女
人海
異同
神州
子鹿
投銭
貸費
座金
際物
幹竹
常緑
写字
幕屋
早馬
丁字
魚油
要理
洋銀
豆油
人定
旧居
上聞
消暑
牧牛
石印
勇姿
書聖
先住
版下
所司
格外
里程
管見
反歩
新刀
法弟
遊士
領水
小寒
略章
種板
前作
公課
大水
遊山
適訳
部署
厚手
和毛
切張
副手
父君
官金
縮織
高密
留別
円心
勤皇
実学
腹帯
敵手
温熱
秘教
望郷
島根
無官
修女
低圧
内高
手塩
軍学
星図
太白
作事
兵革
両辺
家産
羊腸
測線
詩編
棒頭
愛鳥
庭先
往昔
折戸
立米
早番
和訓
厳島
夕景
点線
産額
書巻
治下
仁王
秘文
別条
業容
多士
春色
包有
測光
終電
形体
手械
素首
保水
若蔵
飛型
省議
業苦
小町
政見
気流
水月
巣引
居合
連歌
全判
実歴
順列
形声
平射
住戸
黄水
蚕児
神職
政戦
画素
焼石
発話
諸費
井目
義民
術数
実事
絶後
責苦
欲得
受身
大命
大器
業師
小言
特質
耳金
小父
明笛
失地
師道
寄目
貸賃
小店
所労
遠来
気持
句読
保父
満作
心力
飯米
級友
夏至
悪戦
団交
近情
村会
追号
名勝
諸白
病体
全学
歌聖
家借
員数
事大
基層
帯側
光圧
屋並
悪寒
有理
迷夢
無向
武芸
印画
無住
創見
通弁
本身
貧土
本案
連句
大度
耕土
下心
好日
灯船
異相
総意
密事
金時
雨季
毛見
知徳
中業
暗黒
鉄鉱
東口
実包
光源
行状
黒熊
層間
古銭
良品
公準
武道
丁子
公館
技研
迷児
乱丁
定府
空夢
均整
河鹿
泉町
画帳
序品
別口
貴著
通則
利目
追腹
楽座
夢現
物欲
宗室
接辞
白焼
谷地
弱志
葉状
父上
誠忠
地誌
忠節
比論
雑観
貴覧
木目
径行
気宇
家父
木型
相宿
愛書
船側
野茨
書中
雲足
古城
法語
悪声
返歌
定訳
敗残
日暮
正株
活弁
戦果
亡羊
小夜
天物
切畑
歯形
詩体
講述
後足
検使
差油
座方
素志
幕営
女犯
金仏
鉄泉
軍律
接台
金高
順流
村童
夜曲
遺風
神徳
訳詞
小使
関所
類本
門外
保身
適役
宗務
傷兵
農芸
血行
法灯
科料
他校
米材
愛社
黄鳥
人橋
曲射
玉音
名言
冬作
絹地
半角
戦局
各区
聖王
産毛
回船
実員
処務
日限
苦寒
走路
産気
下略
士人
各相
白太
種卵
禁衛
軍票
管外
大脳
居中
細石
断編
水芸
世知
仮死
背部
歌誌
行賞
荷作
性情
神階
初夢
海道
好悪
年央
会意
電光
化身
天運
湖岸
骨張
手持
子方
始点
切戸
連言
時文
山刀
地顔
西域
損料
像法
空戦
同好
反別
細面
筆耕
官員
警視
逆光
脳病
末書
上製
車台
輪留
点者
耳輪
木仏
領主
益金
乗手
里心
足並
皇孫
印材
人相
金穴
飲屋
先登
衛視
宿将
迷子
公武
願文
飯盛
年報
行手
茶園
多少
手打
前菜
料足
初犯
下層
水密
欠番
高波
登高
起毛
手刷
善所
筆箱
水引
羽目
未配
外延
法服
文題
相識
分脈
成句
門火
知略
武臣
本末
滋味
特立
居職
漢音
竹工
背子
小腹
死花
暴政
近作
氏族
幼心
火柱
食塩
担税
仏師
名論
骨炭
絹雲
遠心
口舌
行学
大農
果糖
各車
訳詩
近視
自照
理外
番屋
長虫
余命
水脈
老優
永代
私欲
香車
心性
地変
圧雪
立秋
生国
同友
断金
同前
他殺
深間
原皮
朝議
職長
筆太
分室
講中
欠字
管領
諸行
至論
尊号
皇宗
町医
主面
流量
朝間
史乗
回流
神意
課内
仏身
王命
義士
序幕
商都
字典
毎戸
重水
間男
遺愛
酸類
来信
修論
博打
経連
用益
深紅
先覚
競買
法談
朝来
荷造
日出
座高
死処
利敵
夜祭
橋板
前段
事変
夜道
出物
尊台
行灯
引力
本筋
式日
楽焼
軍旗
罪過
冷機
不老
星団
組討
肉入
酒家
母物
情義
雑技
真情
城市
快弁
除夜
前略
道化
風説
例話
諸訳
尊師
中許
立引
安値
速足
道草
長月
答訪
単元
星宿
棒先
経年
老病
高所
敗軍
昨報
芸子
破船
春作
大典
有性
禁城
密宗
王制
版制
編木
竹光
紙帳
所化
目張
史詩
正客
複眼
備忘
織元
豆類
補色
導因
初学
美談
値打
肉声
赤札
小刀
宿駅
近在
気球
北辺
毒味
歌話
父系
本立
鉱毒
間色
土管
紅絹
早便
飲物
造言
夜鳥
訳語
公達
満額
母衣
両行
付句
油屋
多元
居館
古流
良夜
割注
切口
名馬
悪手
油分
言笑
向寒
高菜
完本
行人
神宮
対流
転帰
月輪
質種
痛苦
水郷
木芽
場数
時務
図面
勢車
両輪
祖先
蚕糸
天助
受書
他紙
英資
糸引
良性
板材
夜顔
紙価
視程
古顔
口書
聞書
才筆
馬力
雲居
散票
付火
黄白
線条
名家
座中
順風
鼻筋
手技
産屋
保税
士分
開府
適薬
人山
社則
校章
空値
組立
借主
打水
手洗
牧神
章句
洋刀
人柱
電界
極太
回教
飼鳥
疑点
産着
真義
全備
革具
板場
紙背
聖徒
歩数
乳液
直宮
市中
豆蔵
帯域
門衛
新穀
負腹
部材
生血
和裁
急談
空木
間引
牧羊
神主
悪人
今上
車代
血合
訳業
会誌
順潮
重態
変格
詩草
女腹
逆境
別命
付文
持説
盟休
内燃
天馬
歴朝
字義
初伝
暮雲
綿雪
製茶
未草
打粉
機片
小腸
宿意
仁政
非役
余勢
世心
閉式
地番
徒士
大計
優賞
官費
季夏
進境
話術
真水
聖断
緑土
綿花
田虫
胸間
原鉱
益鳥
非望
講談
語種
洋紙
利他
早計
空茶
解法
史家
忠君
長石
法眼
客分
産直
相銀
光風
読会
薬害
別刷
除数
数次
新付
草肥
村方
客車
体温
葉風
当住
領国
小照
漢和
造庭
臨戦
読人
中味
両県
題言
包皮
所外
親日
貝柱
夕刻
雑税
妻君
線上
経糸
遠因
吸玉
記文
往者
俳書
胸骨
死中
市協
意字
諸人
神政
長者
銀紙
検校
民度
用務
才蔵
社日
産制
法力
全課
空名
筋子
不善
時服
樹氷
広口
実正
和牛
法理
教区
絵詞
小歌
高射
飛札
長音
布引
人税
神体
絶島
研屋
名数
上絵
小額
青史
各県
前官
湖水
分詞
目地
中形
尊兄
富札
米食
胃痛
宅造
冬着
引起
筆名
油層
貴台
貴意
自席
軽四
多肉
古兵
本分
傷物
罪名
用便
毒水
無勢
仮宮
形勢
右文
欲情
学際
群論
居然
不二
白酒
副読
反橋
似指
町会
節供
弓馬
節季
下枝
不一
時雨
新株
結語
湯腹
福音
画数
技官
行道
黒松
公国
田楽
小冊
炭火
真面
連理
背皮
防除
長流
居宅
水圧
探題
半球
無才
候文
軍談
満願
要港
上底
天際
草画
座浴
木片
路頭
式事
高風
謝状
数寄
異観
分量
神品
余録
丸本
温石
別巻
天測
区会
日歩
情欲
示度
定木
悲歌
光明
丸太
冷飯
金札
同罪
書式
試航
短見
寸話
新券
親書
桜湯
音便
小節
風位
情状
海牛
経国
盛夏
神業
単流
徒労
物持
楽音
黒点
師資
内規
酒徒
気性
新編
静態
役付
入声
楽員
場末
席末
郡代
倉卒
天子
豊丸
毒矢
原詩
空母
側板
臣下
救貧
語族
得業
無水
新味
早昼
仕置
電導
官省
根方
天眼
官等
持物
呼子
可算
客来
幕臣
秋雨
手箱
新選
沿革
全科
人名
正絹
当会
別法
日次
上古
赤腹
検番
姿容
整容
動態
乱戦
屋舎
朝会
法界
適期
習作
方体
風向
内務
母権
火難
木刀
牛舎
導師
同者
毛皮
輪差
図工
春秋
日銭
変事
各日
焼売
金円
技芸
社命
下線
湖面
切地
小引
好古
戦費
世人
未見
職印
夫権
海綿
村営
所業
草市
合財
売手
社費
水先
南画
拝具
学徳
反切
仲兄
笑声
右筆
技士
初給
池心
典例
前章
総省
金言
遠矢
軍役
弓張
土色
半切
氷蔵
新地
単座
木魚
初声
校倉
守則
現神
口答
川面
真綿
究理
原動
利生
護国
人君
実数
衆多
教法
半裁
神領
晴雨
本代
公家
統辞
口茶
老身
理法
燃油
実録
高論
雨空
便衣
支線
印綿
小金
心祝
進運
村社
達識
面長
家筋
都下
切線
染粉
若菜
老健
飛地
作例
梅林
女院
紙魚
当腹
毒草
口証
経伝
液便
女童
法科
後指
下巻
日長
美身
粉薬
器楽
永存
枝豆
音素
口銭
語義
年功
例文
礼典
表構
値札
綿油
薬液
小作
民情
語物
母后
買手
類句
法認
雲表
肉質
医家
黒雲
話語
盛時
鳴物
黒炭
権勢
細流
清適
身中
洗湯
共助
腹芸
真勇
唱歌
郷士
競市
個条
磁土
志操
極書
筆順
層状
語序
真紅
貴報
前輪
口辺
身形
図法
手負
公論
品等
製糸
蒸焼
隊形
新橋
祭事
申楽
混声
地色
罪業
吸物
国守
多妻
遺命
盟主
油井
段数
土製
史論
後姿
出師
生年
手提
警句
非職
逆心
反骨
世上
干害
原種
博引
法敵
城頭
小異
党情
正課
馬屋
中値
雪間
垂木
兵長
落丁
向性
球面
浅海
別業
半休
物量
逆運
逆徒
財用
毒婦
題字
鉱水
卒然
仏界
細雨
焼場
底本
体側
出歯
変数
用木
体言
暖帯
算式
船医
眼識
語部
軍書
主点
宗家
楽界
老父
宗論
美男
父性
大鳥
徒話
文武
年歯
総画
令兄
切身
気書
貴誌
鉄分
個我
伝家
通性
武略
止痛
陽刻
拝上
遊客
羽虫
相思
売立
進度
成算
先便
放課
可分
目元
目見
防食
無明
総角
両個
着発
大任
現身
水鳥
綿服
要職
管長
関数
本義
酒客
筋書
永日
残額
後図
作間
線型
蚕豆
編戸
差薬
童画
本寺
別辞
逆数
陽解
鼻水
物税
有産
義兵
病毒
退潮
序章
勇足
極細
官話
石英
上席
石火
太守
呼気
糸価
結石
名香
行力
面持
後便
仲仕
故旧
詩家
無想
白菜
用字
細作
散史
静水
略表
矢面
麦酒
大京
君側
家母
野面
後背
色里
特種
内層
群議
原板
紀伝
若湯
足許
遊里
聖上
品番
約数
重席
福徳
雪線
切売
台形
律語
飛鳥
標識
針目
本節
用兵
岩塩
残金
先考
等外
農園
温故
入口
古株
不出
暗中
全区
公魚
福豆
美感
風光
良否
上家
業火
反軍
針路
巻首
自社
傷寒
部将
口気
統語
生傷
法益
文運
野牛
紅土
径路
組糸
国勢
信管
禁色
次号
用言
京成
律速
水防
散薬
列世
中幕
原頭
小官
舌根
手業
余色
好球
同列
古鉄
後納
当身
各階
主潮
直心
巻舌
林泉
戦国
金側
総門
相輪
悪病
校訓
寺銭
異食
世子
新婦
詞花
整然
戦法
乳切
徒然
雨夜
家法
物論
序説
人望
海風
準則
仮親
骨堂
自火
長手
収税
仏恩
衛士
号笛
不言
気団
薬店
芸事
国造
本絹
持味
有形
有配
蔵置
中庭
表芸
苦海
単物
伝馬
内地
鉱泉
売文
海内
軍制
力足
冬型
底豆
肉情
後腹
内因
皮下
底意
明週
風波
応変
眼路
角力
和国
草体
聞方
雪山
両君
原木
合性
展性
版木
老幼
禁句
形代
階上
歩武
分母
平作
防熱
部首
木耳
節用
美景
禁裏
下記
神人
仏間
基根
水柱
在地
校医
悪風
岩木
時評
油菜
外孫
古詩
雪氷
牛頭
呼声
直路
筋道
我欲
無電
軽質
激語
絶世
戦史
通語
両生
欲念
処暑
車座
初切
論賛
新月
香物
経学
平文
初空
見様
成虫
短文
水練
徒党
雨気
労賃
好望
同筆
草堂
令姉
本丸
貴信
蔵本
札差
補角
王佐
院生
社人
区営
将家
守衛
門地
発破
旧株
大礼
沖天
乱雲
内室
章節
毛管
帳元
困苦
手風
垂水
増分
実妹
文辞
難字
上角
倉荷
中老
昼飯
理工
角番
罪状
色絵
梅酒
売品
女気
家郷
白波
山坂
不急
祭器
祭服
門標
気骨
小隊
矢倉
大弓
至孝
岡引
勝差
深度
庭石
連名
横根
太山
原物
灯下
上背
勝目
捨石
声門
鋼玉
素引
仏徒
悪事
宮人
非才
別室
秘本
親心
手許
典座
明知
誤殺
回報
治績
補則
差合
平目
語幹
平家
失語
曲学
品行
前奏
産児
縦列
米紙
軍師
複流
異訓
木筋
郷党
照度
貴地
穴馬
校生
別伝
牧歌
小敵
旧記
血肉
遊芸
機先
要義
幼魚
玉糸
初発
絶勝
社格
極光
平水
初午
鉄工
散文
流木
建徳
茶宇
舎弟
外典
受皿
証本
職方
冬木
船隊
恩典
商機
坂道
取分
蚕業
磁極
下役
実竹
近信
水線
荷主
表編
光画
速筆
骨組
毒虫
面容
衆生
礼節
血刀
皮帯
糸織
願力
回米
各戸
練絹
売女
山鳥
富有
工法
他郷
数件
雪害
童体
行者
聖夜
悪妻
持番
末文
急所
話法
精鋼
財形
木綿
故買
漢意
山雨
順路
漢学
書庫
満株
補遺
国原
市庁
満座
雲助
詩話
車窓
芸域
居城
養魚
油然
操行
度合
親電
理路
雑人
番茶
曲技
色事
取手
全書
昼顔
仲夏
車速
真裏
井然
赤誠
舎利
結句
球根
相役
劇毒
通説
安宿
行実
打棒
射術
正出
遠祖
学都
経世
医界
宅内
量感
板紙
諸種
姉達
陸続
羽風
未申
不念
院号
貴君
旧都
富家
投力
好手
家学
節点
断腸
大海
処士
洋算
心腹
山側
同党
職能
焼物
正真
下風
月利
野良
金砂
仏者
未着
要図
旗色
船台
親筆
異説
報命
定収
詩句
色男
母堂
自暴
綿布
所以
板張
院主
夏山
等角
画質
白丁
世事
花信
心室
功名
準急
美辞
野天
農法
青書
付合
国保
楽日
湯量
銀天
適者
難事
序詩
腸満
学割
題号
例式
週番
手製
根雪
悪業
盛砂
成員
創世
主夫
布製
貧道
余話
無代
県勢
欠格
源氏
建水
尊家
魚田
知将
高張
両全
築山
時人
欲火
空目
無血
断雲
女竹
手金
師伝
指先
農工
童詩
良計
心事
達文
特級
経穴
寺務
宮守
種族
糖分
詩宗
語草
急調
雑兵
城代
盛年
乗場
私版
界標
応報
曲論
眼福
真言
守秘
大白
地卵
芸道
首将
酒精
付値
競歩
危地
平打
独活
潮目
至境
悪運
秘伝
右左
寒路
動静
郷国
内湯
聖母
海馬
才色
刀自
夜軍
身許
教父
法器
国歩
炭焼
立番
区長
定法
私道
数回
益虫
東経
感状
肉芽
遊星
句論
出窓
上番
相等
金員
書生
実寸
前生
塩類
分校
等親
敵営
祝酒
取消
早縄
寒暖
純血
定本
野人
弱竹
上前
町方
手玉
相生
羊歯
上枝
道火
酸模
流感
水子
官憲
国手
針子
同地
諸家
水薬
打荷
死命
水鏡
諸山
連綿
両刀
小善
建値
感官
会式
経巻
冷雨
盛花
下学
海図
山号
草本
堂舎
読後
適性
好個
開題
別派
禁令
経蔵
所思
序奏
黒竹
大欲
採否
旧識
略語
病垂
局内
水団
画師
札止
冬草
養親
知勇
国老
悪態
肉界
町歩
老兄
海月
人士
正字
路側
別紙
部費
当字
客演
心願
主格
険路
遺訓
等差
任国
筆力
古史
外灯
厳父
産室
水性
座右
糸巻
幕張
口絵
人脈
重臣
風色
中刻
転義
多値
尊名
前非
新派
胸水
法貨
賃銀
漁灯
時針
本営
割付
初動
仮象
種馬
生者
悪例
数物
外語
蚕紙
助字
頭目
門前
元種
正風
刀銭
閣下
紀州
禁則
大洋
福耳
茶席
満票
立夏
天資
引合
単文
家憲
湖心
東宮
地目
口合
右角
死活
門派
政派
因数
表高
知見
西日
小米
日除
校紀
去秋
庭口
本編
兵権
座骨
星祭
要式
次子
来書
異見
太字
鉱夫
小弟
祝着
小水
物音
保革
実景
総則
受動
帳付
居士
暗線
丸材
胸当
飼主
純理
太織
正格
形質
馬子
感量
車止
聖体
風窓
題辞
屋形
久遠
死出
長足
浅黄
木地
正文
口説
青梅
裏道
仏座
秘術
帰巣
音訓
尊父
富力
温顔
商港
間判
負戦
利高
勇魚
山桜
実説
女給
幕政
群像
青筋
社頭
場銭
原由
無給
童子
折目
下値
喜色
治山
承前
銀糸
老来
直線
礼装
肺魚
赤金
単複
聞達
将星
年表
舌頭
母語
快事
暴君
本務
信義
軍手
電鉄
天引
道念
近流
平首
異字
夕空
名親
特車
平然
草根
待肥
組物
茶庭
見神
治産
先兵
旧師
石器
無主
重恩
残片
混一
美事
公権
熱誠
亡児
席次
当店
鉄器
巻紙
知合
厳寒
赤門
全数
本朝
美挙
外力
見幕
交情
逆夢
声名
差歯
油状
時制
人我
認印
根因
雑務
心学
仏学
険要
転石