室内楽
同年代
左中間
高分子
天文台
白血病
食道楽
生放送
合言葉
研究所
画用紙
新聞紙
薬学部
野心作
下級生
六十路
全日本
小動物
青少年
多人数
小役人
小意気
大文字
三遊間
回帰線
親会社
文庫本
男子校
長短打
出来事
絵文字
春場所
国公立
人国記
乗用車
身勝手
農工高
同期生
相談役
医薬品
玉虫色
頭文字
地下道
短長打
多年草
考古学
中学校
神通力
人相見
家庭科
同級生
出世頭
子会社
人文研
三重苦
都立高
新入生
一直線
転入生
国文学
小手先
母子草
正方形
後頭部
上半身
国内線
近代詩
夏時間
八十路
人文字
売買春
光化学
雨夜花
工学部
前夜祭
日本間
日本食
式次第
大理石
茶道具
軽工業
交通死
作業場
生理学
顔写真
社有地
生化学
真正面
思想家
小切手
全紙面
開業医
区役所
公立大
上級生
心意気
次世代
食生活
手作業
太陽光
大回転
研究生
起工式
日本犬
重工業
外科医
原子力
日本酒
市役所
発起人
地下鉄
門外漢
水族館
天文学
安近短
日本晴
通行人
長短期
都会人
中高生
大発会
青写真
全人代
日本円
西海岸
教習所
新天地
十字形
新社屋
女子高
中長期
大使館
運動会
進学校
風物詩
後見人
山小屋
大黒柱
大学院
代理人
中世代
門下生
日本刀
気動車
北西部
上水道
商学部
中国人
人間味
血友病
顔見世
絵手紙
短期間
三悪道
様子見
自動車
県知事
四半期
内服薬
日本人
農学部
赤外線
配送所
一対一
世間体
上級車
夏秋草
主人公
少子化
中国語
耳鼻科
小学校
海水温
中高年
相手方
早場米
地球人
四死球
公文書
動植物
行進曲
緑黄色
用水路
親切心
長電話
農作物
女子大
手荷物
五十音
三角形
直方体
自転車
自由形
日本紙
図書館
多面体
教科書
出来物
体育館
身代金
理学部
白血球
上半期
三十路
右中間
当番医
大部屋
小道具
世話人
三味線
農作業
調理場
都大路
生活苦
下水道
漢方薬
大学生
日本語
中学生
音楽家
先進地
転校生
有名人
出入国
遊歩道
水時計
十二分
天王星
文学部
原動力
待合室
都知事
高校生
高学年
地上波
女学生
園遊会
子午線
多数決
見物人
下半期
小学生
日本一
炭化物
陽電子
地方紙
絵日記
終電車
医学部
一本刀
出来高
氷点下
主題歌
前頭葉
五倍子
意地悪
野放図
人一倍
上調子
生意気
下町風
真面目
正反対
多方面
一本気
当世風
大人気
生一本
口下手
真四角
出放題
口上手
鼻高高
鉄面皮
短時間
一昼夜
長時間
一時期
今時分
長期間
世界一
真昼間
中実化
円運動
空取引
明文化
小細工
一元化
一体化
左前打
早合点
大発見
長大息
内出血
商取引
二重化
受発注
八百長
入出力