不思議
一昨年
不十分
不景気
不安定
世界一
日本人
不公平
自動車
無関係
不人気
研究所
力不足
日本語
自転車
真面目
大人気
全日本
中学生
高校生
教科書
小学生
中国人
小学校
不動産
乗用車
博物館
原子力
長時間
一時期
不自然
無計画
無意味
中学校
百貨店
短時間
長期間
大学生
自治体
大使館
図書館
大学院
子会社
地下鉄
不健康
無愛想
高飛車
不本意
不完全
市議会
県知事
同級生
府知事
国内線
出来事
医薬品
飛行機
医学部
天文台
体育館
文学部
手数料
日本一
白血病
受験生
主人公
上半期
下水道
有名人
国公立
海水浴
次世代
府議会
左前打
長短打
英会話
卒業生
水不足
先住民
女子大
水時計
変化球
通信使
大理石
市役所
通行人
山小屋
世話人
当世風
不死身
不養生
小意気
不親切
無感覚
一本気
身勝手
意地悪
真四角
上調子
不作法
不器量
不細工
無作法
正反対
未完成
生意気
無自覚
不調和
不信心
不用意
生一本
不正直
不連続
鉄面皮
不品行
不注意
感無量
手不足
口下手
無気味
下町風
不合理
不風流
不都合
不健全
不始末
不面目
口上手
出放題
多方面
不道徳
無風流
無気力
不身持
無定見
好都合
小利口
野放図
人一倍
無関心
不具合
意固地
短兵急
不気味
不満足
不用心
不必要
無用心
鼻高高
相談役
熱帯夜
全人代
動植物
遊歩道
多数決
交差点
集大成
一体化
日光浴
手土産
上半身
工学部
心不全
法学部
食生活
最下位
小児科
不参加
県議会
未成年
右中間
受話器
町議会
音楽家
旅客機
望遠鏡
親会社
春場所
地下道
考古学
正念場
血友病
林産物
最大手
耳鼻科
公文書
重火器
海産物
手荷物
自由形
焼死体
当番医
赤信号
都知事
失血死
後始末
投開票
神無月
一昼夜
水無月
今時分
真昼間
左中間
高分子
原材料
青少年
借入金
未知数
長信銀
都立高
陸海空
正方形
開業医
天文学
安近短
運動会
代理人
四半期
青信号
最年少
中国語
早場米
四死球
理学部
白血球
農作業
道府県
漢方薬
出入国
飛行場
最年長
公民館
頭文字
小料理
一直線
母子草
夏時間
人文字
作業場
有機米
青写真
中長期
風物詩
大黒柱
絵手紙
短期間
農学部
世間体
中高年
行進曲
都議会
地元民
身代金
主治医
女学生
園遊会
市街地
下半期
送受信
氷点下
一苦労
試運転
一元化
商取引
気苦労
戦病死
二重化
農作物
生放送
合言葉
配達員
連合体
薬学部
左大臣
小動物
絵文字
国内産
同期生
短長打
人相見
最前線
新入生
実体験
都府県
道交法
参事官
原動機
顔写真
小切手
区役所
公立大
手作業
熱帯魚
大回転
重工業
発起人
井戸水
大発会
病害虫
電話機
日本円
女子高
後見人
天満宮
顔見世
農産物
地球人
緑黄色
長電話
三角形
大部屋
好景気
最上級
先進地
大道芸
原動力
味選人
高学年
子午線
軍楽隊
単行本
出来高
日本食
教習所
連用形
室内楽
同年代
画用紙
新聞紙
英単語
野心作
下級生
六十路
悪材料
多人数
小役人
自然体
代議員
三遊間
回帰線
文庫本
男子校
副産物
友好国
土産物
農工高
玉虫色
多年草
光合成
家庭科
追試験
出世頭
祝賀会
人文研
三重苦
使行録
転入生
国文学
小手先
一類米
最上階
重労働
後頭部
無一文
府県連
新大陸
付立画
近代詩
散歩道
協業化
八十路
売買春
光化学
雨夜花
前夜祭
初場所
要注意
完形品
式次第
茶道具
軽工業
交通死
新所帯
生理学
社有地
生化学
二輪車
思想家
全紙面
上級生
初対面
心意気
太陽光
歌合戦
研究生
水笑売
起工式
外科医
府選管
門外漢
水族館
立法府
周波数
主成分
風雲児
長短期
都会人
中高生
不定期
西海岸
新天地
十字形
新社屋
試金石
進学校
中世代
門下生
気動車
中種式
北西部
上水道
商学部
人間味
様子見
産官学
内服薬
赤外線
一対一
上級車
夏秋草
森林浴
松竹梅
三輪車
少子化
差出人
海水温
相手方
外野席
愛国心
用水路
親切心
手料理
公選法
試験場
五十音
直方体
多面体
地下街
書記官
求心力
博品館
三十路
小道具
三味線
打楽器
調理場
都大路
生活苦
好事家
転校生
十二分
静電気
待合室
不戦勝
地上波
見物人
季節風
炭化物
陽電子
問題児
加速器
地方紙
絵日記
終電車
一本刀
主題歌
前頭葉
不自由
受発信
中実化
円運動
空取引
明文化
熱重合
小細工
早合点
大発見
長大息
内出血
単一化
不時着
受発注
多極化
受送信
八百長
入出力
一転機
食道楽
大文字
人国記
神通力
風信子
日本間
真正面
印刷所
日本犬
日本酒
日本晴
日本刀
三悪道
配送所
六観音
成文法
日本紙
白帯下
出来物
天王星
落葉松
不知火
五倍子
東半球
口言葉
側用人
身柱元
出目金
花言葉
手道具
多神教
菜種油
電位差
秋刀魚
自身番
二乗根
水海道
南京玉
予科練
真田虫
草野球
正会員
不死鳥
一昨週
多色刷
清教徒
高土間
和歌集
七福神
空景気
一家言
青人草
司法官
三和音
自小作
山茶花
群計数
寺子屋
実生活
小男鹿
名残折
読後感
身口意
長丁場
食人種
白地図
伝声管
海草類
波止場
仲見世
新生児
目分量
肉用種
折紙付
山東菜
雪花菜
二重唱
羽二重
二次元
夕月夜
白飛白
天主教
早言葉
人待顔
茶飯事
馬追虫
順不同
大和心
村役人
落花生
仕立物
無調法
鉄無地
一口話
入小作
二王立
無試験
陽極線
石火矢
主調音
管楽器
平方和
中生代
走高飛
二等親
未登録
重母音
道産子
人心地
夜想曲
軽音楽
一次元
屋根船
中二階
香味料
弟切草
早生児
黒曜石
明後週
四重唱
空元気
八文字
筆記具
七十路
天然石
買気配
大業物
村役場
旗指物
水絵具
投島田
相弟子
入木道
内祝言
消息子
明後年
王代物
引出物
湯文字
安息香
好人物
太平楽
内親王
器量人
転写形
角細工
青天井
六面体
有機物
不消化
一毛作
五七調
多年生
自乗根
所帯持
古戦場
無風帯
同父母
有理数
副食物
指向形
柱時計
一大事
北極熊
買言葉
指南車
東海岸
高周波
生産物
世話物
京鹿子
羊皮紙
公労協
単衣物
黄表紙
文語文
火口湖
直弟子
軽気球
多方向
大入道
生字引
昼行灯
信号機
不感帯
消火器
赤目魚
水仕事
遠地点
水中花
花電車
道具立
人相書
始生代
末代物
古本屋
金相学
観世音
単本位
光電管
有田焼
運転手
豆名月
孫弟子
手塩皿
白兵戦
無重力
用部屋
薬包紙
指標語
走馬灯
高等官
八分目
天日塩
全国一
数種類
新生面
一輪車
海人草
木太刀
馬鹿貝
遠海魚
心字池
日時計
四半分
名店街
参事院
四六文
面目玉
岡場所
庭木戸
真実味
強意見
横文字
日照雨
岩清水
毛細管
計数形
川千鳥
作用子
出入口
好男子
大司教
町役人
夜汽車
水平形
雨合羽
文字数
五角形
開発元
活魚車
草屋根
天動説
小間物
小町糸
日本学
置土産
大八車
重箱読
出世魚
国土法
赤道祭
小天地
小松菜
定小屋
山百合
三等親
分度器
万国博
黒水引
下仕事
前受金
千六本
転路器
記念祭
所司代
豆板銀
土石流
地公法
新建材
連小便
昼光色
前景気
勝手元
差出口
直流形
変成岩
令夫人
貨客船
土気色
時代物
古生代
中心線
二期作
兄弟分
反対色
新体詩
男所帯
八重歯
間欠熱
光電池
新発意
番外地
試験管
親馬鹿
四角形
底意地
有向道
集魚灯
公労法
重化学
極楽鳥
万葉集
売気配
公労委
不文法
肉体美
早月雨
放生会
雪月花
等高線
黒文字
熱血漢
天道虫
十進法
火打金
絵葉書
口約束
原産地
真人間
社公民
宿根草
生世話
親和力
連分数
古筆切
名乗字
安山岩
陸産物
十字火
法治国
対角線
遠日点
火取虫
弟弟子
指話法
希土類
風水害
一方向
無声音
中山道
不美人
小気味
赤新聞
紙細工
流作業
里言葉
話半分
村時雨
初日出
仲買人
三角波
英数字
無利子
左合同
新聞種
不等号
不調法
下半身
小馬鹿
不見転
陽明学
糸切歯
川崎病
考課表
大風子
先入観
小豆色
水成岩
広小路
群千鳥
安全灯
名付親
四本柱
冷飯食
一身上
無体物
広目天
体温計
小文字
等深線
根無草
小間使
電話形
一合目
対位法
村夫子
冷血漢
仕事場
入次数
不夜城
指人形
食意地
里神楽
小米花
変声期
太刀風
少女子
本調子
白南風
追羽根
早少女
持国天
二字口
飛道具
天下取
天南星
自然人
土佐絵
町火消
手間取
底気味
油送船
失敗談
深切気
部屋住
平方根
鳴物入
一生面
旗行列
目正月
車井戸
立待月
発頭人
明朝体
一次局
原住民
半人足
高調子
風土記
太夫元
水茶屋
丁字帯
客商売
鉄板焼
一神教
車海老
海老根
深成岩
火食鳥
緑柱玉
自公民
約束事
手仕事
両方向
紙一重
受太刀
竹細工
井戸車
七五調
感化院
空世辞
東西屋
不等式
名題下
生兵法
赤電車
花水木
石南花
平野水
立方根
石竹色
三世相
流灯会
六角形
丸天井
木炭紙
多毛作
草競馬
玉案下
節形式
道具方
矢飛白
正書法
野良犬
四十路
白真弓
公法人
石首魚
女学院
表面積
連文節
反意語
大角豆
空手形
三太夫
集光器
手文庫
仕付糸
十六夜
不生産
店屋物
公倍数
箱馬車
原生代
宮大工
一対多
一昨月
上手物
風知草
大学卒
小中学
灯台守
無名指
火成岩
人力車
初一念
地平線
消息通
大山木
国大協
人差指
国言葉
深海魚
美少年
星取表
下相談
三国一
注連縄
終着駅
国文法
産土神
野太刀
早月晴
伝馬船
馬鹿面
三原色
月行事
番小屋
焼太刀
一周年
無投票
銀世界
無配当
追分節
出小作
二次局
葉菜類
利休色
有体物
無花果
口語文
葉茶屋
引立役
万灯会
黒百合
役不足
初会合
放物線
深見草
二等兵
勝負事
国家老
天理教
親切気
好角家
大目玉
大原女
旅客船
内弟子
魚灯油
本場所
水商売
海老茶
年度末
投光器
長方形
競争心
博物学
表街道
南氷洋
着道楽
親類書
海王星
思春期
夜光虫
種種相
世間気
使用人
組天井
大広間
五十路
馬刀貝
新入学
梅雨晴
七曜星
見世物
死場所
入道雲
大道具
相部屋
角力取
地労委
便衣隊
類音語
太陽年
固有部
物相飯
神学校
兵児帯
丸合羽
大番組
土佐節
高山病
入母屋
高島田
法親王
回転子
太神楽
車前草
赤血球
農用地
見取図
水平面
青果物
太公望
三次元
上達部
出来秋
副読本
右大臣
土用波
短音階
空相場
不成立
一等親
九谷焼
半線形
動物界
絵草紙
表千家
理化学
小品文
長音階
短日月
式言語
半夏生
衣食住
耳学問
女文字
切口上
中仕切
半風子
天産物
実定法
小具足
思秋期
宮入貝
屋台店
散文詩
地方銀
黄金虫
心食虫
雪合戦
七変化
一中節
水産物
出世間
案山子
日章旗
勝手口
法医学
正教会
歯学部
自力門
古物商
活人画
母者人
帳面面
大自然
重量挙
未開発
君子人
西王母
親文字
金緑玉
愛弟子
下手人
一等星
多聞天
官公労
定足数
太刀魚
向上心
牧羊神
左内側
四等官
外字紙
風土病
遠山里
養父母
単安定
古文書
二刀流
真行草
赤間石
一安心
茶屋酒
実社会
印刷物
借受金
小夜曲
後生楽
有声音
単文節
流行児
岩田帯
所作事
月輪熊
直後続
不出場
兄弟子
火山岩
多辺形
小麦色
紙工品
青二才
事業主
側帯波
天長節
羽根車
長上下
門弟子
大和歌
下手物
求知心
光静電
標目表
天下一
歯科医
健康上
変形法
文字種
表六玉
大和絵
折手本
全速力
百万言
学用品
大神宮
空梅雨
特飲街
仲人口
出雲神
身上持
五葉松
有向木
一面観
立方体
太陽熱
遊牧民
指南番
明後月
南半球
左回帰
心電図
信楽焼
馬小屋
単行法
置時計
千両箱
陸屋根
二本差
板目紙
手弱女
土佐犬
月見草
屋形船
大黒天
星月夜
旅芸人
不動点
船大工
民活法
電信柱
協同体
人間業
大食漢
速度形
熱転写
名残月
終油礼
多次元
野次馬
順養子
中間子
旅商人
光量子
空文字
十三夜
直定数
月世界
和漢洋
鼻下長
出合頭
木強漢
好一対
行行子
歌祭文
追羽子
鉄火場
通信員
満天下
古道具
関心事
雪景色
地文学
地動説
人民元
飛行船
秋日和
平野法
世話場
始発駅
七道具
悪天候
二王門
用器画
合気道
友千鳥
同心円
機関車
不世出
大店法
清水焼
新生代
千石船
養親子
黒死病
前口上
遊漁船
夏場所
夜見世
置手紙
犬追物
初生児
有利子
金切声
花文字
空中線
本草学
平面体
新分野
泣上戸
八里半
栄養分
太刀取
活社会
太刀持
油絵具
千鳥足
世帯持
工学科
数時間
三重唱
金本位
風馬牛
真章魚
南京虫
心太草
小作農
点取虫
都市銀
半二重
青海原
正反合
根切虫
女学校
直先行
農機具
助太刀
高高指
明太子
高金利
富本節
鳥小屋
聞上手
大福帳
三角柱
両成敗
道徳心
後生気
不戦敗
間仕切
魚市場
笑上戸
内大臣
切取線
一等国
屋体店
十字路
銀時計
美少女
少年院
十文字
町道場
四君子
立女形
波戸場
小太刀
売言葉
連立法
玉手箱
両生類
生返事
明天子
照空灯
話言葉
銀本位
東照宮
九官鳥
長屋門
四天王
上下動
南京豆
見目形
無定形
自作農
大谷石
冷暗所
全天候
十五夜
一目散
二合半
二進法
苦労人
昼夜帯
満天星
四次元
口語体
通用門
黄熱病
徒競走
出次数
終列車
和漢薬
一頭地
高天原
天然色
問屋場
外輪船
鳥羽絵
四分六
半母音
陽電気
手工業
老大家
百葉箱
五目飯
景物詩
三角州
千代紙
沖積世
灯心草
百面相
意気地
秋場所
出場所
出会頭
成人病
出回線
無一物
落第生
平土間
二毛作
八頭身
向学心
中間色
新開地
親言語
晴雨計
起重機
三毛作
無利息
立太子
連続束
矢車草
十字軍
中学年
炭水車
銀行員
畑水練
不特定
時代色
力仕事
家具調
合州国
下世話
正社員
手間代
面白味
変光星
二皮目
美人局
借金取
一夜酒
空管理
火打石
絵空事
見取算
商売気
八千代
沖仲仕
少人数
三連星
大宮人
青道心
多角柱
打物業
遊水地
十二単
早教育
千秋楽
船問屋
浅草紙
電信形
目八分
兵六玉
百物語
集配人
薬局方
道中差
着心地
原子病
中心地
小荷物
十二宮
出来心
列方向
音頭取
病虫害
商売人
博多帯
無生物
手細工
分教場
大時代
帰休兵
初太刀
火事場
日和見
公使館
帳本人
白鹿毛
竹夫人
三行半
村八分
古事記
広目屋
一代記
博言学
十姉妹
大名芸
八百屋
大車輪
水銀柱
無機物
出開帳
代八車
大夫元
馬鹿力
七面鳥
小正月