寄生虫
連用形
財政難
一転機
室内楽
同年代
左中間
八重桜
事務所
高分子
活性炭
天文台
白血病
製造元
食道楽
消息筋
生放送
合言葉
研究所
最年長
原材料
道祖神
配達員
宣教師
画用紙
新聞紙
連合体
薬学部
遊撃手
紫外線
下馬評
時間割
荒療治
金平糖
水加減
現在地
英単語
非常識
市庁舎
土俵入
野心作
下級生
五重塔
小理屈
横断幕
六十路
悪材料
現時点
左大臣
全日本
小動物
預貯金
青少年
農繁期
多人数
禁治産
小役人
変革期
小意気
望遠鏡
自然体
代議員
大文字
大団円
浮世絵
三遊間
回帰線
放射光
不動産
市議会
一欠片
居場所
受験生
親会社
文庫本
男子校
長短打
借入金
通勤着
副産物
未知数
出来事
専門医
緑内障
友好国
絵文字
大仏殿
春場所
年賀状
土産物
国公立
葉緑素
人国記
総互先
乗用車
国内産
保健所
弁護士
身勝手
拡大鏡
農工高
事務職
電磁波
同期生
相談役
夢心地
長信銀
医薬品
似顔絵
公民館
玉虫色
頭文字
消防車
地下道
短長打
多年草
考古学
光合成
中学校
神通力
人相見
家庭科
追試験
同級生
成功裏
出世頭
不利益
純資産
加圧水
手土産
小料理
総動員
祝賀会
等距離
公務員
子会社
製作所
人文研
最前線
最高峰
木製品
初節句
貯蔵庫
老眼鏡
三重苦
会計士
使行録
都立高
新入生
一直線
転入生
国文学
小手先
母子草
調査官
陸海空
正方形
一類米
最上階
重労働
実体験
風信子
後頭部
物価高
無一文
上半身
府県連
弁財天
句読点
同性愛
微生物
交易会
都府県
最大限
新大陸
通信使
検事正
皇太子
国内線
公権力
付立画
近代詩
道交法
散歩道
夏時間
遺句集
麦芽糖
協業化
大内裏
悪条件
八十路
人文字
国際線
売買春
悪影響
府知事
光化学
雨夜花
米穀店
芸能人
新銀河
工学部
前夜祭
増減税
初場所
宝物殿
要注意
停車場
完形品
休耕田
海水浴
日本間
太鼓判
地震動
日本食
従姉妹
府県境
用心棒
参事官
悪感情
今世紀
広帯域
本支社
式次第
連子窓
一酸化
住環境
原動機
不一致
大理石
寝心地
茶道具
聖母子
心不全
軽工業
交通死
新所帯
乳幼児
気象台
逆光線
破落戸
作業場
生理学
顔写真
傾斜地
長距離
自治体
国務相
成層圏
社有地
栄養剤
生化学
長粒種
居留守
法学部
真正面
飛行機
大統領
女剣劇
印刷所
二輪車
思想家
小切手
全紙面
得失点
黒内障
開業医
出張所
遺伝子
密入国
区役所
報道陣
雑木林
公立大
上級生
初対面
心意気
次世代
食生活
手作業
秘書官
暴力団
中性子
太陽光
代名詞
敵同士
熱帯魚
歌合戦
大回転
非常口
研究生
小論文
水笑売
私書箱
並大抵
応接間
起工式
日本犬
無条件
重工業
大僧正
乳製品
富士見
外科医
仏頂面
突破口
原子力
日本酒
博物館
市役所
府選管
辞任願
警察官
自営業
一辺倒
格納庫
座布団
発起人
不可避
不退転
地下鉄
門外漢
井戸端
水族館
人間像
重金属
立法府
朝寝坊
有機米
不燃材
小為替
連絡所
天文学
違和感
普段着
安近短
重軽傷
腰長押
日本晴
色鉛筆
薄葉紙
周波数
支配人
所在地
閉村式
流線型
行財政
出退勤
井戸水
通行人
最下位
過積載
派出所
仏舎利
形容詞
熱帯夜
主成分
微粒子
風雲児
長短期
洗張屋
一般人
松花堂
私立高
都会人
美術家
報道局
中高生
大発会
娘子軍
入退院
青写真
不定期
病害虫
豪速球
全人代
電話機
致死傷
温泉郷
小麦粉
悪知恵
日本円
片手間
祈年祭
悲喜劇
西海岸
教習所
河川敷
新天地
十字形
新社屋
英会話
女子高
中長期
大使館
従兄弟
研修生
水不足
純文学
甘露煮
運動会
同窓会
試金石
多趣味
荒物屋
卒業生
進学校
風物詩
後見人
天満宮
腹時計
大本営
山小屋
鼓笛隊
大黒柱
間一髪
銀行株
大学院
代理人
非課税
私生活
美術館
中世代
門下生
日本髪
資料集
本因坊
付立染
不信任
沈丁花
日本刀
正念場
特効薬
気動車
中種式
北西部
最終盤
上水道
多連装
商学部
居酒屋
救世主
中国人
雑種犬
航空機
背番号
人間味
助教授
血友病
文化財
顔見世
絵手紙
短期間
大納会
空念仏
三悪道
形態素
様子見
自動車
紹興酒
田舎道
県知事
四半期
記念樹
先住民
独禁法
林産物
管制塔
産官学
小型車
府県警
内服薬
中粒種
草木染
偉丈夫
不注意
日本人
無所属
舞台劇
農学部
青信号
常備薬
小児科
赤外線
非公開
配送所
異母弟
一対一
磁気圏
世間体
興信所
地政学
協奏曲
警備隊
上級車
広告塔
脳死体
放射能
延長線
夏秋草
主人公
最年少
森林浴
不手際
感無量
領収証
松竹梅
三輪車
与野党
公孫樹
最大手
農産物
最優秀
少子化
真犯人
差出人
脳出血
結婚式
全粒粉
現実味
検察官
中国語
高画質
氷河期
耳鼻科
船渡御
極彩色
小学校
継電器
新幹線
貴金属
地上職
海水温
六観音
中高年
相手方
早場米
無機質
香具師
地球人
旅客機
根抵当
四死球
公文書
背格好
外野席
動植物
成文法
行進曲
府議会
警部補
不参加
緑黄色
重火器
直営店
愛国心
用水路
親切心
絶好調
県議会
手料理
雅楽器
現代病
長電話
仏教徒
測定機
公選法
試験場
地球儀
農作物
吹奏楽
海産物
歓楽街
最低限
露天商
留学生
金属弾
自販機
都議会
過半数
乳母車
女子大
不衛生
手荷物
下腹部
五十音
内務相
生損保
最小限
高気圧
大動脈
非常勤
三角形
消防署
地元民
直方体
激動期
政財界
資機材
天守閣
一筋縄
自転車
次官補
自由形
更年期
日本紙
扇風機
優等生
屋台骨
朱印船
図書館
商行為
中高層
白帯下
多面体
最恵国
大改革
焼死体
教職員
教科書
不都合
出来物
体育館
新体操
出資法
行政府
保育園
身代金
鉱工業
地下街
理学部
未成年
白血球
私小説
百貨店
居留民
個人技
書記官
禁酒令
大御所
上半期
無防備
居心地
求心力
電機株
博品館
三十路
右中間
当番医
大部屋
小道具
好条件
赤信号
世話人
三味線
農作業
受話器
道府県
打楽器
空気圧
交響曲
好景気
調理場
都大路
生活苦
下水道
漢方薬
電磁気
骨関節
税務署
丸坊主
物真似
大学生
最上級
主治医
日本語
町議会
好事家
中学生
依存形
音楽家
白内障
志望校
先進地
家政学
転校生
祖父母
有名人
腕時計
原水禁
裁判官
大道芸
出入国
遊歩道
水時計
十二分
天王星
文学部
収納箱
静電気
指針案
原動力
落葉松
選手権
和菓子
税理士
待合室
都知事
鉄砲水
味選人
裁判所
不戦勝
焼却灰
注意報
準決勝
高校生
放射線
根拠地
高学年
地上波
女学生
園遊会
子午線
飛行場
留守電
軍楽隊
格闘技
立振舞
不知火
本拠地
多数決
市街地
最先端
半両銭
変化球
予備校
合歓木
張本人
北西殿
助産婦
見物人
代議士
下半期
小学生
原水爆
季節風
消防局
義勇軍
現代書
日本一
照葉樹
炭化物
受精卵
陽電子
問題児
単行本
加速器
地吹雪
地方紙
絵日記
終電車
最高潮
舞踊団
次期防
医学部
交差点
一本刀
手数料
出来高
送受信
半導体
輸出入
冷蔵庫
解熱剤
氷点下
主題歌
前頭葉
土俵際
捕虫網
五倍子
不得手
分相応
意地悪
不十分
小利口
理不尽
野放図
人一倍
有意義
不始末
不景気
生半尺
無定見
上調子
高飛車
無愛敬
筆無精
身奇麗
未完成
奇天烈
不作法
生意気
高水準
破天荒
無能力
無造作
下町風
無神経
不行跡
不首尾
無関心
不具合
真面目
意固地
有頂天
不心得
高信頼
不細工
正反対
不適任
手不足
不透明
不安定
不鮮明
多方面
不可分
未経験
一本気
不品行
不得意
無遠慮
不自然
当世風
不徳義
不成績
大丈夫
非合理
気丈夫
好都合
広範囲
大人気
不風流
無制限
短兵急
不道徳
無関係
不健康
不適当
不正直
未定義
不本意
不規則
不気味
生一本
片意地
無作法
不用意
無抵抗
不死身
無気味
過保護
無節操
不明確
無感覚
不可能
無意義
無表情
無礼講
不面目
無意識
不養生
非合法
不満足
珍無類
手奇麗
不行儀
殺風景
不自由
不用心
不完全
心得顔
未解決
不器量
無趣味
不誠実
不体裁
口下手
不公平
不調和
不人情
無風流
未確認
昔気質
無計画
真四角
不思議
無愛想
非人情
精一杯
出放題
小奇麗
不正確
得意気
不条理
不人気
不経済
不料簡
口上手
不必要
非公式
親孝行
不行届
中規模
不信心
素寒貧
不可解
不身持
七面倒
親不孝
無責任
無鉄砲
不明朗
不可欠
小規模
不名誉
不合理
不健全
神経質
無用心
不相応
無意味
未定稿
無尽蔵
高性能
不連続
不適切
不見識
鼻高高
無自覚
居丈高
人間並
無気力
不格好
不親切
心丈夫
力不足
鉄面皮
不義理
再来年
神無月
一昨年
短時間
再来月
一昼夜
再来週
長時間
一時期
時節柄
水無月
今時分
長期間
世界一
真昼間
集大成
転貸借
受発信
中実化
再検討
不溶化
乱反射
雑魚寝
最敬礼
円運動
空取引
野垂死
再導通
離着陸
棒暗記
誤動作
一段落
一苦労
明文化
失血死
試運転
縦磁化
直輸入
土下座
水酸化
熱重合
立往生
小細工
立候補
非専攻
一元化
手加減
総決算
楽隠居
直輸出
一体化
左前打
早合点
仮釈放
事故死
大発見
長大息
内出血
商取引
留守番
光応答
気苦労
直談判
戦病死
単一化
離発着
急降下
寝不足
急停車
日光浴
箇条書
二重化
深呼吸
乱高下
不時着
受発注
仮調印
仮処分
再始動
斜陽化
後始末
微苦笑
熱処理
投開票
多極化
確実視
受送信
八百長
反比例
逃避行
誤操作
入出力
度外視
食中毒
密輸入