年中
目下
右目
年上
本人
円本
本学
正気
目白
文中
手本
音大
早天
下水
川竹
生木
本石
山気
中音
金力
力車
山立
白下
川中
足音
名文
文字
下女
小火
青竹
月日
小石
虫気
村立
天水
王水
白文
火口
竹林
玉子
青草
車中
大玉
女子
大入
土中
上天
下人
生花
本木
中口
見目
本校
白木
名犬
女王
入子
小口
名手
小山
中火
子音
青空
口先
雨中
天空
子日
玉目
大手
先見
正中
字音
手中
口車
火山
早足
白日
上人
草子
天女
下田
赤土
中天
水玉
草花
金文
赤貝
文人
大雨
白雨
女中
川上
出花
人目
天草
金山
中空
子女
白玉
水草
山女
水車
水貝
先天
水生
人口
名花
水木
早耳
山水
中気
下目
右下
左手
水音
上玉
本土
大火
大川
人力
火力
日子
林学
土木
天上
見本
下町
小字
本草
石竹
音字
山上
大気
赤手
青玉
先王
赤木
王立
白子
年女
月下
下名
早月
山田
大小
小人
青虫
火手
空文
力水
女手
名目
草月
天金
文目
手先
早口
金石
大名
水火
赤目
大男
森林
月見
手車
土気
立花
小名
中日
青山
早年
口上
月白
山手
早生
男気
空音
車力
手下
下男
学名
本気
本四
人生
子中
大石
天人
小手
下手
山村
糸目
川口
上町
本手
町村
雨足
糸竹
見立
入目
先口
空手
青天
下足
川下
町名
木立
中正
青木
正木
気早
土日
村雨
水口
山王
左下
耳目
金字
火気
王手
空字
木石
年下
天目
小耳
小力
本名
白土
日月
人中
年男
文金
川音
町立
早見
立木
小犬
上手
上田
先学
日夕
年子
青貝
子犬
空車
大力
出先
口金
学力
糸口
山林
本字
町中
先山
右上
出立
金糸
中休
気先
中入
女人
火花
中耳
左上
水中
大金
石山
空気
月草
火玉
王土
校本
空中
正金
大口
町人
金口
右手
中子
先入
本音
人文
玉虫
文名
本文
雨林
天王
名月
人出
口中
左目
火水
気力
正目
人足
小玉
水天
小男
目玉
水田
夕日
大円
水足
名木
学年
大山
白目
空耳
上水
白糸
本金
男女
大足
円上
名子
山人
赤本
石女
下草
力学
人気
金気
先生
左足
学校
小川
先人
花車
小中
名山
小学
水気
入日
男手
青田
生糸
上目
空白
夕立
赤口
大木
山男
本山
山子
土足
天気
花月
小女
土人
上白
中手
下火
玉石
糸車
山犬
草木
年金
大水
小町
水月
生気
耳金
青年
雨水
出目
文月
木目
大空
正月
大学
玉音
金子
人手
赤子
出水
小目
土石
日出
山下
出足
先手
本立
白人
年月
手口
人山
名車
右足
空木
田虫
水上
出口
空名
名人
右文
木本
名水
中年
木口
男子
早出
天子
白金
人名
金円
村人
水先
手足
雨空
小金
手水
天文
山中
山川
名字
天日
水虫
生年
天下
天火
日中
上空
学生
大王
目見
白石
石火
入口
口気
雨天
金目
中小
力足
木耳
口火
雨気
大目
女気
白水
校生
玉糸
目上
大字
中学
大本
山雨
山車
花火
正出
水力
正本
生水
空目
女竹
空力
手金
赤字
大白
土手
右左
手玉
水子
下学
草本
生音
文学
正字
足下
大人
小雨
本田
王子
小水
目先
正文
赤金
夕空
王女
口早
足早
正大
本日
本年
先年
先月
先日
休日
雨下
出金
立見
下見
林立
休学
上木
中立
出土
花見
休校
下校
入村
出入
下山
出火
入校
左右
入水
下車
見学
入手
入学
入力
上気
出生
上下
火中
出力
校正
入金