今年
午後
午前
今回
時間
場合
今後
前年
当時
同日
来年
今月
大切
先月
元気
今日
多数
毎日
公正
後半
先日
生活
直後
毎年
会社
同月
計画
大会
会見
電話
前日
来月
半分
会長
強力
広場
社会
自分
出場
休日
本来
正当
来春
当日
同年
日曜
社長
上手
今春
月曜
市場
正午
中心
長年
今夏
今週
国会
毎月
半年
強気
地方
大学
外国
国内
学校
先週
回答
正直
来週
早朝
新年
帰国
声明
同社
市内
夕方
女子
新聞
会合
国家
高校
人間
学生
生前
明日
強引
海外
近年
来日
男子
先生
音楽
中止
当分
今秋
立場
先行
水曜
書記
少年
人気
本社
親切
気楽
市長
昼間
入場
分野
会場
木曜
毎週
外交
工場
入学
合同
人口
同市
地元
大手
番組
黒字
交通
赤字
土曜
金曜
国立
本人
土地
科学
見方
友人
組合
名前
地道
間近
毎朝
前夜
市立
男女
売上
計算
入国
年間
文学
作家
長男
人生
公園
毎回
後日
会計
新人
大人
年金
中学
通算
計上
合計
母親
広大
多大
明白
行方
自立
出土
出馬
同夜
大体
来秋
同国
下車
明記
文書
父親
小売
工作
校長
人工
同行
上場
文字
電気
活用
会話
電車
通知
記入
見学
目下
今冬
知人
電子
南北
社内
前半
声高
売買
入社
出火
気分
中小
明言
大半
手紙
学会
左右
数字
少女
年中
来夏
春先
本日
太古
昼前
今夜
電力
読書
地上
高名
走行
地下
多角
自体
引用
新作
言明
入手
少数
時点
本書
台数
作文
言語
黒人
昼食
合理
年内
空気
店頭
地点
当地
台風
用地
教室
室長
通学
野生
歌手
日記
気弱
古風
内気
心外
半日
近日
道中
夜半
朝方
今夕
日夜
書道
絵画
長女
国王
町長
用紙
歩行
台頭
出生
人形
同町
同点
本紙
町立
内外
正月
半数
大国
空間
東西
小学
外出
通話
会食
書店
土木
切手
本店
回線
室内
手形
自国
青年
今朝
通用
売春
上下
兄弟
原子
家電
国道
車内
原点
公立
文明
同大
同校
分科
原作
回数
牛肉
内科
画家
名人
出店
通行
手当
入会
朝食
作用
北方
人体
女王
強風
村長
図書
本音
学長
国土
同紙
外科
国交
大気
原理
青春
親子
工学
上空
中立
上京
黄金
時計
公算
方言
名目
体長
白書
体力
元年
中間
夜長
家中
毎秋
元来
先夜
火曜
今時
先年
後年
毎夜
理科
出番
先頭
人数
月間
引火
入園
強行
合作
自作
入力
入門
父母
国外
声楽
手間
戸数
家計
絵本
体内
学科
天体
中年
地図
天国
心理
白紙
姉妹
野外
市道
活力
同店
用語
公社
海上
花火
木星
国語
家出
外食
生長
直行
岩場
南東
歌人
中前
組長
自家
新書
父子
空中
学年
水気
天気
新車
白人
母子
夕食
弟子
公金
生後
会頭
車体
地学
学園
水道
右手
国歌
右足
天文
白星
買春
帰休
回帰
花見
入北
算入
大声
日時
分子
草花
本番
母校
手前
下町
前線
手話
紙上
南西
活字
本名
山林
車線
教会
海水
足元
手首
外来
教頭
王朝
書家
見聞
正気
方正
先高
東方
同一
手近
小心
大形
色白
明細
弱気
本当
知名
足弱
中空
文弱
高直
直角
黄色
弱小
黒山
自明
公明
大風
分外
入用
本気
年長
遠大
中正
茶目
気早
小食
大力
分明
年少
大口
中高
多目
弱体
花車
多才
少食
年月
肉太
高大
肉細
日数
半間
高遠
間遠
口早
生直
見高
小体
気長
長大
細心
生新
正大
目茶
強大
合金
火山
用水
店内
水門
校内
同時
目前
人道
立体
社名
本体
新米
後方
火花
首長
肉体
地理
古来
文科
母体
町内
外野
名作
王室
門戸
科目
風水
当番
出金
力走
公言
用心
長考
北上
思考
休学
合図
出国
心中
出走
肉食
出力
引当
入金
親父
音声
立会
大地
行楽
数学
風土
店長
夜空
右前
野草
森林
本場
活気
母国
王国
原画
肉親
本文
円形
弱点
先番
立地
語学
合間
手口
村人
文言
白色
手足
売店
点数
足首
歩道
自室
見地
当社
左手
元首
公海
東北
里親
目頭
町村
直間
米人
地場
口元
大台
考古
自力
地名
元本
書名
木工
中古
週間
分会
気力
口頭
左足
生体
年頭
大空
船体
人手
先手
弱火
船長
手元
毛虫
本国
空前
王子
新生
合体
下見
直言
下校
入村
帰京
来店
立食
野合
自白
記名
算出
山道
外見
山間
赤色
人文
頭数
生地
車中
食前
明朝
大方
生来
早春
半月
当今
日中
前回
直前
時分
夜中
前週
夜間
朝夕
内心
前月
足早
明方
目今
夜前
元朝
時下
大数
行先
本年
明年
近来
後月
当年
少時
昼中
日毎
夜来
毎時
当夜
毎食
年来
方今
早秋
夜分
夜毎
白昼
後来
毎夕
半時
半夜
当月
多年
元三
近時
半道
雨下
長日
下水
親中
力点
半生
親友
中火
自前
青雲
教書
南方
野鳥
王立
大小
園長
大男
台本
前文
小鳥
通年
新入
古米
出方
室外
大作
北東
目玉
風雪
親方
図画
出足
天才
下方
大工
山車
点字
少子
入水
合点
月数
北国
町中
色紙
古今
気風
文楽
小石
週内
山里
内線
同左
外人
青空
心地
金文
茶色
電線
同村
作風
社交
南国
秋冬
学友
水分
生理
年下
年数
正門
北西
同右
糸口
字形
名門
社寺
気合
同数
近海
園内
本家
空白
人前
親元
新春
思春
原形
風船
春雨
名水
土台
強火
船頭
水虫
食用
西南
小麦
夏場
生家
水力
内角
新内
小雨
目先
出船
前後
間食
直上
遠出
大書
林立
合算
来場
自生
白黒
直下
先後
入線
多用
入校
会同
用船
草食
大同
休止
文通
親近
南下
少考
上気
来社
分立
入行
高言
見当
多作
船出
通夜
人心
谷間
新手
元金
上方
何人
前方
大雪
船場
雨水
雨風
音色
高台
年上
手本
原文
足音
公用
手引
校歌
高地
土中
雨戸
強弱
作出
口先
力作
先見
会友
後記
正体
太刀
人目
体形
遠足
内耳
林道
林間
本土
船首
才女
火力
外車
名画
水牛
番外
白子
小人
手先
岩船
店名
道理
古書
長雨
当行
町名
後天
土日
本線
同小
耳目
算数
出色
頭角
出先
学力
歩合
週休
左上
水中
大金
車道
水色
原本
道行
道交
休園
店先
文体
雨林
同名
親分
口中
近親
小男
冬山
場内
夕日
道場
直近
力学
親交
先人
外聞
風上
市会
西方
手羽
同書
山男
国体
教科
歌声
金魚
足場
体外
小目
曜日
本心
外角
茶番
地形
家人
月内
田園
名字
中秋
天下
家元
雨天
子弟
数理
立国
黒星
土手
外用
計時
出前
電算
市外
当方
出来
下知
算用
直答
黒白
小雪
金色
立合
人力
白地
園生
海鳥
黒子
家内
天地
声色
野分
春風
石室
玉石
草木
風車
弱音
右目
雪雲
国鳥
目白
同夕
東風
高弟
山気
黒船
出自
花形
汽車
海中
大社
強心
寺社
月日
車間
村立
広角
谷行
茶室
人里
白文
字体
火口
魚肉
生魚
大玉
絵馬
女心
白魚
光線
石門
同家
秋水
台車
古楽
天空
形見
手中
口車
早足
白日
上人
空自
水心
口語
海友
竹刀
食後
地声
赤貝
大雨
女中
草魚
早道
当人
子女
水草
下絵
弟分
雪上
黒色
元手
書作
国名
赤地
外形
子細
大火
後手
雪原
弟妹
小社
長話
月光
口数
見本
理数
茶会
行間
文語
絵図
市電
夜行
白番
間合
工高
理国
空文
里子
火元
赤毛
女手
交番
朝市
色石
長姉
名声
字引
当来
小道
南口
口上
月白
自画
遠目
東海
石頭
体高
学名
弓形
茶話
目線
牛歩
見立
電池
青天
川下
多色
図学
後内
親王
北風
夜食
図星
山王
日光
読本
王手
左前
日月
人中
同中
歌道
切花
子分
女声
新星
小犬
地中
車外
東南
子犬
社外
右上
里方
秋風
公道
先方
黒石
毛色
歌友
場外
岩山
色弱
気心
同山
町人
天元
親米
王家
魚心
先入
門書
船上
人出
口内
左目
本数
星空
国父
語気
生計
文教
長計
同高
日用
牛車
国教
生肉
兄妹
火星
林野
引分
魚体
校門
親水
秋空
小声
米作
毛糸
入日
顔色
夜目
明星
字書
立話
耳元
原人
土足
番人
上白
音頭
頭金
麦茶
野花
文理
家長
多分
北門
生気
出目
雪国
学内
体毛
頭上
色気
雨雲
馬番
土用
赤子
番犬
白米
土石
人魚
行内
名車
画風
画一
汽船
大麦
朝野
地力
食肉
理学
多国
人家
風雲
本元
母方
少雨
林地
大王
行年
学風
同心
羽毛
金目
風雨
口火
大目
半目
牛女
海原
同形
目上
古手
外電
生水
空力
秋口
生音
国力
年会
弓矢
王女
入来
下手
出立
細工
回心
合力
出水
早出
点火
水書
通交
門出
口外
同車
水食
外切
自活
見分
内通
自学
立見
通電
引見
上書
作図
休心
分家
手交
帰山
答電
自記
同室
直売
通計
当直
分水
読図
上木
多食
作画
東上
帰朝
言上
交合
入朝
頭書
直交
耳語
道楽
東道
大言
書見
来校
引算
直読
休校
出社
海食
出入
手記
上船
入道
多言
帰社
生食
休会
手書
当用
同道
校合
足算
計数
帰来
回生
強直
分売
下船
回国
切言
来朝
自足
内分
近道
会読
聞知
小計
分村
直話
公売
回読
間作
自首
細書
入室
風聞
休電
下馬
通読
後見
明答
直立
風食
音読
入京
立言
食言
理会
直通
広言
合本
細分
分合
出家
自書
目算
分地
大食
多読
分光
火食
帰一
直書
行水
正答
点頭
西下
火中
合一
同船
馬食
入内
内切
通園
前売
立売
店番
入電
門番
出頭
力行
休場
内用
前記
作歌
長生
来会
校正
通分
南中
気色
遠近
西風
黄土
天道
本歌
白馬
黒土
白雲
名聞
国風
生花
後生
子音
下作
女形
立方
新道
空言
水車
前頭
先王
遠方
白首
空地
長刀
前書
中日
長歌
高音
山手
男気
古寺
風体
雨足
空手
下図
歌会
金字
切羽
番頭
工合
雲母
空車
電場
人外
声音
金口
山家
高話
細目
正目
人足
白夜
山人
点前
竹馬
女体
行場
花道
手数
言下
人頭
文月
石工
細字
麦秋
母音
白金
手水
前金
天日
高足
行来
天火
大字
男色
正本
足下
青色
船人
名答
切首
大兄
天声
茶入
長子
入海
雲水
円本
本学
元方
合名
文中
馬肉
角書
工船
雲気
細道
原図
音大
同気
同学
同音
新雪
心月
早天
小書
活計
母上
形木
公電
船室
馬草
切石
川竹
生木
本石
中音
強電
口角
金力
引船
力車
風声
山立
白下
鳥人
川中
新顔
海気
目方
近目
日食
当山
語原
大刀
方形
組歌
外地
中肉
金元
遠見
人後
名文
帰心
船用
立春
下女
小火
長道
草紙
文台
地金
水雲
青竹
男工
市子
立毛
南海
太線
方角
本会
海里
戸前
切米
黄道
公人
虫気
半紙
力紙
天水
交点
本船
王水
用人
前場
朝顔
言外
新来
角行
通草
天工
毛羽
野山
水星
原色
電工
黄玉
直弟
聞耳
正方
矢立
玉子
青草
知友
聞手
道家
町場
目色
名園
通人
自公
大入
古学
黒地
後光
正室
遠道
上戸
野点
目高
年強
地文
上天
下人
古記
門人
半弓
前車
矢文
売子
小半
角地
水母
作中
中口
見目
上紙
上長
本校
科人
矢先
雨後
前人
遠海
金星
米語
新字
体用
内記
校風
絵心
原生
方図
名犬
古文
台子
地口
点茶
星雲
名店
小形
生紙
会下
点画
黒目
入子
画工
学兄
母船
空語
雪白
山海
来光
弱電
田地
空馬
室町
中食
名手
原音
羽車
月読
活花
生色
画会
合口
花鳥
国学
明王
雨中
食間
合方
子日
魚子
目角
玉目
弓道
知力
教生
古紙
地虫
後金
正中
肉牛
通番
下番
頭分
近間
字音
小才
間道
分数
日新
火切
才力
何分
上記
合切
国文
原毛
親鳥
年弱
明色
野手
心耳
科白
前科
頭首
草子
今生
天女
道人
父兄
赤土
草色
止金
中天
同体
水玉
里数
弱国
切火
原麦
近国
工大
土語
半円
岩石
竹紙
語形
小頭
秋分
長兄
秋気
文人
船虫
人語
見台
白雨
自今
教本
出花
石高
高点
手心
夜直
北画
天草
目星
歌切
夏休
男心
星合
教学
語手
回春
電文
時数
船足
通風
長夜
日切
茶気
新木
日計
白玉
茶人
見番
引手
兄人
山女
強国
川船
中点
多毛
後会
京女
当市
用金
入方
水貝
山寺
先天
中国
花台
親船
色町
見場
同色
長円
里人
校友
社中
左記
水生
字数
名花
楽土
食通
図引
雲間
国花
水魚
行金
内入
水声
紙子
水木
新本
校外
戸車
早耳
門下
山水
多雨
中気
国電
歌合
地頭
外字
下目
右下
弱行
工科
心気
気前
水音
上玉
光頭
水計
人台
心算
時日
原書
山行
引数
矢来
社線
白光
週日
牛馬
足形
工数
夜気
弓手
本科
東天
楽人
日子
月夜
王公
左角
話頭
林学
後朝
花園
夜話
秋高
丸首
寺男
切紙
天理
船内
後目
春画
新体
風教
天台
草原
星夜
青地
火色
水絵
数社
天上
古音
男声
才人
図形
園地
今風
小春
米麦
明夜
小字
朝家
道歌
本草
石竹
心頭
小母
組頭
音字
手合
大公
地歩
玉門
雲上
麦雨
矢玉
社家
青毛
地紙
馬市
金頭
光点
見合
母線
売場
夕顔
夜昼
教門
人知
赤手
青玉
明文
切点
後前
父方
木馬
地米
通力
広前
出会
春光
牛刀
外教
空理
友引
秋日
年女
水明
月来
月下
下名
細引
馬頭
東男
西国
鳴戸
天分
弱年
早月
小国
月色
古色
直中
青虫
大船
火手
赤心
東歌
人馬
冬日
力水
石弓
遠音
中門
今体
家数
細小
知音
立冬
気体
高教
草月
天金
文目
言行
秋色
門生
大戸
天顔
角通
早口
岩組
金石
番地
行頭
高空
通言
理知
中風
色女
大名
水火
夜会
水船
前足
赤目
方円
刀工
国大
同線
東国
国書
楽天
月見
手車
長文
土気
春分
道心
晴天
分社
番手
人才
図体
小名
手長
直会
家来
社用
名工
地内
食分
歌心
雨間
公会
早年
魚道
道学
春本
上作
西北
小間
赤道
風鳥
海人
線分
直音
雪見
玉体
外米
王道
雪女
歌学
馬車
語口
早生
読方
下前
空音
社風
書風
番線
月番
秋草
羽子
車力
手下
国人
黒毛
人買
下男
明後
牛耳
本四
直人
青馬
北町
石組
門弟
同工
間口
正道
後室
地雨
子中
分力
天人
台地
犬馬
遠国
小手
体計
糸目
半文
古形
半作
上町
本手
小数
朝見
花色
夕晴
多生
地歌
白羽
丸麦
多聞
糸竹
半天
内金
入目
読点
会心
元高
新茶
先口
山色
道教
京間
家教
公知
心友
上声
下足
学理
女色
今方
山国
自門
長上
同門
日当
黒米
原虫
来車
自大
木立
少弟
色合
学外
図会
売口
首足
戸口
国母
後家
台木
後場
小前
字母
細大
羽音
国光
戸外
東雲
活魚
入船
強記
寺子
村雨
売国
金工
土工
線形
人声
南天
才子
光子
才気
左下
台場
月食
何方
火線
火気
楽長
小用
右記
黄体
空字
船方
食道
頭字
木石
秋思
天目
家門
小耳
花時
小力
言文
来電
公子
切目
文頭
空色
黄門
手刀
買上
目顔
風草
名分
時鳥
古刀
家兄
新語
小話
歌書
年男
気道
明春
行火
岩頭
草分
文金
川音
金地
岩室
村里
売人
早見
肉池
立木
風足
高年
左近
風下
弱虫
古語
車馬
売名
台紙
切先
先学
半金
風気
語数
黒光
近体
口才
日夕
年子
青貝
金線
字画
強弓
明月
海国
口金
原石
花心
大番
新秋
夜番
金風
麦角
南風
月明
本字
口前
公理
算木
先山
赤紙
社友
玉算
天明
天来
金糸
中休
下角
冬空
秋晴
前言
山風
雪男
工手
鳥目
点心
気先
風見
後学
中入
当家
町家
木通
女人
書画
山場
中外
後口
中耳
番台
声聞
歌口
大黄
売色
才六
雪空
新店
岩魚
書目
天心
刀心
牛後
風前
本道
夜光
引歌
台下
細線
白頭
語頭
野立
小昼
茶道
引金
新古
後先
古人
切水
親木
親玉
月草
肉交
小首
火玉
元正
時空
王土
中黒
月切
日直
校本
空谷
色道
同上
大姉
書体
線画
公休
正金
前古
同番
記数
歌体
海星
麦作
生母
番長
月毛
広間
小知
冬場
明太
新教
野火
後書
直方
風月
中子
回文
心太
原語
心火
玉虫
火矢
夜色
半白
文名
丸木
切子
日算
海女
天王
玉歩
雲形
後人
家名
名月
知行
楽園
文鳥
学才
原紙
紙切
田作
羽交
色目
紙花
白茶
春雪
昼夜
野犬
火水
正数
通気
新形
下戸
回虫
夏作
空電
正教
同文
風花
出合
水天
白線
出丸
前門
毎会
雨声
上体
古体
売出
合羽
鳴子
当校
手工
地気
心木
大円
水足
戸長
車引
後山
秋作
金売
名木
国字
交友
直門
高下
夜学
土星
山番
白目
空耳
上水
太子
門口
半音
空合
白糸
雲海
本金
夜船
図絵
記聞
名刀
大足
用後
広原
天外
半玉
白話
兄子
近東
買気
地合
新風
円上
名子
男前
赤本
石女
多売
引戸
国元
教理
書林
下草
公方
行文
海草
金気
早場
内聞
野心
道話
数多
西土
古里
外道
草書
風力
交声
矢場
小中
図上
大通
名山
高角
市上
馬手
外耳
右近
男手
外紙
光来
同母
馬方
生糸
外気
回天
秋月
女工
組下
上目
文色
数行
夕立
後作
内国
野道
光年
近火
作男
家作
遠火
何頭
教場
赤口
夜店
茶店
楽市
家風
読手
画才
作土
心音
用足
心土
地引
山子
肉色
売声
新前
花月
晴間
細雪
原名
生首
外線
小女
土人
画室
行書
同人
土間
中手
下火
道内
天朝
糸車
角形
店子
光学
西人
矢車
文才
空家
山犬
才知
後夜
組子
矢声
近古
大知
人海
早馬
上聞
新刀
前作
大水
円心
内高
星図
太白
立米
早番
点線
春色
形体
小町
水月
形声
黄水
小言
耳金
小父
小店
遠来
心力
村会
下心
金時
毛見
東口
谷地
父上
木目
家父
書中
雲足
小夜
後足
金高
門外
黄鳥
玉音
名言
冬作
半角
回船
白太
細石
海道
電光
子方
切戸
時文
山刀
地顔
車台
里心
行手
茶園
多少
水引
羽目
門火
竹工
近作
遠心
行学
理外
長虫
立秋
生国
同友
同前
分室
朝間
毎戸
間男
朝来
日出
夜道
引力
肉入
立引
道草
長月
春作
竹光
肉声
小刀
歌話
本立
間色
夜鳥
多元
切口
名馬
行人
場数
糸引
夜顔
古顔
口書
聞書
馬力
黄白
名家
人山
組立
回教
歩数
市中
空木
間引
今上
天馬
地番
大計
田虫
早計
空茶
長石
光風
読会
村方
読人
親日
線上
記文
社日
空名
広口
小歌
長音
名数
上絵
目地
中形
米食
多肉
本分
右文
町会
弓馬
時雨
画数
行道
公国
田楽
草画
高風
丸本
日歩
光明
丸太
親書
海牛
楽音
黒点
入声
天子
空母
早昼
秋雨
人名
当会
上古
朝会
方体
木刀
図工
春秋
金円
下線
切地
小引
草市
売手
水先
南画
池心
金言
遠矢
土色
半切
新地
木魚
口答
晴雨
公家
口茶
雨空
小金
村社
切線
紙魚
日長
小作
買手
黒雲
話語
地色
生年
雪間
半休
細雨
用木
体言
大鳥
気書
羽虫
売立
目元
目見
水鳥
後図
作間
本寺
石火
行力
用字
細作
大京
家母
色里
雪線
切売
台形
先考
入口
公魚
風光
上家
自社
口気
野牛
組糸
用言
原頭
直心
雨夜
海風
自火
長手
内地
売文
海内
力足
明週
角力
草体
聞方
雪山
原木
分母
木耳
下記
岩木
牛頭
通語
新月
雨気
本丸
社人
門地
内室
手風
上角
理工
角番
色絵
女気
大弓
太山
声門
親心
明知
米紙
校生
玉糸
冬木
水線
光画
回米
売女
山鳥
山雨
国原
親電
番茶
昼顔
正出
羽風
家学
大海
下風
船台
色男
夏山
心室
野天
青書
楽日
週番
魚田
時人
空目
女竹
手金
語草
大白
右左
海馬
才色
刀自
教父
国歩
立番
数回
上番
書生
前生
分校
野人
弱竹
上前
町方
手玉
道火
水子
国手
同地
下学
海図
草本
読後
黒竹
冬草
町歩
海月
正字
当字
口絵
風色
外語
頭目
門前
正風
立夏
引合
地目
口合
右角
知見
西日
小米
来書
太字
小弟
小水
馬子
車止
長足
木地
正文
社頭
直線
赤金
母語
天引
夕空
名親
当店
知合
赤門
本朝
外力
声名
心学