終生
断然
大変
土台
多少
今後
公然
平常
絶対
真平
大分
不日
何様
案外
由来
最早
生半
何等
向後
何分
朝来
終始
総別
古来
後程
反面
老来
特別
毛頭
極力
聞道
元来
仮令
当然
余計
再度
折角
結構
何故
決然
大様
結句
大方
然様
年来
大体
当分
始終
丁度
年中
何卒
果然
再三
多分
以来
目下
時折
生来
余程
徒然
早速
聞説
順次
相当
本来
全然
格別
実際
終日
断固
数多
流石
左様
文明
本領
残飯
常民
別後
心血
軍法
学課
右目
発条
青色
都県
素子
鏡台
現数
世辞
職歴
他門
林産
真下
船人
氏名
年上
仏道
強力
期首
制服
銀鉱
連送
冷気
礼金
実話
常識
名答
君子
家事
寄場
来由
低額
風評
技術
両頭
井守
雪雲
清朝
失意
物性
美育
語録
正伝
切首
気位
大兄
本人
歴年
円周
悲話
天声
塩引
初子
等比
入試
鉄柱
関口
他生
門徒
神明
和気
帯紙
人心
鼻息
芸林
実業
種皮
悲報
受口
村民
小倉
気質
茶入
国鳥
耕地
曲玉
長子
入海
雲水
円本
長身
本学
出身
和様
主神
正気
印形
大道
元方
目白
旧聞
合名
徳性
平泳
情報
節義
法印
有線
書志
鉄山
文事
功利
守札
歯学
余波
短大
原罪
上側
鏡板
職業
失費
雑歌
標縄
文中
英和
本号
手本
焼野
馬肉
音声
東西
角書
原液
絶間
追手
迷宮
河港
同夕
等温
残余
幸先
折紙
老年
和漢
倍音
性悪
菜花
工船
雲気
細道
位階
命数
有給
再試
原図
部員
音大
菜館
酒類
使命
同気
新報
国利
往信
才略
海戦
無芸
人性
厚意
水神
各線
遊民
不便
達弁
以東
均等
同学
同音
熱線
新雪
各室
情意
心月
用具
次位
総力
肥土
県人
早天
平熱
過程
隊員
主用
雪景
小書
活計
塩物
母上
歌手
電力
形木
油紙
家運
板金
公電
風防
城下
個利
和子
流矢
会場
路程
先安
商状
答辞
東風
下水
通常
船室
馬草
社屋
軍服
行員
無熱
切石
高弟
答案
漁港
言説
川竹
会所
国界
電熱
格差
生木
詩情
試薬
正念
相者
見栄
白張
本石
全国
重工
山気
中音
常命
方位
曲名
強電
平原
順法
名乗
口角
宿所
徒弟
張本
作者
重石
金力
老兵
市立
公案
原文
引船
間断
年増
連枝
成分
良能
湖上
黒船
最長
新湯
報労
力車
刷本
出自
未生
半輪
正貨
精銅
塩田
情合
感情
電位
声高
非負
消息
先師
暗流
時流
格技
法務
親中
伝記
金属
有終
風声
暗色
雑則
時計
辞意
魚屋
分銅
官有
現当
都道
残月
花形
実機
借物
間縄
不通
山立
首級
白下
貸方
鳥人
品玉
心情
中等
養老
単向
術計
中折
川中
気色
岩場
新顔
農舎
親父
早老
護法
筆勢
長屋
最前
側室
冷風
間欠
機首
病態
海気
目方
荷馬
本省
連山
気節
寄人
足音
漢方
宮内
情話
総菜
短所
血清
室内
近目
公用
売店
日食
極地
当山
軍事
課程
根元
名案
汽車
歯車
星章
語原
首相
悪逆
島台
各人
頭注
大刀
和食
時短
方形
対辺
駅路
打者
組歌
外地
前芸
中肉
麦笛
礼法
海中
横隊
引鉄
記法
金元
表音
下種
遠見
不作
常談
好感
鏡銅
面白
皮質
方正
地象
梨園
人後
名文
不帰
悲引
波長
番卒
帰心
先高
真実
逆風
丸損
遠近
主辞
博物
気脈
湯元
雑考
祭主
文字
事典
先例
素顔
法問
余類
南港
続飯
機才
宿徳
失政
大勇
冬芽
画集
正妻
兵科
街道
西風
無死
電圧
新山
観相
照星
職分
生皮
船用
真相
内界
新卒
損所
学究
立春
下女
工程
中級
府県
和算
有税
文末
小火
倍額
南限
銀輪
水屋
立会
前条
打歩
有司
主幹
信女
長道
失態
草紙
借着
文楽
北倉
酒代
不徳
略字
美童
貸間
提子
文台
子持
苦役
地金
墓列
黄土
治安
横物
軽水
大社
後身
門松
神変
油単
羽根
宿業
築地
客人
信書
適正
好機
対物
安保
雑仕
根性
戦敗
明暗
表面
事物
水雲
浅学
丁半
芸界
愛別
同大
仮説
副長
折山
往時
古川
熱戦
新兵
青竹
測度
暑中
男工
活発
天界
雑色
強心
小康
達示
市子
立毛
葉虫
後住
兵学
不備
上根
温気
別館
真前
横木
馬追
線量
考課
南海
同等
豊満
地勢
義歯
寺社
旧物
和金
太線
得分
子葉
精度
白布
月日
東方
岡三
文治
高士
小石
張子
略号
方角
人証
旧式
切札
法式
本会
左府
練物
未成
税額
良筆
何程
作付
好漢
逆様
不敗
空位
文句
海里
動物
点数
本管
戸前
大地
行楽
内実
高検
投物
年別
青葉
城門
切米
茶味
式能
黄道
車間
朝政
都区
興国
賀状
血色
公人
語句
大局
走資
団地
商才
温良
国外
側面
虫気
経常
音階
村立
各個
声調
月評
清流
日記
格好
運勢
小池
文責
客体
悪場
矢印
整脈
禁書
左飛
広角
等号
版元
会則
死者
学期
産金
全波
山道
旧人
土留
人体
婦長
飛白
谷行
意地
別様
鉱山
総数
門流
特用
陽光
具眼
水冷
山幸
義妹
満点
鉄心
雑筆
半紙
過分
条令
反日
清興
確度
運気
金堂
力紙
素魚
特使
教義
天水
飛板
功科
得体
灯光
野次
未練
経文
後事
法楽
平版
事案
長期
終戦
高堂
茶室
構外
条目
修業
軽焼
定員
根号
門灯
交点
仏力
本船
仏像
親類
実例
白銅
成語
功力
時運
神文
京童
青豆
入相
天道
秋冷
西進
王水
短小
測候
飯事
用人
発頭
型付
感性
方便
付目
前場
婦徳
同一
雑念
営養
好評
精液
果菜
朝顔
軍部
上面
路線
電路
好戦
田野
次女
本所
対人
詩格
投機
主犯
借間
司政
言外
高評
旧観
置市
南東
低質
産湯
新来
県西
子安
辞世
古銅
特効
手近
塩素
快報
火皿
制球
角行
短期
手法
河原
原注
不運
暗箱
加法
向学
人里
音容
政調
徒者
音信
育休
勝地
極悪
公金
小豆
血便
遊園
正式
付子
内積
軍船
極熱
好例
体重
先進
各社
適任
酒造
文案
好漁
良相
通草
酒量
天工
遊行
本歌
肉筆
出欠
旧習
社員
築庭
大臣
毛羽
実悪
不犯
代品
油性
選管
黒字
以西
妻戸
遠島
太極
器財
節気
品性
短歌
香油
合板
真打
週内
置物
人身
準縄
黄旗
石持
代役
雑費
役名
白文
税調
罪人
病理
無業
番号
白馬
治効
価額
武人
球場
流水
岡目
寒村
投信
雨皮
水肥
社運
前説
駅手
単弁
名士
野原
声帯
悪口
礼服
高熱
各行
組打
公式
正編
花器
日時
放生
野山
愛国
黄粉
電動
同格
適業
引札
眼底
和服
海参
水星
衛生
原色
悪女
信望
書札
豊作
料金
金額
合金
授産
位相
電工
欠文
実情
士官
合服
雲際
求法
母港
民生
黄玉
字体
木具
仏果
歌意
直弟
聞耳
節目
財務
真木
府政
火口
急便
職場
氷海
率土
造兵
予価
角質
短音
上等
留山
式場
院本
正方
書留
料紙
現形
白銀
魚肉
術中
宿料
識字
厚相
島国
矢立
複利
仮病
倍数
男波
楽章
高配
旅宿
司直
松風
鉱区
空際
水根
議会
竹林
良貨
山里
玉子
青草
歌人
国号
海運
近所
話者
知友
車中
漁色
黄梅
生魚
正犯
司祭
飼葉
開基
公団
自利
聞手
血相
小心
足湯
原級
波高
大玉
悪習
道家
黒土
希少
種子
詩形
倉庫
雪路
夜宮
帯祝
英図
船客
旧例
町場
残部
現状
帯皮
白雲
中宮
目色
風速
全会
名君
自然
細身
厚子
残暑
根基
暑気
工業
局紙
黒白
満室
害鳥
田遊
営庭
選集
堂上
文脈
学績
快刀
手引
判事
逆児
日給
君徳
戦功
表号
名園
語法
建前
乗打
業績
絵馬
平服
病根
国政
通人
宿帳
名器
線区
特大
塩水
逆修
校歌
女子
課員
乗数
語勢
習知
自公
非業
田植
銀貨
親好
公舎
師友
波状
大入
連体
金的
器具
粉本
県令
正法
工兵
正号
茶利
古学
底面
銀波
同率
真因
転注
居所
長打
金製
省内
国交
黒地
後光
正室
横様
雑犬
名聞
連年
始発
転結
精義
苦言
国風
遠道
眼目
上戸
売価
各面
分団
未来
無月
大形
式次
仏体
好適
才幹
徒桜
野点
同県
民活
目高
高地
史実
帯地
児童
老実
土中
講師
弓術
弁才
出鼻
年強
白州
大夫
代印
民間
地文
横暴
修史
上天
義旗
悪所
面部
正訓
国府
下人
工具
神経
達見
折本
農兵
全県
別製
章程
内属
死病
商務
古記
門人
女心
星眼
白魚
綿毛
間接
文筆
半弓
有印
本書
象形
留金
前車
矢文
列強
基体
禁鳥
女持
力点
中綿
生花
梨地
売子
小半
争点
複方
複文
本木
車両
血祭
総務
後生
旅銀
半生
解語
年度
後葉
和上
変性
角地
時世
不全
氷炭
成典
物心
水勢
油土
鉄条
全景
情景
防犯
内線
光線
水母
運輸
小波
次数
信号
術語
高給
生後
作中
走者
数学
士風
全形
横丁
軽少
男物
外商
中口
前節
両日
君公
雨戸
見目
信条
下着
民草
条規
上紙
終点
神典
上長
多照
本校
持仏
禁門
科人
利害
通貨
破竹
矢先
古式
守刀
素見
円堂
借方
牧者
雨後
商略
地表
連対
団員
借景
家令
最貧
前人
血球
定規
時差
極貧
不感
白木
停職
外皮
低速
遠海
庭木
酒倉
祝祭
金星
米語
商工
鉄材
作物
同校
人災
氷魚
新字
皮相
共学
石門
体用
性行
正覚
重器
晴眼
所作
浴客
木質
楽士
可用
悪文
内記
校風
放資
火夫
絵心
板木
同左
原生
悪筆
極性
両得
使番
半眼
屋外
熱心
方図
均質
客語
保安
無念
神速
転機
関税
分科
外宮
才徳
酒色
名犬
期初
作法
墓表
財団
学者
引縄
古文
内戦
帳面
養家
台子
白根
景品
豊漁
清談
客足
木版
道県
金平
単品
地口
原酒
強弱
王族
男性
州立
和物
花畑
積悪
乗物
族長
語脈
県境
末技
水菜
程度
点茶
海洋
同家
原綿
星雲
前編
名店
小形
名節
真中
文士
暴徒
圧力
生紙
無音
小暑
世紀
茶器
質札
求道
秋水
悪徳
燃料
綿羊
大徳
年産
古物
功臣
検体
外務
全市
印池
前者
会下
任務
医大
感想
板屋
学則
雑貨
情理
点画
山妻
下表
素行
人夫
黒目
見付
図録
皮肉
中央
利所
定評
謝意
女王
水仕
舎人
練炭
入子
側節
土産
漢文
住職
先限
直伝
神火
画工
赤鼻
仏経
常勝
資力
学兄
遊楽
初荷
公事
経木
団長
年利
乗用
政友
作出
小口
原作
大戦
大序
助士
史学
実方
死文
最強
母船
成魚
風土
大君
同町
常道
親友
白歯
返点
質点
分野
総局
空語
民力
仕業
聞香
丸取
他心
雪白
画面
黒人
山海
原子
同性
差等
階数
平地
来光
定率
会頭
実害
許多
地検
置数
弱電
委曲
次席
評判
田地
台車
色白
研北
体協
現職
空馬
公主
波数
億万
民地
別物
青物
室町
最中
軽率
雪消
中食
名手
産業
原音
神君
多産
小山
機織
在米
名利
表紙
領野
駅伝
同業
船底
絶大
政断
雑品
中火
子音
文芸
羽車
本命
配役
群臣
学位
家相
法学
声楽
合印
不学
役所
令色
神授
市価
鉱物
外人
税金
適例
非理
自動
月読
死票
原隊
古楽
熱風
活花
花弁
個中
故国
岩根
初版
予選
花氷
生色
大物
対内
化工
全角
鳴神
陸相
玉代
画会
散人
産別
足首
無比
店員
合口
花鳥
前景
分館
法師
成績
国学
青空
夢精
良家
内政
国許
土方
明王
海面
口先
陸風
旗日
便船
雨中
負目
月極
印肉
全線
電柱
乗客
分子
酸素
先客
神前
明細
国運
次序
小事
歌曲
曲師
悲調
力作
天空
学部
滋養
練糸
機器
電設
食間
石橋
合方
子日
職人
魚子
教授
花梨
季刊
区民
有限
強談
地帯
昭代
目角
金鉄
熱血
玉目
弓道
死所
質物
曲者
友人
元利
知力
炭素
綿糸
能力
平手
大手
想念
金枝
採草
議案
店長
近代
持経
平信
字面
常春
強味
列代
雑話
教生
病害
師弟
実物
形見
牧師
古紙
情事
反故
地虫
実状
先見
身内
書付
折節
悪才
横波
席画
後金
熊毛
幹部
小伝
客舎
間夫
基質
武運
戸主
安打
各市
飛報
木造
温厚
祖母
正中
塩花
単眼
肉牛
庭梅
市街
学業
病舎
熱度
通番
歩道
軍国
日豊
同断
旗手
底流
暗部
口取
仲直
永生
身代
下番
議連
物価
黒豆
頭分
近間
雨量
手芸
重圧
楽節
東院
厚情
字音
現象
口笛
信教
点差
血族
油圧
頭重
小才
数量
中型
本然
金波
新都
最少
技法
仏画
薬局
額際
湯花
容色
賞辞
兵隊
不精
多情
気功
識語
間道
都鳥
金物
効用
分数
機動
手中
無地
旗本
象限
日新
火切
極道
市制
口車
実科
雑然
悲運
兵種
世才
才力
黒血
明主
直径
陽報
不動
有職
健児
火山
立居
別当
軽卒
不死
原油
草取
早足
兵馬
上記
白日
用水
母印
全校
経書
合切
国文
変名
発作
共編
原毛
急坂
語格
黒酒
親鳥
残雪
年弱
明色
野手
全局
軍門
妻板
心耳
小屋
無辺
北限
追肥
上人
破屋
立礼
細部
冷夏
科白
前科
精農
空自
序曲
弱気
暴投
毛筆
前史
頭首
中編
軍営
身根
暴状
初経
病勢
金主
水心
草子
名句
工期
旅所
受入
多弁
心地
成果
自前
火薬
野中
各組
身空
山師
今生
祝電
父母
次兄
立志
天女
末学
路地
宿悪
造次
神鏡
道人
人質
本当
荷縄
職名
横顔
農作
試案
演義
馬主
雑録
悪者
希書
父兄
条章
音物
無毒
口語
鹿毛
下田
合法
述語
近県
赤土
会社
体感
才芸
記者
公算
眼帯
夢見
金具
条約
草色
機工
議長
緑便
海友
止金
雑感
演武
苦力
頭取
文書
関屋
大役
初夜
快楽
等級
敗色
冷性
持前
竹刀
序次
葉酸
資料
中天
本章
苦塩
同体
大豆
実態
留湯
余人
悪念
土民
氷河
接眼
所員
単音
借家
食後
必勝
旧約
物語
要務
官軍
水玉
資財
里数
仏工
遊子
花束
形式
大鹿
全品
弱国
草花
質屋
非命
別便
仕向
機電
身辺
焼鳥
灯標
道徳
館員
毛織
接木
店主
宮中
版図
切火
自室
待合
要領
気配
選科
副食
焼玉
空陸
知名
貝焼
香料
原麦
熱性
逆順
近国
小品
落口
良種
天漢
工大
村勢
全員
聞事
田舎
土語
立板
県外
小業
半円
西口
人達
紀年
当路
向暑
来復
地声
余分
空豆
手職
名前
財力
岩石
代価
金文
原肥
動意
旅心
小雪
福引
代官
竹紙
外客
中前
画然
語形
犯行
浴用
小頭
重点
句切
土地
方言
中表
常例
松虫
鼻薬
総領
徒事
足弱
員外
兵備
王宮
管財
秋分
広義
話芸
領土
鼻輪
金輪
波線
谷間
妻室
両部
日刊
始球
粉末
赤貝
長兄
重文
無宿
本番
下作
新価
神父
秋気
文人
大声
修験
菜園
会友
本願
祭式
水底
極寒
広量
船虫
選対
高飛
道術
敗者
人語
薬園
見台
無反
境内
和語
後記
友好
義勇
地味
用命
頭領
残夢
湯船
外材
大雨
在世
白雨
女中
現品
無色
食指
非礼
落語
老眼
自今
志気
板間
温州
病巣
単色
省力
省益
教本
川上
正体
国庫
不実
車庫
酒塩
小差
出花
太刀
月代
年始
不快
草魚
宿根
酒保
石高
使節
多芸
高点
人目
早道
臣節
同額
官服
宿屋
災害
令孫
手心
病身
山路
夜直
市長
往航
中身
北画
手間
神都
主戦
役職
風圧
家老
年額
弁天
文部
校舎
車体
明君
正史
短長
方術
落魚
多義
適法
比熱
手形
実兄
医長
妻達
義挙
古代
外界
低位
墓前
打線
血液
鉄筆
方様
社説
武官
全一
法官
布令
残年
天草
差金
終期
安居
民航
同港
昼食
農山
海軍
目星
歌切
武名
配点
両目
金山
原産
質草
悲鳴
画賛
薬石
材木
包金
早業
仕種
大波
官営
曲節
大要
対句
約手
夏休
物界
弓勢
不戦
国益
前件
単車
神性
男心
星合
女形
地価
表土
官公
立件
談林
宿老
重代
名曲
素生
祭日
絵素
急火
海員
取前
不調
自他
農地
細則
状箱
暴風
茶色
中空
前歯
折線
体形
教学
首罪
金満
語手
業法
気品
下流
回春
生態
当人
焼魚
乗員
動因
品種
電文
無病
夜寒
程合
他県
健保
物種
外報
音程
全文
牛皮
時数
文具
精肉
表題
服地
船足
無様
無季
通風
副因
他所
鉄血
虫酸
着類
長夜
日切
本法
仕材
知歯
貸出
新制
子女
茶気
制令
旧交
新木
返球
意力
病原
得失
立方
冷静
日計
総統
白玉
定性
連休
用事
機外
青雲
金色
後期
冬営
鳥屋
銀漢
勇健
利息
店内
旅物
水草
見地
新道
出面
母校
前世
茶人
死目
暗君
対外
時候
勝運
複本
見番
教書
実力
版式
選外
寄席
追福
水門
断面
日産
対格
空言
孫子
神馬
主持
連子
引手
全車
首題
兄人
漁父
軍神
目鼻
音曲
別品
眼前
無量
運上
功業
山女
冷戦
強国
式服
川船
生身
実車
仏書
感度
中点
重役
張店
講堂
心根
特賞
栄養
多毛
末法
精舎
令名
客種
進物
技量
陸湯
後会
未読
君王
夜空
詩人
相対
用筆
極点
各店
楽師
史話
型番
春寒
苦熱
薬理
京女
選言
受苦
駅長
要素
下絵
軍民
文集
仲秋
旅程
旧態
旗印
役目
法線
軍規
行宮
特電
落花
絵像
水車
業態
初筆
毒性
原票
名札
仏家
当市
物日
実体
教祖
炭価
細波
氷野
弟分
職務
用金
挙動
色香
風流
義足
入方
温度
港口
院内
産品
古事
有高
検車
文略
良案
常連
金位
水貝
両前
備考
山寺
得意
先天
技能
中国
無産
工費
花台
大使
親船
後妻
用役
風災
老師
雪上
園芸
好季
性別
仮題
筆者
君臣
当社
織目
守神
日和
正員
色町
角灯
鉄管
草笛
指物
悪気
令聞
筆画
軽風
負数
起票
図版
最古
日程
等位
遠足
帯金
葉音
見場
高見
同色
馬陸
短刀
豆炭
通所
絶美
長円
銅板
父様
山神
府会
損益
形象
基肥
金貨
里人
乗具
肉眼
路銀
間借
校内
禁中
内耳
県立
朝酒
兵役
約音
公共
正確
様相
秋期
節理
流人
校友
中葉
増価
芸能
宿場
官製
参差
常人
社中
会期
風害
公取
左記
過料
夫子
黒色
元手
水生
金銀
適作
人口
時節
同点
暴力
鉄人
総身
小布
毒素
父祖
水差
不適
眼界
詩史
性器
保線
良心
深緑
余毒
有史
電球
外史
余栄
林道
字数
小職
要路
名花
本館
人工
切岸
本紙
楽土
残物
神木
食通
時価
軍使
産学
要因
官紀
良民
余病
機構
有機
活版
接線
章典
不弁
差額
電線
新手
結言
成文
非時
属人
単発
毒物
等量
強酸
悪形
無知
労農
応益
林間
表地
各駅
金持
図引
教典
標題
体質
雲間
実父
金賞
夫妻
魚価
好学
労資
緑眼
経水
神米
現官
天命
中限
泣言
発禁
初等
香花
移流
書作
同村
新緑
取組
空包
銅製
現高
童女
害毒
陸戦
文弱
国花
合理
氷点
民選
物象
極印
個室
総花
競書
品格
見識
海底
立像
和書
戸数
県下
側目
合弁
新政
地階
水魚
着物
血税
破子
断頭
金城
社会
息子
帰命
教務
飲茶
守兵
基地
横目
雑書
領地
達筆
行金
高直
直角
礼状
時様
犯人
自象
夢路
左官
内入
残土
末位
買主
案文
内径
中元
水声
法典
紙子
適職
水木
来意
新本
面相
大功
校外
画像
他力
戸車
早耳
現員
特務
作風
極度
作条
門下
売主
元年
官選
身状
便法
顔面
悪相
山水
引際
定理
金貸
多雨
中間
助炭
和習
仏式
中気
素話
旅人
洋室
外局
部類
国電
歌合
地頭
役人
外字
下目
国名
台風
情念
右下
賛歌
赤地
弱行
社主
外形
複線
工科
直筆
真丸
犯科
雑木
真理
銀笛
葉書
軽挙
心気
左手
夏物
気前
動労
水音
容共
保金
上玉
会務
鉱油
事由
美術
光頭
本土
家主
機知
真性
大全
立合
子細
平体
罪悪
水計
人台
公序
天授
外題
福分
原器
小兵
声量
野羊
船首
心算
地下
無害
氷柱
船団
反歌
母式
海布
所説
返書
木場
特典
飛球
黄身
象虫
内証
河清
麦畑
縄手
時日
不燃
原書
物品
画布
板目
礼者
堂守
教団
山行
血管
主査
大火
球形
神格
精虫
主音
県別
家電
引数
足代
大川
悪日
長命
矢来
有休
防虫
後手
芸歴
毒気
節織
名題
武辺
気管
単一
境目
子息
病院
軍刀
都内
社線
白光
博大
打切
取札
要点
逆子
不具
過労
式法
小島
枝折
同時
板元
法例
州兵
良港
山脈
君達
結節
定休
才女
林政
変電
兵家
測位
回数
才能
自重
週日
教条
墓所
来歴
紀行
満堂
防火
牛馬
告祭
死身
足形
共修
高圧
出船
愛情
助手
工数
家例
雪原
絵師
荷受
場代
人力
平易
家格
小身
馬料
余談
謝辞
別報
夜気
秋興
病人
確固
張紙
助員
武事
王法
野性
総有
復文
足技
弓手
輪状
本科
太平
先夫
良友
農産
性向
機長
上辺
丁重
東天
加里
版画
借手
母型
手紙
船橋
楽人
火力
親許
老臣
多様
属官
日子
短編
代物
大部
両足
講料
情勢
政客
友達
半日
検事
前頭
成因
老婦
能事
大輪
治略
本官
不測
学歴
原野
神話
過失
月刊
産前
下界
助辞
買薬
別院
弟妹
様式
言辞
低地
人様
容積
世道
月夜
家伝
富強
副本
鉄輪
略伝
王公
木精
公平
洋酒
毒筆
科挙
下根
書店
球児
自軍
米飯
美人
故実
化物
界線
院長
巣箱
馬連
暴勇
愛車
複音
箱書
冷麦
命脈
図像
豊水
住持
県政
労政
左角
薬玉
話頭
基部
張力
元首
手前
勝勢
行程
青銅
宿雨
技手
性状
緑肥
無道
入来
林学
衣手
大便
飼料
重囲
書役
西岸
後朝
全音
中部
例外
雑文
独身
教具
国境
本城
花園
医学
夜話
家具
近辺
課外
外護
用次
秋高
選書
位記
採火
丸首
要件
玉章
共布
名主
寺男
植物
局報
倍率
果物
絶無
言動
快速
有生
街談
定額
確率
急病
切紙
快感
反照
天理
精機
船内
点薬
町役
水辺
医用
余光
故事
応急
角度
後目
大宮
官学
麦湯
飯場
乗合
時報
才取
部品
習慣
春画
土木
用地
小社
長話
社交
南方
新体
黄色
風教
天台
貸席
結界
標札
家集
利達
対地
重量
不買
両校
下位
港内
副木
言責
天平
陸地
草原
遠洋
丸帯
失当
飲水
月光
総出
画商
変物
弁当
星夜
死神
列車
流物
青地
無名
火色
末社
宮居
口数
水絵
毒液
置屋
祝日
次週
酒場
米屋
悪因
荷札
漢書
直情
緑野
間者
白地
適言
採算
数社
不当
赤貧
絵付
消口
水質
径庭
測深
花芽
勝味
天上
古音
官版
支脈
見本
成心
投売
残欠
満身
体調
男声
軍務
地物
取調
熊祭
経典
名付
武術
自信
全量
士卒
義気
有余
才人
実相
柱状
油送
図形
新造
列後
食費
園地
事故
門付
標準
戦地
枝隊
英名
群青
底辺
出湯
満月
動産
学制
今風
賀正
旅路
詩学
全長
好物
小春
帳票
冷肉
立場
敗報
能管
寒流
過言
教官
計略
米麦
南国
明夜
祝勝
神学
美女
手付
語意
下町
小字
経度
基底
軍功
北洋
重科
緑豆
形態
沖合
両極
票田
所願
朝家
先非
面体
大志
破格
歴数
安物
道歌
仕切
句題
本草
雑粉
光度
文化
石竹
歯音
本隊
理数
祖業
心頭
定圧
農事
小母
白紙
戦時
荷船
局地
手鼻
市政
横道
細事
浅春
上代
理科
院試
委細
理想
組頭
積荷
義母
音字
弱小
手合
部数
祭神
大公
関頭
公海
地歩
毛布
玉門
能書
方案
精分
雲上
暑熱
束子
回章
重犯
麦雨
仮性
余念
真白
間柱
矢玉
不平
秋冬
果皮
夫婦
仏徳
特等
紙屋
温習
他見
茶会
社家
益体
青毛
理由
義金
無類
水利
豆本
近衛
特高
月余
型名
種油
在高
地紙
行間
余寒
男坂
強飯
有界
液肥
同省
防暑
銀行
馬市
国領
文語
不潔
山野
長調
公法
各回
飛台
英紙
大法
軍医
軍楽
不例
野鳥
良知
米産
綿弓
根菜
勇士
能会
生得
辺地
連火
山上
史脈
島田
船員
精子
柱石
最高
用量
笑気
編組
不易
外車
在外
部民
油差
金頭
小成
業務
光点
局長
苦楽
船板
満山
付表
切手
見合
母線
社協
非勢
売場
停年
組曲
借料
職階
生酒
飛信
夕顔
牧野
婦道
反米
夜昼
火屋
軍政
教門
文官
名画
本妻
大気
人知
君国
力動
府内
赤手
薬師
産院
足芸
絵図
血幹
公徳
結綿
判取
園生
間服
上地
現時
典礼
世間
地境
各地
市電
夜行
車輪
箱屋
工員
日照
行旅
大息
築法
青酸
後発
糸底
青玉
板子
作品
敗因
内庭
水牛
新香
神水
不文
水温
明文
切点
悪夢
後前
上乗
先王
無限
古屋
緑酒
無雑
根城
原典
便服
所見
句集
基準
回路
父方
易学
山畑
相手
海鳥
赤木
紀要
木馬
信徒
前線
王立
議事
未発
太物
外信
興産
植生
業風
陸運
金利
技師
温帯
研師
真金
中卒
損得
地米
悪貨
他家
政事
内所
素面
義理
番外
生面
切妻
白色
通力
定点
物証
団子
真書
法条
白番
追分
来示
時化
日動
広前
副官
下司
歯科
軍兵
定命
返札
切所
出会
倍速
飛石
国産
深酒
武神
真竹
春光
急速
速算
強風
貸金
容量
白子
借地
和人
大判
無文
焼肉
景物
牛刀
引導
場面
学友
織地
駅員
商家
遊休
置字
現制
共犯
本店
貧苦
量水
刷毛
立札
法量
真底
原案
足軽
定見
少額
行末
天機
迷路
相席
結城
精力
外教
器械
枝炭
側圧
別電
空理
部局
友引
秋日
街灯
開張
刀身
気弱
苦手
最初
年取
空身
悪神
世情
和字
薬効
常数
運河
年女
草卒
黒子
史上
信者
水明
戦隊
景観
快適
飛箱
都立
愛犬
国典
練武
月来
鳥追
枝道
外見
毒薬
残照
月下
下名
細引
団体
法相
老体
基幹
手旗
過重
飲代
分際
学賞
馬頭
物議
東男
南部
部立
根太
非情
余情
永久
多量
税政
当限
西国
車種
鳴戸
才識
天分
産土
洋書
間合
出典
便通
殺虫
飛語
国技
兵団
炭田
月数
黒山
弱年
題材
感興
常世
早月
保冷
他方
山田
良法
組長
鉱業
徳義
相場
大小
所信
辺境
工高
原品
根深
医事
参議
実弟
今様
基音
戦術
良識
重機
自明
量目
牧民
天孫
防風
在方
舎費
神気
小国
県費
見世
応手
小変
自余
標灯
小人
類字
月色
古色
直中
青虫
大船
城山
慣習
火手
年寄
着駅
守役
高校
赤心
漁業
笛竹
東歌
理国
空文
明神
詩歌
白票
独楽
友情
語路
鉱産
幹事
典章
人馬
氷質
実線
冬日
器質
近世
丸打
公害
出番
塩豆
送状
暗弱
再犯
力水
業報
始期
里子
遠方
河馬
直積
紙質
標高
石弓
実印
指標
色神
火元
変則
不定
間代
西経
官舎
様態
極安
漁民
灯明
遠音
光波
中門
名残
冬季
群落
岐路
仕合
赤毛
絶景
白首
竹輪
福運
持家
機材
空地
眼球
標注
国際
羊毛
今体
種本
死脈
夕波
級数
家数
士関
年波
女手
真人
短章
細小
公明
共管
先史
群雲
富国
連隊
無欠
鼻紙
筆生
名目
枝族
手話
球状
各週
北国
農場
弱者
極右
枝肉
知音
交織
死体
耳順
白兵
化生
立冬
気体
国定
夜具
見解
全階
実像
地熱
感能
冷眼
口実
右前
織機
常会
園長
快技
社司
官位
死毒
質店
角界
真暗
炭庫
単独
総業
葉脈
平価
現下
再往
福茶
月役
楽典
学府
天質
流罪
識者
高教
兵務
時季
仏子
東北
商店
満開
中州
無能
短資
自由
重心
草月
内皮
天金
夏型
興福
小指
食客
次男
緑青
交番
黄金
文箱
連夜
各委
文目
果断
人波
言行
秋色
門生
横列
旧教
歩度
両紙
局所
湯屋
朝練
何事
風味
手先
指分
栄位
建玉
南庭
食管
申文
大戸
天顔
白身
鉄路
薬草
未完
個体
横長
等辺
逆旅
初秋
角通
真正
数列
目路
支点
始原
長物
絶品
荷足
逆進
今昔
損気
野草
理財
平温
早口
動脈
明度
辞令
領分
正眼
経線
変人
中佐
議運
朝市
岩組
金石
番地
老境
島民
雑学
委員
同勢
帳場
防具
行頭
高空
伝灯
信組
式台
歯肉
仲春
和製
愛馬
新開
条文
仏性
同属
死線
通言
戦野
有色
資金
鉄板
理知
目次
旧作
山地
駅名
中風
色女
大風
大名
炭山
不休
物産
対等
徳政
河岸
緑地
重弁
水火
主体
漁船
師走
残品
全容
夜会
書証
残務
圧制
同博
生節
色石
水船
円柱
各科
体液
京菜
墓相
独往
無礼
個所
内相
快足
地学
先妻
潔白
小編
無根
転院
流者
健康
小鼻
演歌
前足
易者
家内
他動
縄目
有事
義手
里親
利酒
同薬
心身
局方
教案
興味
英学
赤目
魚族
美容
週給
寄算
不意
自注
玉菜
不法
故紙
各課
大男
序歌
税法
主動
香味
武徳
調帯
有識
理容
有期
残任
声望
長刀
方円
庭草
美田
小史
停刊
商館
貧富
兵火
大河
種牛
別名
無断
横手
刀工
長姉
血豆
平皿
国大
大暑
火縄
名声
方式
山河
初音
台辞
水際
正負
初手
出来
常体
後件
経時
同線
岩船
富鉱
選民
血粉
絵具
前衛
高速
東国
馬飛
民家
情愛
経口
字引
学資
身心
悪書
桜花
単線
流血
非運
国書
富民
老生
戦旗
会規
森林
表皮
招電
心術
天辺
石筆
英主
常夏
祝言
近状
希有
県土
表門
支部
楽天
月見
人類
本堂
側部
出店
小勢
野球
国費
清福
河川
博学
士民
祝意
消防
手車
門歯
商船
長文
料地
先箱
土気
重陽
田打
婦人
本性
社歴
急使
製品
春分
道心
香典
熱湯
雑曲
不信
元老
心証
黒衣
晴天
正当
無常
分社
実技
春季
木末
愛想
前書
切要
例月
初口
真赤
和洋
男児
当来
番手
比価
歯根
税別
東屋
立花
人才
図体
宮門
持主
選手
初会
高野
快方
小名
学園
大橋
鏡面
暴民
次点
手長
中日
弱酸
目前
不義
所長
正統
素性
初級
重苦
美学
直会
季秋
月経
力業
家来
水損
終車
大悲
人道
区史
古筆
社用
小道
打席
青山
野史
金肥
軍略
近業
路次
動機
官民
札付
園丁
定量
同型
天守
側帯
名工
花期
顔役
白旗
血目
曲線
貸家
天変
平野
姉妹
加水
留鳥
労使
暴挙
学区
首府
皮具
経堂
成年
地相
初刊
略解
目板
村落
民心
別格
山相
様子
南都
公印
義軍
妻女
所伝
地内
決死
高祖
食分
工場
労作
類火
本場
美果
人命
例会
歌心
雨間
無声
生死
公会
園児
北側
他流
分外
他者
労務
前歴
正規
野外
正調
早年
魚道
屋内
全店
全集
祖国
林業
道学
丁付
町制
山間
真田
重言
春本
原理
常節
国務
次回
山辺
帳合
上略
歴史
形状
玉総
未開
義人
上作
南口
長歌
加害
西北
別種
温色
美名
色情
小間
陽動
口上
両損
報賞
赤道
風鳥
銅鏡
利器
芸術
高音
木炭
活気
言語
賀春
造化
海人
船着
王師
平身
境界
略式
上使
焼金
月白
野望
歌業
水道
厚志
本部
末寺
新曲
定型
次長
初歩
打物
軍歌
市井
要目
悪漢
過少
態勢
起電
戸別
悪行
物見
犯意
島内
連語
食料
対日
世故
博労
見性
西洋
家臣
札束
王城
父老
詩才
線分
冷然
鉄道
元結
直音
薬研
通運
願行
野老
余香
下肥
雪見
清酒
平屋
見料
医術
見積
神子
病名
玉体
別線
総状
空列
本位
当課
宿志
逆理
待人
電機
手相
建物
山手
名識
心境
湯本
新館
外米
清元
婦女
果報
自画
特急
精強
半径
学務
死語
王道
仏説
隊列
初夏
雪女
遠目
前側
財政
台本
銀賞
商会
副賞
病変
製法
付焼
省令
歌学
清潔
法衣
小者
寒月
余聞
両家
相好
外港
余事
積雲
東海
上板
覚書
無題
番兵
春物
愛妻
酒屋
過小
本能
東路
駅前
往路
気温
筆法
説話
長講
目頭
軽石
部隊
馬車
薬礼
語口
原資
木表
早生
要所
強兵
空説
和文
方法
安手
達者
和学
不才
長久
県道
当落
定価
小乗
製織
開祖
流造
足労
出初
市部
温情
挙世
速球
宿便
県南
買弁
悲境
故由
石頭
差引
都度
男気
読方
上役
老後
能動
紙上
深交
下前
羽衣
大望
焼塩
知者
弱毒
開明
考試
寒梅
式辞
戦車
荷役
日待
大黒
令状
金歯
観法
空音
仏門
最適
社風
書風
内面
首領
続物
天性
毒手
心妻
必用
旗標
地神
番線
教員
実質
月番
始筆
風間
基点
墓地
気重
区切
祭礼
病家
精気
軍属
状勢
声質
秋草
全港
体高
入用
初雪
来夏
真土
永世
羽子
市町
悪食
平準
造作
陽気
元帳
車力
包丁
銅器
有心
戦歴
新身
手下
国人
死角
族制
黒毛
天球
人買
陸田
塩分
義子
代脈
現行
下男
横笛
来者
音像
自分
昔日
各館
因習
容顔
明後
牛耳
失投
大内
学名
未刊
先様
本質
本気
統覚
両院
本四
均一
直人
旧来
土焼
政局
軍資
川辺
肉粉
定時
女児
下士
青馬
高説
使丁
線表
泣女
適温
高察
初耳
魚肥
北町
悪性
石組
公民
代走
舎兄
国民
正業
民望
下味
門弟
平語
不発
同工
係官
快調
人生
訓点
時機
任期
立体
給湯
資性
寒肥
塩味
酸度
弁理
真顔
入費
庭前
健勝
間口
家計
石板
正道
氏神
故老
丁数
変局
自流
動力
全能
後室
無期
地雨
内的
小味
事務
質実
子中
氷雨
白湯
野戦
横糸
口器
戦犯
極製
兄達
望月
他国
清音
小径
実意
現今
県議
王様
入級
分力
感覚
洋語
城府
大石
音質
社名
労協
弓形
白梅
好運
資質
徒手
空似
故主
美技
庭球
部位
反戦
天人
台地
春着
犬馬
遠国
小手
青春
名実
高山
店名
体計
根付
功績
茶話
画題
県内
下手
林相
類語
不様
山村
教材
表側
糸目
本港
重土
良妻
法事
力持
交通
工率
代数
旧慣
課目
印税
持分
半文
中世
重職
古寺
法家
綿雲
調車
必殺
助平
絶遠
風体
農夫
部外
鼻毛
火器
川口
定説
湯女
行司
心夫
世帯
軍記
元金
起原
書判
旧悪
区間
古形
半作
道理
上町
浴室
練鉄
外編
本手
酸味
紙面
外積
原義
戦場
必修
奈落
南西
市道
君主
桜草
農大
目付
小数
大差
強面
神様
祖神
画境
目線
令書
独眼
内部
同根
朝見
無間
花色
山容
高根
夕晴
軍夫
同府
同区
時局
内孫
町村
年輪
性合
航空
実益
雨足
建場
勇往
多生
側妻
雲級
変量
上方
地歌
村長
放線
旧情
牛歩
成人
前期
白羽
丸麦
害悪
東洋
協会
馬標
多聞
進路
糸竹
命日
前文
急用
弱卒
地位
徒花
差益
親節
古書
年長
道管
動輪
本体
官報
能楽
別席
主婦
牧笛
長雨
陸連
辞色
他用
博士
受益
菜種
半天
首席
多罪
口径
新着
赤飯
塩気
貸手
益税
根気
墓守
内金
無界
組員
日商
生類
詩興
徒足
原状
川底
証紙
追風
身柱
子孫
見立
無下
指頭
殺気
風格
役印
少佐
入目
死生
現代
音調
当行
用達
色物
海容
不変
力感
道断
家政
荷車
速達
機具
矢板
検字
相聞
陸橋
活性
遠大
旧法
読点
香木
花札
会心
短波
浅手
新旧
質感
調法
元高
新茶
落度
基本
義戦
先口
点景
利運
良風
活字
見境
山色
各州
岸辺
道教
台帳
非鉄
陽性
子種
主流
安楽
水面
薬指
病因
京間
火事
仮名
天井
財布
軽協
手勢
遊軍
電池
主上
家教
定形
下意
礼楽
公知
親衛
空手
実記
代務
野師
複雑
人別
下図
未必
青天
史筆
会館
寺院
共産
府民
複数
漁師
史料
夜着
洋間
野路
数個
海事
遠眼
心友
石像
内典
風眼
機関
前便
熱意
中研
上声
物置
重度
下足
主義
例祭
学理
倍大
女色
祝典
川下
今方
礼式
類同
神算
赤色
変体
山国
雑役
急白
松葉
部所
汽圧
無罪
営舎
速力
国法
自門
情味
海辺
破風
両統
食味
大型
武者
家持
固形
地積
長上
主眼
当所
見習
同門
変年
建具
日貨
日当
雑件
計器
母国
令室
銀地
入神
独話
黒米
利子
原虫
国師
証文
君命
安静
牧童
極量
受話
自治
来車
旧領
責任
単月
遊資
内陸
心付
血気
買価
書記
素手
新宮
町名
多客
大佐
知育
残念
公営
鉄石
単数
炭車
自大
木立
再応
手管
遠路
本件
内側
不在
引例
旧知
角帯
少弟
命毛
本望
州都
少数
飲助
石綿
色合
多病
仮初
芸人
海損
意気
緑茶
多色
学外
好色
極左
同軍
単利
冷血
期間
葉末
挙例
無用
図会
寒色
絵本
部面
古訓
絶境
悪意
逆産
主命
破鏡
提灯
直間
付票
香水
武弁
図学
重油
国有
身方
温水
年内
営倉
帰航
外交
各校
公器
売口
演物
労苦
米人
最愛
末木
熱球
効験
短才
石炭
電流
天地
神田
油虫
初志
末広
戦中
首足
着実
差足
北口
対語
戸口
遠山
国母
美音
豆銀
仏前
低能
軽油
往古
成金
低温
南側
切能
信士
付近
書道
定席
信実
仲冬
同素
末路
後家
台木
世態
後場
特有
打率
故殺
小皿
墓石
小前
水分
字母
職位
性病
良人
漁労
逆接
不整
長持
細大
愛児
全土
深林
算法
国表
下情
軍費
後内
弱味
別個
右府
友軍
末節
羽音
総量
後天
球速
戦備
語順
粉炭
教委
伝票
国光
雑報
旗持
部門
親王
車夫
道者
鼻祖
各次
結果
苦界
遊金
効果
消炭
有功
美文
詩意
肉屋
戸外
農具
中程
号外
月面
空調
局外
造酒
中正
治験
青木
行方
勝報
長波
民営
加薬
無事
美形
正木
大約
老中
山羊
所天
体内
写経
茶目
同和
宮城
整調
歌会
気早
心象
子宮
東雲
使者
祭政
極限
情実
残花
麦価
活魚
心眼
師表
土日
人件
側役
入船
毒見
現地
断章
早急
横車
大賞
北風
助産
悪感
過半
両人
強記
側線
寺子
手代
美観
主部
王国
村雨
確然
険所
寒竹
声色
電極
連中
旅客
死場
船軍
売国
頭打
小佐
前例
曲筆
士族
関取
金工
手編
銅貨
差紙
日額
水口
静心
防人
夜食
余熱
文節
不労
仏寺
写場
低木
土工
野末
遊具
標号
人種
筆意
茶事
高価
岩屋
放列
図星
生理
人品
火消
国選
線形
留男
両三
開教
不興
固有
本線
山王
荷物
無理
見所
事始
番付
参道
人声
快晴
南天
才子
血眼
言葉
固体
君父
落差
情感
金庫
重手
定式
紙型
形像
修士
食前
仕組
光子
情態
才気
左下
同小
積肥
歩調
漁村
情人
政労
民有
門限
果実
医業
台場
法令
日光
月食
耳目
非分
祖語
何方
農薬
月報
消極
建材
金字
右辺
理非
複葉
暗然
火線
足業
初生
物流
各月
水陸
業物
大群
書物
行政
火気
楽長
家庭
軽度
不順
漁区
治国
商品
総長
通史
戦雲
美神
助人
飯店
分課
古本
作意
和本
史談
牧場
小用
業主
暗夜
府下
地区
波間
清白
市松
花軍
類歌
読本
王手
活殺
国営
政経
大家
右記
英気
新居
波風
同質
銀色
総員
天領
氷水
歩卒
基線
型紙
和音
漁夫
屋上
省線
面識
製紙
笑芸
飲料
不味
雑草
区点
美酒
目安
黄体
各様
空字
光輪
船方
末期
自家
国道
書法
物相
主意
無体
詩境
本島
多種
在院
罪科
重荷
家財
平等
天険
小鳥
注連
経界
食道
貧者
外資
観兵
頭字
観客
木石
反身
薬事
旅館
秋思
所生
総体
官界
正使
高官
柱頭
年下
洋才
法号
小物
武備
酒食
気付
雨氷
格安
朝湯
単記
食器
各紙
橋台
養女
運筆
新書
天目
初句
各位
飛電
家門
変災
試技
福相
神位
小耳
街頭
世相
鉄色
対価
静物
年数
訓辞
神器
争議
花時
小力
門葉
天宮
洋梨
字解
神酒
丸薬
言文
女性
礼物
編首
財産
相判
反語
公務
重病
他物
産衣
来電
節糸
国貨
大官
余興
適材
曲目
根本
義弟
公子
切目
学会
死児
続開
余得
師号
終曲
順境
中道
語調
正夢
宮家
単打
送料
地場
両社
元物
文頭
神歌
明朝
散光
館長
死人
旧館
特性
空色
停学
平気
正札
防雪
責務
評語
歌集
予備
黄門
表徳
佐官
何役
仏典
銅鉱
章魚
武器
交雑
手兵
政所
官印
内議
本名
仮構
手刀
牧舎
明徳
下等
買上
先頭
月謝
康平
始祖
明鏡
事犯
単位
積水
波動
左前
塩性
兵器
事象
兵卒
伝単
花代
快活
目顔
期日
所得
白土
流言
青票
葉色
客位
右側
風草
大隊
最多
名分
対向
倍長
副文
報国
切羽
時鳥
算数
晴着
長径
式典
近事
時代
正門
典故
君民
政界
原始
聞役
全知
文例
火勢
筆先
断案
古刀
死地
音感
本式
冷酒
年率
家兄
破談
北西
日月
内題
費用
小結
熱病
文章
本紀
精麦
左岸
人中
終局
衛兵
地主
県連
酒興
意志
評点
物事
新語
防毒
逆臣
寄道
心機
勇者
老手
号音
照焼
病状
平面
実名
勢子
印面
唱名
海産
電略
小話
同中
苦境
歌書
球団
理化
短命
長路
歌道
演者
便器
後部
年男
気道
中性
利根
勝手
糸桜
絶海
明春
状態
景勝
谷川
要員
事績
行火
親等
眼光
対米
波路
道士
岩頭
国対
草分
同右
態様
不問
両夫
天職
期成
同隊
文金
童形
客船
春耕
兵制
等質
銅版
時好
輪番
属性
良書
多勢
球心
冷水
終極
酸葉
適才
慣性
投打
駅頭
席順
常宿
同機
水路
才媛
願意
者共
祭文
川音
古格
損金
金地
法政
深意
岩室
例年
白粉
太初
村里
領事
止観
島守
番頭
売人
切花
関白
子分
町立
女声
商戦
都電
後列
本志
議席
限外
早見
医道
白眼
肉池
立木
横線
共益
工合
風足
新星
地平
守旧
来期
軽重
口元
大屋
民意
半開
車寄
夏服
取粉
言伝
小犬
音義
庭師
詩型
他聞
高年
雲母
信念
新約
学院
短信
左近
大台
他意
性分
荷積
今際
外相
戦利
素数
夫役
上手
例言
労相
氷原
上田
悪玉
仕様
公報
風下
弱虫
漁期
初号
高次
国士
良材
小食
因果
支店
定日
童歌
銀製
落体
格言
古語
天候
観葉
車馬
標語
制式
比重
事理
売名
徳行
満会
身体
路標
暗号
台紙
主調
切先
死時
出色
先学
標的
府営
老残
神祭
医院
考古
兵営
半平
地中
線香
席代
兵士
去声
半金
先任
満員
老練
商事
風気
詩書
宿学
農相
波形
不同
宿木
医者
語数
黒光
明達
取立
地質
通年
法王
代地
小満
証人
近体
温和
口才
無味
対屋
車外
薬種
日夕
個数
人伝
死力
適時
頭角
和室
引綿
年子
品別
新案
冷熱
順番
羊頭
聞物
雑益
金談
魚板
東南
書信
石粉
駅舎
青貝
結末
不可
天産
真青
金線
火酒
客間
葉月
余白
徳育
歩兵
香箱
代打
子犬
字画
空車
伝手
古老
令息
政令
営林
強弓
明月
辞典
正接
観点
習性
最下
造山
寒冷
和式
短気
大力
海国
具足
有罪
種目
学舎
実子
出先
口金
全社
原石
海陸
大卒
学力
故意
外物
態度
先代
運命
打身
親政
通辞
糸口
折箱
次期
鼻声
張物
労銀
楽屋
花心
申立
減作
能文
宿運
再話
標本
土建
開山
希代
山林
大番
海象
薬用
真夏
性愛
毒魚
新秋
農期
日付
県会
銀器
実母
新米
側近
船宿
牧夫
相法
付図
級長
味覚
労金
保険
海外
往日
主客
軍馬
夜番
金風
単葉
悪友
検量
両像
平脈
京阪
社外
武門
石仏
麦角
他事
老公
南風
本態
自性
月表
母屋
浅才
深遠
所領
産物
治者
神通
詩想
月明
義務
次官
雑作
題詩
本字
神仏
小曲
全労
特会
治世
鉄橋
師父
長老
号車
新入
季候
町議
化学
画材
有体
状差
導線
文民
首都
前額
無二
口前
女波
自力
博徒
予後
中心
相方
英文
和声
内海
公理
算木
類型
戦略
他馬
心意
流民
差水
青菜
総研
町中
先山
筆戦
赤紙
原画
師団
罪責
史書
無料
幸便
手動
性差
苦虫
細筆
分隊
制札
旧制
上物
験者
対空
右上
指事
曲直
周辺
社友
出立
差損
玉算
教則
老母
大勢
特技
情歌
武断
天明
原因
湯茶
典薬
緑玉
油気
主役
歩合
親子
略画
両義
議院
京師
飯台
張番
負号
意中
球史
利水
種紙
精兵
上期
道標
界面
実務
単体
進士
打点
上衣
天来
題意
馬丁
付注
木札
地道
機内
体育
金糸
梅毒
航路
社共
金団
軍人
元号
豆幹
中休
球道
初期
多倍
法度
下角
横雲
職員
冬空
地役
不知
道程
卒中
銀側
往年
遊君
光栄
上客
例規
漁法
速歩
防空
秋晴
寒害
新妻
大技
農民
中隊
造物
眼中
正面
夜長
内宮
平場
仏祖
臣民
前言
山風
常態
雪男
武勇
貸付
起句
里方
総点
辺土
工手
角笛
野分
初湯
区検
売上
人死
英略
歴博
湖底
過多
後方
医員
古参
両次
大安
来状
西側
往事
申入
鉄線
色悪
鳥目
名流
面輪
定温
石松
部落
易化
家業
貸店
講説
厚紙
張板
都銀
点心
強暴
貸切
院政
秋風
具象
仮面
末子
導管
札所
字形
産婦
悲母
前代
造機
洋楽
軍隊
気先
英知
箱庭
鼻木
弟子
貧寒
略図
風見
静脈
暗室
流氷
旧友
楽隊
後学
中入
悲願
新仏
名城
当家
石造
近習
赤身
精細
調度
週休
町家
白炭
演芸
残像
木通
植木
兵員
表方
秋物
女人
死水
助祭
心材
牛肉
火花
半身
書画
同士
公道
提要
山場
前身
情熱
絶技
辞表
中外
船型
布衣
中波
後口
上薬
戦記
会費
結線
公孫
官辺
夜景
分明
陽極
中耳
取付
陸海
番台
証書
声聞
武家
奈何
特製
府議
他念
桜色
水夫
打力
左上
毛根
真名
禁札
主計
物質
年代
山守
歌口
大師
負軍
組合
来季
大黄
苦竹
借受
朝日
単科
売色
才六
弁務
市場
水中
体長
本選
雪空
新店
苦情
郡部
合着
遊漁
燃費
再戦
観想
岩魚
格付
悪心
書目
入念
強健
山菜
字訓
情工
天心
打球
農業
刀心
図書
持薬
中指
人面
黄銅
不着
別状
導火
牛後
屋根
急信
品数
愛息
桜飯
書屋
風前
船路
春景
外観
古米
高徳
血圧
別表
式目
習字
庭訓
遊技
徳目
大金
横紙
本道
校則
法会
旧主
下辺
夜光
投手
前兆
半解
官立
反物
肥育
共役
外輪
相客
生湯
酸鼻
件名
軍旅
神灯
部長
先方
引歌
仏事
余財
実理
文法
肉類
式部
健全
丁場
王化
情婦
手性
意向
地産
全戸
古希
車道
開講
海松
営利
帯留
鹿子
多感
黒石
反例
公園
体技
飛魚
主務
電場
税目
細見
防共
画筆
清勝
示談
事業
台下
新田
細線
厚様
意想
商人
因明
全曲
漢才
検見
勝景
地名
仲合
太夫
厚司
未決
平話
校旗
書面
武功
名門
白頭
陸協
波頭
主脈
上質
語頭
細民
急電
赤銅
決勝
造本
失体
設題
仏具
麦飯
衣帯
野立
短評
現役
好字
人外
小昼
声価
情動
規準
言句
茶道
空港
結文
引金
歴象
実効
主君
半旗
新古
民法
故里
法人
石山
修辞
器物
政道
初回
全身
後先
路用
効目
仏堂
学芸
地織
軍命
空路
古人
詩文
他社
機転
得物
先負
切水
道着
挙国
雑事
水色
公費
国富
親木
指圧
重大
古昔
院外
木管
朝命
細工
親玉
弓取
衣魚
別使
現勢
期末
都民
身上
空気
主祭
平声
同案
高率
短調
図利
願主
大根
公差
浴後
洋品
厚地
品名
薬科
暗主
整式
主情
花祭
議題
条件
量子
実勢
月草
興業
満席
手妻
肉交
当期
提重
気転
芸当
死金
小首
旗雲
条理
火玉
布目
告文
銀山
寒空
悪法
原質
表情
法名
毛色
観音
病葉
後産
元正
原本
足熱
似非
主語
道行
元本
時空
具案
付人
内意
絵筆
社寺
波面
死罪
種物
童顔
博愛
電気
副書
父子
美声
栄光
火災
学事
王土
色紙
略服
夫君
中黒
中位
深手
銅山
法案
投節
実生
道服
官女
夜戦
賞品
月切
酒席
外側
貸主
単式
終着
初心
所感
団居
金欠
日直
圧政
真弓
泳者
目代
富者
支族
兄弟
自身
口伝
石神
家中
飛火
配所
遊糸
花守
志学
買得
校本
新版
平城
回心
列島
台数
結縄
賞金
精根
仏法
洋式
空谷
落日
親達
歌友
夜桜
表口
花屋
本給
色道
応分
和談
極楽
焼絵
用布
商標
港外
組重
属地
氷室
地温
言質
素人
月産
書院
茶代
労連
日常
部室
係員
情火
雑題
春風
病歴
野乗
衣料
陽画
水松
肉感
序列
初氷
効能
外面
方向
同上
書名
都合
大姉
場外
道交
矢種
手際
予行
後味
全島
大老
虫害
泣顔
道民
書体
下品
木工
線画
初孫
上表
手織
岩山
死際
好天
身長
通産
空中
公休
目薬
格式
出方
室外
小判
客員
犯罪
同族
銅賞
用材
眼下
自序
神事
年少
平米
特価
正金
戦機
陽春
独言
粉屋
前古
通例
内争
法橋
男帯
末孫
色弱
国防
土質
場席
同番
家職
気心
風習
清水
町営
識見
鳥居
記数
南洋
馬具
大作
複素
声音
貧打
同山
節婦
義兄
何人
水害
対数
雲路
勝星
伝統
古血
中古
死期
歌体
害虫
大口
海星
席入
立業
有精
徒名
損保
断熱
麦作
手序
未知
曲馬
薬酒
独歩
備品
書状
路辺
湯玉
左辺
法輪
配下
採光
両所
週間
生母
最速
年期
文意
町人
神祖
活力
色相
番長
復田
末日
必中
悪道
貨車
急流
金口
住居
原意
老少
漁火
半量
月毛
表作
広間
苦肉
休園
管状
小知
進取
願書
板前
墓標
天元
体格
店先
人世
勝算
上士
筆紙
高節
山家
冬場
衣食
適所
近刊
曲事
軍令
国状
急足
明太
親米
島山
新教
同館
語根
活仏
極月
重湯
心神
無敗
短夜
天神
各界
臣子
故人
両面
余力
野火
大政
要具
強者
流速
建売
後景
上官
戦績
青眼
後書
定数
文体
固目
有半
証歌
初産
要害
仮数
機業
案下
旧遊
右手
大路
終発
満期
宿罪
的屋
白書
友愛
勝敗
大葉
余罪
読物
暴雨
虫薬
新令
重税
直方
風月
古着
直参
悪様
差分
初役
書士
候鳥
中子
王家
害心
魚心
通有
先入
漢詩
国禁
本音
人文
回文
反立
氏子
長湯
単機
無線
心太
原語
引物
器機
肉親
管下
散楽
戦士
出格
本局
心火
悲酸
上品
古様
結願
天保
季題
真筆
曲芸
命婦
寺格
高話
法城
塩害
玉虫
故山
守宮
兵船
精神
士気
句法
漢字
先君
火矢
要地
気勢
輪中
面前
底魚
残夜
夜色
花実
増炭
写絵
受持
小勇
中高
似顔
具合
令妹
各国
打豆
老弱
余技
殺意
船荷
気合
心像
焼付
緑林
半白
新式
流体
国司
上世
勇武
鼻音
早期
多事
市勢
夜業
大逆
曲面
熱帯
文名
中農
質料
本文
門書
丸木
令弟
薬代
雨林
切子
日算
最短
旧任
素養
内外
大過
初物
前部
社報
海女
世路
花輪
馬印
億兆
体様
知人
医方
船上
根幹
赤熊
銀河
天王
玉歩
風物
雲形
車内
属国
費目
分会
岡持
原題
後人
家名
日永
用法
実費
間着
神橋
新説
金品
海路
弁口
民政
隊長
句点
名月
知行
楽園
熊手
同名
指数
人出
投首
店屋
人徳
名代
白衣
校規
住所
分秒
給金
大寒
求心
前方
貧民
文鳥
学才
城主
階級
県花
略歴
細目
原紙
紙切
田作
口内
米価
軍勢
支隊
玉案
部族
中有
同職
有能
正堂
使徒
親分
糸状
輪形
口中
情夫
両親
羽交
親族
白球
整数
等身
博聞
本則
色目
物情
明証
対極
民話
学徒
和戦
紙花
真先
白茶
天意
取口
労役
重罪
守成
険相
女医
老酒
豊年
老人
葉桜
和布
持場
有夫
前祝
春雪
別件
官能
水準
左目
地銀
単調
紙器
注油
薬学
式年
人参
節分
本数
昼夜
野犬
火水
正数
性格
気味
鼻柱
表札
列火
素案
風景
粉米
文典
報徳
付根
炭酸
残生
石版
特金
非人
通気
学童
決選
歴戦
先約
布団
国歌
地衣
学長
美点
平底
念頭
雑魚
用例
後代
曲調
気力
破線
印判
構内
度量
円形
仕打
年令
天真
風勢
民主
国訓
北東
図案
詩語
笑話
死物
花落
故知
正目
学卒
同数
大意
師家
公職
絵画
印象
楽曲
音速
面皮
新聞
消印
東遊
人足
拾屋
近因
新形
野選
大損
両船
仏土
下戸
初任
指命
定職
首長
血路
和銅
口頭
弱点
火打
両機
散米
米所
軽口
類書
最小
語末
市区
同位
切炭
正則
材質
政府
外洋
暴利
官記
原初
業病
謝金
評伝
回虫
素意
小玉
法統
漢土
矢庭
平板
洋画
水油
行平
商法
目的
単解
区立
平曲
命運
夏作
人員
満天
箱船
良工
白夜
大雪
深浅
文面
大義
入管
洋名
残高
付則
才物
極上
希世
松林
宿許
領民
命題
空電
近親
小梅
季語
素材
導体
仕法
立法
調子
真草
多目
美徳
官職
縄張
図様
正教
不仲
打順
法体
道産
牧人
時限
月例
急務
近海
同文
調歩
底土
最良
風花
当主
実姉
余所
美的
朝飯
神式
出合
水天
器量
減法
板本
会長
寒帯
屋体
名筆
達引
星空
季冬
白線
心持
同店
定宿
集題
出丸
勝因
助役
前門
中興
名品
要事
極官
用件
小男
油田
折助
目玉
復配
銀位
主力
毎会
雨声
北岸
作戦
大協
船旅
店構
香具
軽業
車線
造花
上体
同君
横議
兆候
古体
接点
古今
積木
教主
利便
冬山
副使
国父
語気
修身
馬術
利得
売出
当確
表具
容止
知事
編章
番所
合羽
高卒
元価
面子
真横
山形
職制
国土
汽笛
印紙
群小
便益
耳許
逆手
鳴子
身性
立役
人材
期限
好配
祖師
役得
労災
室温
栄典
白熊
練兵
当校
脈所
戸板
大福
生計
不等
場内
熱情
先番
水田
加数
旅費
任地
民放
手工
関守
食材
年刊
写真
昔話
事態
地気
清貧
次節
時事
陽子
法治
夕日
物上
目性
常敗
逆波
老農
代案
心木
大円
水足
営農
戸長
香合
無税
色覚
在野
車引
語感
飛車
制勝
後山
題目
秋作
養母
新院
文教
徒情
重責
秋季
氷雪
無上
金売
方略
女流
経費
名木
情調
新興
和楽
衛星
手植
祭場
海老
夕飯
仕形
和平
会員
雲量
中倉
立地
春日
事例
国字
分税
部内
交友
大罪
旗下
客室
極付
直門
常法
不時
無神
高下
夜学
悪報
名望
労組
学年
米塩
総勢
土星
税制
原付
勇気
印章
山番
持病
長計
旗頭
自伝
所書
空談
大山
機略
神像
白目
織女
谷口
貧農
同市
教会
空耳
上水
同高
浴衣
旧型
神代
禁漁
村政
伝助
未設
家屋
日用
確報
民業
新刊
太子
多幸
門口
両市
子羊
無筆
半音
空合
白糸
迷信
多血
両朝
可変
道場
無実
公証
路面
直衣
有情
同役
波布
牛車
肉体
生薬
文勢
副次
秋波
名標
定年
力投
雲海
民芸
死球
本金
園内
機根
夜船
書取
置引
技工
図絵
能筆
内局
当館
神官
義眼
記聞
評言
上様
古制
平麦
月別
名刀
因子
海兵
海防
男女
全便
聞酒
悪政
題画
小面
両道
国教
本箱
炭取
桜紙
横形
通箱
財貨
鳥類
刷物
緑門
選良
総連
末世
天主
台所
炭質
大足
用後
広原
週報
天外
予科
半玉
外向
画業
無性
白話
半価
空軍
年季
羽織
水物
群竹
洋館
香気
本職
長所
役牛
銀子
打首
兄子
近東
馬面
円貨
買気
音波
弱体
地合
調書
楽想
演目
生肉
寒心
祭司
記章
矢束
両省
松明
犯則
新風
仲居
神色
両年
円上
童部
海水
名子
歴程
山人
大死
当機
直近
身命
本意
根毛
男前
遊女
元肥
王代
護身
麦粉
利手
灯台
義心
通事
電材
政争
実字
戦災
主教
日輪
熱量
末弟
赤本
手順
石女
船標
適評
欠本
多売
商科
鉱石
美風
思想
政略
連声
無機
徳用
調音
木製
史官
引戸
徒歩
魚群
国元
公役
航続
海岸
新酒
兄妹
快挙
和船
世評
緑風
教理
洋学
外因
内法
書林
体面
好事
下草
空巣
古巣
業種
各賞
公方
重箱
焼印
史伝
力学
主筆
句風
広博
商学
真皮
行文
起死
社団
芸風
標目
国持
家信
人気
極意
自説
灯用
敗勢
手飼
鉱害
政官
海草
金気
正副
同級
真意
張手
犬歯
列伝
単級
広場
手事
道統
生命
古伝
素足
例題
部分
河船
先生
火星
空冷
全期
本家
林野
売薬
王事
事相
代金
早場
左足
属島
学校
主薬
科学
後編
季春
票数
小川
地方
雨期
引分
寺号
清栄
後備
花序
余徳
魚体
箱師
内聞
親交
西陽
昨季
農村
酒手
原告
学科
野心
積年
相国
無人
欠目
動画
相性
徳望
不服
道話
係数
先人
平織
緑色
満車
船守
火祭
内情
観桜
校門
客地
事後
寺領
西土
東部
石室
左証
古里
丁年
外道
体勢
文相
応力
外聞
草書
市民
評注
油絵
石材
標柱
属領
市費
使臣
洋弓
親水
音節
断橋
鼻面
風力
可動
下屋
交声
上屋
旧臣
花車
肥料
光参
落陽
証票
周期
旧道
矢場
便意
焼山
序言
位地
実家
法門
総記
小中
周囲
医書
地元
欠員
課業
漢語
前庭
席料
受取
真向
図上
内妻
底力
小器
大乗
武技
車列
遠景
同類
正賞
産声
西部
中置
大通
代人
好守
鏡石
可逆
合札
社業
上皮
名山
同義
青果
発句
枝葉
基板
礼電
係長
素焼
行路
灯心
落人
小学
副題
厚生
高角
返電
市上
芸文
小包
年賀
金銅
政務
仲立
市内
船級
馬手
外耳
半期
焼経
水筆
編隊
類題
多角
縄付
田畑
外事
農林
能才
司教
前日
全紙
秋空
洋食
政変
気象
字句
洋本
主位
兵略
小声
焼飯
年次
木皮
光陽
号旗
本物
健筆
電報
中団
在所
旅情
米作
屋台
仏文
感熱
多才
水気
等式
神楽
農務
毛糸
商運
所帯
空事
強情
右近
無職
入日
本属
功過
無益
役員
場景
総代
個性
男手
用度
金管
乗法
外紙
妻子
南岸
左側
徳利
常習
置土
軍港
青田
利札
絵所
国史
門主
性質
客気
軍紀
土筆
桜貝
福助
門柱
光来
駅弁
近景
現業
仏心
品質
新品
本社
薬毒
水流
教徒
同母
取高
黄精
馬方
円転
容子
無品
顔色
複式
面差
炭団
差毛
大皿
寒気
生糸
印伝
色感
気息
送辞
束帯
酒気
男根
節度
風上
非番
取的
画板
外気
常客
回天
暴動
夜目
講社
寒行
秋月
急場
女工
組下
上目
部活
特修
国主
冷温
文色
小付
上流
大関
原則
素式
家君
無手
回状
市会
定則
修法
現任
昔年
入物
悪童
塩基
上着
赤軍
空白
遠流
率然
数行
明星
群島
旧名
通期
本題
字書
夕立
全編
麦芽
女神
当流
旅衣
逆説
船場
格率
後作
公安
禁教
官設
天成
地理
貸元
天堂
海港
要用
医務
人前
雑種
落首
高札
打綿
勢力
内国
有毒
首位
田夫
州法
西方
上司
点前
野道
上意
証取
数式
都市
特命
当事
長編
山岸
好意
破局
差前
児女
焼畑
香魚
静夜
村役
職工
石庭
手羽
地底
光年
総理
工学
宿六
家訓
梅雨
徒口
苦味
容態
庭園
角柱
近火
貧鉱
作男
倍角
家作
部下
遠火
厚底
何頭
時勢
教場
金鉱
竹馬
同書
湯葉
末筆
過大
地所
赤口
漁具
出様
平時
大木
夜店
実利
茶店
親元
適格
水球
不評
立話
楽市
寒波
水兵
院議
知能
耳元
新春
鉄製
風雪
小童
人臣
個物
山男
名取
有様
主家
仕手
寒天
間然
未聞
市有
差料
家風
主事
老台
各省
会堂
読手
外圧
女体
鼻先
画才
弁士
元始
速効
限度
支流
親方
老女
茶所
反間
豆板
法規
本山
順逆
禁輸
原人
情交
作土
死相
母性
球体
動体
鉄火
非道
心音
春情
用足
心土
次代
願事
徒飯
地引
山子
和親
歴世
大業
肉色
門札
口許
土足
賞状
天気
芸大
生体
冷暗
文型
売声
上位
沖積
番人
列石
精巣
新前
自国
酒肉
館主
長短
早春
国体
冬物
同病
直列
花月
晴間
宮室
初速
画意
花粉
男持
細雪
布子
兵書
電子
眼科
必然
不漁
貯炭
原名
春陽
粉雪
行場
内圧
生首
社務
官栄
読史
病犬
外線
活眼
残香
楽団
小女
和紙
反感
雨具
花道
所由
養分
土人
画室
名号
航法
上白
産所
銀粉
有向
行書
似合
外貨
黒田
来世
月限
外法
間貸
西紀
熱型
祖父
集客
同人
益友
達意
色素
土間
起点
兵事
過客
心得
原点
後者
連曲
南北
効率
居室
成体
願人
天象
中手
事件
反動
目許
全作
英断
平民
下火
玉石
道内
天朝
糸車
塩酸
内科
有価
角形
要人
在家
開運
節句
店子
大祭
別間
都会
公設
音頭
構図
教科
略体
地面
血統
光学
実直
変種
悪血
席題
特産
西人
文身
洋種
王位
無風
本状
美境
街角
形勝
後任
前妻
無位
局部
図画
他人
矢車
衣服
畑作
湯水
気運
兵力
黒焼
目標
戦役
頭金
大仏
産米
聞所
売笑
両町
横型
業界
主題
版本
語学
方眼
下職
麦茶
貸本
文才
空家
気根
産地
所出
拾物
日報
神国
神助
機屋
記号
支社
下帯
古典
不正
法話
寄手
構文
判子
茶飯
人物
決河
本屋
山犬
気分
円価
入夫
試筆
下級
表意
草木
都議
祝辞
極所
富商
思春
寄木
仲店
伝書
体積
温容
羊水
無印
男役
足元
試料
才知
悲喜
野花
後夜
前約
財経
文理
組子
頭数
編者
総高
近臣
和議
救民
生保
矢声
近古
禁園
新参
無言
賀意
共和
分身
部課
産道
産科
連木
主文
常打
大知
息女
人海
神州
子鹿
貸費
頭皮
際物
国情
幹竹
常緑
写字
早馬
丁字
魚油
石油
要理
高低
洋銀
極大
街路
豆油
人定
旧居
上聞
家長
消暑
深部
歴代
牧牛
石印
天然
先住
定期
版下
所司
格外
里程
年金
体力
管見
反歩
目録
新刀
法弟
特色
遊士
知識
領水
小寒
知性
略章
元職
種板
前作
公課
暗証
大水
任意
遊山
厚手
和毛
切張
宿舎
政情
転作
副手
楽器
秒速
物体
父君
官金
両性
応札
留別
円心
実学
温熱
国家
島根
無官
修女
演題
低圧
内高
手塩
軍学
星図
太白
作事
両辺
家産
初戦
高利
永遠
測線
動議
詩編
愛鳥
庭先
往昔
折戸
立米
小型
早番
和訓
夕景
点線
列国
気風
手数
産額
祭具
治下
手練
別条
業容
多士
多望
春色
包有
測光
終電
火急
見方
右岸
形体
公立
護岸
手械
素首
保水
飛型
省議
業苦
本流
南倉
小町
官業
政見
気流
新車
水月
巣引
居合
多能
通念
連歌
全判
実歴
順列
単語
各局
形声
住戸
黄水
神職
政戦
画素
焼石
発話
前半
軍機
河童
内容
言下
井目
北門
生気
義民
術数
実事
県営
絶後
秋桜
所産
日課
老木
責苦
意義
受身
大命
大器
業師
女官
小言
特質
耳金
小父
明笛
失地
師道
寄目
小店
所労
遠来
真価
気持
句読
保父
満作
心力
飯米
木材
英才
級友
悪戦
団交
近情
青年
極少
村会
高温
老害
悪質
活路
追号
長官
名勝
病体
全学
無配
家借
員数
事大
年頭
帯側
雨水
都心
光圧
悪寒
有理
迷夢
返信
無向
武芸
印画
家路
無住
通弁
本身
貧土
軍団
自助
利付
本案
連句
合間
大度
耕土
両方
下心
好日
得用
灯船
総意
金時
人頭
出目
手首
雨季
毛見
知徳
中業
暗黒
鉄鉱
東口
線路
終身
実包
行状
黒熊
良品
公準
文月
武道
同国
物件
指輪
丁子
公館
公正
技研
迷児
定府
空夢
均整
兵法
河鹿
自費
工芸
画帳
序品
別口
色街
通則
利目
特例
夢現
素質
接辞
原形
白焼
雪国
本戦
谷地
弱志
葉状
文科
信金
合力
父上
雑観
木目
径行
養子
家父
積雪
木型
相宿
愛書
船側
野茨
不断
利益
書中
雲足
古城
法語
教職
医師
現金
灯油
悪声
積立
球技
返歌
大空
敗残
水着
主観
活弁
戦果
小夜
天物
切畑
特区
歯形
詩体
講述
大和
曲想
何者
雑音
日向
大事
後足
検使
差油
素志
集名
学内
勝者
電器
名演
女犯
金仏
所内
接台
金高
勝率
順流
村童
賛意
夜曲
神徳
名義
低音
正月
小使
土物
液状
関所
大学
類本
茶柱
武具
急性
下面
試練
取水
門外
保身
適役
農芸
水素
血行
風神
法灯
科料
中流
他校
特長
米材
愛社
最上
黄鳥
最深
人橋
玉音
船体
名言
冬作
金子
雑言
学術
半角
戦局
体毛
時効
正価
知命
各区
産毛
回船
実員
利発
日限
頭上
苦寒
走路
産気
下略
色気
能弁
士人
体制
各相
白太
住民
禁衛
軍票
身元
雨風
管外
天体
雨雲
居中
細石
断編
水芸
世知
適切
多額
仮死
行賞
荷作
外来
半月
局員
常温
性情
水軍
神階
成敗
初夢
海道
好悪
年央
会意
石工
両側
年間
病苦
電光
化身
女坂
天運
湖岸
手持
子方
始点
切戸
連言
時文
山刀
地顔
馬番
給料
損料
像法
空戦
同好
反別
主席
理性
食堂
細面
筆耕
官員
逆光
末書
上製
予算
車台
投句
輪留
点者
耳輪
木仏
領主
益金
意表
乗手
里心
不覚
印材
学士
人相
過度
後宮
飲屋
先登
迷子
宿主
公武
願文
辞書
水平
小児
境地
年報
行手
茶園
戦前
手打
心底
領内
主任
前菜
医局
土用
料足
大島
不和
初犯
人手
欠番
周波
高波
登高
初代
起毛
手刷
筆箱
米兵
品物
細君
水引
羽目
未配
区内
連投
法服
文題
相識
断筆
分脈
成句
門火
知略
武臣
赤子
同志
本末
軽快
滋味
山際
特立
番犬
居職
酒税
漢音
風船
春期
竹工
死花
暴政
近作
氏族
火柱
現場
食塩
円型
元祖
歌声
仏師
白米
教程
面積
遠心
中期
酸性
行学
金魚
大軍
大農
電波
各車
自照
理外
居間
番屋
長虫
木戸
余命
水脈
法文
外部
年号
永代
美顔
香車
数字
心性
地変
圧雪
立秋
出水
生国
同友
断金
深長
芸談
自主
同前
足場
他殺
深間
各氏
原皮
厚顔
朝議
職長
筆太
分室
講中
開村
仕草
欠字
管領
書類
体外
地酒
村議
功労
国事
原料
得手
富農
横町
町医
主面
小目
流量
朝間
守勢
学級
細字
史乗
回流
神意
課内
仏身
洋上
王命
真空
義士
公益
器用
少食
商都
字典
毎戸
重水
間男
究極
適量
酸類
来信
半額
博打
曜日
老親
春雨
同社
経連
総会
用益
司法
麦秋
先覚
土石
競買
法談
荷造
日出
学費
夜祭
橋板
事変
母体
夜道
出物
野辺
行灯
集団
引力
子役
仲間
文様
式日
楽焼
外伝
限界
軍旗
氷山
女物
罪過
冷機
不老
星団
肉入
生地
酒家
金粉
税率
母物
電信
情義
雑技
真情
城市
快弁
所用
本心
前略
人数
道化
風説
例話
住人
財物
士長
山下
中許
立引
速足
松山
道草
作家
長月
店頭
単元
星宿
正味
経年
老病
高所
集落
敗軍
昨報
芸子
破船
春作
大典
有性
禁城
所在
王制
版制
全館
編木
竹光
夏季
紙帳
勝機
所化
目張
史詩
川岸
魚粉
正客
複眼
道具
織元
豆類
導因
初学
美談
肉声
赤札
小刀
出足
宿駅
外角
神風
詩経
近在
気球
天災
北辺
都政
先手
天使
毒味
歌話
本立
病室
鉱毒
悪役
間色
土管
功罪
早便
真黒
飲物
機械
有徳
宿命
造言
良質
夜鳥
時速
公達
満額
母衣
話題
両行
付句
新法
油屋
多元
隊舎
居館
古流
良夜
切口
名馬
悪手
油分
言笑
真冬
向寒
人魚
高菜
完本
行人
打数
白人
屋号
名所
神宮
実地
対流
転帰
月輪
質種
会席
和名
木芽
洋服
年月
場数
手口
時務
図面
行内
教頭
勢車
両輪
祖先
天助
息災
鉱脈
利点
受書
新人
大漁
他紙
英資
帯状
糸引
良性
板材
漁場
多重
夜顔
紙価
不安
格調
古顔
口書
不要
聞書
才筆
議員
馬力
雲居
散票
付火
黄白
線条
名家
耳鼻
順風
楽所
手技
産屋
保税
士分
開府
規約
内輪
校庭
適薬
当代
図式
価格
人山
温室
用語
社則
校章
組立
借主
打水
牧神
名車
章句
洋刀
来客
人柱
電界
不満
極太
回教
飼鳥
産着
重厚
真義
読者
全備
板場
右足
力量
手札
歩数
直宮
市中
門衛
気候
画風
部材
画一
生血
急談
空木
間引
牧羊
神主
悪人
大陸
今上
車代
手鏡
血合
全席
重態
変格
詩草
逆境
別命
制度
付文
持説
内燃
天馬
歴朝
字義
温順
素因
年配
初伝
宿世
綿雪
長旅
公社
製茶
未草
陸上
打粉
宿意
非役
余勢
世心
地番
徒士
大計
官費
季夏
進境
話術
真水
最新
緑土
汽船
新薬
綿花
定例
近日
開口
田虫
陸士
水上
原鉱
夫人
益鳥
非望
大半
最大
出口
講談
語種
洋紙
利他
早計
空茶
解法
史家
前任
茶番
夕陽
長石
法眼
客分
産直
相銀
光風
初春
読会
薬害
公司
別刷
数次
新付
草肥
特番
季節
村方
伝令
定食
客車
体温
葉風
当住
地形
領国
校長
新型
小照
仲人
漢和
造庭
読人
中味
両県
題言
包皮
所外
親愛
親日
貝柱
幹線
雑税
妻君
線上
画家
経糸
低空
遠因
大麦
朝野
記文
家人
往者
基金
死中
市協
同紙
意字
地力
神政
長者
銀紙
検校
民度
順良
用務
所行
社日
産制
法力
熱気
農協
全課
空名
時服
漁協
残火
深海
広口
実正
民兵
和牛
法理
教区
宮司
眼力
小歌
定常
飛札
救世
能面
長音
布引
人税
食肉
神体
母音
絶島
研屋
外科
産年
名人
主因
名数
上絵
便数
小額
農家
事前
青史
各県
前官
禁物
湖水
目地
中形
富札
格下
米食
冬着
夏期
国軍
引起
筆名
月内
貝類
無法
水位
自席
軽四
多肉
古兵
衣類
本分
際限
財界
罪名
容体
用便
不用
法制
毒水
無勢
仮宮
形勢
銅像
部会
右文
軍転
同様
学際
居然
不二
電灯
小委
白酒
薬湯
副読
反橋
理学
似指
有料
町会
弓馬
節季
容器
下枝
不一
茶屋
時雨
結語
木本
長女
福音
画数
技官
行道
黒松
公国
弱火
田楽
炭火
真面
連理
同種
元素
長流
戦力
性能
水圧
半球
両国
初日
無才
名水
候文
軍談
満願
要港
上底
天際
今期
戦線
草画
路頭
無数
液体
式事
高風
謝状
数寄
中年
構造
対案
士道
清規
果肉
分量
英字
音量
神品
大願
木口
肉太
多国
余録
丸本
河口
温石
天測
区会
日歩
示度
定木
悲歌
光明
丸太
冷飯
金札
同罪
書式
角材
余地
町内
工夫
試航
童心
国会
短見
政治
親書
桜湯
多岐
伝説
音便
男子
小節
風位
情状
早出
海牛
経国
船便
神業
労力
直球
主知
単流
旧家
景色
徒労
達人
物持
強火
反古
消夏
楽音
黒点
師資
内規
酒徒
気性
新編
農学
静態
役付
格子
入声
楽員
場末
席末
郡代
倉卒
天子
豊丸
能率
毒矢
原詩
空母
居候
浅緑
側板
天才
暴漢
灯火
工務
臣下
音色
救貧
語族
校区
上級
得業
同島
無水
白金
評者
終末
総額
新味
早昼
仕置
電導
図表
要録
在来
教養
官省
根方
天眼
戦友
官等
正常
持物
乗組
可算
効力
客来
後衛
秋雨
手箱
新選
全科
人名
度数
当会
別法
社内
日次
上古
検番
下限
経歴
口調
荷台
母子
整容
小農
動態
新種
宿願
低利
屋舎
朝会
夕食
労音
法界
適期
習作
松原
湯気
利口
方体
人家
風向
内務
木刀
牛舎
導師
同者
毛皮
輪差
図工
深切
春秋
変事
各日
風雲
焼売
金円
技芸
社命
下線
湖面
切地
小引
好古
戦費
世人
下方
未見
職印
海綿
村人
村営
両様
管区
所業
早版
草市
本元
合財
健常
売手
畑地
社費
水先
南画
空間
学徳
反切
仲兄
笑声
外野
右筆
技士
初給
競馬
池心
性根
製薬
義姉
典例
前章
原型
総省
金言
最終
遠矢
算術
軍役
弓張
選者
土色
半切
学識
新地
木魚
初声
校倉
守則
反旗
名作
現神
神道
不治
口答
手足
川面
真綿
究理
原動
利生
護国
人君
公庫
質素
実数
国旗
芸者
教法
神領
平静
科技
仕立
晴雨
本代
公家
地図
統辞
口茶
老身
理法
燃油
実録
雨空
便衣
王政
支線
印綿
小金
芸名
心祝
進運
手水
短観
村社
達識
面長
徒食
都下
切線
求肥
老健
飛地
作例
階下
火種
梅林
女院
紙魚
香道
毒草
口証
経伝
液便
客数
女童
平素
法科
競輪
順位
母方
後指
大工
前金
有意
天文
山中
母親
日長
美身
粉薬
明器
器楽
最低
山川
記事
歯石
枝豆
田園
音素
空席
前山
食品
語義
年功
例文
礼典
表構
船頭
風情
綿油
最後
在民
薬液
有志
小作
少雨
名字
悪名
民情
次元
貧弱
語物
薬品
買手
類句
雲表
肉質
医家
黒雲
話語
県民
鳴物
黒炭
正直
高台
貨物
細流
清適
資材
風紀
身中
共助
月間
電車
生物
真勇
唱歌
白星
詩集
競市
個条
末流
極書
筆順
大身
点火
語序
花街
戦意
前輪
英明
口辺
身形
図法
手負
外山
産政
気圧
墓場
品等
用品
製糸
険悪
隊形
新橋
祭事
国内
申楽
大味
混声
地色
時給
天日
新芽
罪業
町民
国守
多妻
油井
高足
土製
受章
中秋
出師
水虫
各部
生年
手提
和歌
非職
逆心
世上
望遠
当今
原種
行来
貧小
仏教
博引
城頭
正課
馬屋
筆頭
雪間
天下
兵長
落丁
向性
球面
浅海
父親
別業
半休
物量
逆運
逆徒
財用
毒婦
紀元
部屋
題字
高額
鉱水
卒然
救急
仏界
世代
細雨
焼場
底本
新規
天火
機会
各所
体側
出歯
変数
用木
体言
回線
生業
算式
船医
眼識
色調
語部
軍書
教室
主点
日中
上空
前回
楽界
老父
集魚
美男
父性
大鳥
徒話
文武
学生
年歯
総画
令兄
精良
切身
気書
局番
鉄分
林地
伝家
大兵
通性
荷重
武略
遊客
羽虫
相思
売立
進度
成算
先便
放課
大王
景気
可分
親身
目元
民宿
取次
海上
満面
目見
防食
食用
無明
総角
両個
具体
関門
着発
最悪
大任
光熱
主食
現身
教師
年商
行年
病者
水鳥
学風
綿服
和風
要職
管長
関数
主人
本義
酒客
永日
残額
後図
件数
作間
線型
炭鉱
同委
世界
編戸
差薬
童画
本寺
軍配
別辞
逆数
春節
関心
直前
陽解
判例
週刊
鼻水
物税
有産
義兵
病毒
局面
序章
勇足
極細
官話
石英
品目
議場
上席
王者
白石
商用
石火
時分
太守
順序
糸価
結石
水銀
名香
半数
側石
行力
面持
後便
仲仕
同相
商社
魚類
北方
故旧
精確
詩家
無想
薬味
白菜
西南
役者
間際
用字
職種
冷茶
客席
幸運
細作
散史
静水
略表
矢面
市営
麦酒
中温
大京
君側
食物
家母
野面
鼻血
念書
色里
好調
特種
旅先
単勝
原価
群議
原板
紀伝
職労
足許
同心
遊里
品番
両氏
約数
重席
福徳
雪線
切売
台形
船倉
飛鳥
標識
本節
用兵
岩塩
殺人
高木
残金
家元
先考
月給
規格
川原
等外
農園
温故
入口
広野
資本
不出
暗中
全区
小麦
現世
利率
小量
公魚
真上
福豆
船長
美感
風光
人界
細管
上家
業火
反軍
軽便
自社
戦型
口気
統語
法益
文運
雨天
野牛
径路
冷害
組糸
国勢
信管
童話
王室
末席
禁色
次号
機体
用言
京成
定番
水防
散薬
列世
原頭
小官
軽量
外周
手業
余色
好球
同列
古鉄
当身
各階
直心
税務
戦国
金側
総門
司書
夜中
相輪
悪病
額面
夕刊
校訓
編目
世子
新婦
類例
可燃
整然
羽毛
半面
戦法
雨夜
道路
家法
前提
頭部
序説
人望
海風
準則
子弟
神社
仮親
自火
職責
参事
長手
光速
雑用
衛士
号笛
不言
気団
薬店
芸事
金目
品位
国造
持味
仮借
有形
上布
中小
有配
中庭
公使
都営
表芸
単身
苦海
単物
伝馬
内地
新家
売文
海内
軍制
力足
冬型
底豆
肉情
内因
皮下
底意
明週
風波
少女
応変
実定
眼路
角力
和国
草体
外国
聞方
雪山
両君
原木
悪評
合性
義父
版木
手元
時点
禁句
形代
路上
階上
先祖
高大
歩武
分母
天国
平作
同所
防熱
部首
木耳
節用
美景
風雨
下記
口火
古都
証左
血道
神人
落書
仏間
基根
府立
水柱
在地
校医
悪風
別人
役場
本業
岩木
時評
方面
油菜
外孫
古詩
前面
雪氷
牛頭
限月
民事
直路
無電
資格
軽質
先物
絶世
戦史
通語
両生
支局
初切
市議
型式
政商
新月
増勢
親指
省油
香物
経学
平文
初空
見様
成虫
短文
歴然
名物
水練
雨気
大目
続編
政体
好望
同筆
草堂
令姉
法定
本丸
札差
半目
王佐
条例
陸軍
院生
社人
区営
守衛
前週
大国
道義
等価
門地
発破
浴場
判官
大礼
赤旗
沖天
内室
章節
自筆
死本
牛女
毛管
帳元
単形
長男
手風
増分
実妹
文政
中原
規則
文辞
写本
王朝
肉細
正義
人屋
前夫
機上
上角
倉荷
中老
問屋
昼飯
理工
角番
罪状
過当
適地
色絵
梅酒
売品
女気
白波
原発
新税
山坂
不急
祭器
祭服
料飲
門標
小隊
矢倉
大弓
岡引
勝差
深度
馬場
海原
年初
庭石
下部
連名
同形
流説
虫歯
横根
太山
原物
灯下
経路
勝目
多面
鉄則
白鳥
声門
素引
絶好
仏徒
学界
悪事
海神
宮人
非才
別室
両手
親心
手許
明知
商業
水量
社長
回報
治績
差合
月額
句会
兵舎
平目
語幹
平家
失語
曲学
品行
白水
軍用
産児
米紙
軍師
夏場
複流
刊本
毛虫
東側
人造
道順
照度
校生
慣例
重力
別伝
牧歌
地点
無精
旧記
支柱
血肉
遊芸
機先
要義
知的
玉糸
初発
絶勝
仕丁
社格
留置
題名
極光
急戦
精美
単価
平水
初午
鉄工
散文
流木
建徳
日数
舎弟
外典
受皿
証本
領海
職方
冬木
船隊
安価
目上
商機
坂道
大字
取分
朝刊
下役
実竹
近信
水線
荷主
表編
総評
光画
速筆
中学
基数
毒虫
面容
資産
事情
礼節
野菜
血刀
皮帯
糸織
願力
少年
学説
回米
大門
数理
料率
黒板
各戸
大本
深雪
農政
強度
売女
山鳥
家居
富有
古手
人妻
工法
質量
有無
数件
雪害
童体
多選
行者
悪妻
持番
末文
急所
念力
話法
財形
場所
木綿
薬物
比率
常務
故買
漢意
山雨
水深
順路
戦列
漢学
書庫
男色
博識
月次
産油
国原
電話
山車
本宮
雲助
生家
詩話
両者
夜間
花火
眼鏡
室長
居城
養魚
油然
度合
親電
理路
雑人
番茶
曲技
根底
色事
取手
不幸
全書
物資
門戸
昼顔
仲夏
車速
井然
民族
暗雲
農道
人間
舎利
点字
立国
球根
相役
通説
本格
短詩
牧草
安宿
文言
行実
州民
外電
正出
山内
遠祖
学都
経世
医界
量感
板紙
山元
当地
福利
死因
原版
姉達
小松
陸続
羽風
未申
不念
笑止
院号
下地
旧都
富家
投力
好手
保母
家学
節点
大海
材料
洋算
朝夕
水力
山側
無休
正本
職能
焼物
国本
正真
編物
器官
暴悪
下風
絶唱
洋風
月利
野良
神童
現実
仏者
未着
要図
旗色
船台
親筆
報命
通路
詩句
色男
母堂
官制
自暴
綿布
所以
板張
笑顔
院主
所定
夏山
等角
勝気
管内
画質
地上
白丁
世事
書家
花信
心室
功名
土器
発意
準急
美辞
野天
農法
青書
付合
国保
課題
白面
楽日
湯量
銀天
適者
序詩
新進
有効
理念
題号
例式
週番
風車
手製
根雪
海流
内角
草案
首輪
悪業
成員
土橋
深山
主夫
同行
半間
定石
極小
年限
布製
貧道
余話
女史
無代
生水
県勢
欠格
建水
魚田
力士
身分
高張
両全
築山
時人
初老
空目
無血
他行
有数
基調
断雲
女竹
空力
黒星
手金
分限
師伝
指先
農工
火付
機種
童詩
良計
心事
案件
人形
非行
赤字
法則
達文
特級
国立
会報
寺務
自発
上部
草屋
宮守
秋口
欠点
種族
対象
船主
弱音
流星
語草
急調
雑兵
有人
城代
乗場
新内
界標
応報
科目
眼福
真言
本国
大白
芸道
入歯
太陽
武士
酒精
競歩
平打
光景
縄文
小説
独活
土手
悪運
別所
右左
寒路
支所
高原
動向
動静
文物
法主
内湯
海馬
人民
才色
謝礼
刀自
夜軍
身許
体型
教父
法器
国歩
炭焼
立番
光量
区長
朝臣
定法
数回
人格
北部
益虫
真心
東経
感状
球界
肉芽
遊星
外用
上番
相等
金員
赤松
史観
書生
旧版
前生
塩類
慣行
分校
等親
個別
現物
全馬
救国
末代
人情
地球
遠浅
顔料
祝酒
小路
取消
早縄
未然
速度
定本
野人
余生
布地
個人
計時
弱竹
上前
町方
手玉
関節
買取
相生
無形
単願
羊歯
上枝
道火
理事
成鳥
地代
対岸
流感
水子
心理
政教
国手
同地
細型
水薬
国王
序文
打荷
死命
隊商
水鏡
連綿
両刀
感官
会式
冷雨
半島
下学
海図
山号
草本
生音
堂舎
読後
適性
好個
開題
水産
少子
寒風
禁令
所思
黒竹
旧識
文学
石柱
客土
美質
略語
内心
局内
新駅
水団
合判
画師
札止
本薬
出前
法要
冬草
養親
当局
知勇
文庫
国老
悪態
形相
電算
肉界
快音
町歩
老兄
海月
人士
出場
正字
通禁
大会
路側
別紙
部費
当字
仏語
客演
井戸
心願
主格
険路
医科
風水
等差
任国
薬価
筆力
館内
古史
望外
外灯
産室
副業
水性
浅見
木像
領空
古風
口絵
人脈
空前
戦火
重臣
風色
落果
血脈
転義
前非
平安
志士
織物
前列
法貨
漁灯
本営
成案
英語
初動
仮象
種馬
全額
生者
悪例
数物
外語
助字
自体
頭目
足下
門前
元種
正風
大人
便所
素地
紀州
医薬
禁則
大洋
福耳
茶席
小雨
生徒
満票
各種
立夏
天資
器材
引合
単文
大所
湖心
東宮
名産
地目
口合
必死
右角
死活
因数
表高
知見
春宮
西日
小米
予兆
音楽
金脈
校紀
去秋
庭口
本編
薬方
星祭
要式
次子
課長
来書
本田
太字
鉱夫
王子
小弟
祝着
小水
続投
物音
深厚
実景
祭典
総則
受動
非力
帳付
下期
養父
居士
船具
暗線
丸材
旅団
飼主
上限
太織
正格
形質
勇名
馬子
感量
機運
車止
近眼
子規
商号
通帳
題辞
屋形
久遠
死出
全力
高遠
目先
木星
長足
浅黄
国力
写実
木地
正文
口説
青梅
家族
中産
帰巣
音訓
前月
町長
水運
富力
温顔
商港
功徳
間判
負戦
市外
利高
内野
勇魚
山桜
全面
実説
種類
女給
保健
群像
年会
社頭
物理
貧相
原由
実年
無給
童子
行事
業者
折目
喜色
治山
当方
銀糸
手帳
鼻歌
重体
直線
赤金
単複
聞達
初球
弓矢
年表
母語
快事
暴君
本務
信義
人事
軍手
電鉄
天引
道念
近流
平首
夕空
名親
特車
平然
草根
待肥
組物
武力
茶庭
見神
治産
先兵
典型
旧師
石器
無主
大賀
混一
国語
美事
外政
席次
当店
鉄器
知合
赤門
全数
高位
同院
本朝
美挙
外力
交情
国税
逆夢
声名
差歯
油状
番組
時制
実績
反共
終章
良薬
根因
外様
雑務
王女
清風
結社
心学
名医
用紙
仏学
険要
新生
転石
史的
不利
切実
完全
意外
心的
高等
間遠
真率
円満
物的
雑多
馬鹿
便利
伝法
横風
未定
確実
平明
人的
口早
無学
有益
口軽
性的
非常
生直
足速
無茶
清新
素的
高潔
有利
明解
順調
強固
見高
有力
足早
完成
高名
気軽
必要
病的
全的
低級
高度
積極
重要
気短
小体
横着
強引
容易
量的
失礼
反対
健在
法外
不良
大童
感心
可読
独立
速急
内気
不明
判明
平行
美味
広大
法的
多大
安易
有名
身重
低調
不毛
整美
安定
公的
健気
気長
安心
内福
親切
独自
詩的
無効
安気
無残
幸福
情強
明快
不能
可能
長大
確定
明確
細心
元気
平和
生新
真当
気楽
短目
性急
満足
率直
適当
素直
口速
自在
病弱
低率
少量
因業
豊富
必定
見事
手軽
独特
有用
大切
心外
無情
高級
間近
独得
不束
有害
共通
無力
相応
身軽
学的
安全
強気
質的
主要
静的
同然
強的
手短
目深
明白
動的
軽易
無心
夢中
正大
順当
安直
適度
目茶
外的
強大
無口
的確
肉的
真直
放題
良好
大量
身近
限定
口重
有望
真昼
全部
平日
深夜
時間
道中
毎秋
終夜
死後
来春
毎朝
昔時
明日
明方
挙句
来月
過日
半分
今春
土曜
春先
目今
場合
本日
夜前
元朝
以後
両度
産後
今回
時下
昨秋
来週
早朝
満目
平生
午後
夜半
今季
昨夏
来年
全体
時期
大数
行先
末葉
当世
直後
客月
昨春
水曜
木曜
席上
近年
今次
後半
本年
初年
昨冬
次第
太古
毎次
事実
真際
年末
明年
戦後
客年
安息
大挙
前後
去春
半季
近来
去年
長年
後月
今夏
他日
他年
他面
先夜
今年
当年
昨今
同夜
金曜
昨月
朝方
術後
少時
大略
昼前
客冬
昼間
火曜
最期
今朝
数等
昼中
当時
永年
直接
日毎
夜来
毎時
今時
当夜
初頭
毎食
昨年
時余
毎年
以前
昨日
毎秒
毎月
毎期
以上
夕方
前夜
平年
方今
復路
当節
早秋
今月
今夕
夜分
夜毎
寒中
同期
本初
昨夕
満都
居常
今冬
帰路
白昼
常時
半年
倍量
月末
先年
先月
後来
毎回
午前
毎日
同年
終年
先日
当初
毎夕
独力
半時
半夜
昨週
先程
後日
全日
当月
日曜
前年
多年
例日
後年
後世
休日
多数
日夜
未明
月曜
毎週
同月
週末
満場
余日
先度
現在
各員
城内
病後
昨夜
過去
毎度
真個
以往
陸路
元三
近時
昨朝
旧年
結局
各自
新年
初度
今度
正午
生前
旧時
去月
今秋
毎号
毎夜
来秋
先週
当季
大昔
同日
最近
連日
初冬
半道
雨下
旧冬
当日
今週
当面
終世
冬期
長日
月央
今日
今夜
印加
水書
大破
検案
絶家
深化
演説
直送
領有
初演
興起
増兵
外遊
再検
確言
道破
間食
開示
評定
予言
自決
伝言
消灯
努力
禁制
特待
通交
起筆
整備
例示
明断
仮設
欠落
開会
制定
感謝
増車
転送
低減
節米
増結
通関
来演
倍増
査定
門出
湯治
特注
救助
公判
試行
群発
連発
耕作
試合
放置
検問
引受
熱願
横行
制止
混合
営巣
受任
商談
在住
転化
解説
下宿
自賛
重合
休職
栄達
断念
開通
欠席
続報
後送
受配
取材
卒業
談判
低回
独断
油断
休航
北面
消光
高唱
任用
生動
散点
率先
告知
再思
開演
貯金
口外
休養
買春
留保
散歩
構成
約言
失敗
造型
主管
略言
遊歴
固辞
止宿
歴遊
授精
査問
速成
増進
要約
接写
肥大
差配
安着
票決
家出
結球
解読
加護
口演
配管
予想
出府
察知
救命
休神
同車
集計
送波
行動
静止
配信
配給
外出
応答
修理
共生
照合
査証
修得
意思
関係
相乗
同化
付設
発心
着色
力泳
病死
曲言
水食
説経
細説
混線
照明
当番
明言
借財
合同
布達
初出
力説
実測
入港
布設
検死
送像
参戦
分岐
評価
計画
絶句
放水
念持
採鉱
出金
固化
好防
植皮
保育
外切
信服
持久
合議
乗馬
念願
絶食
在席
同流
接種
積分
欠航
参朝
内談
東進
実写
接地
急落
出札
合体
力走
散在
反逆
予覚
禁固
標記
確聞
精製
自活
営業
解熱
合宿
開票
野宿
着金
引用
日参
前進
参進
着想
固持
清書
独演
植林
調停
編集
内命
群生
宿望
訓話
製版
車検
見分
満水
新調
返送
分散
内通
付言
選出
開国
判断
会合
自学
評議
合意
力戦
終止
直覚
分配
来島
主演
追録
好演
作業
造血
同定
思案
護送
禁圧
老成
変改
指示
仮想
去勢
立見
発音
競争
失速
感得
散布
参宮
造形
号泣
下見
改版
行商
群集
下放
開設
仮植
居留
約分
定義
特約
申告
放電
転回
減数
導出
減量
予習
演出
参考
公言
局限
伝来
開門
断種
布告
礼賛
用心
単行
常任
修養
分化
見聞
製塩
停船
加階
検査
予知
入局
直上
新築
通電
連結
直面
引見
完歩
量定
全通
悪用
上書
製作
特設
長考
真似
結成
作図
成形
愛用
治水
作文
空費
判示
決起
計算
通学
仲買
申達
雑記
遠出
演習
変位
通算
解任
代書
乗船
省筆
規整
協定
植民
試製
投写
自転
休心
考案
布置
登院
投身
内服
馬耕
絶版
筆算
借入
案出
消費
開発
帰着
修造
伝達
弁明
分家
建言
転地
消失
列記
保養
教育
主導
入信
再生
大書
消散
配合
順応
安神
北上
発出
照査
送別
陽転
寄付
考究
説教
混食
協賛
直観
化合
交信
塩焼
発電
訓電
手交
付課
先述
返本
赤熱
両断
出仕
帰山
受領
残害
判定
服属
訓読
配付
復旧
送信
出漁
消毒
転出
声明
入城
始業
移設
調理
習練
代表
得道
協業
中断
進発
林立
編入
報告
図解
快勝
役務
細別
目指
自責
登板
変約
客観
検察
問答
別居
仕官
帰服
保証
出費
夜営
帯電
接見
改新
製油
祖述
再刊
来院
引接
賞味
応対
加勢
協調
自証
分業
終漁
精米
送配
準用
自得
設問
乗算
給水
入質
提唱
混浴
組織
上程
支度
製粉
酸敗
課税
移入
静養
休部
調製
注目
混戦
飛散
転変
受容
弁護
寄書
来所
開札
寄進
水泳
入場
任命
述作
強要
賛助
発走
在荷
現送
辞去
代言
老死
雑談
血戦
社告
写植
投球
開眼
転写
変転
表出
愛飲
着水
研修
順礼
自制
破約
入札
司令
散水
集配
単作
在社
投書
帰耕
失職
自任
談合
集金
独学
分流
代決
接岸
協議
帰営
来日
感応
帰休
決算
給血
熱愛
食害
対置
放送
暴飲
変造
着岸
想定
節減
検知
内示
出炭
苦学
標定
終結
不参
入部
整流
反復
選別
答電
訓令
制動
入賞
思料
在役
確立
説法
講話
大病
入構
列挙
指名
配流
自記
応戦
代議
思考
感泣
老化
混信
略述
均分
送風
回想
口授
先行
転移
詩作
落石
命令
死産
強弁
欠礼
行使
起案
流用
小別
直航
教訓
合格
造水
非議
予防
同室
直売
習得
節電
付議
完敗
買物
集散
現前
製材
合成
流行
精進
混在
実検
入館
暴落
配本
心労
特進
放神
転落
散財
引証
発議
記帳
予測
通計
走破
財投
回議
主張
改正
下向
交配
修練
参照
朝礼
公告
休学
中耕
洋行
指向
配送
助演
包容
起算
工事
農耕
鳥観
直言
在京
欠場
現像
合算
帯同
発生
進学
完投
加工
流転
新作
再製
直感
追求
落城
気化
受光
採点
理解
用談
出芽
表象
自負
代用
改印
建都
試写
体験
周回
妻帯
相伝
集成
開帳
対質
低下
暴言
包帯
復調
確約
定置
入院
口約
養護
転貸
夢想
強圧
暗唱
配電
減車
肥厚
追記
会見
公転
内祝
経営
挙証
希求
分有
失業
知覚
思念
増大
再演
確信
帰化
在国
工面
自愛
笑殺
受賞
統一
報謝
復興
議定
休息
入省
弱化
受業
改題
送検
回帰
死去
代行
当直
協和
遊興
帰投
再送
分水
思量
交接
同着
早世
防止
思弁
防戦
公述
分解
化石
官許
運転
入庫
伝習
自立
造語
出発
集貨
訓告
練習
失笑
考察
悪化
連戦
連打
散発
接頭
終演
才覚
折半
分界
自製
準備
復航
授業
相愛
読図
上陸
冷評
休講
自修
化現
欠損
組版
出題
造船
転位
起用
対立
心服
流出
上木
所期
発起
過信
自弁
放任
帰省
回遊
常住
出所
化育
区分
変身
実在
速断
減殺
流産
代謝
反落
構想
整体
在留
訓導
暗算
帰順
検地
自乗
多食
再挙
造営
発熱
修交
和合
集中
実行
服罪
流布
独語
失効
死守
照準
機能
略取
下付
羽化
失神
曲解
統治
発問
放鳥
続出
落手
提示
取得
加入
放出
救護
周知
雑食
引火
書写
作画
反転
素読
改作
考査
通行
代作
選考
調節
登場
立案
切開
考証
代筆
暴走
東上
小売
来場
生成
塩化
調合
起工
建造
改行
協同
発会
精算
復命
重版
指定
活動
過熱
通用
図説
来報
軽食
倍加
常設
付置
変死
放散
予断
歩行
提案
真読
対当
特選
加増
味得
設備
帰朝
遊泳
具申
借金
査読
改築
転居
混用
告白
軍備
全快
確証
絶賛
修好
言上
飲食
白状
委任
入梅
当選
苦行
参政
来館
成約
統計
労働
焼失
安産
志願
減産
服務
助力
賛成
植毛
精察
売買
圧死
営造
交合
入朝
追放
頭書
採炭
消音
連想
提起
直進
共用
答弁
回航
学問
登城
増資
結束
開化
破産
寄宿
類焼
実見
受検
直交
在府
破断
注進
受講
変心
投合
土着
耳語
両分
集積
商売
物故
道楽
内観
増長
筆記
発動
板書
遊学
暗合
結合
両立
講義
内在
分類
示教
黄葉
停止
参学
塩梅
東道
半焼
印行
挙式
養成
改修
放心
解約
開業
弁別
平復
発声
大言
入浴
統制
来観
犬死
会議
雲集
書見
防音
目送
内応
入定
中立
強化
入植
出土
必着
整理
連接
定植
加速
命名
照応
絶筆
講演
伝送
寄留
受命
差別
仕度
来校
仮定
混作
提出
参内
要談
花見
通院
引算
配転
訓示
改造
移管
静観
増便
増額
競売
公開
省略
形成
着用
直読
通観
休校
連取
小便
内包
深謝
約定
配色
禁断
度外
味方
血判
続落
合図
再編
集合
空輸
再議
作曲
血書
移民
変態
付帯
味見
輸出
計量
採種
着地
下校
自生
解決
化成
助勢
再燃
特筆
暗示
高調
走行
形容
公選
連作
筆写
分宿
美食
参入
検便
送金
開板
移出
規程
完結
混入
進行
動員
貯水
禁酒
宿直
代理
増強
読破
付会
競技
賛同
使令
質問
見物
親任
和協
復古
折損
伝授
進上
増産
布線
入隊
決行
雑居
信用
大勝
実感
変移
護持
常食
適応
活着
損害
共立
苦心
定着
筆談
告別
制圧
実用
賛美
判読
運送
代任
在官
好投
自演
復刊
転成
熱中
挙用
建議
出港
速決
給付
情死
朝賀
散大
調味
徒死
手当
外食
問責
毒殺
編修
反命
復位
落選
通報
登山
動作
選歌
出社
先導
授受
受粉
欠食
左折
略記
公許
着信
輸入
多発
授賞
許可
生録
白黒
対話
試演
台頭
追考
下乗
解放
造林
海食
導水
進入
使送
出国
仕分
清算
代願
打開
中毒
進出
連敗
育児
防災
開放
出演
競演
行持
返事
構築
入村
飼養
調印
回向
総計
入荷
転校
内約
好転
欠配
観念
大敗
速記
弁解
断行
飛行
受精
成型
空想
入北
始動
流下
参列
転調
生育
合計
来往
定位
対決
入社
放歌
止血
落着
逆算
回答
発布
学修
印可
敗戦
群居
政談
録音
運航
殺生
分列
配向
再版
消火
照会
風化
底止
着手
破損
査察
出入
直下
下命
拾得
講究
増悪
復円
達観
発進
栄進
手記
改選
運算
本復
増力
自習
減圧
修習
内職
要求
係船
証印
暴行
生産
比類
発光
横死
通過
受注
着衣
交付
往来
要述
居住
具備
電化
応化
低唱
修正
送付
解消
混雑
改易
臣事
常置
体現
守備
発令
上船
戦争
先後
領解
親告
熱演
断罪
断線
筆答
復号
講評
試作
参究
投薬
表白
発注
生起
参上
公布
自給
公刊
失調
移調
試問
内達
仕事
約束
冷笑
問罪
応用
着工
入道
減税
参府
多言
自営
連記
着荷
同意
通知
独居
帰社
断食
合資
定立
改定
連合
全敗
投出
付録
放熱
直流
連係
下山
放火
早産
赤面
写像
返金
出向
決心
低頭
立身
録画
同調
親祭
検品
深耕
再建
病欠
混交
使役
曲折
直結
氷解
令達
公約
帰結
売春
修整
復習
増加
解題
特売
愛護
暗殺
宿衛
接近
学習
助走
選好
連乗
生食
記入
消長
算入
助長
出動
休会
検束
手書
当用
休業
作表
団結
兄事
所管
着筆
制約
具現
転売
受給
重刷
完勝
連立
逆上
行幸
築港
望見
布教
同道
来談
同居
留任
強打
対戦
相関
元服
転任
別売
暗記
校合
乗務
参着
移転
混成
帰農
輸送
在庫
検証
足算
製氷
周遊
計数
待命
帰来
予感
受理
教示
測定
流動
転入
製図
移行
代休
検温
出火
入線
給養
出席
多用
仏参
特集
力演
内借
的中
相続
燃焼
報知
記述
増刷
緑化
比例
指図
統率
着意
留学
開園
失念
編成
達成
別送
帯出
絶交
対談
同宿
入校
寄金
来任
入会
参堂
低落
調進
交易
説示
刷新
念仏
別家
他出
消去
表決
読書
意味
得心
指令
因由
製表
回生
品評
変容
点灯
生別
近接
楽勝
大別
公示
会同
強直
注意
手続
修復
養育
用意
標示
下野
分売
精白
表示
判決
協力
固守
解禁
物色
打電
飲用
在校
通航
編曲
生長
上演
欠課
走査
読過
護衛
運休
再考
増発
選定
順行
節録
連続
落馬
断言
経理
再転
挙手
区画
実験
採取
投入
調整
節税
改元
取引
下知
演算
下船
談話
厚着
工作
注力
停車
招集
安置
変動
寄生
感化
転職
想像
築城
観察
給電
対顔
流通
根治
送達
教護
読解
留守
回国
極言
絶望
投下
究明
全勝
相殺
宿営
切言
位置
来朝
集会
選任
名状
開校
発火
会計
参会
配線
小破
入国
禁足
大観
出張
左右
総説
混迷
教化
回申
消化
信愛
回転
保持
注文
開店
発信
集録
重複
類似
精油
増減
半減
対面
強調
予告
山積
総合
強制
入水
進達
制限
減資
調薬
愛育
検波
他界
人選
外注
自足
逆行
急送
明察
貯留
必見
現有
平方
圧入
謝絶
内分
応接
中略
首唱
配列
分断
直談
連用
根絶
近道
配達
会読
混生
参観
登校
減益
要略
聞知
説明
登記
失格
転進
測地
支配
転用
予察
出精
活用
卒読
禁止
精通
常用
運営
減算
独走
加味
全治
小計
独修
発送
用船
観賞
圧勝
記念
復職
発刊
殺害
属望
下車
自覚
講習
重用
帰京
勇戦
臣服
報道
来航
急進
特訓
案分
同情
回付
独唱
選炭
徒長
回復
実習
死別
受像
意見
答申
配水
保管
実働
修行
輪作
節食
薬殺
移植
表現
言明
他言
合評
支持
決議
急設
改悪
味解
転宿
炭化
出馬
赤化
着帯
横領
精査
熱弁
分村
宿題
増設
半周
見学
服薬
自殺
火定
引責
直話
感光
特出
反目
教練
接合
交差
変質
暴発
公売
加算
族生
参賀
直営
回読
接受
過賞
自害
保留
観光
結実
点眼
会話
重唱
毒害
付属
内定
提議
現用
配属
入園
帯刀
完備
手術
目測
早死
強行
想望
見参
等分
建立
観戦
感知
内向
共感
散開
協約
代位
歩測
着任
変成
間作
清遊
編制
中和
食事
意図
示達
肥満
下落
発願
打算
着電
修学
苦節
運行
入手
再帰
提言
中絶
自首
防寒
草食
書評
細書
楽観
決定
祝賀
平均
代講
発明
解散
証明
入室
加筆
造園
防備
増置
復元
持参
参画
注解
産出
完工
失点
遊説
得度
開局
製鉄
折中
水死
内省
共栄
規制
通商
先着
雑交
保守
教導
毒死
流会
回訓
経験
歌唱
着火
治定
風聞
独白
現住
再開
陸送
結氷
再会
混血
速答
支弁
損失
勝負
生息
回折
同感
複合
官給
再選
心中
点検
特定
所望
長欠
育英
出血
直行
議決
輪転
立証
自選
急冷
空発
完走
自問
愛好
選挙
引率
流失
公演
実証
代弁
育毛
産休
改名
近着
開立
休電
受用
入学
植字
追究
生活
追加
発達
所要
連帯
関知
限局
不足
出現
着服
商量
変化
出航
示現
談笑
送出
求職
徳化
続発
通信
子守
下馬
白熱
検出
来店
再来
現出
採録
受験
陸行
面接
両用
通読
留意
開館
育種
復員
大同
圧服
加点
集結
修道
増反
面会
失火
前述
立食
暴食
失望
在位
識別
建築
発赤
作成
減水
急行
合点
算定
後見
配置
共起
切死
勉強
経過
和解
明答
速写
集線
成道
送電
下城
版行
発育
休止
参向
反問
談義
低迷
際会
配員
救出
入団
寄港
先勝
焼死
予期
交流
支給
休戦
平定
採用
反発
野合
切断
修築
造立
接客
作詩
切願
験算
発車
発向
競泳
新任
在天
具有
登録
導通
成業
発色
分乗
作興
送水
類別
続演
復帰
絶息
変速
整合
落札
起動
在中
放言
面談
完売
区別
予定
受電
面責
再任
焼香
在職
可決
回送
予約
進水
快復
建国
暴死
自白
選評
加重
帰港
制作
料理
分極
外在
脈動
記名
発散
伝動
自省
復原
起業
開場
留年
解職
朝食
総和
目礼
増員
失言
転向
側聞
成功
改組
安住
刊行
入選
配布
静思
往生
送球
帰参
配当
直立
温浴
風食
氷結
出走
舎営
量産
連行
同席
管理
実現
共同
常備
特配
右折
気絶
在学
相似
音読
整地
試飲
荷電
訓練
助言
減石
始末
変節
係属
象眼
飼育
愛唱
放牧
関連
研究
対照
特記
下達
急告
参集
協商
想起
減点
知得
積算
分別
転置
快気
試走
商議
印字
着目
転記
調教
合唱
転生
任官
減損
上申
連勝
休刊
出庫
挙兵
切望
電荷
悲観
必読
増量
上達
破門
多謝
所持
文通
中止
複製
統合
明記
主唱
口受
敗北
常直
減少
金打
重出
残業
入京
体得
重任
親近
急報
発芽
永別
迷走
放念
起居
立言
再起
養生
心配
反応
競走
通話
圧殺
告発
食言
会戦
鳴動
局在
南下
変色
育成
固定
発表
上京
熱唱
作用
追試
給油
歴任
検眼
印刷
入営
鳴謝
発覚
再興
競合
感賞
過食
採油
入湯
減配
助命
発見
通約
放校
理会
野生
観照
発案
感服
後進
合流
減員
発売
求人
帰館
苦戦
設置
少考
行進
暴圧
直通
広言
動転
説破
保温
売約
記録
保護
改号
勉学
続生
伝道
持続
合本
告示
風発
精練
合作
出品
交遊
細分
回礼
選句
賛辞
増給
自作
断定
再読
分合
感電
対比
来遊
新設
勝利
通告
類比
入所
設計
味読
倍旧
出家
神化
断続
交際
正解
残置
入力
結団
願望
徒費
教習
急転
自書
出世
固着
試算
放談
結集
増築
組成
証言
旅行
試食
帰属
習合
逆転
参加
集束
服毒
連関
放下
選曲
便乗
目算
経略
改札
決別
付加
停戦
精読
協演
信心
分留
加給
分布
給食
分地
勇断
変圧
流入
落筆
決意
判別
受付
高談
急減
選鉱
増税
複写
投石
減額
連破
休演
改変
写生
課金
上気
観測
減反
大食
復学
訓育
加熱
公表
落球
運動
解毒
入漁
復業
検札
接待
反証
復唱
領会
想見
返付
急追
多読
分光
服役
伝導
移用
検分
散見
再調
種別
計測
焼成
口達
期待
感受
減食
分筆
貧血
来社
採石
集約
信任
散会
移住
賞賛
輪講
合戦
開所
演技
報復
返答
志望
内助
書置
愛読
活写
長居
適合
先取
発行
火食
所有
混和
答礼
適用
解答
講和
発言
早着
係争
急死
経由
分立
失心
号令
着船
圧着
速報
本有
算用
服用
帰一
入行
親授
流連
直書
伝聞
客死
起因
横断
栄転
南面
後述
減速
高言
会商
水浴
遊牧
節酒
発病
仮作
独習
節水
自衛
減価
変説
休館
出生
落下
独行
断交
接戦
輸血
南進
係留
投宿
内申
着生
調和
伝写
再説
作製
対応
遠望
断水
混同
列席
航行
代読
返礼
代参
出願
点在
集荷
周航
意識
進化
転業
改心
進歩
敗走
上告
行軍
造反
判然
指導
許容
復活
実演
反省
唱和
建白
先制
酸化
来着
行水
算出
手写
広報
在朝
順化
注記
失明
正答
世話
着眼
見当
賞美
多作
続行
粉食
改良
点頭
上下
転戦
表明
登極
唱導
墓参
電解
採血
整列
往復
開院
前借
休耕
包囲
求愛
増作
代置
給費
起草
会得
菜食
船出
肉食
目印
転借
自適
配分
後略
試験
進級
検定
打破
成長
謝罪
待望
画定
連動
規定
祝福
帰任
全開
予見
略説
適帰
造成
貿易
増益
西下
火中
確答
広告
受信
発現
運開
断絶
転住
絶命
決着
設定
指教
変型
立願
下問
決戦
増配
待機
交戦
周章
通夜
急増
流伝
整復
発給
航海
特発
先決
合一
加配
考量
横転
図示
移動
親和
帰国
辞任
属目
接着
特報
空転
加減
別注
通達
落命
相談
開始
列立
志向
招来
検印
乗車
解体
在室
等化
分節
予報
成立
発効
同船
得票
高進
軽減
別記
破水
防護
得点
費消
卒去
西遊
給仕
出荷
順接
開城
建設
守護
発足
共演
寄食
発想
節約
表記
先発
上述
採決
馬食
出力
軽信
進軍
戦勝
野営
設営
全休
送受
口述
出版
入居
永住
戦死
苦笑
辞職
順守
比定
在日
防水
特許
焼身
付着
永続
転身
注水
入内
発着
節制
輪唱
交感
告解
快走
内切
返報
手配
投票
挙行
先議
代香
出産
通園
節略
増水
急変
返品
司式
使用
送話
仕付
変調
焼損
借用
終決
観望
後続
飲酒
液化
雲散
注入
出兵
停電
放流
検算
所属
講読
唱道
近似
義絶
外接
防衛
電送
公有
遊歩
精選
試用
前売
立売
在宿
製造
店番
移送
文選
整形
定住
賞用
支出
熱発
行列
生害
先達
入電
進講
希望
招待
公定
門番
開花
代入
転学
確保
減給
内接
共有
美化
逆用
登用
落後
共鳴
貸借
例証
会食
再現
対生
出頭
利用
山居
同乗
要心
力行
進航
成仏
大成
反則
借問
入府
熱望
着席
残留
連判
入門
休場
終息
復交
決断
増刊
競落
採集
計上
接続
司会
調査
検挙
成育
開平
禁絶
向上
対局
交代
管制
追給
内用
前記
付記
加持
破顔
要望
対校
調練
感動
再発
在任
病気
返上
命中
句作
作歌
適中
省察
略筆
追想
引当
直答
返辞
練達
会談
出資
愛着
苦労
改編
布石
失禁
競作
導入
上場
長生
落葉
来集
変通
変形
色刷
実戦
引決
移築
慣用
配車
説得
去来
設立
来会
校正
案内
落第
進言
興行
保全
規正
挙止
落成
急造
築造
飛来
暗転
製本
愛重
通分
作動
手品
読経
別言
移乗
保有
投資
逆流
運用
平分
助成
停会
輪読
開港
転読
独航
終業
解明
開戦
自失
評決
転乗
入金
試乗
総見
指南
測量
南中
再築
全焼
陸生
明示
負荷
転属
起立
直属
調達
停留
返照
師事
研学
遠泳
相反
着陸
配備