必要
昨年
可能
今年
午後
午前
自由
今回
現在
安全
時間
特別
平和
結果
場合
今後
前年
重要
当時
以来
事実
自然
同日
来年
今月
同様
過去
健康
最近
正式
全体
不安
不明
公式
独自
大変
代表
明確
戦後
完全
大切
会議
時期
関係
先月
調査
元気
安定
主要
選挙
発表
非常
今日
当初
協議
直接
参加
多数
確実
大事
高級
毎日
公正
会談
首相
不正
大量
有力
政府
無理
後半
先日
高度
委員
生活
有名
予定
直後
毎年
消費
決定
合意
政治
正常
当面
研究
残念
好調
順調
会社
同月
計画
得意
不当
女性
大会
会見
電話
建設
有効
前日
来月
意見
試合
半分
事件
重大
個別
世界
連立
国際
今度
報告
協力
今季
貿易
表明
無事
活動
教育
対応
開発
結局
平等
会長
連続
反対
深夜
以前
未明
戦争
利用
強力
無効
手軽
輸入
広場
説明
全国
経営
時代
要求
意外
関連
絶対
社会
早急
組織
活発
正確
高額
高等
豊富
身近
発言
自分
生産
長官
選手
国民
期待
主張
指導
熱心
複雑
勝手
便利
判決
記録
使用
議員
出場
報道
次第
休日
本来
写真
正当
未定
評価
平均
回復
投資
来春
仕事
判断
解決
強調
多様
素直
取引
管理
記念
情報
出席
予想
提出
不要
有利
当日
調整
共同
放送
規制
料理
支持
設置
整備
連合
開始
同年
日曜
実現
社長
事業
冷静
公平
急速
上手
記者
総合
全部
今春
月曜
市場
公開
野球
正午
団体
適切
法的
見事
独特
理事
導入
発見
予算
価格
外相
労働
中心
改正
運動
努力
不快
必死
長年
今夏
今週
強化
成立
文化
減税
機関
工事
理解
提案
国会
毎月
半年
再開
決議
試験
言葉
制度
適正
適当
強気
地方
大学
病院
意味
発売
作品
実験
成長
外国
平年
反発
質問
保護
設立
登板
対象
行動
国内
家族
作業
旅行
陽気
主流
学校
悪質
公的
内容
通信
交流
意識
希望
本部
記事
準備
競技
減少
相談
協会
議長
主婦
増加
先週
注目
統一
投票
最終
回答
事務
知事
発足
結成
登場
不調
健全
正直
容易
来週
早朝
新年
勢力
理由
責任
協定
対立
輸出
帰国
議会
男性
市民
発生
防止
確保
教授
声明
経験
辞任
基本
主義
同社
営業
市内
以後
夕方
女子
卒業
停止
進出
運営
表現
新聞
会合
禁止
国家
皮肉
苦手
高校
決勝
不服
平静
不幸
率直
競争
賛成
表示
判定
指定
事故
空港
人間
次回
学生
年末
生前
運転
発行
製造
技術
出版
構成
明日
観光
勉強
採用
心配
景気
構想
目標
幹部
常任
上品
気軽
強引
余計
幸福
海外
都市
演説
開会
課税
登録
歴史
集中
査察
軍事
最大
生徒
平日
死後
近年
中央
具体
来日
約束
業者
解説
入札
金利
行政
個人
独立
検査
指名
練習
開放
成功
家庭
無職
男子
期間
状態
税制
先生
変化
音楽
不便
着実
低下
制限
中止
復活
決着
当分
昨今
昨日
今秋
連日
立場
銀行
先行
受賞
機能
最後
所得
体験
逆転
公表
防衛
出発
取材
講演
対話
飛行
自殺
規定
設定
資金
法案
料金
水曜
去年
週末
用意
産業
商品
体制
相手
幹事
編集
悪化
差別
流通
殺害
不足
公共
書記
目的
少年
完成
入院
告発
人気
本社
医師
人的
親切
不能
気楽
夢中
順当
的確
指示
出演
民間
市長
周辺
予選
業界
強制
移植
提言
開港
住民
各国
昼間
基準
保険
当選
勝利
観測
地区
出身
入場
死去
授業
通商
作成
訓練
連勝
分野
条件
昨夏
意思
命令
合格
調達
部長
機構
原因
主席
事情
演出
失業
注意
会場
世紀
局長
部門
効果
法人
公判
設備
解放
学習
復帰
広告
部分
時折
木曜
後世
毎週
方法
外交
工場
修正
特定
入学
社員
大使
民主
条約
老人
軽率
地味
無礼
性的
健在
安易
明快
失敗
合同
弁護
提示
対戦
得点
病気
現場
人口
同市
地元
総会
本格
大手
確定
調印
解消
解散
建築
反応
所属
解明
方向
和平
番組
集会
黒字
交通
現地
課題
当局
総理
殺人
行使
選考
達成
出張
所有
赤字
土曜
昨秋
席上
金曜
職員
限定
感謝
選出
主導
統合
安打
国立
本人
土地
息子
決算
許可
証言
後期
首都
科学
全面
判明
手術
要望
農業
見方
場所
民族
友人
製品
満足
再建
食事
出荷
部品
自治
組合
意向
会員
名前
課長
清潔
高価
地道
軽快
強固
無情
有害
適度
下期
間近
毎朝
初頭
前夜
共通
制定
取得
特集
比例
編成
支配
急増
日程
現行
精神
両国
市立
男女
教師
談合
構築
公演
決意
移動
招待
感動
基地
自身
新刊
種類
航空
売上
事態
自主
欠席
計算
入国
支給
刊行
同席
固定
試算
支出
向上
出資
地検
支店
年間
材料
文学
路線
財政
投手
税率
参考
確立
予測
受注
輸送
移行
注文
適用
反省
決断
現状
資料
都内
建物
構造
作家
経常
各地
政界
長男
検察
予防
再編
下落
助成
業務
人生
公園
役員
話題
地球
少量
毎回
後日
人事
相当
給水
実行
統計
対決
暴行
会計
方式
新人
大人
情勢
年金
関心
道路
夫婦
先進
中学
貯金
通算
保証
社告
司令
参照
整理
改造
同意
公約
上演
保守
受験
和解
辞職
計上
運用
国防
部屋
資格
各社
総額
市議
英語
終日
協調
合計
低迷
広報
交代
燃料
無料
早期
期限
原則
母親
丁重
快適
知的
不利
有益
広大
多大
無残
性急
自在
同然
明白
無口
放題
有望
実態
集団
代行
進行
損害
位置
新設
上告
先発
着陸
行方
犯罪
利益
現実
実績
工夫
評議
主演
演習
中断
想定
加工
自立
出土
発注
答申
出馬
証明
面接
検定
出産
最中
上期
昨春
同夜
大体
来秋
高官
表情
時事
人物
同国
機会
勝負
動物
国産
見解
実質
資本
放置
修理
協賛
移民
変動
下車
明記
入居
苦労
説得
事典
能力
支部
態度
通産
印象
農家
文書
付近
費用
父親
主人
再生
小売
登山
通過
暗殺
移転
工作
予約
制作
防護
在日
校長
人工
法相
水準
作戦
世代
同行
加入
保管
書評
経過
停戦
上場
文字
物語
相場
芸術
首位
笑顔
職業
成果
教員
歌集
戦略
電気
石油
転落
参入
定着
守備
留学
想像
活用
会話
配分
謝罪
発想
特許
総長
同士
伝統
電車
小説
番号
関税
学者
近代
部隊
比率
前進
開設
通報
通知
改定
記入
投入
見学
落札
可決
保全
目下
最期
今冬
昨夜
弁当
野菜
知人
衛星
電子
南北
社内
断念
散歩
申告
客観
研修
起用
答弁
給付
調味
打開
連敗
育成
発覚
先制
飲酒
表面
思想
前半
資産
声高
過重
非情
無用
過大
器用
重厚
安価
馬鹿
清新
低調
低率
有用
無力
良好
大臣
物価
検事
様子
上位
寄付
入賞
上陸
売買
発動
信用
入社
出火
内定
意図
失点
複合
配布
設計
交際
結集
自衛
休館
採決
複数
武器
義務
気分
中小
死者
打線
内部
定年
定期
前提
明言
提唱
任命
続出
借金
参政
志願
動員
授賞
追加
合唱
印刷
通告
増税
演技
志向
同省
大半
基金
食品
過程
工業
圧力
手紙
感覚
旅館
学会
次期
化学
機械
条例
解任
開業
形成
代理
育児
測定
流動
観察
左右
復元
報復
戦死
生命
年度
成績
態勢
会館
次官
数字
少女
年中
来夏
空路
春先
本日
太古
昼前
今夜
電力
職場
講師
興味
調子
代金
安心
調停
新築
発電
終結
流行
進学
提起
破産
養成
作曲
交付
居住
発令
同調
読書
談話
保持
転用
出血
検出
減反
速報
世話
増益
機器
自信
句集
所長
鉄道
観客
周囲
季節
先物
地上
動向
北部
高名
格差
運輸
外務
直径
友好
実力
画像
場面
国務
政局
県内
住所
両親
面積
財界
急落
製作
調理
欠場
商売
走行
実感
返事
着手
修復
付属
生息
進歩
連動
接続
感情
業績
程度
乗客
暴力
夫妻
地下
国営
多角
効率
他人
定例
役者
自体
競売
国境
車両
列車
体育
教徒
上司
書類
在住
引用
合成
完投
新作
化石
受給
同居
停車
言明
入手
経由
造反
往復
軽減
定住
案内
保有
永年
総務
府内
単独
主体
気温
少数
医者
風景
時点
税調
金額
本書
総統
美術
高速
現役
台数
支局
理念
速度
感心
救助
開票
作文
植民
水泳
投書
建造
過熱
解約
参列
消火
混雑
放火
検証
記述
解禁
配達
横領
点検
着服
救出
所持
便乗
発給
表記
停電
規正
言語
児童
団長
黒人
現象
頭取
犯行
昼食
合理
人類
年内
最多
空気
火災
店頭
事前
地点
当地
世帯
大勢
入試
短期
財団
血液
台風
医学
植物
用地
無罪
単位
西側
身長
人員
素材
経費
労組
実家
産地
意義
部会
用品
教室
商社
室長
武力
成人
初演
車検
通学
投球
造船
流出
協同
両立
改修
運航
着工
団結
制約
在庫
究明
圧勝
同情
観戦
楽観
持参
再会
入選
連行
野生
集約
接戦
包囲
乗車
再現
身体
歌手
日記
終戦
短歌
近所
店員
機動
要因
両院
文章
物質
名義
新薬
常務
同等
非業
絶大
極度
平易
不潔
気弱
無能
対等
不法
希有
過少
達者
正業
格安
多感
本意
流石
良質
無法
質素
貧弱
親身
幸運
古風
切実
物的
雑多
平明
無学
内気
美味
身重
整美
病弱
心外
身軽
半日
半額
近日
道中
夜半
朝方
今夕
常時
日夜
球場
内戦
災害
標準
任期
書道
賞金
性格
絵画
厚生
個性
司法
大陸
最新
長女
国王
町長
用紙
開示
保育
接種
化合
養護
歩行
飲食
加速
命名
味方
付帯
送金
告別
台頭
受理
採取
留守
対面
損失
競合
給食
志望
出生
改良
得票
再発
人形
常識
格好
衛生
公団
同町
連休
冷戦
同点
本紙
友達
食料
電機
町立
兵士
内外
知識
正月
給料
陸上
競馬
半数
大国
空間
生物
東西
治安
体重
地価
県立
不信
区間
地位
農村
小学
読者
路上
両者
人民
静止
外出
失速
連結
送信
快勝
教訓
帰省
結合
講義
分類
好投
中毒
送付
混迷
登校
自覚
立証
愛好
出現
開館
面会
飼育
通話
断定
正解
画定
祝福
造成
待機
共演
開花
会食
作動
全焼
博士
定数
最長
財務
大戦
税金
重点
領土
中身
体質
書店
土木
切手
本店
原案
婦人
打席
打点
具合
人材
海岸
後任
共和
夫人
伝説
回線
品目
規格
家事
作者
室内
未来
感想
現職
数量
手形
社説
死体
活性
式典
国対
種目
苦情
屋根
入管
主力
部下
自国
青年
各種
保健
行事
今朝
集計
共生
念願
直面
由来
増大
入省
連打
通用
常設
連想
学問
受講
入植
賛同
実用
運送
多発
応用
曲折
売春
休業
乗務
相続
類似
半減
共感
配置
競泳
配当
対照
求人
出品
節水
酸化
続行
上下
発効
発着
行列
配備
兄弟
神経
間接
信号
両日
原子
木造
祖母
田舎
生態
合弁
犯人
家電
漁業
商店
教委
国道
証人
議院
衣料
車内
勇気
業種
原告
原点
天然
初戦
公立
勝者
主任
容器
基調
太陽
全額
全力
文明
打者
同大
同校
分科
原作
画面
評判
地帯
回数
理想
指標
議席
初期
牛肉
住居
商法
事例
西部
品質
内科
画家
名人
件数
出店
混合
開国
出費
回想
追求
送検
周知
通行
追放
結束
配転
増額
手当
授受
清算
照会
接近
入会
公示
選定
消化
人選
減益
宿題
引責
保留
中絶
議決
失望
朝食
往生
在学
作用
持続
調和
断水
通達
手配
後続
残留
対局
愛着
北方
氏名
隊員
人体
遊園
女王
役所
敗者
対外
会期
助手
院長
強風
加害
祭礼
村長
火事
末期
街頭
両社
予備
町議
主役
軍人
都銀
年代
図書
本音
指数
布団
学長
残高
国土
学術
所在
同紙
外科
救急
原発
東側
朝刊
光景
実業
軍部
制球
国交
争点
学部
詩人
様相
独身
家具
習慣
採算
大気
内相
動機
原理
青春
同区
親子
実務
書面
都合
工学
祖父
物件
区内
公益
順位
上空
局面
民事
陸軍
有無
自決
横行
開通
告知
配給
照明
発音
復旧
強要
採点
確約
復興
考察
区分
統治
調節
告白
集積
中立
集合
見物
防災
好転
受精
改選
直結
投下
全勝
開店
発信
独走
修行
増設
建立
運行
再選
発達
子守
加点
算定
送電
増員
敗北
上京
散会
合戦
進化
許容
解体
永住
減給
反則
採集
司会
管制
在任
返上
変形
築造
明示
黄金
時計
無死
熱戦
定員
悪口
長打
駅伝
原油
公算
方言
栄養
要素
中部
水質
名目
消防
紙面
首席
財布
治験
兵器
球団
政令
運命
農民
体長
白書
念頭
立法
台所
禁輸
体力
工芸
食堂
受章
週刊
税務
規則
慣例
上限
全員
元年
中間
夜長
家中
初日
毎秋
元来
昨冬
先夜
火曜
今時
倍量
月末
先年
先程
後年
毎夜
大昔
開眼
重複
短大
通貨
商工
形式
要領
理科
世間
公害
出番
緑地
心身
女児
消極
財産
先頭
農相
観点
府議
素人
労災
同級
肥料
有価
都会
構図
酸性
人数
月間
商業
物資
物理
検問
率先
留保
力説
参戦
精製
合宿
分配
伝達
精米
飛散
選別
流用
習得
暴落
助演
建都
回遊
引火
暴走
増資
挙式
省略
暗示
録音
助長
再考
経理
区画
招集
回転
山積
観賞
急進
実習
入園
強行
参画
連帯
急行
入団
先勝
区別
着目
任官
歴任
行進
合作
自作
入力
減額
服役
移住
急死
待望
順守
美化
登用
共鳴
入門
父母
梅雨
酒類
真相
国外
判事
声楽
小屋
冷夏
手間
講堂
芸能
戸数
才能
愛情
義母
共犯
北側
家計
東洋
絵本
民営
体内
人件
荷物
因果
側近
徒歩
学科
支社
天体
究極
士長
戦線
中年
地図
取次
和風
天国
薬物
管内
慣行
心理
読経
金属
総数
特使
好評
政調
実情
厚相
走者
保安
学歴
体調
白紙
愛犬
車種
逆進
美容
男児
姉妹
野外
戦車
市道
天井
不在
打率
人種
小物
各紙
正面
辞表
活力
同店
旅費
新興
調書
東部
本物
性質
歴代
軍機
木材
限界
用語
公社
性能
国旗
貨物
海上
主食
市営
利率
神社
方面
花火
半島
水産
木星
国語
外遊
商談
下宿
家出
配信
応答
決起
考案
弁明
交信
受領
別居
内示
講話
入館
出題
変身
立案
移管
再燃
大勝
外食
転校
断行
空想
生育
敗戦
出向
強打
予感
生長
運休
絶望
逆行
発送
講習
加算
祝賀
同感
直行
代弁
求職
続発
切断
加重
量産
悲観
残業
競走
再興
発案
苦戦
出世
付加
分布
加熱
服用
横断
発病
南進
出願
失明
付着
共有
旅客
制服
岩場
真実
新卒
府県
側面
満点
感性
南東
歌人
大物
身内
薬局
気配
中前
農地
利息
差額
無名
全長
景観
組長
標高
税法
墓地
包丁
組員
史料
子宮
農薬
自家
新書
要員
商戦
労相
有罪
本選
公費
父子
列島
空中
学年
真意
水気
公安
天気
花粉
新車
両方
特例
灯油
何者
身元
電波
原料
時速
白人
気候
直球
母子
夕食
製薬
県民
王者
両氏
緑化
助言
石仏
弟子
土器
使命
好機
団地
手法
公金
節目
生後
屋外
任務
会頭
職人
校舎
車体
役目
着物
役人
月刊
要件
形態
友情
近世
漁船
地学
無断
学園
祖国
水道
無期
益税
府民
南側
総体
仕様
軍隊
血圧
学芸
右手
勝敗
国歌
消印
民放
空軍
文相
限度
兵力
高温
取水
学級
右足
新型
熱気
戦力
上級
天文
白星
半面
頭部
義父
府立
名物
下部
月額
新進
機運
典型
予言
連発
買春
肥大
照合
査証
着色
病死
乗馬
禁固
返送
散布
悪用
保養
編入
休部
混戦
帰休
節減
老化
精進
配本
回帰
連戦
発起
照準
予断
入浴
統制
花見
着用
増強
熱中
落選
競演
入北
始動
落着
破損
熱演
公布
修整
算入
出動
転任
転入
燃焼
対談
指令
増発
選任
予告
配列
参観
失格
結実
完備
等分
協約
引率
追究
識別
焼死
整合
転向
上達
告示
断続
受付
計測
愛読
先取
答礼
解答
内申
受信
決戦
交戦
予報
節約
同乗
実戦
師事
大声
書物
眼鏡
行員
成分
伝記
文句
学期
日時
風速
器具
景品
文芸
内政
分子
市街
人質
草花
本番
母校
実体
園芸
筆者
美人
手前
例外
重量
好物
下町
前線
義理
手話
演歌
形状
速球
老後
紙上
令状
本質
他国
戦場
南西
活字
寺院
熱意
利子
電流
大賞
薬事
公務
本名
病状
後部
商事
順番
山林
区検
証書
全身
体格
漢字
車線
自伝
教会
家屋
力投
海水
政争
車列
気象
和紙
古典
足元
宿舎
都心
手首
外来
外部
集落
新法
教頭
温室
宮司
法制
終末
薬品
町民
仏教
額面
王朝
書家
草案
機種
非行
上部
人格
手帳
見聞
正気
性悪
無芸
均等
先安
方正
先高
不徳
浅学
公然
不備
豊満
東方
旧式
逆様
温良
別様
過分
未練
短小
同一
手近
不運
極悪
適任
同格
上等
小心
希少
横様
大形
好適
老実
横暴
不全
軽少
皮相
均質
無念
神速
悪徳
色白
自動
無比
明細
有限
温厚
同断
不精
多情
極道
不動
弱気
多弁
本当
無毒
合法
知名
余分
足弱
広量
非礼
多芸
適法
全一
中空
無病
無様
勇健
未読
風流
絶美
不適
無知
文弱
達筆
高直
直角
真丸
無害
長命
単一
博大
太平
無道
絶無
黄色
失当
破格
弱小
真白
不平
無類
最高
不易
上乗
無限
永久
多量
黒山
自明
暗弱
変則
不定
公明
真暗
果断
横長
真正
大風
潔白
無根
不意
博学
切要
真赤
分外
正規
未開
略式
精強
過小
安手
格別
最適
気重
入用
本気
均一
悪性
快調
健勝
内的
小味
質実
好運
不様
年長
不変
遠大
調法
安楽
重度
大型
安静
本望
多病
意気
好色
冷血
低能
特有
不整
別個
中正
茶目
気早
固有
軽度
不順
不味
無体
多種
平気
下等
快活
本式
利根
等質
小食
老練
不同
温和
無味
適時
真青
最下
寒冷
短気
大力
希代
深遠
光栄
過多
強暴
精細
分明
入念
強健
上質
高率
初心
下品
年少
大口
悲酸
中高
老弱
新式
多事
有能
険相
単調
平板
多目
最良
美的
不等
多幸
無筆
可変
弱体
徳用
広博
無人
花車
同義
多才
強情
無益
有毒
適格
鉄火
非道
実直
極大
任意
永遠
小型
多望
火急
多能
極少
得用
現金
最上
利発
能弁
多額
不覚
過度
水平
不和
深長
厚顔
少食
真黒
年月
不満
温順
親愛
順良
定常
不用
無数
肉太
利口
深切
有意
最低
英明
険悪
大味
貧小
新規
精良
荷重
最悪
精確
小量
軽便
高大
等価
肉細
過当
絶好
両手
無精
精美
日数
博識
笑止
暴悪
洋風
勝気
半間
極小
有数
遠浅
望外
平安
深厚
非力
高遠
貧相
重体
高位
史的
心的
間遠
真率
横風
口早
口軽
生直
足速
素的
高潔
明解
見高
病的
全的
低級
積極
大様
気短
小体
量的
然様
法外
不良
大童
可読
速急
左様
丁度
不毛
健気
気長
内福
詩的
安気
情強
長大
細心
生新
真当
短目
口速
因業
必定
独得
不束
学的
質的
静的
強的
手短
目深
動的
軽易
正大
安直
目茶
外的
強大
肉的
真直
当然
口重
和食
親類
選管
合金
国政
有印
利害
土産
火山
用水
細部
道徳
境内
海軍
悲鳴
店内
水門
職務
温度
院内
最古
校内
同時
版画
過失
祝日
迷路
都立
所信
満開
食管
目前
人道
次長
西洋
下味
立体
社名
本体
陸連
番付
漁村
外資
意志
物事
医院
代打
日付
新米
英文
後方
火花
弁務
校則
他社
同案
満席
効能
両面
首長
月例
急務
女流
肉体
両省
係長
農林
年次
地理
古来
賞状
眼科
要人
地面
衣服
主題
特色
県営
本戦
文科
急性
試練
医局
初代
品物
各氏
母体
洋服
余地
町内
外野
名作
空席
有志
資材
王室
古都
経路
門戸
死因
力士
身分
科目
現物
法要
風水
失礼
欠落
制止
営巣
自賛
独断
開演
主管
解読
相乗
当番
絶句
出金
力走
野宿
植林
号泣
減量
公言
布告
用心
分化
長考
真似
乗船
配合
北上
消毒
転出
分業
雑談
食害
検知
思考
休学
復調
分解
訓告
散発
欠損
代謝
生成
発会
特選
遊泳
転居
焼失
破断
筆記
通院
訓示
連取
合図
伝授
増産
雑居
制圧
導水
出国
観念
政談
修習
着衣
往来
電化
試作
投薬
自営
愛護
的中
交易
刷新
点灯
編曲
断言
節税
転職
開校
根絶
登記
全治
発刊
改悪
精査
水死
心中
完走
実証
改名
所要
復員
休戦
分乗
面談
完売
解職
氷結
出走
始末
迷走
減員
願望
試食
決別
協演
接待
返答
適合
係争
落下
転業
肉食
打破
増配
先決
加減
出力
焼損
公定
連判
検挙
引当
進言
入金
直属
親父
墓石
鉄製
音声
部員
消息
不作
立会
副長
大地
行楽
書留
数学
地表
海洋
雑貨
定評
風土
表紙
店長
軍国
兵隊
使節
名曲
乗員
夜空
本館
短編
西岸
美女
市政
船員
車輪
工員
悪夢
戦術
良識
農場
極右
右前
何事
野草
全容
森林
熱湯
春季
労使
本場
活気
境界
初歩
駅前
係官
教材
同府
進路
口径
子孫
母国
大佐
公営
州都
国有
軽油
王国
雑草
食器
地主
学院
比重
楽屋
総研
原画
情熱
議題
実勢
損保
肉親
熱帯
本文
最短
社報
親族
地銀
円形
初任
弱点
兆候
先番
陽子
立地
路面
戦災
手順
油絵
左側
外貨
大仏
語学
河童
合間
終身
信金
電器
打数
手口
幹線
国軍
水位
要録
教養
経歴
荷台
村人
判例
原価
細管
機体
同所
役場
本業
正義
題名
根底
文言
欠点
対岸
文庫
順応
復刊
根元
白色
半身
各界
手足
問屋
武士
仏語
有給
辞意
心情
売店
極地
根性
精度
税額
点数
高検
反日
愛国
海運
種子
倉庫
波状
単品
足首
全線
歩道
発作
暴投
試案
花束
自室
王宮
管財
落語
文部
国益
貸出
見地
当社
損益
左手
夏物
物品
神話
様式
球児
元首
倍率
果物
言動
快速
両校
公海
毛布
議事
貸金
精力
題材
名残
口実
東北
風味
島民
師走
同博
里親
民家
流血
例会
園児
全店
心境
目頭
県議
功績
定説
町村
直間
重油
米人
前例
金庫
屋上
目安
地場
館長
責務
同機
口元
民意
大台
天候
標語
標的
考古
産物
自力
元号
会費
示談
地名
民法
元本
係員
書名
木工
中古
週間
友愛
無線
戦士
花輪
分会
炭酸
気力
構内
口頭
区立
秋季
無実
総連
社団
左足
部活
上流
好意
市有
生体
後者
反動
街角
目録
楽器
年頭
利付
指輪
自費
大空
船体
局員
人手
洋上
道具
先手
校庭
来客
際限
小委
有料
弱火
同種
景色
在来
乗組
原型
学識
神道
紀元
同委
間際
職種
船長
夕刊
品位
悪評
手元
先祖
前面
法定
毛虫
単価
通路
本国
文物
謝礼
球界
空前
成案
王子
祭典
新生
仮設
倍増
休養
固辞
授精
増進
察知
同化
入港
分岐
合体
着想
新調
来島
好演
思案
下見
居留
定義
伝来
開門
単行
完歩
特設
愛用
仲買
説教
接見
賞味
上程
賛助
失職
集金
大病
完敗
混在
記帳
走破
財投
直言
流転
試写
暴言
知覚
再演
確信
休息
遊興
造語
失笑
所期
過信
実在
反落
在留
発熱
独語
死守
考証
調合
改築
来館
受検
土着
増長
半焼
定植
伝送
内包
下校
特筆
完結
混入
貯水
禁酒
決行
適応
出港
動作
左折
進入
入村
大敗
発進
断罪
自給
断食
決心
解題
所管
転売
完勝
布教
留任
混成
待命
代休
統率
消去
楽勝
大別
固守
護衛
落馬
演算
注力
安置
宿営
配線
現有
精通
常用
加味
帰京
交差
変質
暴発
着任
中和
開局
先着
現住
混血
産休
談笑
来店
再来
留意
立食
発育
野合
接客
発車
新任
放言
再任
自白
記名
起業
開場
送球
右折
試飲
印字
切望
給油
動転
勉学
対比
入所
改札
落球
信任
内助
減価
航行
点在
算出
休耕
目印
進級
全開
設営
苦笑
転身
快走
注入
放流
熱望
命中
布石
興行
急造
飛来
逆流
山道
外見
山間
水面
赤色
牧場
飲料
客員
人文
頭数
編者
生地
通常
各人
内実
長期
車中
平常
反面
古代
中葉
戦時
行末
最初
史上
冬季
時季
天性
旧来
中世
前期
現代
食前
明朝
例年
真夏
当期
日常
大方
生来
半期
早春
不断
半月
戦前
中期
真冬
当代
今期
平素
当今
日中
前回
満面
直前
時分
夜中
単身
前週
年初
夜間
朝夕
内心
前月
足早
案外
結構
真昼
終夜
昔時
明方
挙句
過日
目今
夜前
元朝
両度
産後
時下
満目
平生
大数
行先
末葉
当世
客月
今次
本年
初年
毎次
真際
明年
客年
去春
半季
近来
後月
他日
他年
他面
当年
昨月
術後
少時
大略
客冬
数等
昼中
日毎
夜来
毎時
当夜
毎食
時余
年来
毎秒
毎期
以上
方今
復路
当節
早秋
夜分
夜毎
寒中
本初
昨夕
満都
居常
帰路
白昼
後来
終年
毎夕
独力
半時
半夜
昨週
全日
当月
多年
例日
満場
余日
先度
各員
城内
病後
毎度
真個
以往
陸路
元三
近時
昨朝
旧年
再度
各自
初度
旧時
去月
毎号
当季
初冬
半道
雨下
終生
旧冬
終世
冬期
長日
月央
村民
下水
社屋
親中
機首
好感
素顔
主幹
明暗
青豆
投機
名士
高熱
豊作
識字
苦言
力点
半生
客足
医大
親友
同性
次席
中火
本命
牧師
学業
旗手
議連
技法
自前
火薬
金具
大豆
小品
同額
医長
気品
病原
青雲
教書
毒性
性別
官製
時価
有機
青銅
南方
酒場
実相
教官
沖合
部数
野鳥
回路
王立
外信
歯科
容量
駅員
大小
白票
漁民
機材
園長
両紙
個所
有事
大男
前衛
河川
正統
官民
生死
労務
特急
隊列
台本
副賞
覚書
横笛
戦犯
反戦
君主
大差
前文
速達
新旧
台帳
漁師
海辺
空調
歩調
物流
小鳥
特性
右側
投打
信念
通年
大卒
両像
新入
文民
特技
仮面
前身
古米
営利
初回
期末
酒席
外側
労連
出方
室外
大作
古着
素案
北東
公職
最小
材質
助役
目玉
接点
馬術
清貧
民芸
死球
羽織
灯台
事後
受取
政務
新品
上着
当事
庭園
風雪
外圧
親方
列石
特産
図画
本屋
転作
動議
通念
活路
線路
教職
水着
液状
両側
境地
仕草
適量
文様
外伝
夏季
出足
宿命
利点
図式
特番
便数
衣類
容体
対案
英字
天才
校区
戦友
効力
湯気
下方
義姉
芸者
大工
風情
次元
詩集
気圧
望遠
関門
議場
薬味
客席
食物
旅先
童話
司書
公使
親指
軍用
支柱
農政
強度
多選
水深
山車
点字
保母
年限
案件
自発
人情
少子
薬価
初球
結社
評定
議定
入水
合点
分別
落葉
気質
板金
作付
作物
月数
北国
冷水
町中
色紙
古今
気風
各局
宿主
雑用
前夫
地代
鏡台
実話
長身
法務
時短
中級
文楽
門松
羽根
別館
線量
白布
小石
賀状
意地
対人
古銅
酒量
週内
山里
全会
文脈
同率
始発
商務
情景
内線
男物
同左
転機
王族
年産
住職
仕業
体協
外人
青空
海面
歌曲
季刊
区民
炭素
綿糸
実物
雨量
手芸
重圧
全校
心地
山師
等級
氷河
金文
始球
病巣
国庫
役職
立件
暴風
茶色
品種
全文
用事
寄席
旗印
技能
工費
金貨
良心
電線
同村
新緑
作風
旅人
飛球
教団
血管
州兵
山脈
定休
林政
紀行
病人
洋酒
近辺
採火
確率
応急
角度
社交
下位
満身
全量
南国
秋冬
能会
社協
技師
大判
学友
弱者
次男
辞令
伝灯
条文
駅名
物産
同薬
香典
実技
愛想
貸家
労作
屋内
市井
島内
病名
本位
死語
要所
定価
開明
定時
動力
王様
資質
美技
部位
浴室
受益
岸辺
陽性
固形
主眼
芸人
戦中
低温
水分
伝票
極限
連中
関取
生理
修士
年下
世相
年数
送料
期日
正門
北西
同右
守旧
府営
満員
地質
和室
全社
故意
糸口
標本
味覚
旧制
差損
貸付
部落
字形
洋楽
悲願
兵員
武家
燃費
打球
別表
下辺
名門
都民
社寺
栄光
賞品
月産
後味
小判
水害
害虫
未知
気合
根幹
風物
金品
隊長
米価
表札
同数
評伝
不仲
時限
近海
当主
教主
利便
総勢
園内
内局
長所
護身
快挙
古巣
主筆
政官
本家
昨季
動画
相性
政変
農務
総代
駅弁
空白
人前
親元
新春
楽団
居室
局部
思春
生保
無言
街路
知性
護岸
無配
軍団
自助
原形
積雪
主観
特区
中流
時効
常温
辞書
小児
同志
酒税
風船
美顔
春雨
子役
所用
住人
実地
帯状
耳鼻
年配
前任
公司
低空
産年
軍転
薬湯
茶屋
名水
液体
土台
多岐
達人
強火
度数
下限
口調
管区
早版
公庫
競輪
船頭
水虫
各部
筆頭
食用
順序
同相
西南
鼻血
小麦
真上
定番
増勢
自筆
文政
夏場
人妻
質量
戦列
生家
水力
内角
定石
女史
法則
会報
新内
縄文
支所
未然
政教
寒風
医科
志士
織物
小雨
名産
目先
外政
国税
修業
出船
大損
平行
前後
大破
直送
間食
伝言
禁制
例示
低減
増結
来演
群発
引受
受任
転化
油断
北面
造型
要約
配管
力泳
混線
在席
散在
反逆
標記
日参
群生
製版
分散
護送
仮想
行商
下放
特約
転回
減数
予習
入局
直上
成形
判示
遠出
自転
登院
借入
帰着
大書
直観
始業
移設
協業
林立
改新
製油
来院
準用
設問
支度
移入
静養
受容
発走
自制
散水
自任
独学
接岸
熱愛
変造
着岸
反復
列挙
配流
応戦
詩作
強弁
起案
集散
特進
交配
公告
配送
包容
鳥観
在京
現像
合算
気化
自負
代用
妻帯
相伝
包帯
配電
希求
帰化
工面
才覚
折半
放任
出所
減殺
失効
放鳥
放出
救護
書写
代筆
来場
軽食
具申
軍備
確証
絶賛
白状
安産
直進
類焼
遊学
発声
入定
必着
仮定
静観
増便
小便
空輸
変態
計量
自生
形容
公選
検便
宿直
入隊
苦心
筆談
賛美
判読
建議
白黒
総計
入荷
風化
直下
減圧
係船
発光
体現
先後
断線
講評
冷笑
独居
付録
直流
連係
赤面
返金
録画
氷解
帰結
具現
暗記
入線
多用
報知
増刷
指図
別送
入校
寄金
低落
表決
得心
品評
変容
近接
会同
手続
物色
打電
挙手
厚着
読解
増減
他界
必見
中略
分断
用船
復職
独唱
受像
配水
薬殺
教練
接合
見参
肥満
打算
草食
発明
加筆
防備
遊説
流会
流失
関知
現出
大同
集結
失火
前述
減水
休止
造立
類別
在中
焼香
建国
発散
改組
気絶
整地
変節
想起
調教
電荷
必読
増量
文通
親近
再起
南下
感服
少考
交遊
賛辞
感電
教習
増築
帰属
選曲
勇断
流入
判別
急減
改変
写生
上気
復学
伝導
減食
貧血
来社
分立
入行
起因
栄転
高言
断交
輸血
作製
遠望
混同
列席
代読
返礼
集荷
改心
見当
多作
起草
船出
自適
予見
断絶
絶命
通夜
空転
卒去
守護
全休
口述
焼身
注水
増水
急変
返品
借用
整形
熱発
転学
落後
進航
着席
増刊
競落
成育
句作
失禁
落第
落成
暗転
手品
開戦
評決
試乗
負荷
起立
人心
余波
上面
各行
塩水
各組
谷間
新手
代物
紙質
内面
元金
酸味
上方
道程
商人
波頭
大根
何人
漢詩
前方
大雪
緑色
寒気
船場
秋桜
雨水
雨風
心底
音色
高台
通禁
通帳
残飯
都県
世辞
年上
礼金
耕地
有線
手本
老年
各線
総力
試薬
曲名
原文
時流
足音
漢方
公用
課程
電圧
工程
北倉
対物
暑中
青葉
鉱山
陽光
事案
仏像
実例
西進
武人
和服
悪女
士官
民生
島国
楽章
正犯
司祭
手引
建前
校歌
課員
省内
高地
土中
防犯
高給
雨戸
団員
最貧
血球
道県
強弱
前者
資力
作出
最強
総局
定率
在米
領野
法学
市価
口先
力作
先見
厚情
口笛
信教
点差
金物
効用
健児
残雪
追肥
祝電
横顔
機電
館員
代官
浴用
日刊
重文
菜園
会友
後記
正体
不実
太刀
人目
主戦
実兄
配点
官公
前歯
体形
文具
返球
断面
各店
薬理
駅長
軍民
文集
義足
常連
仮題
遠足
内耳
鉄人
毒素
林道
林間
実父
個室
見識
海底
立像
残土
内径
特務
顔面
賛歌
雑木
本土
船首
不燃
才女
変電
高圧
確固
農産
火力
自軍
行程
飼料
外護
陸地
遠洋
総出
武術
底辺
光度
局地
水利
長調
外車
組曲
名画
血幹
後発
水牛
番外
白子
焼肉
器械
毒薬
基幹
物議
国技
小人
連隊
識者
小指
手先
動脈
鉄板
理容
岩船
情愛
国費
初級
同型
天守
南都
決死
人命
全集
犯意
平屋
見積
半径
初夏
製法
愛妻
県道
首領
軍属
失投
公民
店名
画題
本港
必殺
部外
火器
道理
神様
年輪
差益
古書
長雨
少佐
当行
香木
見習
単月
町名
同軍
悪意
温水
石炭
全土
後天
同和
使者
麦価
土日
両人
本線
快晴
落差
情感
同小
耳目
建材
波間
美酒
本島
重荷
曲目
康平
算数
熱病
県連
実名
事績
客船
損金
公報
観葉
出色
法王
頭角
結末
実子
出先
学力
再話
土建
手動
老母
歩合
卒中
往年
家業
週休
演芸
左上
主計
水中
山菜
大金
前兆
車道
全曲
実効
水色
短調
原本
道行
道交
手際
好天
神事
土質
風習
義兄
死期
急流
半量
休園
店先
同館
天神
戦績
文体
重税
曲芸
雨林
同名
貧民
階級
略歴
親分
口中
等身
対極
民話
学徒
学童
決選
度量
楽曲
野選
両船
同位
洋画
文面
近親
季語
美徳
小男
冬山
利得
当確
場内
食材
夕日
常敗
旧型
道場
本職
演目
直近
無機
体面
力学
芸風
極意
雨期
親交
先人
体勢
外聞
前庭
正賞
青果
年賀
司教
屋台
国史
近景
風上
暴動
特修
市会
全編
逆説
医務
州法
西方
証取
破局
手羽
金鉱
同書
水球
水兵
知能
山男
支流
法規
次代
長短
国体
冬物
必然
航法
集客
心得
英断
教科
血統
前妻
記号
祝辞
国情
深部
秒速
手練
本流
日課
真価
老害
球技
雑音
所内
勝率
賛意
低音
武具
水素
特長
病苦
理性
学士
領内
細君
断筆
円型
元祖
歌声
金魚
法文
芸談
足場
体外
功労
得手
小目
守勢
曜日
電信
本心
正味
全館
勝機
外角
天災
天使
病室
悪役
功罪
屋号
名所
会席
規約
力量
長旅
茶番
定食
地形
家人
農協
主因
禁物
夏期
月内
元素
果肉
音量
労力
農学
能率
工務
評者
後衛
算術
選者
反旗
芸名
客数
歯石
田園
名字
産政
墓場
時給
新芽
中秋
和歌
天下
各所
局番
民宿
年商
炭鉱
魚類
家元
月給
戦型
雨天
冷害
軽量
類例
子弟
証左
別人
限月
歴然
判官
適地
道順
重力
急戦
総評
基数
学説
数理
黒板
念力
産油
立国
短詩
福利
所定
首輪
初老
黒星
土手
真心
外用
計時
関節
買取
出前
電算
館内
便所
医薬
金脈
薬方
勇名
商号
水運
市外
当方
鼻歌
終章
出来
赤熱
出漁
感応
口授
発議
教示
下知
根治
相殺
重用
陸行
放下
算用
立願
西遊
借問
直答
相反
黒白
物心
平地
反故
有職
急坂
余人
借家
小雪
金色
童女
総花
立合
人力
上辺
大輪
共布
水辺
白地
園生
新香
海鳥
黒子
角界
河岸
家内
各校
天地
声色
銅版
学舎
博徒
野分
身上
言質
春風
初孫
墓標
薬代
海路
老酒
逆手
夕飯
末弟
好事
石室
仏心
苦味
玉石
草木
性根
花街
型式
風車
弱音
流星
朝臣
素地
本領
右目
素子
低額
雪雲
語録
正伝
初子
鉄柱
門徒
鼻息
国鳥
目白
功利
本号
同夕
幸先
和漢
以東
用具
個利
東風
高弟
答案
漁港
詩情
見栄
山気
方位
間断
黒船
出自
雑則
花形
中等
冷風
本省
総菜
汽車
歯車
海中
表音
皮質
悲引
波長
逆風
博物
画集
学究
有税
文末
水屋
略字
貸間
墓列
大社
仮説
雑色
強心
小康
寺社
月日
不敗
車間
都区
走資
音階
村立
運勢
左飛
広角
版元
婦長
谷行
義妹
確度
運気
金堂
茶室
測候
方便
主犯
特効
塩素
向学
人里
小豆
血便
酒造
出欠
油性
以西
品性
合板
置物
人身
黄旗
代役
役名
白文
寒村
花器
黄粉
電動
字体
府政
火口
式場
魚肉
高配
生魚
大玉
残部
細身
絵馬
線区
特大
銀貨
仏体
史実
大夫
工具
女心
白魚
文筆
列強
光線
全形
横丁
前節
信条
下着
古式
円堂
時差
停職
低速
庭木
人災
石門
所作
期初
木版
州立
県境
同家
秋水
謝意
漢文
乗用
史学
成魚
台車
多産
同業
学位
家相
不学
古楽
故国
初版
対内
陸相
産別
分館
酸素
先客
神前
天空
滋養
曲者
元利
議案
形見
熊毛
暗部
東院
中型
新都
気功
手中
旗本
市制
口車
悲運
早足
白日
母印
上人
空自
毛筆
水心
路地
口語
近県
海友
大役
快楽
敗色
竹刀
所員
食後
必勝
官軍
資財
身辺
店主
香料
地声
動意
粉末
赤貝
神父
極寒
湯船
大雨
女中
省益
車庫
小差
年始
草魚
早道
病身
弁天
短長
墓前
民航
同港
農山
原産
表土
金満
当人
健保
音程
表題
新制
子女
旧交
水草
音曲
生身
実車
技量
下絵
弟分
産品
後妻
雪上
図版
短刀
通所
銅板
府会
肉眼
公取
黒色
元手
金銀
神木
章典
労農
魚価
天命
発禁
書作
害毒
極印
競書
血税
左官
面相
仏式
国名
情念
赤地
外形
複線
犯科
葉書
事由
大全
子細
声量
返書
特典
画布
大火
球形
防虫
後手
芸歴
境目
子息
過労
墓所
来歴
防火
共修
雪原
謝辞
助員
野性
性向
弟妹
人様
巣箱
愛車
図像
県政
大便
選書
街談
定額
快感
時報
小社
長話
天平
月光
死神
口数
次週
直情
花芽
見本
柱状
食費
能管
過言
基底
緑豆
両極
安物
本隊
理数
祭神
余念
仏徳
茶会
行間
男坂
文語
英紙
軍楽
勇士
精子
在外
苦楽
軍政
力動
絵図
市電
夜行
箱屋
築法
敗因
水温
信徒
陸運
温帯
団子
白番
時化
借地
引導
遊休
刷毛
立札
法量
足軽
少額
部局
開張
運河
間合
殺虫
保冷
他方
鉱業
工高
医事
実弟
慣習
理国
空文
氷質
里子
火元
岐路
赤毛
眼球
女手
国定
総業
平価
現下
興福
交番
各委
朝練
南庭
鉄路
未完
個体
数列
長物
中佐
議運
朝市
老境
信組
愛馬
残務
色石
墓相
先妻
転院
週給
貧富
大河
別名
長姉
名声
山河
経時
字引
県土
商船
心証
和洋
当来
歯根
税別
美学
区史
小道
曲線
暴挙
学区
成年
村落
他者
前歴
南口
口上
銅鏡
月白
野望
歌業
新曲
定型
戸別
別線
新館
自画
遠目
商会
東海
春物
酒屋
本能
説話
和文
当落
温情
石頭
上役
弱毒
式辞
体高
初雪
塩分
学名
適温
代走
不発
時機
給湯
塩味
真顔
横糸
入級
音質
弓形
名実
茶話
表側
法事
課目
目線
同根
無間
実益
牛歩
根気
見立
風格
死生
矢板
非鉄
軽協
電池
定形
下意
青天
洋間
海事
石像
物置
川下
食味
変年
計器
内陸
多客
知育
手管
本件
内側
旧知
多色
図学
最愛
成金
末路
愛児
後内
総量
親王
各次
農具
号外
月面
始終
断章
横車
北風
美観
電極
手編
日額
夜食
遊具
放列
図星
国選
開教
山王
参道
政労
果実
日光
月報
大群
読本
王手
銀色
笑芸
詩境
在院
気付
橋台
各位
静物
天宮
洋梨
義弟
続開
単打
正札
左前
塩性
事象
葉色
原始
年率
破談
日月
人中
同中
短命
歌道
便器
不問
同隊
領事
切花
子分
女声
新星
地平
小犬
庭師
他意
性分
夫役
悪玉
格言
地中
線香
代地
車外
死力
東南
徳育
子犬
古老
辞典
先代
申立
薬用
実母
悪友
社外
老公
神仏
特会
治世
長老
画材
導線
他馬
師団
苦虫
対空
右上
木札
機内
航路
臣民
常態
里方
歴博
秋風
英知
旧友
調度
公道
戦記
陸海
特製
毛根
単科
郡部
再戦
導火
外観
習字
法会
先方
文法
開講
黒石
陸協
半旗
器物
軍命
指圧
図利
興業
寒空
悪法
毛色
似非
絵筆
終着
買得
歌友
夜桜
商標
序列
場外
予行
大老
道民
岩山
同族
用材
眼下
特価
色弱
気心
町営
南洋
貧打
同山
備品
配下
最速
町人
復田
末日
願書
板前
天元
勝算
親米
無敗
故人
上官
初産
余罪
書士
候鳥
王家
魚心
先入
本局
古様
天保
士気
気勢
殺意
門書
前部
船上
銀河
費目
原題
新説
民政
人出
大寒
県花
口内
部族
正堂
糸状
白球
左目
本数
気味
後代
図案
学卒
両機
類書
暴利
満天
大義
洋名
打順
器量
星空
集題
名品
用件
油田
復配
北岸
船旅
造花
国父
語気
修身
高卒
汽笛
便益
役得
生計
任地
年刊
昔話
次節
営農
無税
題目
文教
中倉
分税
客室
無神
長計
神像
同高
浴衣
村政
日用
民業
子羊
迷信
牛車
秋波
海兵
悪政
国教
本箱
鳥類
選良
予科
洋館
生肉
記章
電材
美風
木製
兄妹
句風
自説
正副
火星
林野
引分
魚体
積年
内情
校門
石材
親水
周期
底力
遠景
産声
好守
社業
枝葉
小包
焼経
外事
秋空
洋食
小声
中団
米作
仏文
毛糸
入日
妻子
徳利
常習
水流
黄精
顔色
大皿
節度
夜目
講社
急場
赤軍
明星
群島
旧名
通期
本題
字書
女神
禁教
雑種
特命
厚底
漁具
実利
立話
耳元
各省
原人
死相
母性
土足
番人
精巣
社務
反感
上白
起点
成体
開運
節句
大祭
公設
音頭
王位
美境
頭金
麦茶
下級
表意
富商
体積
野花
文理
産科
主文
頭皮
家長
多分
元職
暗証
政情
物体
両性
応札
演題
高利
列国
祭具
右岸
南倉
官業
単語
北門
生気
所産
老木
英才
返信
家路
出目
色街
素質
雪国
養子
積立
曲想
集名
学内
名演
土物
茶柱
下面
風神
最深
体毛
正価
知命
頭上
色気
雨雲
水軍
女坂
馬番
投句
意表
後宮
土用
周波
米兵
連投
赤子
番犬
春期
白米
教程
大軍
居間
年号
開村
地酒
村議
国事
富農
横町
真空
老親
土石
学費
野辺
氷山
女物
魚粉
神風
詩経
都政
隊舎
人魚
行内
息災
鉱脈
大漁
漁場
多重
格調
楽所
内輪
名車
画風
画一
手鏡
全席
素因
汽船
開口
陸士
夕陽
伝令
仲人
大麦
朝野
地力
所行
漁協
深海
民兵
救世
能面
食肉
格下
貝類
銅像
電灯
理学
士道
多国
角材
童心
主知
旧家
消夏
格子
居候
暴漢
同島
図表
小農
新種
宿願
低利
労音
人家
風雲
両様
本元
健常
畑地
科技
仕立
王政
短観
求肥
階下
火種
香道
母方
明器
在民
少雨
風紀
戦意
色調
集魚
林地
大王
光熱
行年
病者
学風
軍配
春節
商用
水銀
側石
冷茶
中温
念書
単勝
職労
同心
末席
外周
可燃
羽毛
職責
参事
光速
金目
上布
都営
実定
風雨
口火
血道
政商
省油
大目
続編
政体
半目
道義
浴場
死本
牛女
単形
写本
機上
新税
料飲
海原
同形
虫歯
多面
鉄則
学界
水量
句会
兵舎
刊本
人造
領海
目上
料率
古手
本宮
暗雲
農道
牧草
州民
外電
原版
無休
編物
器官
絶唱
神童
官制
海流
生水
空力
火付
秋口
有人
入歯
法主
体型
光量
史観
全馬
救国
末代
顔料
余生
布地
無形
単願
成鳥
細型
序文
隊商
生音
石柱
美質
新駅
本薬
快音
副業
木像
領空
戦火
落果
前列
器材
春宮
予兆
続投
養父
旅団
国力
写実
中産
年会
実年
弓矢
同院
反共
良薬
外様
王女
清風
名医
矢印
遊行
変名
在世
安居
相対
直筆
自重
入来
新造
大息
交織
化生
造作
下手
対語
出立
細工
回心
注油
和楽
合力
雑言
成敗
出水
早出
徒食
点火
仮借
落書
留置
家居
発意
他行
円満
伝法
無茶
横着
相応
無心
安息
大挙
同期
印加
水書
検案
絶家
深化
領有
興起
増兵
再検
確言
道破
消灯
特待
通交
起筆
明断
増車
転送
節米
通関
査定
門出
湯治
特注
試行
耕作
熱願
重合
休職
栄達
続報
後送
受配
談判
低回
休航
消光
高唱
任用
生動
散点
再思
口外
約言
略言
遊歴
止宿
歴遊
査問
速成
接写
差配
安着
票決
結球
加護
口演
出府
救命
休神
同車
送波
修得
付設
発心
曲言
水食
説経
細説
借財
布達
初出
実測
布設
検死
送像
放水
念持
採鉱
固化
好防
植皮
外切
信服
持久
合議
絶食
同流
積分
欠航
参朝
内談
東進
実写
接地
出札
予覚
確聞
自活
解熱
着金
参進
固持
清書
独演
内命
宿望
訓話
見分
満水
内通
付言
自学
力戦
終止
直覚
追録
造血
同定
禁圧
老成
変改
去勢
立見
感得
参宮
造形
改版
群集
仮植
約分
放電
導出
局限
断種
礼賛
修養
製塩
停船
加階
予知
通電
引見
量定
全通
上書
作図
治水
空費
申達
雑記
変位
代書
省筆
規整
試製
投写
休心
布置
投身
内服
馬耕
絶版
筆算
案出
修造
分家
建言
転地
消失
列記
入信
消散
安神
発出
照査
送別
陽転
考究
混食
塩焼
訓電
手交
付課
先述
返本
両断
出仕
帰山
残害
服属
訓読
配付
入城
習練
得道
進発
図解
役務
細別
目指
自責
変約
問答
仕官
帰服
夜営
帯電
祖述
再刊
引接
応対
加勢
自証
終漁
送配
自得
乗算
入質
混浴
製粉
酸敗
調製
転変
寄書
来所
開札
寄進
述作
在荷
現送
辞去
代言
老死
血戦
写植
転写
変転
表出
愛飲
着水
順礼
破約
集配
単作
在社
帰耕
分流
代決
帰営
給血
対置
暴飲
出炭
苦学
標定
不参
入部
整流
答電
訓令
制動
思料
在役
説法
入構
自記
代議
感泣
混信
略述
均分
送風
転移
落石
死産
欠礼
小別
直航
造水
非議
同室
直売
節電
付議
買物
現前
製材
実検
心労
放神
散財
引証
通計
回議
下向
修練
朝礼
中耕
洋行
指向
起算
農耕
帯同
再製
直感
落城
受光
用談
出芽
表象
改印
周回
集成
開帳
対質
定置
口約
転貸
夢想
強圧
暗唱
減車
肥厚
追記
公転
内祝
挙証
分有
思念
在国
自愛
笑殺
報謝
弱化
受業
改題
当直
協和
帰投
再送
分水
思量
交接
同着
早世
思弁
防戦
公述
官許
入庫
伝習
集貨
接頭
終演
分界
自製
復航
相愛
読図
冷評
休講
自修
化現
組版
転位
心服
上木
自弁
常住
化育
速断
流産
整体
訓導
暗算
帰順
検地
自乗
多食
再挙
造営
修交
和合
服罪
流布
略取
下付
羽化
失神
曲解
発問
落手
雑食
作画
反転
素読
改作
考査
代作
切開
東上
塩化
起工
改行
精算
復命
重版
図説
来報
倍加
付置
変死
放散
真読
対当
加増
味得
帰朝
査読
混用
全快
修好
言上
委任
入梅
苦行
成約
減産
服務
助力
植毛
精察
圧死
営造
交合
入朝
頭書
採炭
消音
共用
回航
登城
開化
寄宿
実見
直交
在府
注進
変心
投合
耳語
両分
物故
道楽
内観
板書
暗合
内在
示教
黄葉
参学
塩梅
東道
印行
放心
弁別
平復
大言
来観
犬死
雲集
書見
防音
目送
内応
連接
照応
絶筆
寄留
受命
仕度
来校
混作
参内
要談
引算
直読
通観
休校
深謝
約定
配色
禁断
度外
血判
続落
再議
血書
味見
採種
着地
化成
助勢
高調
連作
筆写
分宿
美食
開板
移出
規程
読破
付会
使令
親任
和協
復古
折損
進上
布線
変移
護持
常食
活着
共立
代任
在官
自演
転成
挙用
速決
情死
朝賀
散大
徒死
問責
毒殺
編修
反命
復位
選歌
出社
先導
受粉
欠食
略記
公許
着信
生録
試演
追考
下乗
造林
海食
使送
仕分
代願
行持
飼養
回向
内約
欠配
速記
弁解
成型
流下
転調
来往
定位
放歌
止血
逆算
発布
学修
印可
群居
殺生
分列
配向
再版
底止
出入
下命
拾得
講究
増悪
復円
達観
栄進
手記
運算
本復
増力
自習
内職
証印
比類
横死
要述
具備
応化
低唱
改易
臣事
常置
上船
領解
親告
筆答
復号
参究
表白
生起
参上
公刊
失調
移調
試問
内達
問罪
入道
参府
多言
連記
着荷
帰社
合資
定立
全敗
投出
放熱
早産
写像
低頭
立身
親祭
検品
深耕
病欠
混交
使役
令達
復習
特売
宿衛
助走
選好
連乗
生食
消長
休会
検束
手書
当用
作表
兄事
着筆
重刷
逆上
行幸
築港
望見
同道
来談
相関
元服
別売
校合
参着
帰農
足算
製氷
周遊
計数
帰来
製図
検温
給養
仏参
力演
内借
着意
開園
失念
帯出
絶交
同宿
来任
参堂
調進
説示
念仏
別家
他出
因由
製表
回生
生別
強直
養育
標示
分売
精白
飲用
在校
通航
欠課
走査
読過
順行
節録
再転
改元
下船
寄生
感化
築城
給電
対顔
送達
教護
回国
極言
切言
来朝
名状
発火
参会
小破
禁足
大観
総説
教化
回申
信愛
集録
精油
進達
減資
調薬
愛育
検波
外注
自足
急送
明察
貯留
平方
圧入
謝絶
内分
応接
首唱
直談
連用
近道
会読
混生
要略
聞知
転進
測地
予察
出精
卒読
減算
小計
独修
属望
勇戦
臣服
来航
特訓
案分
回付
選炭
徒長
死別
実働
輪作
節食
他言
合評
急設
味解
転宿
炭化
赤化
着帯
熱弁
分村
半周
服薬
火定
直話
感光
特出
反目
公売
族生
参賀
直営
回読
接受
過賞
自害
点眼
重唱
毒害
提議
現用
配属
帯刀
目測
早死
想望
感知
内向
散開
代位
歩測
変成
間作
清遊
編制
示達
発願
着電
修学
苦節
再帰
自首
防寒
細書
代講
入室
造園
増置
注解
産出
完工
得度
製鉄
折中
内省
共栄
雑交
教導
毒死
回訓
歌唱
着火
治定
風聞
独白
陸送
結氷
速答
支弁
回折
官給
所望
長欠
育英
輪転
自選
急冷
空発
自問
育毛
近着
開立
休電
受用
植字
限局
商量
出航
示現
送出
徳化
下馬
白熱
採録
両用
通読
育種
圧服
修道
増反
暴食
在位
発赤
後見
共起
切死
明答
速写
集線
成道
下城
版行
参向
反問
談義
際会
配員
寄港
予期
平定
修築
作詩
切願
験算
発向
在天
具有
導通
成業
発色
作興
送水
続演
絶息
変速
起動
受電
面責
在職
回送
進水
快復
暴死
選評
帰港
分極
外在
脈動
伝動
自省
復原
留年
総和
目礼
失言
側聞
安住
静思
帰参
直立
温浴
風食
舎営
常備
特配
相似
音読
荷電
減石
係属
象眼
愛唱
放牧
特記
下達
急告
参集
協商
減点
知得
積算
転置
快気
試走
商議
転記
転生
減損
上申
休刊
出庫
挙兵
破門
多謝
複製
主唱
口受
常直
金打
重出
入京
体得
重任
急報
発芽
永別
放念
起居
立言
養生
圧殺
食言
会戦
鳴動
局在
変色
熱唱
追試
検眼
入営
鳴謝
感賞
過食
採油
入湯
減配
助命
通約
放校
理会
観照
後進
合流
帰館
暴圧
直通
広言
説破
保温
売約
改号
続生
伝道
合本
風発
精練
細分
回礼
選句
増給
再読
分合
来遊
類比
味読
倍旧
出家
神化
残置
結団
徒費
急転
自書
固着
放談
組成
習合
集束
服毒
連関
目算
経略
精読
信心
分留
加給
分地
変圧
落筆
高談
選鉱
複写
投石
連破
休演
課金
大食
訓育
解毒
入漁
復業
検札
反証
復唱
領会
想見
返付
急追
多読
分光
移用
検分
散見
再調
種別
焼成
口達
感受
分筆
採石
賞賛
輪講
開所
書置
活写
長居
火食
混和
講和
早着
失心
号令
着船
圧着
本有
帰一
親授
流連
直書
伝聞
客死
南面
後述
減速
会商
水浴
遊牧
節酒
仮作
独習
変説
独行
係留
投宿
着生
伝写
再説
代参
周航
敗走
行軍
判然
実演
唱和
建白
来着
行水
手写
在朝
順化
注記
正答
着眼
賞美
粉食
点頭
転戦
登極
唱導
墓参
電解
採血
整列
開院
前借
求愛
増作
代置
給費
会得
菜食
転借
後略
帰任
略説
適帰
西下
火中
確答
発現
運開
転住
指教
変型
下問
周章
流伝
整復
航海
特発
合一
加配
考量
横転
図示
親和
属目
接着
特報
別注
落命
列立
招来
検印
在室
等化
分節
同船
高進
別記
破水
費消
給仕
順接
開城
寄食
上述
馬食
軽信
進軍
戦勝
野営
送受
比定
防水
永続
入内
節制
輪唱
交感
告解
内切
返報
挙行
先議
代香
通園
節略
司式
送話
仕付
変調
終決
観望
液化
雲散
出兵
検算
講読
唱道
近似
義絶
外接
電送
公有
遊歩
精選
試用
前売
立売
在宿
店番
移送
文選
賞用
生害
先達
入電
進講
門番
代入
内接
逆用
貸借
例証
対生
出頭
山居
要心
力行
成仏
大成
入府
休場
終息
復交
開平
禁絶
追給
内用
前記
付記
加持
破顔
対校
調練
作歌
適中
省察
略筆
追想
返辞
練達
改編
競作
長生
来集
変通
色刷
引決
移築
慣用
配車
去来
来会
校正
挙止
製本
愛重
通分
別言
移乗
平分
停会
輪読
転読
独航
終業
自失
転乗
総見
指南
測量
南中
再築
陸生
転属
停留
返照
研学
遠泳
油紙
気色
遠近
西風
黄土
築地
文治
客体
飛白
天道
本所
音信
本歌
罪人
白馬
白銀
黒土
白雲
居所
名聞
国風
出鼻
生花
後生
氷魚
浴客
板木
客語
求道
大君
子音
合印
花弁
良家
陸風
字面
客舎
身代
末学
苦力
天漢
手職
下作
水底
月代
差金
女形
急火
他所
立方
新道
出面
前世
空言
水車
総身
深緑
悪日
毒気
前頭
技手
玉章
故事
経典
賀正
横道
能書
強飯
各回
生得
部民
先王
素面
真書
副官
詩歌
遠方
白首
空地
地熱
初秋
仏性
長刀
横手
黒衣
前書
中日
金肥
白旗
略解
長歌
高音
悪行
山手
法衣
男気
大望
土焼
古寺
風体
雨足
徒花
仮名
空手
下図
石綿
主命
歌会
頭打
血眼
金字
罪科
神酒
切羽
冷酒
祭文
番頭
白眼
工合
軽重
雲母
漁期
去声
空車
主客
母屋
和声
精兵
道標
法度
末子
新仏
近習
白炭
黄銅
外輪
電場
検見
人外
先負
付人
外面
末孫
声音
金口
漁火
山家
曲事
短夜
強者
高話
人徳
名代
白衣
細目
雑魚
正目
師家
人足
白夜
法体
面子
白熊
神代
禁漁
生薬
無性
山人
身命
下屋
利札
修法
高札
点前
石庭
竹馬
女体
大業
粉雪
行場
花道
悪血
文身
高低
手数
言下
女官
人頭
文月
兵法
石工
細字
麦秋
金粉
財物
有徳
和名
手札
宿世
初春
残火
眼力
母音
清規
大願
船便
反古
浅緑
灯火
白金
不治
手水
前金
悪名
末流
大身
天日
高足
行来
天火
生業
大兵
船倉
現世
人界
編目
人屋
流説
海神
仕丁
大字
深雪
男色
月次
正本
白面
分限
草屋
船主
旧版
小路
客土
合判
形相
血脈
足下
大所
船具
近眼
子規
功徳
常民
別後
心血
軍法
学課
発条
青色
現数
職歴
他門
林産
船人
仏道
期首
銀鉱
連送
冷気
名答
君子
寄場
来由
風評
両頭
井守
清朝
失意
物性
美育
切首
気位
大兄
歴年
円周
悲話
天声
塩引
等比
他生
神明
帯紙
芸林
種皮
悲報
受口
茶入
曲玉
長子
入海
雲水
円本
本学
和様
主神
印形
元方
旧聞
合名
徳性
平泳
節義
法印
書志
鉄山
文事
守札
歯学
原罪
上側
鏡板
失費
雑歌
標縄
文中
英和
焼野
馬肉
角書
原液
絶間
追手
迷宮
河港
等温
残余
折紙
倍音
菜花
工船
雲気
細道
位階
命数
再試
原図
音大
菜館
同気
新報
国利
往信
才略
海戦
人性
厚意
水神
遊民
達弁
同学
同音
熱線
新雪
各室
情意
心月
次位
肥土
県人
早天
平熱
主用
雪景
小書
活計
塩物
母上
形木
家運
公電
風防
城下
和子
流矢
路程
商状
答辞
船室
馬草
軍服
無熱
切石
言説
川竹
会所
国界
電熱
生木
正念
相者
白張
本石
重工
中音
常命
強電
順法
名乗
口角
宿所
徒弟
張本
重石
金力
老兵
公案
引船
年増
連枝
良能
湖上
新湯
報労
力車
刷本
未生
半輪
正貨
精銅
情合
電位
非負
先師
暗流
格技
有終
風声
暗色
魚屋
分銅
官有
現当
都道
残月
実機
借物
間縄
不通
山立
首級
白下
貸方
鳥人
品玉
養老
単向
術計
中折
川中
新顔
農舎
早老
護法
筆勢
最前
側室
間欠
病態
海気
目方
荷馬
連山
気節
寄人
情話
短所
血清
近目
日食
当山
名案
星章
語原
悪逆
島台
頭注
大刀
方形
対辺
駅路
組歌
外地
前芸
中肉
麦笛
礼法
横隊
引鉄
記法
金元
下種
遠見
常談
鏡銅
面白
地象
梨園
人後
名文
不帰
番卒
帰心
丸損
主辞
気脈
湯元
雑考
祭主
先例
法問
余類
南港
続飯
機才
宿徳
失政
大勇
冬芽
正妻
兵科
街道
観相
照星
職分
生皮
船用
内界
損所
立春
下女
和算
小火
倍額
南限
銀輪
前条
打歩
有司
信女
断固
長道
失態
草紙
借着
酒代
美童
提子
文台
子持
苦役
地金
横物
軽水
後身
神変
油単
宿業
客人
信書
雑仕
戦敗
事物
水雲
丁半
芸界
愛別
折山
往時
新兵
青竹
測度
男工
天界
達示
市子
立毛
葉虫
後住
兵学
上根
温気
真前
横木
馬追
考課
南海
地勢
義歯
旧物
和金
太線
得分
子葉
岡三
高士
張子
略号
方角
人証
切札
法式
本会
左府
練物
未成
良筆
何程
好漢
空位
海里
本管
戸前
投物
年別
城門
切米
茶味
式能
黄道
朝政
興国
血色
公人
語句
大局
商才
虫気
各個
声調
月評
清流
文責
悪場
整脈
禁書
等号
会則
産金
全波
旧人
土留
門流
特用
具眼
水冷
山幸
鉄心
雑筆
半紙
条令
清興
力紙
素魚
教義
天水
飛板
功科
得体
灯光
野次
経文
後事
法楽
平版
高堂
構外
条目
軽焼
根号
門灯
交点
仏力
本船
白銅
成語
功力
時運
神文
京童
入相
秋冷
王水
飯事
用人
発頭
型付
付目
前場
婦徳
雑念
営養
精液
果菜
朝顔
電路
好戦
次女
詩格
借間
司政
言外
高評
旧観
置市
低質
産湯
新来
県西
子安
辞世
快報
火皿
角行
原注
暗箱
加法
音容
徒者
育休
勝地
付子
内積
軍船
極熱
好例
文案
好漁
良相
通草
天工
肉筆
旧習
築庭
毛羽
実悪
不犯
代品
妻戸
遠島
太極
器財
節気
香油
真打
準縄
石持
雑費
病理
無業
治効
価額
流水
岡目
投信
雨皮
水肥
再三
社運
前説
駅手
単弁
声帯
礼服
組打
正編
放生
野山
適業
引札
眼底
海参
水星
原色
信望
書札
授産
位相
電工
欠文
合服
雲際
求法
母港
黄玉
木具
仏果
歌意
直弟
聞耳
急便
氷海
率土
造兵
予価
角質
短音
留山
院本
正方
料紙
現形
術中
宿料
矢立
複利
仮病
倍数
男波
旅宿
司直
松風
鉱区
空際
水根
良貨
玉子
青草
国号
話者
知友
漁色
黄梅
飼葉
開基
自利
聞手
血相
足湯
原級
波高
悪習
道家
詩形
雪路
夜宮
帯祝
英図
船客
旧例
町場
帯皮
中宮
目色
名君
厚子
残暑
根基
暑気
局紙
満室
害鳥
田遊
営庭
選集
堂上
学績
快刀
逆児
日給
君徳
戦功
表号
名園
語法
乗打
平服
病根
通人
宿帳
名器
逆修
乗数
語勢
習知
自公
田植
親好
公舎
師友
大入
連体
金的
粉本
県令
正法
工兵
正号
茶利
古学
底面
銀波
真因
転注
金製
黒地
後光
正室
雑犬
連年
転結
精義
遠道
眼目
上戸
売価
各面
分団
無月
式次
才幹
徒桜
野点
同県
民活
目高
帯地
弓術
弁才
年強
白州
代印
地文
修史
上天
義旗
悪所
面部
正訓
国府
下人
達見
折本
農兵
全県
別製
章程
内属
死病
古記
門人
星眼
綿毛
半弓
象形
留金
前車
矢文
基体
禁鳥
女持
中綿
梨地
売子
小半
複方
複文
血祭
旅銀
解語
後葉
和上
変性
角地
時世
氷炭
成典
水勢
油土
鉄条
全景
水母
小波
次数
術語
作中
士風
外商
中口
君公
見目
民草
条規
上紙
終点
神典
上長
多照
本校
持仏
禁門
科人
破竹
矢先
守刀
素見
借方
牧者
雨後
商略
連対
借景
家令
前人
定規
極貧
不感
外皮
遠海
酒倉
祝祭
金星
米語
鉄材
新字
共学
体用
性行
正覚
重器
晴眼
木質
楽士
可用
悪文
内記
校風
放資
火夫
絵心
原生
悪筆
極性
両得
使番
半眼
方図
外宮
才徳
酒色
名犬
作法
墓表
引縄
古文
帳面
養家
台子
白根
豊漁
清談
金平
地口
原酒
和物
花畑
積悪
乗物
族長
語脈
末技
水菜
点茶
原綿
星雲
前編
名店
小形
名節
真中
文士
暴徒
生紙
無音
小暑
茶器
質札
綿羊
大徳
古物
功臣
検体
全市
印池
会下
板屋
学則
折角
情理
点画
山妻
下表
素行
人夫
黒目
見付
図録
利所
水仕
舎人
練炭
入子
側節
先限
直伝
神火
画工
赤鼻
仏経
常勝
学兄
遊楽
初荷
公事
経木
年利
政友
大序
助士
実方
死文
母船
常道
白歯
返点
質点
空語
民力
聞香
丸取
他心
雪白
山海
差等
何様
階数
来光
実害
許多
置数
弱電
委曲
田地
研北
空馬
公主
波数
億万
民地
別物
青物
室町
雪消
中食
名手
原音
神君
機織
名利
船底
政断
雑品
羽車
配役
群臣
令色
神授
鉱物
適例
非理
月読
死票
原隊
熱風
活花
個中
岩根
花氷
生色
化工
全角
鳴神
玉代
画会
散人
合口
花鳥
前景
法師
国学
夢精
国許
明王
旗日
便船
雨中
負目
月極
印肉
電柱
国運
次序
小事
曲師
悲調
練糸
電設
食間
合方
子日
魚子
花梨
強談
昭代
目角
金鉄
熱血
玉目
弓道
死所
質物
知力
平手
想念
金枝
採草
持経
平信
常春
強味
列代
雑話
教生
病害
師弟
古紙
情事
地虫
実状
書付
折節
悪才
横波
席画
後金
小伝
間夫
基質
武運
戸主
各市
飛報
正中
塩花
単眼
肉牛
庭梅
病舎
熱度
通番
日豊
底流
口取
仲直
永生
下番
黒豆
頭分
近間
楽節
字音
血族
油圧
頭重
小才
本然
金波
最少
仏画
額際
湯花
容色
賞辞
識語
間道
都鳥
分数
無地
象限
日新
火切
実科
雑然
兵種
世才
才力
黒血
明主
陽報
立居
別当
何分
軽卒
不死
草取
兵馬
上記
経書
合切
国文
共編
原毛
語格
黒酒
親鳥
年弱
明色
野手
全局
軍門
妻板
心耳
無辺
北限
破屋
立礼
科白
前科
精農
序曲
前史
頭首
中編
軍営
身根
暴状
初経
病勢
金主
草子
名句
工期
旅所
受入
身空
今生
次兄
立志
天女
宿悪
造次
神鏡
道人
荷縄
職名
農作
演義
馬主
雑録
悪者
希書
父兄
条章
音物
鹿毛
述語
赤土
体感
才芸
眼帯
夢見
草色
機工
緑便
止金
雑感
演武
関屋
初夜
冷性
持前
序次
葉酸
中天
本章
苦塩
同体
留湯
悪念
土民
接眼
単音
旧約
要務
水玉
里数
仏工
遊子
大鹿
全品
弱国
質屋
非命
別便
仕向
焼鳥
灯標
毛織
接木
宮中
版図
切火
待合
選科
副食
焼玉
空陸
貝焼
原麦
熱性
逆順
近国
落口
良種
工大
村勢
聞事
土語
立板
県外
小業
半円
人達
紀年
当路
向暑
来復
空豆
財力
岩石
代価
原肥
旅心
福引
竹紙
外客
画然
語形
小頭
句切
中表
常例
松虫
鼻薬
総領
徒事
員外
兵備
秋分
広義
話芸
鼻輪
金輪
波線
妻室
両部
長兄
無宿
新価
秋気
文人
修験
本願
祭式
船虫
選対
高飛
道術
人語
薬園
見台
無反
和語
義勇
用命
頭領
残夢
外材
白雨
現品
無色
食指
老眼
自今
志気
板間
温州
単色
省力
教本
酒塩
出花
宿根
酒保
石高
高点
臣節
官服
宿屋
令孫
手心
夜直
往航
北画
神都
風圧
家老
年額
明君
正史
方術
落魚
多義
比熱
妻達
義挙
外界
低位
鉄筆
方様
武官
法官
布令
残年
天草
終期
目星
歌切
武名
両目
質草
画賛
薬石
材木
包金
早業
仕種
大波
官営
曲節
大要
対句
約手
夏休
物界
弓勢
不戦
前件
単車
神性
男心
星合
談林
宿老
重代
素生
祭日
絵素
海員
取前
自他
細則
状箱
折線
教学
首罪
語手
業法
下流
回春
焼魚
動因
電文
夜寒
程合
他県
物種
外報
牛皮
時数
精肉
服地
船足
無季
通風
副因
鉄血
虫酸
着類
長夜
日切
本法
仕材
知歯
茶気
制令
新木
意力
得失
日計
白玉
定性
機外
冬営
鳥屋
銀漢
旅物
茶人
死目
暗君
時候
勝運
複本
見番
版式
選外
追福
日産
対格
孫子
神馬
主持
連子
引手
全車
首題
兄人
漁父
軍神
目鼻
別品
眼前
無量
運上
功業
山女
強国
式服
川船
仏書
感度
中点
重役
張店
心根
特賞
多毛
末法
精舎
令名
客種
進物
陸湯
後会
君王
用筆
極点
楽師
史話
型番
春寒
苦熱
京女
選言
受苦
仲秋
旅程
旧態
法線
軍規
行宮
特電
落花
絵像
業態
初筆
原票
名札
仏家
当市
物日
教祖
炭価
細波
氷野
用金
挙動
色香
入方
港口
古事
有高
検車
文略
良案
金位
水貝
両前
備考
山寺
先天
中国
無産
花台
親船
用役
風災
老師
好季
君臣
織目
守神
日和
正員
色町
角灯
鉄管
草笛
指物
悪気
令聞
筆画
軽風
負数
起票
等位
帯金
葉音
見場
同色
馬陸
豆炭
長円
父様
山神
形象
基肥
里人
乗具
路銀
間借
禁中
朝酒
兵役
約音
秋期
節理
流人
校友
増価
宿場
参差
常人
社中
風害
左記
過料
夫子
水生
適作
時節
小布
父祖
水差
眼界
詩史
性器
保線
余毒
有史
電球
外史
余栄
字数
小職
要路
名花
切岸
楽土
残物
食通
軍使
産学
官紀
良民
余病
活版
接線
不弁
結言
成文
非時
属人
単発
毒物
等量
強酸
悪形
応益
表地
各駅
金持
図引
教典
標題
雲間
金賞
好学
労資
緑眼
経水
神米
現官
中限
泣言
初等
香花
移流
取組
空包
銅製
現高
陸戦
国花
氷点
民選
物象
品格
和書
県下
側目
新政
地階
水魚
破子
断頭
帰命
教務
飲茶
守兵
横目
雑書
領地
行金
礼状
時様
自象
夢路
内入
末位
買主
案文
水声
法典
紙子
適職
水木
来意
新本
大功
校外
他力
戸車
早耳
現員
作条
門下
売主
官選
身状
便法
悪相
山水
引際
定理
金貸
多雨
助炭
和習
中気
素話
洋室
外局
部類
国電
歌合
地頭
外字
下目
右下
弱行
社主
工科
真理
銀笛
軽挙
心気
気前
動労
水音
容共
保金
上玉
会務
鉱油
光頭
家主
機知
真性
平体
罪悪
水計
人台
公序
天授
外題
福分
原器
小兵
野羊
心算
氷柱
船団
反歌
母式
海布
所説
黄身
象虫
内証
河清
麦畑
縄手
時日
原書
板目
礼者
堂守
山行
主査
神格
精虫
主音
県別
引数
足代
矢来
有休
節織
名題
武辺
気管
軍刀
社線
白光
打切
取札
要点
逆子
不具
式法
枝折
板元
法例
良港
君達
結節
兵家
測位
週日
教条
満堂
牛馬
告祭
死身
足形
工数
家例
絵師
荷受
場代
家格
小身
馬料
余談
別報
夜気
秋興
張紙
武事
王法
総有
復文
足技
弓手
輪状
本科
先夫
良友
機長
東天
加里
借手
母型
楽人
親許
老臣
属官
日子
大部
両足
講料
政客
成因
老婦
能事
治略
本官
不測
産前
下界
助辞
買薬
別院
言辞
低地
容積
世道
月夜
家伝
富強
副本
鉄輪
略伝
王公
木精
毒筆
科挙
下根
米飯
故実
化物
界線
馬連
暴勇
複音
箱書
冷麦
命脈
豊水
住持
労政
左角
薬玉
話頭
基部
張力
勝勢
宿雨
性状
緑肥
林学
衣手
重囲
書役
後朝
全音
雑文
教具
本城
花園
夜話
課外
用次
秋高
位記
丸首
名主
寺男
局報
有生
急病
切紙
反照
天理
精機
船内
点薬
町役
医用
余光
後目
官学
麦湯
飯場
乗合
才取
何等
春画
新体
風教
天台
貸席
結界
標札
家集
利達
対地
不買
港内
副木
言責
草原
丸帯
飲水
画商
変物
星夜
流物
青地
火色
末社
宮居
水絵
毒液
置屋
米屋
悪因
荷札
漢書
緑野
間者
適言
数社
赤貧
絵付
消口
径庭
測深
勝味
天上
古音
官版
支脈
成心
投売
残欠
男声
軍務
地物
取調
熊祭
名付
士卒
義気
有余
才人
油送
図形
列後
園地
門付
戦地
枝隊
英名
群青
出湯
満月
動産
学制
今風
旅路
詩学
小春
帳票
冷肉
敗報
寒流
計略
米麦
明夜
祝勝
神学
手付
語意
小字
経度
軍功
北洋
重科
票田
所願
朝家
先非
面体
大志
歴数
道歌
仕切
句題
本草
雑粉
石竹
歯音
祖業
心頭
定圧
農事
小母
荷船
手鼻
細事
浅春
上代
院試
委細
組頭
積荷
音字
手合
大公
関頭
地歩
玉門
方案
精分
雲上
暑熱
束子
回章
重犯
麦雨
仮性
断然
間柱
矢玉
果皮
特等
紙屋
温習
他見
社家
益体
青毛
義金
豆本
近衛
特高
月余
型名
種油
在高
地紙
余寒
有界
液肥
防暑
馬市
国領
公法
飛台
大法
軍医
不例
良知
米産
綿弓
根菜
辺地
連火
史脈
柱石
用量
笑気
編組
油差
金頭
小成
光点
船板
満山
付表
見合
母線
非勢
売場
停年
借料
職階
生酒
飛信
夕顔
婦道
反米
夜昼
火屋
教門
文官
本妻
人知
君国
赤手
薬師
産院
足芸
公徳
結綿
判取
間服
現時
典礼
地境
日照
行旅
青酸
糸底
青玉
板子
内庭
神水
不文
明文
切点
後前
緑酒
無雑
根城
原典
便服
所見
父方
易学
山畑
紀要
木馬
未発
太物
興産
植生
業風
研師
真金
中卒
損得
地米
悪貨
他家
政事
内所
生面
切妻
通力
定点
物証
法条
追分
来示
日動
広前
下司
軍兵
定命
返札
切所
出会
倍速
飛石
深酒
武神
真竹
春光
速算
和人
無文
景物
牛刀
織地
商家
置字
現制
貧苦
量水
真底
定見
天機
相席
外教
枝炭
側圧
別電
空理
友引
秋日
街灯
刀身
年取
空身
悪神
世情
和字
薬効
常数
年女
草卒
信者
水明
戦隊
飛箱
国典
練武
月来
鳥追
枝道
残照
月下
下名
細引
老体
手旗
飲代
分際
学賞
馬頭
東男
部立
根太
余情
税政
当限
西国
鳴戸
才識
天分
産土
洋書
出典
便通
飛語
兵団
炭田
弱年
感興
常世
早月
良法
徳義
辺境
原品
根深
参議
今様
基音
重機
量目
牧民
天孫
防風
在方
舎費
神気
小国
県費
見世
応手
小変
自余
標灯
類字
月色
古色
直中
青虫
大船
城山
火手
年寄
着駅
守役
赤心
笛竹
東歌
明神
独楽
語路
鉱産
典章
人馬
実線
冬日
器質
丸打
塩豆
送状
再犯
力水
業報
始期
河馬
直積
石弓
実印
色神
間代
西経
官舎
様態
極安
灯明
遠音
光波
中門
群落
仕合
絶景
竹輪
福運
持家
標注
羊毛
今体
種本
死脈
夕波
級数
家数
士関
年波
真人
短章
細小
共管
先史
群雲
富国
無欠
鼻紙
筆生
枝族
球状
各週
枝肉
知音
耳順
白兵
立冬
気体
夜具
全階
実像
感能
冷眼
織機
常会
快技
社司
官位
死毒
質店
炭庫
葉脈
再往
福茶
月役
楽典
学府
天質
流罪
高教
兵務
仏子
中州
短資
重心
草月
内皮
天金
夏型
食客
緑青
文箱
連夜
文目
人波
言行
秋色
門生
横列
旧教
歩度
局所
湯屋
指分
栄位
建玉
申文
大戸
天顔
白身
薬草
等辺
逆旅
角通
目路
支点
始原
絶品
荷足
今昔
損気
理財
平温
早口
明度
領分
正眼
経線
変人
岩組
金石
番地
雑学
同勢
帳場
防具
行頭
高空
式台
歯肉
仲春
和製
同属
死線
通言
戦野
有色
理知
目次
旧作
中風
色女
大名
炭山
不休
徳政
重弁
水火
残品
夜会
書証
圧制
生節
水船
円柱
各科
体液
京菜
独往
快足
小編
流者
小鼻
前足
易者
他動
縄目
義手
利酒
局方
教案
英学
赤目
魚族
寄算
自注
玉菜
故紙
各課
序歌
主動
香味
武徳
調帯
有識
有期
残任
声望
方円
庭草
美田
小史
停刊
商館
兵火
種牛
刀工
血豆
平皿
国大
大暑
火縄
初音
台辞
水際
正負
初手
常体
後件
同線
富鉱
選民
血粉
絵具
東国
馬飛
経口
学資
身心
悪書
桜花
単線
非運
国書
富民
老生
戦旗
会規
表皮
招電
心術
天辺
石筆
英主
常夏
祝言
近状
表門
楽天
月見
本堂
側部
小勢
清福
士民
祝意
手車
門歯
長文
料地
先箱
土気
重陽
田打
本性
社歴
急使
春分
道心
雑曲
元老
晴天
無常
分社
木末
例月
初口
番手
比価
東屋
人才
図体
宮門
持主
初会
快方
小名
鏡面
暴民
次点
手長
弱酸
不義
素性
重苦
直会
季秋
月経
力業
家来
水損
終車
大悲
古筆
社用
野史
軍略
近業
路次
札付
園丁
定量
側帯
名工
花期
顔役
血目
天変
加水
留鳥
首府
皮具
経堂
地相
初刊
目板
民心
別格
山相
公印
義軍
妻女
所伝
地内
高祖
食分
類火
美果
歌心
雨間
無声
公会
他流
正調
早年
魚道
林業
道学
丁付
町制
重言
春本
常節
帳合
上略
玉総
義人
上作
西北
別種
温色
美名
色情
小間
陽動
両損
報賞
赤道
風鳥
利器
木炭
賀春
造化
海人
船着
王師
平身
上使
焼金
厚志
末寺
打物
軍歌
要目
悪漢
起電
物見
連語
対日
世故
博労
見性
家臣
札束
王城
父老
詩才
線分
冷然
元結
直音
薬研
通運
願行
野老
余香
下肥
雪見
清酒
見料
医術
神子
玉体
総状
空列
当課
宿志
逆理
待人
手相
名識
外米
清元
婦女
果報
学務
王道
仏説
雪女
前側
銀賞
病変
付焼
省令
歌学
小者
寒月
余聞
両家
相好
外港
余事
積雲
上板
無題
番兵
東路
往路
筆法
長講
軽石
馬車
薬礼
語口
原資
木表
早生
強兵
空説
和学
不才
長久
小乗
製織
開祖
流造
足労
出初
市部
挙世
宿便
県南
買弁
悲境
故由
差引
都度
読方
能動
深交
下前
羽衣
焼塩
知者
考試
寒梅
荷役
日待
金歯
観法
空音
仏門
社風
書風
続物
毒手
心妻
必用
旗標
地神
番線
月番
始筆
基点
区切
病家
精気
状勢
声質
秋草
全港
真土
永世
羽子
悪食
平準
元帳
車力
銅器
有心
戦歴
新身
手下
国人
死角
族制
黒毛
天球
人買
陸田
義子
代脈
下男
来者
音像
昔日
各館
因習
容顔
明後
牛耳
未刊
先様
統覚
本四
直人
軍資
肉粉
下士
青馬
高説
使丁
線表
泣女
高察
初耳
魚肥
北町
石組
舎兄
民望
門弟
平語
同工
訓点
資性
寒肥
酸度
弁理
入費
庭前
間口
石板
正道
氏神
故老
丁数
変局
自流
全能
後室
地雨
子中
氷雨
白湯
野戦
口器
極製
兄達
清音
小径
実意
現今
分力
洋語
城府
労協
白梅
徒手
空似
故主
庭球
天人
台地
春着
犬馬
遠国
小手
体計
根付
林相
類語
糸目
重土
良妻
力持
工率
代数
旧慣
印税
持分
半文
重職
法家
綿雲
調車
助平
絶遠
農夫
鼻毛
湯女
行司
心夫
軍記
起原
書判
旧悪
古形
半作
上町
練鉄
外編
本手
外積
原義
必修
奈落
桜草
農大
目付
小数
強面
祖神
画境
令書
独眼
朝見
花色
山容
高根
夕晴
軍夫
時局
内孫
性合
建場
勇往
多生
側妻
雲級
変量
地歌
放線
旧情
白羽
丸麦
害悪
馬標
多聞
糸竹
命日
急用
弱卒
親節
道管
動輪
官報
能楽
別席
牧笛
辞色
他用
菜種
半天
多罪
新着
赤飯
塩気
貸手
墓守
内金
無界
日商
生類
詩興
徒足
原状
川底
証紙
追風
身柱
無下
指頭
殺気
役印
入目
音調
用達
色物
海容
力感
道断
家政
荷車
機具
検字
相聞
陸橋
旧法
読点
花札
会心
短波
浅手
質感
元高
新茶
落度
義戦
先口
点景
利運
良風
見境
山色
各州
道教
子種
薬指
病因
京間
手勢
遊軍
主上
家教
礼楽
公知
親衛
実記
代務
野師
人別
未必
史筆
共産
夜着
野路
数個
遠眼
心友
内典
風眼
前便
中研
上声
下足
例祭
学理
倍大
女色
祝典
今方
礼式
類同
神算
変体
山国
雑役
急白
部所
汽圧
営舎
速力
国法
自門
情味
破風
両統
武者
家持
地積
長上
当所
同門
建具
日貨
日当
雑件
令室
銀地
入神
独話
黒米
原虫
国師
証文
君命
牧童
極量
受話
来車
旧領
遊資
心付
血気
買価
素手
新宮
鉄石
単数
炭車
自大
木立
再応
遠路
引例
角帯
少弟
命毛
飲助
色合
仮初
海損
緑茶
学外
極左
単利
葉末
挙例
図会
寒色
部面
古訓
絶境
逆産
破鏡
提灯
付票
香水
武弁
身方
営倉
帰航
公器
売口
演物
労苦
末木
熱球
効験
短才
油虫
初志
首足
差足
戸口
国母
美音
豆銀
仏前
往古
切能
信士
定席
信実
仲冬
同素
後家
台木
世態
後場
故殺
小皿
小前
字母
職位
性病
良人
漁労
逆接
長持
細大
深林
算法
国表
下情
軍費
弱味
右府
友軍
末節
羽音
球速
戦備
語順
粉炭
国光
雑報
旗持
車夫
道者
鼻祖
苦界
遊金
消炭
有功
美文
詩意
肉屋
戸外
中程
局外
造酒
勝報
長波
加薬
美形
大約
老中
山羊
所天
写経
整調
心象
東雲
祭政
情実
残花
活魚
心眼
師表
側役
入船
毒見
助産
悪感
過半
強記
側線
寺子
手代
主部
村雨
確然
険所
寒竹
死場
船軍
売国
小佐
曲筆
士族
金工
銅貨
差紙
静心
防人
余熱
文節
不労
仏寺
写場
低木
土工
野末
標号
筆意
茶事
岩屋
人品
火消
線形
留男
両三
不興
見所
事始
人声
南天
才子
固体
君父
重手
定式
紙型
形像
仕組
光子
情態
才気
左下
積肥
情人
民有
門限
医業
台場
法令
月食
非分
祖語
何方
右辺
理非
複葉
暗然
火線
足業
初生
各月
水陸
業物
火気
楽長
漁区
治国
通史
戦雲
美神
助人
飯店
分課
作意
和本
史談
小用
業主
暗夜
府下
清白
市松
花軍
類歌
活殺
政経
右記
英気
波風
同質
総員
天領
氷水
歩卒
基線
型紙
和音
漁夫
省線
面識
製紙
区点
黄体
各様
空字
光輪
船方
書法
物相
主意
家財
天険
注連
経界
食道
貧者
観兵
頭字
木石
反身
秋思
所生
官界
正使
柱頭
洋才
法号
武備
酒食
雨氷
朝湯
単記
養女
運筆
天目
初句
飛電
家門
変災
試技
福相
神位
小耳
鉄色
対価
訓辞
神器
争議
花時
小力
門葉
字解
丸薬
言文
礼物
編首
相判
反語
重病
他物
産衣
来電
節糸
国貨
大官
余興
適材
公子
切目
死児
余得
師号
終曲
順境
語調
正夢
宮家
元物
文頭
神歌
散光
死人
旧館
空色
停学
防雪
評語
黄門
表徳
佐官
何役
仏典
銅鉱
章魚
交雑
手兵
政所
官印
内議
仮構
手刀
牧舎
明徳
買上
月謝
始祖
明鏡
事犯
積水
波動
兵卒
伝単
花代
目顔
流言
青票
客位
風草
大隊
名分
対向
倍長
副文
報国
時鳥
晴着
長径
近事
典故
君民
聞役
全知
文例
火勢
筆先
断案
古刀
死地
音感
家兄
内題
小結
本紀
精麦
左岸
終局
衛兵
酒興
評点
新語
防毒
逆臣
寄道
心機
勇者
老手
号音
照焼
平面
勢子
印面
唱名
海産
電略
小話
苦境
歌書
理化
長路
演者
年男
気道
中性
糸桜
絶海
明春
景勝
行火
親等
眼光
対米
波路
道士
岩頭
草分
態様
両夫
天職
期成
文金
童形
春耕
兵制
時好
輪番
属性
良書
多勢
球心
終極
酸葉
適才
慣性
駅頭
席順
常宿
水路
才媛
願意
者共
川音
古格
金地
法政
深意
岩室
白粉
太初
村里
止観
島守
売人
関白
都電
後列
本志
限外
早見
医道
肉池
立木
横線
共益
風足
来期
半開
車寄
夏服
取粉
言伝
音義
詩型
他聞
高年
新約
短信
左近
荷積
今際
戦利
素数
例言
氷原
風下
弱虫
初号
高次
国士
良材
定日
童歌
銀製
落体
古語
車馬
制式
事理
売名
徳行
満会
路標
暗号
台紙
主調
切先
死時
先学
老残
神祭
兵営
半平
席代
半金
先任
風気
詩書
宿学
波形
宿木
語数
黒光
明達
取立
小満
近体
口才
対屋
薬種
日夕
個数
人伝
引綿
年子
品別
新案
冷熱
羊頭
聞物
雑益
金談
魚板
書信
石粉
駅舎
青貝
不可
天産
金線
火酒
客間
葉月
余白
歩兵
香箱
字画
伝手
令息
営林
強弓
明月
正接
習性
造山
和式
海国
具足
口金
原石
海陸
外物
打身
親政
通辞
折箱
鼻声
張物
労銀
花心
減作
能文
宿運
開山
大番
海象
性愛
毒魚
新秋
農期
県会
銀器
船宿
牧夫
相法
付図
級長
労金
往日
軍馬
夜番
金風
単葉
検量
平脈
京阪
武門
麦角
他事
南風
本態
自性
月表
浅才
所領
治者
神通
詩想
月明
雑作
題詩
本字
小曲
全労
鉄橋
師父
号車
季候
有体
状差
前額
無二
口前
女波
予後
相方
公理
算木
類型
心意
流民
差水
青菜
先山
筆戦
赤紙
罪責
史書
幸便
性差
細筆
分隊
制札
上物
験者
指事
曲直
社友
玉算
教則
情歌
武断
天明
湯茶
典薬
緑玉
油気
略画
両義
京師
飯台
張番
負号
意中
球史
利水
種紙
界面
単体
進士
上衣
天来
題意
馬丁
付注
金糸
梅毒
社共
金団
豆幹
中休
球道
多倍
下角
横雲
冬空
地役
不知
銀側
遊君
上客
例規
漁法
速歩
防空
秋晴
寒害
大技
中隊
造物
眼中
内宮
平場
仏祖
前言
山風
雪男
武勇
起句
総点
辺土
工手
角笛
初湯
人死
英略
湖底
医員
古参
両次
大安
来状
往事
申入
鉄線
色悪
鳥目
名流
面輪
定温
石松
易化
貸店
講説
厚紙
張板
点心
貸切
院政
具象
導管
札所
産婦
悲母
前代
造機
気先
箱庭
鼻木
貧寒
略図
風見
静脈
暗室
流氷
楽隊
後学
中入
名城
当家
石造
赤身
町家
残像
木通
表方
秋物
女人
死水
助祭
心材
書画
提要
山場
絶技
中外
船型
布衣
中波
後口
上薬
結線
公孫
官辺
夜景
陽極
中耳
取付
番台
声聞
奈何
他念
桜色
水夫
打力
真名
禁札
山守
歌口
大師
負軍
来季
大黄
苦竹
借受
売色
才六
雪空
新店
合着
遊漁
観想
岩魚
格付
悪心
書目
字訓
情工
天心
刀心
持薬
中指
人面
不着
別状
牛後
急信
品数
愛息
桜飯
書屋
風前
船路
春景
高徳
式目
庭訓
遊技
徳目
横紙
本道
旧主
夜光
半解
官立
反物
肥育
共役
相客
生湯
酸鼻
件名
軍旅
神灯
引歌
仏事
余財
実理
肉類
式部
丁場
王化
情婦
手性
地産
全戸
古希
海松
帯留
鹿子
反例
体技
飛魚
主務
税目
防共
画筆
清勝
台下
細線
厚様
意想
因明
漢才
勝景
仲合
太夫
厚司
未決
平話
校旗
武功
白頭
主脈
語頭
細民
急電
赤銅
造本
失体
設題
仏具
麦飯
衣帯
野立
短評
好字
小昼
声価
情動
規準
言句
茶道
結文
引金
歴象
主君
新古
故里
修辞
政道
後先
路用
効目
仏堂
地織
古人
詩文
機転
得物
切水
道着
挙国
雑事
国富
親木
古昔
院外
木管
朝命
親玉
弓取
衣魚
別使
現勢
主祭
平声
願主
公差
浴後
洋品
厚地
品名
薬科
暗主
整式
主情
花祭
量子
月草
手妻
肉交
提重
気転
芸当
死金
小首
旗雲
条理
火玉
布目
告文
銀山
原質
法名
観音
病葉
後産
元正
足熱
主語
時空
具案
内意
波面
死罪
種物
童顔
博愛
副書
美声
学事
王土
略服
夫君
中黒
中位
深手
銅山
投節
実生
道服
官女
夜戦
月切
貸主
単式
所感
団居
金欠
日直
圧政
真弓
泳者
目代
富者
支族
口伝
飛火
配所
遊糸
花守
志学
校本
新版
平城
結縄
精根
仏法
洋式
空谷
落日
親達
表口
花屋
本給
色道
応分
和談
極楽
焼絵
用布
港外
組重
属地
氷室
地温
書院
茶代
部室
情火
雑題
病歴
野乗
陽画
水松
肉感
初氷
同上
大姉
矢種
全島
虫害
泣顔
書体
線画
上表
手織
死際
公休
目薬
格式
銅賞
自序
平米
正金
戦機
陽春
独言
粉屋
前古
通例
内争
法橋
男帯
場席
同番
家職
識見
記数
馬具
複素
節婦
対数
雲路
勝星
古血
歌体
海星
席入
立業
有精
徒名
断熱
麦作
手序
曲馬
薬酒
独歩
書状
路辺
湯玉
左辺
法輪
採光
両所
生母
年期
文意
神祖
色相
番長
必中
悪道
貨車
原意
老少
月毛
表作
広間
苦肉
管状
小知
進取
人世
上士
筆紙
高節
冬場
衣食
適所
近刊
軍令
国状
急足
明太
島山
新教
語根
活仏
極月
重湯
心神
臣子
余力
野火
大政
要具
流速
建売
後景
青眼
後書
固目
有半
証歌
要害
仮数
機業
案下
旧遊
大路
終発
満期
宿罪
的屋
大葉
読物
暴雨
虫薬
新令
直方
風月
直参
悪様
差分
初役
中子
害心
通有
国禁
回文
反立
氏子
長湯
単機
心太
原語
引物
器機
管下
散楽
出格
心火
結願
季題
真筆
命婦
寺格
法城
塩害
玉虫
故山
守宮
兵船
句法
先君
火矢
要地
輪中
面前
底魚
残夜
夜色
花実
増炭
写絵
受持
小勇
似顔
令妹
打豆
余技
船荷
心像
焼付
緑林
半白
流体
国司
上世
勇武
鼻音
市勢
夜業
大逆
曲面
文名
中農
質料
丸木
令弟
切子
日算
旧任
素養
大過
初物
海女
世路
馬印
億兆
体様
医方
赤熊
天王
玉歩
雲形
属国
岡持
後人
家名
日永
用法
実費
間着
神橋
弁口
句点
名月
知行
楽園
熊手
投首
店屋
校規
分秒
給金
求心
文鳥
学才
城主
原紙
紙切
田作
軍勢
支隊
玉案
中有
同職
使徒
輪形
情夫
羽交
整数
博聞
本則
色目
物情
明証
和戦
紙花
真先
白茶
天意
取口
労役
重罪
守成
女医
豊年
葉桜
和布
持場
有夫
前祝
春雪
別件
官能
紙器
薬学
式年
人参
節分
昼夜
野犬
火水
正数
鼻柱
列火
粉米
文典
報徳
付根
残生
石版
特金
非人
通気
歴戦
先約
地衣
美点
平底
用例
曲調
実際
破線
印判
仕打
年令
天真
風勢
国訓
詩語
笑話
死物
花落
故知
大意
音速
面皮
東遊
拾屋
近因
新形
仏土
下戸
指命
定職
血路
和銅
火打
散米
米所
軽口
語末
市区
切炭
正則
外洋
官記
原初
業病
謝金
回虫
素意
法統
漢土
矢庭
水油
行平
単解
平曲
命運
夏作
箱船
良工
深浅
付則
才物
極上
希世
宿許
領民
命題
空電
小梅
導体
仕法
真草
官職
縄張
図様
正教
道産
牧人
同文
調歩
底土
風花
実姉
余所
朝飯
神式
出合
水天
減法
板本
寒帯
屋体
名筆
達引
季冬
白線
心持
定宿
出丸
勝因
前門
中興
要事
極官
折助
銀位
毎会
雨声
大協
店構
香具
軽業
上体
同君
横議
古体
積木
副使
売出
表具
容止
編章
番所
合羽
元価
真横
職制
印紙
群小
耳許
鳴子
身性
立役
好配
祖師
室温
栄典
練兵
当校
脈所
戸板
大福
熱情
加数
手工
関守
地気
法治
物上
目性
逆波
老農
代案
心木
大円
水足
戸長
香合
色覚
在野
車引
語感
飛車
制勝
後山
秋作
養母
新院
徒情
重責
氷雪
無上
金売
方略
名木
情調
手植
祭場
海老
仕形
雲量
国字
部内
交友
大罪
旗下
極付
直門
常法
不時
高下
夜学
悪報
名望
米塩
土星
原付
印章
山番
持病
旗頭
所書
空談
機略
白目
織女
貧農
空耳
上水
伝助
未設
確報
太子
門口
両市
半音
空合
白糸
多血
両朝
公証
直衣
有情
同役
波布
文勢
副次
名標
雲海
本金
機根
夜船
書取
置引
技工
図絵
能筆
当館
神官
義眼
記聞
評言
上様
古制
平麦
月別
名刀
因子
海防
全便
聞酒
題画
小面
両道
炭取
桜紙
横形
通箱
財貨
刷物
緑門
末世
天主
炭質
大足
用後
広原
週報
天外
半玉
外向
画業
白話
半価
年季
水物
群竹
香気
役牛
銀子
打首
兄子
近東
馬面
円貨
買気
音波
地合
楽想
寒心
祭司
矢束
松明
犯則
新風
仲居
神色
両年
円上
童部
名子
歴程
大死
当機
根毛
男前
遊女
元肥
王代
麦粉
利手
義心
通事
実字
主教
日輪
熱量
赤本
石女
船標
適評
欠本
多売
商科
鉱石
政略
連声
調音
史官
引戸
魚群
国元
公役
航続
新酒
和船
世評
緑風
教理
洋学
外因
内法
書林
下草
空巣
各賞
公方
重箱
焼印
史伝
商学
真皮
行文
起死
標目
国持
家信
灯用
敗勢
手飼
鉱害
海草
金気
張手
犬歯
列伝
単級
手事
道統
古伝
素足
例題
河船
空冷
全期
売薬
王事
事相
早場
属島
主薬
後編
季春
票数
寺号
清栄
後備
花序
余徳
箱師
内聞
西陽
酒手
野心
相国
欠目
徳望
道話
係数
数多
平織
満車
船守
火祭
観桜
客地
寺領
西土
左証
古里
丁年
外道
応力
草書
評注
標柱
属領
市費
使臣
洋弓
音節
断橋
鼻面
風力
可動
交声
上屋
旧臣
光参
落陽
証票
旧道
矢場
便意
焼山
序言
位地
法門
総記
小中
医書
欠員
課業
漢語
席料
真向
図上
内妻
小器
大乗
武技
同類
中置
大通
代人
鏡石
可逆
合札
上皮
名山
発句
基板
礼電
素焼
行路
灯心
落人
副題
高角
返電
市上
芸文
金銅
仲立
船級
馬手
外耳
水筆
編隊
類題
縄付
能才
全紙
字句
洋本
主位
兵略
焼飯
木皮
光陽
号旗
健筆
電報
在所
旅情
感熱
等式
神楽
商運
所帯
空事
右近
本属
功過
場景
男手
用度
金管
乗法
外紙
南岸
置土
軍港
絵所
門主
客気
軍紀
土筆
桜貝
福助
門柱
光来
現業
薬毒
同母
取高
馬方
円転
容子
無品
複式
面差
炭団
差毛
生糸
決然
印伝
色感
気息
送辞
束帯
酒気
男根
非番
取的
画板
外気
常客
回天
寒行
秋月
女工
組下
上目
国主
冷温
文色
小付
素式
家君
無手
回状
定則
現任
昔年
入物
悪童
塩基
遠流
率然
数行
夕立
麦芽
当流
旅衣
格率
後作
官設
天成
貸元
天堂
海港
要用
落首
打綿
内国
田夫
野道
上意
数式
長編
差前
児女
焼畑
香魚
静夜
村役
職工
地底
光年
宿六
家訓
徒口
容態
角柱
近火
貧鉱
作男
倍角
家作
遠火
何頭
時勢
教場
湯葉
末筆
地所
赤口
出様
平時
夜店
茶店
不評
楽市
寒波
院議
小童
人臣
個物
有様
主家
仕手
寒天
間然
未聞
差料
家風
主事
老台
会堂
読手
鼻先
画才
弁士
元始
速効
老女
茶所
反間
豆板
順逆
情交
作土
球体
動体
心音
春情
用足
心土
願事
徒飯
地引
山子
和親
歴世
肉色
門札
口許
芸大
冷暗
文型
売声
沖積
新前
酒肉
館主
同病
直列
花月
晴間
宮室
初速
画意
男持
細雪
布子
兵書
不漁
貯炭
原名
春陽
内圧
生首
官栄
読史
病犬
外線
活眼
残香
小女
雨具
所由
養分
土人
画室
名号
産所
銀粉
有向
行書
似合
来世
月限
外法
間貸
西紀
熱型
同人
益友
達意
色素
土間
兵事
過客
連曲
願人
天象
中手
目許
全作
平民
下火
道内
天朝
糸車
塩酸
角形
在家
店子
別間
略体
光学
変種
席題
西人
洋種
無風
本状
形勝
無位
矢車
畑作
湯水
気運
黒焼
戦役
産米
聞所
売笑
両町
横型
版本
方眼
下職
貸本
文才
空家
気根
所出
拾物
日報
神国
神助
機屋
下帯
法話
寄手
構文
判子
茶飯
決河
山犬
円価
入夫
試筆
都議
極所
寄木
仲店
伝書
温容
羊水
無印
男役
試料
才知
悲喜
後夜
前約
財経
組子
総高
近臣
和議
救民
矢声
近古
禁園
新参
賀意
分身
部課
産道
連木
常打
大知
息女
人海
神州
子鹿
貸費
際物
幹竹
常緑
写字
早馬
丁字
魚油
要理
洋銀
豆油
人定
旧居
上聞
消暑
牧牛
石印
先住
版下
所司
格外
里程
管見
反歩
新刀
法弟
遊士
領水
小寒
略章
種板
前作
公課
大水
遊山
厚手
和毛
切張
副手
父君
官金
留別
円心
実学
温熱
島根
無官
修女
低圧
内高
手塩
軍学
星図
太白
作事
両辺
家産
測線
詩編
愛鳥
庭先
往昔
折戸
立米
早番
和訓
夕景
点線
産額
治下
別条
業容
多士
春色
包有
測光
終電
形体
手械
素首
保水
飛型
省議
業苦
小町
政見
気流
水月
巣引
居合
連歌
全判
実歴
順列
形声
住戸
黄水
神職
政戦
画素
焼石
発話
井目
義民
術数
実事
絶後
責苦
受身
大命
大器
業師
小言
特質
耳金
小父
明笛
失地
師道
寄目
小店
所労
遠来
気持
句読
保父
満作
心力
飯米
級友
悪戦
団交
近情
村会
追号
名勝
病体
全学
家借
員数
事大
帯側
光圧
悪寒
有理
迷夢
無向
武芸
印画
無住
通弁
本身
貧土
本案
連句
大度
耕土
下心
好日
灯船
総意
金時
雨季
毛見
知徳
中業
暗黒
鉄鉱
東口
実包
行状
黒熊
良品
公準
武道
丁子
公館
技研
迷児
定府
空夢
均整
河鹿
画帳
序品
別口
通則
利目
夢現
接辞
白焼
谷地
弱志
葉状
父上
雑観
木目
径行
家父
木型
相宿
愛書
船側
野茨
書中
雲足
古城
法語
悪声
返歌
敗残
活弁
戦果
小夜
天物
切畑
歯形
詩体
講述
後足
検使
差油
素志
女犯
金仏
接台
金高
順流
村童
夜曲
神徳
小使
関所
類本
門外
保身
適役
農芸
血行
法灯
科料
他校
米材
愛社
黄鳥
人橋
玉音
名言
冬作
半角
戦局
各区
産毛
回船
実員
日限
苦寒
走路
産気
下略
士人
各相
白太
禁衛
軍票
管外
居中
細石
断編
水芸
世知
仮死
行賞
荷作
性情
神階
初夢
海道
好悪
年央
会意
電光
化身
天運
湖岸
手持
子方
始点
切戸
連言
時文
山刀
地顔
損料
像法
空戦
同好
反別
細面
筆耕
官員
逆光
末書
上製
車台
輪留
点者
耳輪
木仏
領主
益金
乗手
里心
印材
人相
飲屋
先登
迷子
公武
願文
年報
行手
茶園
多少
手打
前菜
料足
初犯
欠番
高波
登高
起毛
手刷
筆箱
水引
羽目
未配
法服
文題
相識
分脈
成句
門火
知略
武臣
本末
滋味
特立
居職
漢音
竹工
死花
暴政
近作
氏族
火柱
食塩
仏師
遠心
行学
大農
各車
自照
理外
番屋
長虫
余命
水脈
永代
香車
心性
地変
圧雪
立秋
生国
同友
断金
同前
他殺
深間
原皮
朝議
職長
筆太
分室
講中
欠字
管領
町医
主面
流量
朝間
史乗
回流
神意
課内
仏身
王命
義士
商都
字典
毎戸
重水
間男
酸類
来信
博打
経連
用益
先覚
競買
法談
朝来
荷造
日出
夜祭
橋板
事変
夜道
出物
行灯
引力
式日
楽焼
軍旗
罪過
冷機
不老
星団
肉入
酒家
母物
情義
雑技
真情
城市
快弁
前略
道化
風説
例話
中許
立引
速足
道草
長月
単元
星宿
経年
老病
高所
敗軍
昨報
芸子
破船
春作
大典
有性
禁城
王制
版制
編木
竹光
紙帳
所化
目張
史詩
正客
複眼
織元
豆類
導因
初学
美談
肉声
赤札
小刀
宿駅
近在
気球
北辺
毒味
歌話
本立
鉱毒
間色
土管
早便
飲物
造言
夜鳥
公達
満額
母衣
両行
付句
油屋
多元
居館
古流
良夜
切口
名馬
悪手
油分
言笑
向寒
高菜
完本
行人
神宮
対流
転帰
月輪
質種
木芽
場数
時務
図面
勢車
両輪
祖先
天助
受書
他紙
英資
糸引
良性
板材
夜顔
紙価
古顔
口書
聞書
才筆
馬力
雲居
散票
付火
黄白
線条
名家
順風
手技
産屋
保税
士分
開府
適薬
人山
社則
校章
組立
借主
打水
牧神
章句
洋刀
人柱
電界
極太
回教
飼鳥
産着
真義
全備
板場
歩数
直宮
市中
門衛
部材
生血
急談
空木
間引
牧羊
神主
悪人
今上
車代
血合
重態
変格
詩草
逆境
別命
付文
持説
内燃
天馬
歴朝
字義
初伝
綿雪
製茶
未草
打粉
宿意
非役
余勢
世心
地番
徒士
大計
官費
季夏
進境
話術
真水
緑土
綿花
田虫
原鉱
益鳥
非望
講談
語種
洋紙
利他
早計
空茶
解法
史家
長石
法眼
客分
産直
相銀
光風
読会
薬害
別刷
数次
新付
草肥
村方
客車
体温
葉風
当住
領国
小照
漢和
造庭
読人
中味
両県
題言
包皮
所外
親日
貝柱
雑税
妻君
線上
経糸
遠因
記文
往者
死中
市協
意字
神政
長者
銀紙
検校
民度
用務
社日
産制
法力
全課
空名
時服
広口
実正
和牛
法理
教区
小歌
飛札
長音
布引
人税
神体
絶島
研屋
名数
上絵
小額
青史
各県
前官
湖水
目地
中形
富札
米食
冬着
引起
筆名
自席
軽四
多肉
古兵
本分
罪名
用便
毒水
無勢
仮宮
形勢
右文
学際
居然
不二
白酒
副読
反橋
似指
町会
弓馬
節季
下枝
不一
時雨
結語
福音
画数
技官
行道
黒松
公国
田楽
炭火
真面
連理
長流
水圧
半球
無才
候文
軍談
満願
要港
上底
天際
草画
路頭
式事
高風
謝状
数寄
分量
神品
余録
丸本
温石
天測
区会
日歩
示度
定木
悲歌
光明
丸太
冷飯
金札
同罪
書式
試航
短見
親書
桜湯
音便
小節
風位
情状
海牛
経国
神業
単流
徒労
物持
楽音
黒点
師資
内規
酒徒
気性
新編
静態
役付
入声
楽員
場末
席末
郡代
倉卒
天子
豊丸
毒矢
原詩
空母
側板
臣下
救貧
語族
得業
無水
新味
早昼
仕置
電導
官省
根方
天眼
官等
持物
可算
客来
秋雨
手箱
新選
全科
人名
当会
別法
日次
上古
検番
整容
動態
屋舎
朝会
法界
適期
習作
方体
風向
内務
木刀
牛舎
導師
同者
毛皮
輪差
図工
春秋
変事
各日
焼売
金円
技芸
社命
下線
湖面
切地
小引
好古
戦費
世人
未見
職印
海綿
村営
所業
草市
合財
売手
社費
水先
南画
学徳
反切
仲兄
笑声
右筆
技士
初給
池心
典例
前章
総省
金言
遠矢
軍役
弓張
土色
半切
新地
木魚
初声
校倉
守則
現神
口答
川面
真綿
究理
原動
利生
護国
人君
実数
教法
神領
晴雨
本代
公家
統辞
口茶
老身
理法
燃油
実録
雨空
便衣
支線
印綿
小金
心祝
進運
村社
達識
面長
都下
切線
老健
飛地
作例
梅林
女院
紙魚
毒草
口証
経伝
液便
女童
法科
後指
日長
美身
粉薬
器楽
枝豆
音素
語義
年功
例文
礼典
表構
綿油
薬液
小作
民情
語物
買手
類句
雲表
肉質
医家
黒雲
話語
鳴物
黒炭
細流
清適
身中
共助
真勇
唱歌
競市
個条
極書
筆順
語序
前輪
口辺
身形
図法
手負
品等
製糸
隊形
新橋
祭事
申楽
混声
地色
罪業
国守
多妻
油井
土製
出師
生年
手提
非職
逆心
世上
原種
博引
城頭
正課
馬屋
雪間
兵長
落丁
向性
球面
浅海
別業
半休
物量
逆運
逆徒
財用
毒婦
題字
鉱水
卒然
仏界
細雨
焼場
底本
体側
出歯
変数
用木
体言
算式
船医
眼識
語部
軍書
主点
楽界
老父
美男
父性
大鳥
徒話
文武
年歯
総画
令兄
切身
気書
鉄分
伝家
通性
武略
遊客
羽虫
相思
売立
進度
成算
先便
放課
可分
目元
目見
防食
無明
総角
両個
着発
大任
現身
水鳥
綿服
要職
管長
関数
本義
酒客
永日
残額
後図
作間
線型
編戸
差薬
童画
本寺
別辞
逆数
陽解
鼻水
物税
有産
義兵
病毒
序章
勇足
極細
官話
石英
上席
石火
太守
糸価
結石
名香
行力
面持
後便
仲仕
故旧
詩家
無想
白菜
用字
細作
散史
静水
略表
矢面
麦酒
大京
君側
家母
野面
色里
特種
群議
原板
紀伝
足許
遊里
品番
約数
重席
福徳
雪線
切売
台形
飛鳥
標識
本節
用兵
岩塩
残金
先考
等外
農園
温故
入口
不出
暗中
全区
公魚
福豆
美感
風光
上家
業火
反軍
自社
口気
統語
法益
文運
野牛
径路
組糸
国勢
信管
禁色
次号
用言
京成
水防
散薬
列世
原頭
小官
手業
余色
好球
同列
古鉄
当身
各階
直心
戦国
金側
総門
相輪
悪病
校訓
世子
新婦
整然
戦法
徒然
雨夜
家法
序説
人望
海風
準則
仮親
自火
長手
衛士
号笛
不言
気団
薬店
芸事
国造
持味
有形
有配
中庭
表芸
苦海
単物
伝馬
内地
売文
海内
軍制
力足
冬型
底豆
肉情
内因
皮下
底意
明週
風波
応変
眼路
角力
和国
草体
聞方
雪山
両君
原木
合性
版木
禁句
形代
階上
歩武
分母
平作
防熱
部首
木耳
節用
美景
下記
神人
仏間
基根
水柱
在地
校医
悪風
岩木
時評
油菜
外孫
古詩
雪氷
牛頭
直路
無電
軽質
絶世
戦史
通語
両生
初切
新月
香物
経学
平文
初空
見様
成虫
短文
水練
雨気
好望
同筆
草堂
令姉
本丸
札差
王佐
院生
社人
区営
守衛
門地
発破
大礼
沖天
内室
章節
毛管
帳元
手風
増分
実妹
文辞
上角
倉荷
中老
昼飯
理工
角番
罪状
色絵
梅酒
売品
女気
白波
山坂
不急
祭器
祭服
門標
小隊
矢倉
大弓
岡引
勝差
深度
庭石
連名
横根
太山
原物
灯下
勝目
声門
素引
仏徒
悪事
宮人
非才
別室
親心
手許
明知
回報
治績
差合
平目
語幹
平家
失語
曲学
品行
産児
米紙
軍師
複流
照度
校生
別伝
牧歌
旧記
血肉
遊芸
機先
要義
玉糸
初発
絶勝
社格
極光
平水
初午
鉄工
散文
流木
建徳
舎弟
外典
受皿
証本
職方
冬木
船隊
商機
坂道
取分
下役
実竹
近信
水線
荷主
表編
光画
速筆
毒虫
面容
礼節
血刀
皮帯
糸織
願力
回米
各戸
売女
山鳥
富有
工法
数件
雪害
童体
行者
悪妻
持番
末文
急所
話法
財形
木綿
故買
漢意
山雨
順路
漢学
書庫
国原
雲助
詩話
居城
養魚
油然
度合
親電
理路
雑人
番茶
曲技
色事
取手
全書
昼顔
仲夏
車速
井然
舎利
結句
球根
相役
通説
安宿
行実
正出
遠祖
学都
経世
医界
量感
板紙
姉達
陸続
羽風
未申
不念
院号
旧都
富家
投力
好手
家学
節点
大海
洋算
山側
職能
焼物
正真
下風
月利
野良
仏者
未着
要図
旗色
船台
親筆
報命
詩句
色男
母堂
自暴
綿布
所以
板張
院主
夏山
等角
画質
白丁
世事
花信
心室
功名
準急
美辞
野天
農法
青書
付合
国保
楽日
湯量
銀天
適者
序詩
題号
例式
週番
手製
根雪
悪業
成員
主夫
布製
貧道
余話
無代
県勢
欠格
建水
魚田
高張
両全
築山
時人
空目
無血
断雲
女竹
手金
師伝
指先
農工
童詩
良計
心事
達文
特級
寺務
宮守
種族
語草
急調
雑兵
城代
乗場
界標
応報
眼福
真言
大白
芸道
酒精
競歩
平打
独活
悪運
右左
寒路
動静
内湯
海馬
才色
刀自
夜軍
身許
教父
法器
国歩
炭焼
立番
区長
定法
数回
益虫
東経
感状
肉芽
遊星
上番
相等
金員
書生
前生
塩類
分校
等親
祝酒
取消
早縄
定本
野人
弱竹
上前
町方
手玉
相生
羊歯
上枝
道火
流感
水子
国手
同地
水薬
打荷
死命
水鏡
連綿
両刀
感官
会式
冷雨
下学
海図
山号
草本
堂舎
読後
適性
好個
開題
禁令
所思
黒竹
旧識
略語
局内
水団
画師
札止
冬草
養親
知勇
国老
悪態
肉界
町歩
老兄
海月
人士
正字
路側
別紙
部費
当字
客演
心願
主格
険路
等差
任国
筆力
古史
外灯
産室
水性
口絵
人脈
重臣
風色
転義
前非
法貨
漁灯
本営
初動
仮象
種馬
生者
悪例
数物
外語
助字
頭目
門前
元種
正風
紀州
禁則
大洋
福耳
茶席
満票
立夏
天資
引合
単文
湖心
東宮
地目
口合
右角
死活
因数
表高
知見
西日
小米
校紀
去秋
庭口
本編
星祭
要式
次子
来書
太字
鉱夫
小弟
祝着
小水
物音
実景
総則
受動
帳付
居士
暗線
丸材
飼主
太織
正格
形質
馬子
感量
車止
題辞
屋形
久遠
死出
長足
浅黄
木地
正文
口説
青梅
帰巣
音訓
富力
温顔
商港
間判
負戦
利高
勇魚
山桜
実説
女給
群像
社頭
原由
無給
童子
折目
喜色
治山
銀糸
老来
直線
赤金
単複
聞達
年表
母語
快事
暴君
本務
信義
軍手
電鉄
天引
道念
近流
平首
夕空
名親
特車
平然
草根
待肥
組物
茶庭
見神
治産
先兵
旧師
石器
無主
混一
美事
席次
当店
鉄器
知合
赤門
全数
本朝
美挙
外力
交情
逆夢
声名
差歯
油状
時制
根因
雑務
心学
仏学
険要
転石