洋裁
乱臣
私傷
文明
本領
存否
残飯
常民
別後
心血
軍法
学課
右目
奇書
発条
青色
都県
素子
不抜
鏡台
現数
世辞
手並
端初
職歴
他門
前座
未婚
皆朱
林産
真下
船人
氏名
年上
仏道
警世
裏山
凡人
烈震
原論
強力
若緑
期首
雅男
制服
銀鉱
連送
冷気
礼金
実話
常識
荒性
名答
君子
家事
鉄敷
寄場
雑穀
来由
低額
風評
寸刻
技術
郵税
景況
両頭
鎖線
井守
雪雲
敵役
清朝
純真
失意
物性
美育
語録
相棒
正伝
切首
傍役
宝島
貴志
気位
緯線
大兄
本人
歴年
盆地
沿道
割印
円周
下陰
惨烈
悲話
仕込
民俗
天声
塩引
鉄片
大柄
初子
等比
入試
初値
鉄柱
関口
共寝
他生
荒唐
門徒
神明
和気
欲目
帯紙
人心
鼻息
芸林
実業
種皮
悲報
俳聖
受口
村民
小倉
気質
茶入
国鳥
左肩
世論
思召
刀泉
耕地
曲玉
先皇
諸公
長子
入海
精糖
紫根
雲水
円本
長身
本学
特旨
出身
和様
主神
正気
印形
大道
元方
目白
介与
旧聞
合名
徳性
平泳
情報
座席
節義
法印
有線
書志
鉄山
文事
功利
妙音
守札
歯学
腰縄
片端
余波
短大
私心
原罪
上側
鏡板
職業
失費
雑歌
繁用
危険
服飾
針山
脂気
劇界
善事
標縄
文中
英和
本号
兵端
手本
浜辺
焼野
馬肉
音声
東西
角書
原液
絶間
追手
迷宮
探湯
河港
同夕
等温
残余
床山
殿中
幸先
折紙
老年
和漢
自宗
旅寝
柔弱
倍音
支庁
性悪
腕木
菜花
工船
雲気
細道
討手
位階
逃場
命数
寝所
有給
振替
再試
原図
絵巻
需用
抜作
玄関
部員
急難
音大
菜館
酒類
使命
同気
赤恥
新報
星座
国利
往信
才略
陰口
海戦
無芸
人性
厚意
水神
各線
遊民
不便
達弁
以東
均等
純愛
同学
同音
供人
熱線
新雪
珍聞
妙見
各室
痛烈
薄幸
生鮮
情意
心月
難所
用具
次位
総力
書紋
肥土
県人
早天
芋煮
俗本
平熱
誠心
過程
隊員
暖地
主用
雪景
小書
活計
塩物
母上
歌手
電力
形木
油紙
家運
板金
風俗
公電
風防
城下
個利
男優
後髪
和子
流矢
素絹
会場
路程
先安
商状
答辞
東風
下水
通常
露骨
船室
馬草
尊公
社屋
熱雷
軍服
行員
無熱
雌牛
切石
高弟
答案
凶悪
漁港
言説
川竹
会所
国界
電熱
格差
生木
魚探
詩情
胸痛
試薬
正念
傍線
相者
見栄
白張
本石
全国
重工
山気
暦数
中音
常命
方位
曲名
強電
平原
順法
名乗
御言
刈株
口角
宿所
徒弟
貴校
職域
張本
作者
重石
金力
老兵
市立
医療
公案
原文
聖恩
川縁
引船
間断
年増
大聖
劣位
胃壁
無恥
音源
匹夫
連枝
成分
良能
鋭気
湖上
黒船
最長
新湯
報労
力車
刷本
出自
未生
荒馬
半輪
正貨
警官
精銅
塩田
雨粒
情合
支障
感情
蚕種
電位
声高
非負
消息
先師
暗流
時流
格技
法務
親中
爆竹
伝記
金属
有終
句柄
風声
暗色
雑則
時計
辞意
魚屋
賞詞
分銅
官有
現当
都道
残月
花形
実機
恩人
兼題
声域
借物
間縄
不通
山立
遅筆
首級
白下
貸方
私営
鳥人
胸高
品玉
心情
中等
船端
養老
単向
術計
抜染
片足
中折
川中
気色
岩場
新顔
農舎
親父
早老
護法
被衣
筆勢
長屋
最前
側室
皇漢
冷風
間欠
機首
女将
病態
海気
目方
荷馬
本省
連山
気節
寄人
足音
漢方
宮内
情話
朗報
聖者
総菜
短所
血清
室内
両為
近目
即題
公用
売店
私設
日食
極地
当山
軍事
課程
根元
名案
汽車
歯車
星章
語原
首相
編針
徒骨
手傷
趣意
悪逆
迫持
大蔵
島台
各人
頭注
即効
射場
大刀
和食
時短
方形
存念
対辺
駅路
打者
組歌
外地
前芸
中肉
麦笛
礼法
溶明
海中
球筋
贈名
横隊
引鉄
記法
旧盆
金元
並製
表音
旬間
下種
遠見
不作
常談
従前
水腹
好感
旨趣
鏡銅
面白
皮質
対敵
端物
方正
地象
梨園
人後
名文
不帰
悲引
波長
番卒
敬白
帰心
先高
隠元
洋髪
真実
逆風
丸損
遠近
権力
踊歩
警笛
主辞
博物
気脈
湯元
雑考
祭主
文字
事典
先例
潮水
素顔
秀歌
法問
余類
南港
続飯
聖職
機才
宿徳
失政
大勇
冬芽
画集
正妻
彼我
床柱
庭樹
後尾
兵科
吸水
街道
西風
無死
首狩
天幕
電圧
仕舞
名菓
新山
観相
温突
照星
職分
生皮
狂歌
熟田
船用
初恋
真相
内界
新卒
模本
妙齢
突端
我人
損所
学究
尺寸
異状
立春
尊書
下女
工程
中級
大著
狂態
府県
和算
有税
文末
小火
倍額
半値
南限
銀輪
朱色
薄命
孝弟
水屋
立会
前条
諸声
打歩
有司
主幹
板畳
尾灯
潮煮
信女
断固
道端
長道
同舟
失態
草紙
値段
借着
文楽
細腰
北倉
酒代
不徳
略字
砲声
美童
貸間
提子
文台
子持
苦役
地金
回腸
墓列
黄土
治安
横物
軽水
大社
自腹
諸矢
後身
傾国
門松
神変
油単
羽根
奇態
宿業
借越
築地
客人
信書
適正
私製
好機
対物
旧訳
至誠
定項
外勤
安保
仁義
雑仕
根性
戦敗
明暗
表面
事物
御法
水雲
浅学
忠臣
丁半
浸剤
芸界
愛別
同大
仮説
副長
折山
往時
古川
優雅
外装
毛抜
熱戦
新兵
青竹
測度
暑中
男工
活発
天界
共販
雑色
公然
賛仰
奇相
遺族
強心
小康
優秀
達示
市子
樹海
立毛
葉虫
後住
兵学
神域
煙火
不備
声涙
純忠
上根
俗客
湯銭
温気
別館
真前
横木
党利
馬追
線量
寝坊
考課
南海
陰気
婚前
隠宅
同等
豊満
地勢
義歯
国難
被官
寺社
旧物
和金
太線
得分
子葉
大難
精度
白布
聖祭
月日
東方
張扇
岡三
文治
高士
欄干
小石
腕首
張子
略号
人皇
方角
人証
旧式
講座
熱闘
切札
俗気
法式
巨人
奏法
本会
左府
精妙
若年
遺体
練物
赤坊
未成
税額
本裁
英姿
良筆
何程
作付
好漢
防潮
逆様
不敗
空位
春闘
文句
海里
動物
点数
憶念
台覧
善行
幅員
本管
図柄
戸前
大地
官署
役宅
樹皮
行楽
内実
原盤
高検
投物
年別
青葉
城門
鉄扇
切米
幾多
茶味
式能
川幅
床店
緑陰
薄片
黄道
車間
朝政
都区
釈氏
唐音
興国
賀状
血色
公人
存疑
筋金
尊顔
死灰
語句
西端
大局
異名
黄泉
仰角
忙中
走資
著者
密度
団地
商才
糖類
温良
国外
側面
虫気
道筋
経常
音階
村立
各個
素踊
声調
干潮
月評
長針
片食
特恵
清流
日記
格好
運勢
小池
文責
盗視
役僧
客体
私儀
悪場
矢印
鬼女
敷布
至芸
整脈
禁書
左飛
雅文
広角
等号
版元
会則
死者
学期
産金
上巻
多欲
全波
山道
旧人
土留
宝石
人体
婦長
飛白
谷行
意地
障壁
歳徳
別様
鉱山
総数
門流
俳味
特用
陽光
具眼
凶徒
水冷
山幸
即夜
汚行
義妹
満点
甘苦
鉄心
雑筆
身銭
漫言
半紙
地層
過分
条令
朱肉
反日
濁世
清興
確度
月払
運気
金堂
力紙
腕組
難語
素魚
特使
教義
天水
大俗
飛板
孝子
功科
得体
髪結
銀筋
灯光
野次
未練
経文
後事
酒販
法楽
平版
事案
奥手
旧跡
長期
終戦
物我
高堂
序論
茶室
御殿
構外
条目
修業
軽焼
倉皇
定員
根号
門灯
交点
縁由
母系
幼子
仏力
本船
仏像
詰込
親類
実例
罰点
採卵
傍人
白銅
花曇
俳話
成語
功力
時運
神文
京童
石盤
般若
青豆
入相
恥部
天道
切株
秋冷
寸劇
西進
王水
高潮
短小
銅銭
党内
凡才
測候
不朽
飯事
用人
発頭
型付
感性
方便
防砂
付目
前場
婦徳
道俗
親仁
同一
大将
雑念
裏方
諸島
殿上
営養
玄奥
好評
精液
果菜
抜糸
朝顔
軍部
上面
路線
電路
好況
好戦
田野
殖財
切片
次女
本所
対人
詩格
典麗
投機
俗楽
主犯
借間
聖徳
所載
腰湯
幼名
司政
薄曇
大域
言外
高評
旧観
置市
南東
乳人
低質
産湯
違和
大冊
雷魚
新来
県西
奇弁
子安
辞世
古銅
秘中
特効
異風
浜焼
手近
塩素
台座
快報
火皿
制球
額装
角行
長芋
短期
手法
河原
原注
空域
不運
暗箱
片面
身丈
加法
羽並
向学
人里
人陰
音容
政調
徒者
音信
育休
勝地
変乱
難色
極悪
妙法
僧団
芝山
公金
小豆
血便
方処
遊園
仮泊
正式
付子
内積
御前
軍船
生彩
極熱
博雅
療病
地異
好例
体重
先進
各社
適任
酒造
字源
文案
大枚
好漁
良相
通草
酒量
天工
遊行
本歌
脈拍
自著
肉筆
出欠
不仁
旧習
社員
環境
築庭
大臣
毛羽
実悪
不犯
代品
油性
火脚
攻勢
選管
黒字
以西
妻戸
濃紫
遠島
太極
器財
節気
品性
胃病
短歌
香油
合板
真打
週内
筋目
老骨
置物
人身
準縄
黄旗
石持
舞台
代役
雑費
役名
建網
白文
税調
罪人
病理
床畳
無業
番号
朝憲
差押
寸秒
白馬
治効
価額
武人
物権
深層
球場
首巻
流水
干潟
岡目
私行
堅氷
賃金
妙工
敵情
方途
寒村
投信
雨皮
天頂
水肥
再三
社運
馬跳
前説
駅手
単弁
名士
野原
声帯
悪口
礼服
高熱
各行
組打
浮図
公式
正編
花器
日時
放生
野山
愛国
黄粉
電動
中称
運座
格段
同格
適業
引札
眼底
山砲
和服
海参
弾力
連俳
水星
衛生
原色
悪女
信望
書札
豊作
薪炭
卒論
料金
金額
下剤
合金
授産
位相
電工
欠文
微弱
至善
実情
士官
合服
迷著
粒子
間柄
雲際
求法
母港
民生
黄玉
字体
木具
仏果
歌意
直弟
聞耳
露座
前端
予稿
住処
節目
祝砲
財務
羽越
真木
府政
火口
急便
職場
供花
氷海
率土
造兵
予価
角質
短音
上等
留山
式場
盆暮
院本
宿敵
両舌
臨急
正方
書留
料紙
現形
白銀
魚肉
術中
結腸
奇型
宿料
識字
厚相
島国
春桃
中堅
俗謡
俗骨
矢立
複利
争乱
仮病
倍数
男波
楽章
高配
旅宿
司直
松風
鉱区
空際
水根
議会
竹林
良貨
皇室
乱逆
山里
玉子
桜狩
青草
歌人
国号
海運
近所
重層
話者
知友
腐植
車中
漁色
黄梅
生魚
正犯
司祭
飼葉
浮名
法律
開基
将領
座作
公団
自利
聞手
遺跡
堅気
血相
小心
足湯
原級
波高
大玉
悪習
道家
黒土
希少
盤面
種子
詩形
倉庫
雪路
夜宮
帯祝
威光
英図
船客
旧例
月販
河骨
町場
縁台
練乳
手筋
残部
現状
射光
帯皮
白雲
中宮
目色
風速
全会
豆乳
人穴
被疑
為政
創憲
名君
自然
荒行
細身
厚子
残暑
根基
暑気
工業
勇猛
局紙
黒白
満室
来臨
害鳥
田遊
恩愛
営庭
選集
堂上
文脈
極微
学績
快刀
訳注
手引
判事
逆児
日給
君徳
戦功
表号
名園
語法
建前
乗打
業績
絵馬
獣心
平服
病根
国政
通人
宿帳
名器
線区
特大
塩水
逆修
内奥
校歌
壁画
女子
課員
乗数
順縁
乳棒
語勢
暦象
習知
自公
非業
田植
銀貨
氏姓
湯煙
清覧
親好
棒状
公舎
師友
波状
大入
連体
紋付
金的
器具
粉本
各誌
県令
正法
替紋
工兵
玄人
正号
茶利
古学
裏金
底面
銀波
同率
真因
転注
居所
長打
金製
映画
省内
国交
遠縁
黒地
後光
正室
横様
雑犬
名聞
連年
薄茶
始発
転結
客筋
性徴
精義
釈教
苦言
国風
遠道
勤勉
薄地
王権
眼目
白磁
上戸
売価
各面
魚腹
分団
所柄
装画
未来
無月
大形
式次
仏体
好適
繁雑
縮図
小姓
才幹
徒桜
乳首
妙案
木骨
舞曲
野点
同県
民活
目高
高地
史実
帯地
光背
児童
老実
土中
講師
弓術
甘露
弁才
角帽
出鼻
年強
堂宇
白州
大夫
代印
民間
地文
鮮鋭
横暴
修史
上天
義旗
悪所
面部
正訓
国府
下人
諸君
工具
神経
達見
弱腰
忠士
婚期
衆人
折本
農兵
全県
別製
存知
御宇
章程
内属
眠気
死病
商務
古記
門人
女心
暴論
星眼
薬剤
白魚
床間
綿毛
至心
間接
文筆
頭骨
険難
砲兵
半弓
有印
本書
象形
留金
前車
矢文
淡湖
添状
列強
日射
基体
卵子
禁鳥
女持
不納
垂直
力点
中綿
生花
陣中
平常
根株
梨地
救荒
売子
小半
争点
複方
複文
富貴
本木
盤上
経机
車両
傍目
血祭
総務
社署
後生
胴元
盛期
旅銀
半生
解語
年度
雑劇
郷里
異質
後葉
詞書
和上
変性
角地
時世
不全
氷炭
成典
物心
株券
水勢
従兵
油土
晴朗
鉄条
全景
商況
情景
欲気
防犯
盗品
内線
日干
光線
水母
運輸
盛会
小波
次数
奥書
信号
術語
高給
生後
作中
箇所
走者
数学
士風
臨調
全形
横丁
遺子
軽少
男物
外商
法皇
中口
前節
形影
末座
両日
君公
雨戸
見目
信条
下着
民草
貴重
身幅
条規
上紙
専務
終点
神典
上長
多照
本校
持仏
禁門
科人
利害
親権
通貨
破竹
毛筋
矢先
奇特
古式
守刀
人権
素見
円堂
借方
牧者
私腹
雨後
商略
地表
御上
唐金
連対
団員
借景
家令
戦陣
最貧
窓口
前人
血球
定規
時差
刻時
極貧
不感
白木
停職
外皮
胃液
低速
遠海
庭木
酒倉
策戦
我見
祝祭
思惑
幼鳥
金星
米語
無煙
商工
欲深
私益
鉄材
胴丸
旅券
作物
同校
人災
氷魚
反面
新字
肩口
青刈
皮相
延縄
共学
石門
水爆
他派
珍貨
鉄床
体用
寸前
優劣
借宅
将卒
遺物
性行
正覚
重器
中震
晴眼
所作
浴客
綿密
名優
木質
楽士
可用
悪文
抱寝
内記
校風
国憲
薄弱
即席
放資
汗馬
火夫
絵心
板木
同左
原生
純銅
浮草
悪筆
極性
両得
晩婚
使番
半眼
屋外
傷病
熱心
方図
均質
特異
惨害
客語
保安
国論
無念
拾遺
神速
転機
秀峰
訳柄
衆望
先陣
関税
分科
外宮
才徳
酒色
名犬
肩付
期初
作法
欠片
墓表
財団
学者
衣装
常忠
従姉
引縄
古文
内戦
立憲
帳面
養家
個展
黒潮
台子
白根
景品
暖気
宝飾
豊漁
清談
客足
木版
列座
道県
金平
軒下
単品
地口
船縁
原酒
強弱
示威
王族
印影
男性
宝物
州立
和物
花畑
積悪
巨弾
乗物
族長
語脈
県境
末技
放縦
水菜
荒業
省庁
程度
点茶
海洋
同家
原綿
星雲
前編
女系
名店
空欄
小形
名節
真中
文士
御召
節奏
暴徒
穀倉
圧力
生紙
無音
小暑
帽章
世紀
茶器
難訓
職権
質札
求道
秋水
悪徳
遅出
燃料
綿羊
大徳
年産
雨露
輝線
古物
功臣
検体
外務
全市
印池
前者
会下
暗幕
任務
御題
医大
驚異
感想
板屋
粉乳
学則
捨値
隠微
雑貨
論理
折角
情理
点画
若輩
山妻
下表
素行
人夫
黒目
外敵
幕府
役儀
見付
大仰
図録
皮肉
中央
利所
定評
謝意
年齢
女王
水仕
舎人
練炭
入子
側節
面影
土産
漢文
住職
先限
諸般
肺病
直伝
神火
画工
自若
赤鼻
仏経
常勝
資力
葉陰
雄姿
学兄
純綿
遊楽
火除
腹水
初荷
公事
経木
団長
年利
横穴
往歳
乗用
政友
作出
小口
原作
夏隣
大戦
衆口
軍需
大序
付添
助士
視座
史学
実方
忘恩
温雅
死文
射干
最強
母船
成魚
風土
定値
実権
宝玉
大君
同町
陣列
甘言
常道
親友
白歯
返点
質点
鉄腕
分野
総局
空語
民力
仕業
渡世
聞香
地縁
丸取
他心
雪白
画面
黒人
山海
源流
原子
同性
差等
何様
階数
平地
下端
紋下
唐土
来光
定率
会頭
実害
許多
奇童
地検
置数
弱電
委曲
主翼
次席
評判
田地
台車
色白
研北
体協
現職
空馬
操短
公主
波数
億万
民地
外販
雲脂
別物
青物
壁面
室町
最中
軽率
雪消
中食
釈然
名手
産業
原音
神君
多産
楽寝
小山
機織
欲界
在米
召使
名利
丹誠
石段
雌花
表紙
領野
駅伝
門鑑
同業
船底
俗悪
微傷
小鼓
妙薬
絶大
政断
雑品
中火
子音
和敬
文芸
羽車
本命
風趣
配役
群臣
満幅
皇祖
学位
家相
法学
右脳
声楽
合印
不学
認罪
越訴
役所
腰弱
令色
神授
空涙
市価
鉱物
殿軍
外人
税金
適例
耐火
非理
自動
継妻
潮先
月読
両論
雅致
死票
原隊
古楽
熱風
耐酸
幼時
並存
床机
車券
戦傷
南緯
活花
古雅
玄妙
溶岩
花弁
個中
故国
岩根
初版
予選
校異
花氷
生色
貴人
大物
対内
化工
全角
鳴神
陸相
玉代
画会
散人
産別
足首
要項
無比
店員
端麗
合口
花鳥
露命
前景
荒物
分館
密計
思慮
祭殿
法師
成績
国学
青空
夢精
諸味
良家
内政
国許
土方
祖宗
明王
海面
口先
陸風
旗日
便船
雨中
負目
月極
浮身
脂手
貴家
習俗
印肉
全線
電柱
乗客
分子
酸素
先客
乱視
神前
明細
国運
権原
孝心
次序
小事
脳性
晴姿
歌曲
曲師
悲調
力作
天空
学部
滋養
練糸
機器
電設
私見
大宗
食間
石橋
天為
合方
子日
職人
諸王
魚子
教授
午砲
花梨
季刊
区民
通販
明敏
有限
強談
地帯
穀雨
昭代
財欲
行跡
容儀
目角
金鉄
熱血
玉目
弓道
死所
質物
本震
曲者
歯並
友人
元利
脚下
拝外
署員
知力
陣門
芋幹
御行
炭素
綿糸
能力
納屋
平手
大手
乾板
想念
金枝
棒術
採草
議案
店長
即値
近代
持経
微少
平信
異母
字面
常春
強味
敷物
未済
列代
雑話
磁石
教生
病害
師弟
実物
振幅
形見
恥骨
彼方
牧師
私信
古紙
情事
砲弾
反故
寝酒
地虫
少欲
実状
先見
身内
継目
難読
書付
麗人
骨質
折節
占師
麗容
仏敵
押入
悪才
横波
無痛
熟寝
若造
席画
後金
束髪
板床
熊毛
幹部
小伝
客舎
間夫
基質
武運
戸主
安打
妹背
水髪
各市
飛報
木造
温厚
薄板
祖母
押麦
腕輪
岩穴
裁判
正中
詩賦
塩花
単眼
肉牛
左党
庭梅
市街
学業
病舎
地蔵
熱度
通番
歩道
樹林
軍国
日豊
行革
眠草
同断
旗手
底流
暗部
口取
仲直
永生
至上
名僧
身代
権化
下番
議連
物価
黒豆
官需
援軍
論功
頭分
近間
雨量
手芸
重圧
楽節
東院
厚情
字音
継台
現象
口笛
信教
点差
抜本
就農
少敵
散剤
端数
血族
油圧
頭重
黒鉛
党名
小才
数量
中型
穀類
本然
盛者
金波
新都
荒神
最少
玄米
技法
片影
仏画
薬局
噴泉
押目
額際
湯花
容色
賞辞
兵隊
不精
多情
割算
気功
識語
陣立
全盛
間道
弁舌
都鳥
金物
効用
分数
機動
手中
無地
書誌
旗本
象限
日新
火切
極道
市制
口車
補欠
奇抜
実科
雑然
悲運
都庁
兵種
世才
親骨
才力
黒血
明主
直径
陽報
不動
有職
為事
健児
縁類
火山
立居
別当
何分
稲光
軽卒
乱調
無鉛
航跡
不死
剣士
鋼鉄
原油
草取
早足
裏曲
兵馬
上記
白日
用水
逃口
母印
全校
経書
合切
国文
救難
変名
腰気
発作
僧家
貴簡
姿態
共編
原毛
光沢
洗剤
急坂
俳文
語格
黒酒
親鳥
残雪
年弱
規模
明色
握力
難文
野手
論説
納期
全局
空論
軍門
珍奇
妻板
心耳
小屋
柄頭
無辺
不慮
網目
不敵
北限
花暦
追肥
上人
破屋
立礼
激職
細部
彩管
矢柄
党是
冷夏
科白
前科
守株
精農
空自
序曲
弱気
暴投
動詞
毛筆
書幅
尽忠
跡目
前史
頭首
川筋
中編
裏表
未納
軍営
身根
暴状
初経
稲妻
病勢
金主
凡骨
水心
草子
恵方
名句
諸処
工期
旅所
受入
多弁
数奇
心地
俳域
成果
自前
火薬
野中
寝業
銀翼
各組
区域
身空
冷淡
山師
論集
今生
本稿
祝電
父母
次兄
立志
砲金
天女
肉欲
末学
路地
宿悪
造次
広縁
向背
神鏡
道人
越権
悲傷
臓器
人質
妙手
有髪
本当
荷縄
諸手
職名
横顔
農作
砂浜
外為
試案
学派
演義
典拠
聖典
演劇
馬主
雑録
悪者
希書
父兄
条章
善隣
音物
無毒
日系
口語
鹿毛
下田
合法
述語
浮氷
年中
近県
途方
烈女
赤土
会社
銀宝
呼物
体感
才芸
術策
記者
公算
眼帯
稲荷
夢見
歌詞
金具
条約
草色
機工
議長
敵本
緑便
海友
止金
雑感
演武
苦力
頭取
歌稿
文書
関屋
大役
初夜
快楽
薄様
白妙
等級
敗色
冷性
持前
竹刀
潮位
序次
葉酸
資料
中天
本章
我利
苦塩
同体
朝露
大豆
貨殖
実態
留湯
操典
余人
悪念
異国
弱敵
奥行
土民
氷河
接眼
所員
単音
装束
雷鳴
借家
拠所
食後
必勝
学帽
旧約
物語
要務
床屋
官軍
水玉
賃料
資財
里数
天皇
刺草
仏工
遊子
傍系
継母
烈婦
花束
形式
紋帳
大鹿
行儀
全品
弱国
草花
上刻
質屋
非命
別便
沈魚
仕向
機電
諸宗
異義
身辺
焼鳥
酒乱
灯標
道徳
館員
毛織
接木
宗門
店主
宮中
版図
切火
画聖
自室
待合
要領
気配
選科
副食
焼玉
空陸
乾草
知名
貝焼
分段
香料
原麦
軽傷
略儀
熱性
能否
逆順
近国
小品
落口
良種
天漢
工大
村勢
全員
聞事
弁髪
運賃
田舎
剣山
土語
立板
県外
腹痛
小業
風雅
御願
半円
西口
人達
紀年
私曲
当路
向暑
座下
正論
来復
磁区
地声
余分
空豆
手職
清純
名前
財力
岩石
代価
金文
原肥
悲恋
動意
旅心
小雪
福引
代官
竹紙
外客
中前
樹幹
全域
画然
語形
犯行
農繁
浴用
小頭
重点
律令
脂粉
句切
浮輪
土地
段落
臨地
紅型
方言
中表
微風
常例
除法
松虫
鼻薬
総領
髪形
無策
虫干
徒事
足弱
資源
員外
兵備
自陣
郎等
王宮
管財
秋分
広義
話芸
領土
鼻輪
金輪
波線
谷間
朗色
健忘
筆端
妻室
両部
日刊
始球
粉末
赤貝
長兄
重文
無宿
武将
本番
下作
状況
新価
神父
秋気
飛跡
文人
大声
修験
感触
菜園
会友
本願
株数
祭式
水底
極寒
広量
船虫
選対
高飛
道術
敗者
人語
薬園
見台
無反
後遺
灰色
境内
渡板
衆目
名訳
和語
後記
友好
義勇
寸書
地味
用命
頭領
偉業
残夢
湯船
外材
大雨
在世
罰杯
白雨
簡素
女中
寝際
現品
無色
食指
微量
火宅
非礼
薄皮
落語
老眼
自今
志気
年賦
板間
再販
温州
珍品
病巣
単色
訳解
省力
肺葉
歌論
淡味
省益
秀抜
教本
噴飯
川上
正体
国庫
不実
車庫
酒塩
小差
出花
狭長
生娘
肺門
太刀
月代
唐物
年始
不快
熱源
盛栄
乳頭
草魚
宿根
酒保
石高
訳名
旬月
使節
多芸
鈍才
高点
雅語
人目
斜光
網元
早道
臣節
同額
官服
地紋
心拍
宿屋
災害
令孫
烈日
詩巻
手心
病身
山路
珍獣
降水
夜直
市長
往航
中身
北画
異称
唐松
暗涙
軽薄
定紋
原爆
手間
勢威
真秀
純一
機密
冷菓
諸道
神都
主戦
役職
風圧
家老
親密
年額
整骨
弁天
文部
校舎
車体
明君
正史
短長
弾頭
方術
腕章
総監
落魚
多義
適法
比熱
手形
実兄
医長
妻達
義挙
忠言
古代
毒舌
外界
低位
墓前
打線
血液
鉄筆
方様
社説
武官
全一
法官
恋敵
徒輩
布令
雄偉
姓名
残年
視差
恋心
天草
差金
終期
安居
民航
同港
昼食
農山
海軍
目星
歌切
武名
配点
奥様
歩幅
両目
金山
荒亡
原産
質草
理療
悲鳴
意欲
赤潮
絵姿
朝敵
旧称
熟畑
画賛
薬石
脚光
支署
材木
包金
下座
儀典
早業
寝床
仕種
大波
官営
曲節
大要
甘皮
対句
約手
夏休
物界
弓勢
不戦
国益
前件
聖堂
単車
煮花
天敵
神性
旧幕
男心
勧賞
星合
隠亡
女形
地価
盗難
蔵版
表土
官公
立件
秘仏
談林
宿老
金筋
重代
名曲
影印
男系
寸言
素生
祭日
絵素
急火
海員
学僧
取前
不調
自他
俳優
農地
細則
状箱
暴風
茶色
中空
大敵
前歯
堅実
折線
体形
教学
幾重
首罪
金満
語手
業法
気品
下流
澄明
回春
生態
当人
焼魚
乗員
動因
品種
通宝
組杯
珍説
電文
老齢
貴族
奇術
木舞
無病
夜寒
程合
柄物
他県
健保
党費
物種
外報
音程
全文
牛皮
優生
時数
文具
精肉
雑煮
段収
表題
服地
船足
無様
浮織
歳入
無季
善根
遺筆
通風
療術
副因
他所
鉄血
虫酸
着類
長夜
日切
本法
陰画
仕材
継受
知歯
貸出
敏感
新制
賞与
子女
全巻
茶気
寝汗
制令
音吐
溶鋼
町並
奇形
旧交
新木
返球
意力
乳質
病原
得失
立方
恋人
将官
冷静
各冊
日計
総統
瞬時
白玉
定性
論者
連休
探鉱
用事
機外
青雲
金色
後期
冬営
鳥屋
銀漢
寂静
機縁
勇健
骨相
利息
定律
店内
淡白
旅物
水草
骨法
見地
新道
出面
母校
若人
前世
茶人
死目
荒野
暗君
対外
時候
勝運
氷菓
複本
見番
軒並
教書
実力
版式
選外
寄席
豪族
使僧
追福
水門
断面
日産
対格
空言
孫子
神馬
共著
主持
筋立
連子
引手
全車
首題
兄人
漁父
軍神
目鼻
音曲
砲煙
浮薄
頭頂
別品
眼前
無量
運上
功業
山女
唐楽
冷戦
強国
式服
川船
生身
実車
仏書
感度
中点
重役
地髪
張店
緯度
店賃
手狭
講堂
城跡
心根
長途
特賞
栄養
柔道
多毛
薄志
末法
木灰
精舎
先棒
令名
客種
背広
進物
技量
陸湯
光輝
生乳
魚網
後会
烈士
傍白
未読
君王
夜空
詩人
相対
巨額
用筆
極点
各店
楽師
史話
爆弾
腰帯
潮時
沼地
型番
異物
穴子
春寒
苦熱
薬理
雅号
京女
選言
受苦
駅長
要素
下絵
軍民
鼓腸
文集
仲秋
旅程
刺史
暦日
旧態
範囲
旗印
和装
濁音
役目
豊凶
法線
煮付
軍規
行宮
特電
落花
絵像
水車
業態
初筆
無傷
毒性
原票
名札
仏家
添水
当市
物日
実体
溶損
教祖
炭価
違式
方針
細波
氷野
弟分
職務
驚風
用金
挙動
特攻
色香
縁語
風流
義足
馬尾
入方
温度
港口
院内
若竹
産品
隣村
聖代
古事
沈金
有高
検車
押葉
文略
良案
臨本
常連
朝寝
左腕
販推
金位
水貝
両前
墓域
毛蚕
備考
山寺
呼塩
得意
先天
胸底
玉座
技能
中国
小脳
無産
砂岩
大尽
酒杯
隷下
工費
花台
大使
親船
石壁
将軍
後妻
用役
金座
沈子
遣戸
風災
老師
雪上
大尾
園芸
放漫
因縁
中筋
好季
性別
仮題
筆者
君臣
当社
織目
守神
従順
日和
正員
色町
密教
角灯
鉄管
草笛
虫垂
指物
警乗
尊来
悪気
令聞
筆画
初稿
軽風
党議
敬承
露払
負数
起票
図版
最古
日程
等位
遠足
穀物
帯金
雌松
音盤
葉音
見場
手鎖
高見
得策
同色
単彩
馬陸
短刀
豆炭
通所
絶美
長円
銅板
父様
月並
山神
小幅
府会
損益
端子
形象
腹中
基肥
金貨
里人
乗具
肉眼
路銀
痛棒
間借
校内
禁中
内耳
天罰
県立
朝酒
兵役
松露
砲術
約音
公共
至徳
正確
様相
多忙
秋期
節理
養蚕
流人
安危
従妹
除目
乳歯
校友
灰分
中葉
増価
芸能
宿場
官製
拝復
参差
紋織
常人
社中
異郷
会期
党人
風害
公取
客将
左記
過料
末端
夫子
黒色
元手
夜陰
水生
金銀
適作
人口
磁器
時節
同点
暴力
包絡
下衆
朝権
鉄人
総身
愛敬
役柄
領域
小布
肩当
毒素
父祖
水差
不適
眼界
詩史
墓誌
性器
保線
良心
深緑
触状
余毒
有史
電球
寝相
外史
傷口
天恩
余栄
林道
字数
小職
秘曲
征戦
要路
先触
貸越
名花
本館
長押
法論
純潔
人工
切岸
諸税
本紙
難件
薄給
楽土
残物
暮色
神木
鼓手
不敬
食通
時価
軍使
闘将
産学
尊王
要因
偉効
官紀
良民
余病
無我
機構
有機
活版
接線
章典
不弁
舟行
預血
差額
電線
新手
大穴
結言
成文
背教
非時
属人
単発
毒物
等量
強酸
潮風
悪形
幼体
無知
遠視
労農
俗名
応益
林間
表地
盛土
各駅
金持
天網
図引
教典
標題
体質
雲間
即事
実父
戯夢
金賞
夫妻
魚価
破婚
猛悪
憶病
好学
忠実
労資
緑眼
経水
神米
俗画
区割
宗教
鉄壁
名跡
現官
臨月
天命
片側
中限
泣言
善良
発禁
片手
初等
私党
香花
移流
書作
投網
同村
新緑
取組
空包
銅製
現高
童女
害毒
陸戦
旬余
文弱
所存
国花
合理
強腰
氷点
民選
節穴
紅粉
諸口
鉛版
物象
寸志
極印
個室
若朽
総花
競書
品格
恩情
腕前
見識
御門
海底
立像
和書
処世
戸数
結納
県下
側目
合弁
唐紅
新政
地階
返討
町筋
水魚
着物
感冒
血税
偉功
破子
輝岩
断頭
別姓
空株
株価
純量
黙約
液剤
金城
社会
息子
帰命
山系
教務
寝首
大筋
飲茶
巨火
補数
守兵
基地
横目
雑書
窓辺
凶状
領地
達筆
浜路
行金
高直
直角
次段
依願
礼状
背泳
時様
療法
除幕
忠勇
特徴
環視
御店
犯人
自象
夢路
左官
内入
残土
末位
買主
案文
愛郷
内径
俗筆
中元
水声
法典
紙子
適職
水木
橋銭
弾雨
腰高
凶変
同郷
来意
肉弾
新本
面相
大功
我宿
樹下
校外
画像
真宗
他力
触感
戸車
早耳
現員
浮貸
特務
冷灰
作風
極度
作条
不壊
妙趣
門下
学齢
薄荷
売主
圏外
元年
官選
身状
便法
御身
顔面
悪相
山水
枚数
引際
定理
金貸
俳人
多雨
中間
助炭
月賦
音律
替手
和習
闘犬
仏式
中気
素話
旅人
洋室
至近
外局
部類
胃散
純度
僧門
国電
歌合
地頭
役人
外字
下目
国名
台風
情念
右下
賛歌
赤地
倒語
弱行
年並
多端
社主
外形
複線
工科
直筆
左翼
真丸
犯科
雑木
真理
家並
銀笛
世柄
巻頭
水盛
仁徳
葉書
軽挙
収量
凶荒
心気
左手
夏物
気前
動労
水音
自販
容共
保金
長潮
砲座
上玉
会務
鉱油
事由
美術
光頭
異事
本土
家主
機知
真性
皇統
大全
立合
子細
平体
罪悪
水計
人台
貴殿
公序
違憲
太鼓
小謡
天授
恒星
外題
福分
原器
小兵
垂線
声量
巨岩
野羊
貴種
至大
船首
陣容
需要
心算
地下
無害
氷柱
船団
反歌
母式
海布
所説
忘我
返書
木場
特典
飛球
黄身
純利
象虫
内証
河清
麦畑
縄手
時日
不燃
遺書
原書
微速
陰間
物品
画布
鎖積
板目
凡百
海浜
渡座
礼者
堂守
教団
鮮肉
山行
血管
主査
大火
球形
神格
日並
精虫
主音
他項
堅物
県別
家電
乳母
引数
足代
私立
大川
浮標
悪日
長命
矢来
有休
防虫
後手
芸歴
毒気
節織
名題
武辺
気管
単一
境目
子息
病院
人跡
軍刀
都内
社線
鮮少
白光
奇問
博大
打切
取札
要点
忠孝
逆子
不具
過労
式法
腹案
腰板
頂上
輪舞
耐性
小島
黙示
枝折
同時
板元
天窓
法例
傾城
州兵
良港
山脈
君達
結節
定休
才女
巻雲
林政
変電
兵家
測位
回数
才能
自重
皆様
宿坊
遺戒
週日
初姿
教条
射的
墓所
大紫
来歴
御髪
諸国
婚儀
紀行
満堂
防火
牛馬
告祭
死身
足形
共修
高圧
出船
竹縁
愛情
批点
助手
大盗
次項
工数
家例
頂点
雪原
絵師
荷受
場代
名称
人力
平易
塩浜
家格
小身
馬料
余談
謝辞
胃弱
別報
夜気
秋興
病人
確固
濃緑
真俗
張紙
助員
流域
武事
王法
野性
地震
総有
復文
足技
弓手
輪状
本科
太平
女優
優形
酒豪
先夫
良友
農産
俳論
性向
機長
上辺
親展
強敵
丁重
東天
加里
版画
借手
母型
手紙
船橋
惑星
楽人
火力
親許
老臣
多様
属官
日子
短編
口座
代物
皇宮
大部
両足
講料
寸土
開巻
長幼
情勢
軽輩
政客
流亡
狂女
友達
半日
検事
前頭
成因
著名
老婦
能事
大輪
治略
本官
不測
学歴
原野
角髪
好捕
実株
神話
過失
月刊
産前
下界
警棒
助辞
買薬
円座
京舞
割賦
激震
跡敷
規範
別院
弟妹
様式
言辞
低地
抱腹
音響
人様
容積
梅桃
鋼板
末派
世道
月夜
家伝
富強
奇談
副本
鉄輪
略伝
王公
木精
試補
公平
弾丸
首途
宇高
洋酒
毒筆
科挙
下根
書店
球児
純増
角巻
自軍
米飯
美人
筋力
夏蚕
故実
必需
化物
砂壁
界線
爆声
院長
巣箱
脂質
馬連
暴勇
愛車
巨費
複音
箱書
俳談
潮受
冷麦
命脈
図像
豊水
住持
名刺
県政
労政
生壁
左角
薬玉
遅効
話頭
訴件
基部
張力
元首
不孝
株間
手前
本庁
勝勢
行程
青銅
宿雨
技手
非我
性状
緑肥
無道
入来
林学
衣手
重傷
豪気
大便
飼料
獣類
重囲
書役
西岸
後朝
全音
粒銀
中部
例外
終幕
雑文
独身
日舞
苦杯
教具
専権
国境
優等
本城
花園
医学
寒剤
夜話
猛威
家具
近辺
片目
珍物
幾分
課外
外護
用次
敬称
秋高
預入
府庁
密使
選書
位記
採火
丸首
要件
境域
玉章
共布
名主
寺男
冊数
植物
局報
倍率
果物
絶無
言動
快速
米銭
火砲
有生
街談
定額
論蔵
私選
金縁
確率
急病
詳報
切紙
快感
剣道
反照
美俗
善女
天理
大詰
精機
船内
点薬
町役
御供
劣勢
水辺
医用
余光
故事
共済
応急
雄花
宮殿
角度
後目
稿料
大宮
官学
麦湯
敬語
党紀
飯場
乗合
時報
才取
部品
子株
何等
習慣
旧劇
船尾
春画
郵書
致命
机辺
土木
用地
小社
長話
社交
南方
新体
黄色
風教
吹矢
名詞
私論
天台
貸席
結界
標札
尊容
比況
家集
利達
対地
重量
不買
両校
下位
港内
副木
言責
天平
陸地
国替
草原
遠洋
盛儀
卵白
丸帯
失当
飲水
月光
陰影
文豪
総出
画商
殺陣
変物
弁当
星夜
死神
列車
恩給
流物
青地
無名
火色
戯評
末社
折詰
宮居
口数
陛下
水絵
毒液
置屋
祝日
次週
沿路
酒場
米屋
疑義
印鑑
特称
爆烈
珍事
悪因
荷札
船窓
漢書
寝耳
直情
緑野
巨万
良俗
間者
白地
適言
採算
薬療
砲台
血盟
数社
巻貝
客殿
不当
新装
赤貧
絵付
劇務
消口
水質
径庭
測深
花芽
県域
早舟
内密
勝味
天上
古音
官版
支脈
獣行
見本
成心
投売
残欠
満身
丁幾
体調
男声
軍務
地物
取調
熊祭
経典
名付
豪勇
武術
潮頭
自信
磁針
全量
狩場
士卒
根源
川砂
義気
朱欄
住僧
閉路
胸壁
有余
才人
実相
柱状
油送
替玉
純毛
図形
激務
小策
新造
列後
迷彩
威武
食費
園地
事故
門付
標準
戦地
枝隊
英名
群青
奇数
新渡
底辺
出湯
満月
動産
学制
今風
賀正
怒声
旅路
詩学
全長
好物
小春
帳票
冷肉
石刻
立場
敗報
能管
寒流
過言
教官
濃口
玄孫
計略
米麦
南国
明夜
祝勝
神学
美女
手付
語意
優美
下町
小字
経度
基底
不渡
軍功
攻防
北洋
重科
御職
緑豆
優女
初盆
形態
沖合
御礼
両極
水彩
断簡
票田
純正
所願
朝家
先非
恵贈
小腰
面体
大志
破格
無紋
歴数
御陰
安物
道歌
仕切
句題
本草
雑粉
光度
外乱
信認
文化
石竹
歯音
本隊
理数
皇国
祖業
清澄
心頭
定圧
農事
小母
白紙
残刻
戦時
荷船
局地
手鼻
市政
上層
横道
細事
浅春
上代
層雲
事端
隠坊
孫娘
理科
院試
切干
委細
理想
組頭
積荷
義母
音字
弱小
敵意
手合
部数
祭神
閣外
大公
関頭
公海
先輩
地歩
遅番
毛布
浮木
玉門
能書
方案
精分
宝庫
宗族
大潮
目盛
裏尺
雲上
武闘
暑熱
束子
回章
重犯
麦雨
仮性
断然
余念
真白
銅剣
間柱
矢玉
子宝
不平
秋冬
果皮
口紅
夫婦
高燥
仏徳
離宮
特等
紙屋
連峰
温習
波紋
他見
将士
茶会
革命
社家
論考
益体
青毛
理由
暖国
義金
無類
水利
豆本
近衛
会衆
受払
丹青
特高
月余
型名
唐木
種油
高砂
現収
異聞
在高
地紙
中腹
権益
趣旨
行間
余寒
老輩
男坂
強飯
有界
俗念
液肥
同省
防暑
秘法
銀行
馬市
国領
文語
不潔
山野
下刻
長調
宗祖
公法
各回
飛台
英紙
大法
軍医
御形
裏窓
軍楽
不例
野鳥
良知
戯曲
米産
綿弓
根菜
磁界
勇士
売値
能会
生得
猛勇
辺地
連火
山上
史脈
本誌
島田
船員
衆知
斜辺
左脳
精子
鉄脚
柱石
最高
用量
笑気
狩衣
臨時
俗物
油彩
編組
不易
外車
替歌
在外
部民
棒引
踏石
油差
金頭
強豪
悪僧
小成
業務
光点
誌面
局長
苦楽
船板
満山
付表
取柄
切手
見合
母線
文革
社協
浜手
非勢
紅涙
売場
停年
黙劇
和俗
組曲
販社
引窓
借料
職階
生酒
飛信
主権
我執
闘魚
夕顔
牧野
婦道
反米
夜昼
火屋
軍政
惨劇
教門
文官
名画
詩論
本妻
大気
深慮
人知
君国
力動
府内
赤手
薬師
裏門
産院
足芸
絵図
横座
血幹
公徳
弱輩
私権
結綿
傍輩
判取
園生
間服
半幅
上地
現時
多段
典礼
世間
政党
地境
闘牛
各地
賃銭
浮雲
市電
夜行
車輪
尺地
箱屋
工員
日照
行旅
大息
築法
青酸
後発
糸底
青玉
板子
密室
優性
異教
作品
敗因
内庭
水牛
新香
神水
英雄
歳出
不文
水温
振古
明文
根芋
切点
悪夢
後前
喜怒
上乗
先王
無限
古屋
緑酒
無雑
根城
端点
原典
便服
所見
割線
劇暑
句集
基準
党類
劇場
回路
過敏
俗解
父方
易学
山畑
相手
朗話
海鳥
赤木
紀要
木馬
信徒
巡査
前線
全段
王立
議事
未発
太物
外信
興産
植生
業風
陸運
危局
金利
剣劇
宝剣
汗顔
無尽
技師
温帯
研師
真金
中卒
損得
地米
初潮
悪貨
梅干
他家
政事
内所
溶着
素面
義理
品詞
国威
泉下
番外
浅慮
荒壁
生面
切妻
我家
被害
白色
通力
杯事
定点
物証
権臣
団子
真書
法条
白番
追分
木杯
来示
時化
日動
広前
砂利
副官
下司
絹布
珍客
歯科
各党
軍兵
定命
互市
返札
切所
無銭
出会
網状
倍速
飛石
師僧
国産
深酒
遅速
武神
真竹
春光
急速
速算
淡竹
強風
貸金
容量
白子
巨富
暖色
僧服
借地
和人
大判
無文
焼肉
景物
牛刀
腰布
引導
陣内
券売
場面
学友
織地
駅員
商家
遊休
御世
置字
現制
共犯
漫筆
色狂
本店
貧苦
量水
同派
刷毛
立札
女権
法量
珍問
劇詩
真底
水割
完膚
劇痛
原案
足軽
市警
定見
少額
行末
天機
鉄鎖
迷路
網版
相席
結城
精力
外教
器械
薄暮
枝炭
側圧
潮入
別電
鬼灯
空理
部局
友引
片耳
威風
秋日
発端
差潮
歌沢
街灯
開張
刀身
各署
高貴
気弱
人並
苦手
最初
年取
空身
悪神
世情
恒例
遺品
視点
和字
薬効
悪党
常数
運河
余暇
奥歯
端然
年女
草卒
黒子
史上
縦糸
前髪
信者
水明
憲章
庫裏
端株
戦隊
景観
快適
飛箱
都立
漫才
愛犬
欄間
国典
押花
練武
月来
鳥追
仁恵
枝道
異土
外見
小難
毒薬
残照
月下
下名
円舞
細引
団体
感涙
法相
老体
優良
基幹
手旗
過重
飲代
分際
学賞
女郎
馬頭
物議
東男
南部
部立
根太
非情
余情
永久
多量
税政
大殿
当限
土蔵
西国
車種
鳴戸
才識
宗派
天分
産土
重砲
洋書
定詰
間合
出典
南端
心肺
便通
幾代
客層
殺虫
落潮
乱軍
俗論
飛語
払込
紙幅
国技
秀句
兵団
炭田
裏面
月数
黒山
弱年
題材
感興
常世
謡物
早月
保冷
成層
剣舞
他方
山田
良法
官庁
髪床
組長
合歓
鉱業
徳義
蔵店
俗字
相場
裏話
大小
所信
手腕
物療
辺境
動乱
工高
原品
凶弾
根深
医事
参議
実弟
宇内
今様
基音
戦術
良識
優品
骨格
重機
自明
実需
量目
台閣
牧民
天孫
防風
制憲
俗輩
衆議
在方
茶髪
御坊
大樹
舎費
神気
小国
県費
見世
応手
微意
借銭
小変
自余
標灯
俗習
小人
網代
類字
月色
古色
直中
青虫
大船
城山
筋合
慣習
吸盤
火手
卵酒
年寄
着駅
難行
列聖
守役
高校
陰文
難句
赤心
暮雨
漁業
唐紙
短剣
治乱
笛竹
東歌
理国
空文
明神
旧姓
腹鼓
詩歌
脱字
恵国
清濁
白票
仁丹
独楽
友情
簡裁
厳然
卵生
魚雷
語路
鉱産
幹事
性善
典章
凡手
許否
人馬
礼砲
寸尺
繰戸
私話
氷質
血涙
主旨
実線
大凡
冬日
器質
鈍根
近世
丸打
端末
公害
出番
塩豆
送状
暗弱
再犯
力水
業報
始期
里子
遠方
河馬
乱婚
放論
直積
別杯
唐本
紙質
引網
標高
筋肉
石弓
実印
指標
色神
火元
変則
不定
間代
凶日
西経
官舎
様態
抜道
立党
本論
極安
漁民
灯明
遠音
喜劇
光波
勇将
中門
名残
余響
冬季
群落
岐路
仕合
水溶
内臓
赤毛
絶景
腹切
敷居
白首
宿賃
人膚
皇位
竹輪
福運
持家
機材
空地
端歩
紅灯
眼球
標注
国際
羊毛
今体
種本
模型
死脈
恋風
仁君
夕波
級数
家数
亡妻
士関
年波
女手
真人
短章
微粒
細小
早熟
留針
公明
共管
先史
群雲
捨子
富国
影身
連隊
死恥
無欠
鼻紙
筆生
糸操
雅楽
端書
名目
枝族
針箱
手話
球状
各週
北国
農場
弱者
極右
枝肉
否応
知音
交織
死体
丹田
耳順
白兵
化生
立冬
専横
気体
国定
焼討
夜具
見解
全階
異数
実像
地熱
感能
冷眼
口実
右前
恋文
豪雪
織機
常会
園長
快技
求縁
社司
官位
死毒
論語
軽妙
質店
角界
真暗
炭庫
単独
総業
葉脈
平価
現下
再往
退路
福茶
貴公
遺業
変項
月役
楽典
学府
天質
流罪
識者
高教
震度
冷汗
戯作
兵務
時季
仏子
東北
尾羽
商店
大紋
満開
居敷
中州
両剤
無能
抗力
訳文
手鑑
目視
短資
自由
洋灰
重心
草月
内皮
天金
絹糸
夏型
興福
小指
食客
次男
緑青
交番
微光
黄金
若水
文箱
連夜
各委
文目
鼻翼
尾翼
果断
人波
言行
秋色
門生
横列
場裏
旧教
歩度
行蔵
両紙
卵塔
局所
湯屋
朝練
入訳
価値
何事
酒鬼
風味
博論
盛況
画展
腹筋
手先
指分
栄位
建玉
南庭
食管
申文
大戸
天顔
白身
鉄路
薬草
隣組
未完
個体
横長
等辺
逆旅
初秋
角通
真正
数列
目路
支点
冷厳
奇利
人柄
小我
始原
微細
長物
絶品
課徴
震域
荷足
逆進
今昔
損気
鉄筋
野草
理財
平温
母乳
手柄
早口
営為
動脈
翼下
片雲
沿海
方策
明度
辞令
円陣
領分
正眼
巻尺
経線
変人
中佐
議運
朝市
腹部
皇子
岩組
金石
番地
老境
島民
雑学
委員
同勢
帳場
異境
口腹
防具
積善
行頭
釈家
高空
伝灯
信組
抜身
式台
歯肉
環状
米穀
劣性
容疑
歌謡
仲春
和製
愛馬
新開
幕下
条文
仏性
食紅
同属
死線
通言
戦野
有色
資金
鉄板
豪家
理知
目次
旧作
山地
機微
駅名
備砲
中風
色女
大風
大名
炭山
盛代
不休
物産
対等
婚家
徳政
河岸
緑地
群衆
頂門
重弁
小骨
水火
恩沢
主体
漁船
師走
残品
全容
夜会
書証
素膚
針金
残務
圧制
同博
生節
色石
水船
相称
円柱
巨船
各科
体液
京菜
通巻
晩生
墓相
視線
独往
熱傷
無礼
個所
唐子
内相
快足
狂句
地学
先妻
最奥
干乾
潔白
小編
毛穴
無根
直販
彼氏
転院
流者
健康
縁先
露頭
小鼻
染織
演歌
秀麗
暦本
前足
若党
易者
家内
他動
縄目
有事
重罰
義手
里親
利酒
端本
話柄
副詞
同薬
心身
局方
税源
教案
殿下
興味
繰綿
外陣
英学
赤目
皆兵
途上
魚族
美容
週給
寄算
不意
自注
玉菜
証跡
不法
集権
甘食
故紙
各課
大男
野暮
序歌
税法
主動
割前
香味
恐妻
岩畳
武徳
調帯
有識
理容
異体
罪障
人為
継泳
有期
腹蔵
残任
声望
長刀
方円
庭草
美田
小史
停刊
商館
貧富
兵火
大河
種牛
別名
互恵
無断
横手
刀工
為様
訴状
行装
長姉
血豆
切傷
平皿
雷獣
国大
大暑
火縄
貴所
丸染
名声
方式
山河
人絹
製剤
替地
初音
台辞
水際
正負
初手
出来
常体
後件
経時
同線
刻限
岩船
春眠
山狩
富鉱
余震
臨床
選民
民権
血粉
絵具
前衛
高速
東国
馬飛
民家
情愛
煙突
経口
敷板
与信
高専
字引
胸板
学資
新柄
身心
降雪
悪書
狭義
夕煙
桜花
単線
論文
流血
非運
国書
富民
老生
戦旗
会規
宣命
障害
森林
本舗
表皮
互角
家宝
招電
心術
服装
蒸器
天辺
石筆
穴蔵
礼儀
閣内
英主
常夏
祝言
権門
近状
希有
拓本
距離
県土
裏作
表門
支部
楽天
月見
人類
本堂
側部
出店
春蚕
小勢
野球
権幕
国費
食尽
降順
清福
損亡
河川
博学
難局
枯木
士民
祝意
消防
手車
門歯
商船
長文
料地
先箱
土気
重陽
田打
婦人
本性
社歴
成獣
急使
製品
春分
道心
香典
熱湯
雑曲
不信
振出
粒状
乾期
腸線
元老
心証
黒衣
将器
月齢
晴天
正当
無常
本曇
分社
実技
春季
木末
愛想
補題
試論
権威
助詞
気密
前書
切要
異腹
例月
初口
真赤
和洋
男児
足腰
当来
番手
比価
歯根
税別
賦金
東屋
立花
人才
図体
宮門
潮干
持主
端金
選手
初会
古泉
高野
快方
小名
心臓
学園
大橋
鏡面
外郎
心棒
暴民
次点
手長
心筋
中日
弱酸
目前
不義
所長
正統
暖冬
腸詰
素性
初級
跡地
僧官
重苦
美学
直会
季秋
月経
力業
訳者
家来
草創
水損
終車
大悲
人道
区史
古筆
右腕
社用
小道
旧離
打席
青山
野史
御製
金肥
軍略
縦陣
恋歌
近業
路次
動機
官民
札付
園丁
定量
暮雪
同型
寸描
背戸
天守
側帯
名工
教権
花期
顔役
質券
白旗
血目
曲線
遣外
貸家
天変
平野
姉妹
加水
留鳥
労使
暴挙
片辺
陰陽
体裁
学区
首府
皮具
経堂
自尊
孝女
奥山
成年
荒縄
地相
初刊
略解
目板
村落
民心
別格
透水
片身
夜警
山相
様子
南都
公印
小柄
義軍
砂絵
妻女
所伝
地内
決死
高祖
食分
工場
労作
類火
本場
美果
人命
例会
歌心
紅白
雨間
無声
初陣
所論
生死
王座
公会
園児
北側
守将
他流
座薬
分外
他者
労務
前歴
呼値
夜霧
熱涙
知慮
宿善
強権
地雷
正規
野外
正調
机上
早年
初段
魚道
屋内
内儀
全店
全集
寸陰
祖国
林業
道学
段鼻
丁付
泊地
町制
山間
真田
重言
春本
原理
常節
国務
次回
山辺
帳合
斜文
上略
歴史
形状
玉総
未開
義人
身柄
上作
青畳
途端
南口
長歌
加害
西北
従犯
晩熟
別種
尊者
温色
貴店
朽葉
美名
縁組
厚恩
色情
胸中
栄枯
金敷
協奏
心療
小間
陽動
口上
証拠
両損
報賞
赤道
風鳥
銅鏡
利器
郎子
雄鳥
芸術
高音
木炭
活気
言語
石畳
諸色
毎歳
児戯
賀春
造化
海人
船着
王師
平身
境界
裁物
乱数
略式
上使
焼金
月白
野望
両脚
血潮
抜足
階段
歌業
水道
厚志
本部
末寺
堂塔
新曲
定型
縦穴
聖楽
盆景
次長
初歩
打物
軍歌
市井
要目
悪漢
過少
被管
態勢
本署
起電
戸別
悪戯
悪行
物見
犯意
島内
連語
尺八
食料
臨休
無賃
古層
対日
世故
博労
年輩
見性
西洋
宅地
家臣
札束
酒蔵
拍子
王城
遺稿
父老
詩才
閣老
南殿
線分
前項
冷然
跡式
鉄道
元結
劣後
直音
聖地
薬研
通運
垂心
納所
願行
野老
猛毒
片言
丸干
余香
下肥
雪見
品薄
清酒
平屋
温柔
見料
医術
見積
神子
鉱床
病名
俗歌
歓楽
玉体
同腹
別線
総状
空列
本位
当課
宿志
端山
洋舞
逆理
待人
電機
手相
濃度
建物
冊子
骨盤
山手
名識
心境
御札
湯本
新館
外米
起源
清元
婦女
果報
猛暑
自画
特急
金紋
精強
半径
学務
死語
王道
唐皮
私通
仏説
隊列
踏板
初夏
雪女
遠目
前側
財政
台本
銀賞
商会
副賞
病変
製法
付焼
郵務
異父
俳画
省令
暦学
歌学
湯殿
清潔
法衣
小者
寒月
爆音
余聞
論策
両家
相好
外港
難役
余事
積雲
東海
川狩
上板
覚書
無題
地権
水論
皇女
血煙
砲丸
番兵
春物
愛妻
酒屋
段位
過小
本能
東路
致死
駅前
危難
往路
絵絹
射程
気温
不宣
補選
残党
筆法
暗黙
説話
長講
目頭
軽石
腰痛
悪銭
部隊
馬車
石灰
薬礼
語口
原資
優柔
劇談
磁性
本腰
木表
徳操
早生
要所
強兵
工銭
空説
新暦
和文
方法
安手
達者
和学
不才
長久
船齢
県道
当落
定価
唐草
小乗
補注
割合
尊前
製織
開祖
流造
奇策
足労
草稿
出初
市部
温情
奴輩
挙世
上皇
口跡
速球
仏縁
宿便
紋柄
格別
県南
買弁
悲境
故由
方舟
主著
頭割
猛鳥
石頭
差引
都度
男気
読方
上役
老後
能動
紙上
深交
下前
雅量
羽衣
大望
焼塩
知者
雅兄
弱毒
骨太
開明
考試
寒梅
式辞
裏編
戦車
荷役
日待
大黒
令状
金歯
幼主
歯痛
歓心
荒海
観法
腕節
道警
空音
奇声
仏門
継走
最適
社風
書風
内面
首領
凶作
続物
夕暮
天性
天蚕
毒手
心妻
連装
必用
旗標
地神
番線
秀才
空砲
教員
敬笛
馬脚
実質
月番
小娘
始筆
風間
基点
散銭
墓地
気重
区切
祭礼
背徳
病家
精気
軍属
状勢
声質
獣医
敷革
秋草
全港
体高
善心
遺構
入用
初雪
来夏
民訴
真土
永世
凡策
羽子
受腰
市町
悪食
平準
造作
陽気
元帳
車力
包丁
銅器
有心
戦歴
新身
手下
国人
継室
死角
族制
黒毛
天球
結尾
数詞
人買
陸田
斜陽
塩分
義子
代脈
現行
下男
横笛
来者
音像
自分
昔日
奇人
専一
詩聖
若葉
各館
胴裏
因習
容顔
明後
教範
牛耳
失投
大内
学名
未刊
先様
本質
本気
干葉
統覚
両院
臨港
銀朱
至要
愛娘
本四
均一
直人
賦役
終端
旧来
土焼
政局
軍資
密雲
川辺
痛点
肉粉
定時
女児
潮煙
下士
青馬
高説
神慮
卵色
日乾
純良
使丁
劇作
線表
主砲
泣女
胸先
適温
高察
獣身
初耳
魚肥
北町
悪性
石組
雄編
公民
代走
舎兄
添木
国民
窓側
党規
正業
民望
呼水
外層
後棒
胸囲
下味
門弟
秋蚕
平語
不発
同工
係官
快調
胸部
人生
尊簡
訓点
薄謝
別称
聖戦
時機
任期
立体
水干
憶説
給湯
古跡
資性
寒肥
塩味
恵存
酸度
弁理
真顔
入費
庭前
健勝
間口
俗伝
家計
無欲
特権
石板
正道
狂体
砂層
馬齢
氏神
物腰
風樹
故老
優男
同庁
丁数
変局
紅玉
自流
動力
引継
情況
全能
妹御
煮染
妙技
恒心
後室
無期
腰間
丸幅
桃色
炭肺
地雨
直垂
持株
内的
撃剣
小味
事務
質実
子中
氷雨
白湯
野戦
横糸
胸毛
口器
戦犯
極製
兄達
望月
他国
聖火
皇族
俗世
清音
御念
小径
需給
殖産
実意
現今
肩息
県議
王様
入級
分力
感覚
洋語
最盛
城府
大石
音質
元詰
社名
労協
弓形
棒鋼
監守
白梅
好運
資質
徒手
空似
故主
美技
庭球
部位
反戦
天人
台地
割声
春着
破片
大乱
緑樹
寸鉄
犬馬
遠国
小手
遣手
青春
名実
亡兄
高山
無敵
店名
高閣
体計
根付
功績
茶話
画題
著書
県内
療育
下手
林相
類語
不様
山村
党勢
教材
表側
糸目
本港
重土
板敷
良妻
絶域
法事
権蔵
力持
遺徳
浅紅
不乱
交通
工率
骨子
端尺
僧位
雄途
代数
平絹
旧慣
課目
印税
持分
半文
中世
買値
重職
紫色
古寺
法家
綿雲
調車
必殺
助平
玉将
絶遠
陰線
繁簡
風体
至高
扇町
老若
農夫
立射
上値
部外
手創
鼻毛
火器
巨木
干城
川口
定説
湯女
肩章
行司
心夫
世帯
軍記
諸方
元金
段階
起原
書判
旧悪
区間
風骨
古形
蔵元
半作
道理
上町
鬼火
浴室
大震
練鉄
握飯
静寂
土豪
触手
僧衣
外編
本手
酸味
紙面
外積
原義
戦場
必修
奈落
南西
市道
君主
桜草
農大
目付
小数
大差
強面
神様
大圏
祖神
画境
目線
令書
独眼
雅俗
内部
映像
同根
公私
朝見
無間
花色
山容
高根
夕晴
軍夫
淡水
同府
貧困
同区
数値
時局
内孫
砂粒
凡失
町村
年輪
鮮血
性合
航空
実益
雨足
目縁
建場
奇聞
雅名
勇往
尺度
多生
側妻
雲級
謡曲
変量
軍帽
上方
地歌
凶器
巨星
本姓
村長
放線
旧情
牛歩
成人
前期
白羽
丸麦
害悪
東洋
遺影
協会
馬標
多聞
進路
白髪
糸竹
命日
前文
急用
臨機
弱卒
地位
徒花
差益
客僧
親節
裏打
古書
年長
道管
舞扇
動輪
党派
本体
官報
能楽
別席
主婦
牧笛
長雨
域外
不振
紫衣
陸連
辞色
旧派
鈍重
他用
博士
受益
専売
菜種
噴流
半天
首席
多罪
口径
新着
赤飯
御名
塩気
寝室
字幕
貸手
私署
簡単
益税
根気
墓守
内金
無界
組員
熟語
日商
生類
善果
老舗
本展
詩興
徒足
原状
川底
証紙
猛犬
諸兄
髪際
追風
割判
隠然
身柱
子孫
穴熊
継粉
見立
無下
指頭
殺気
風格
罰則
役印
少佐
吐剤
入目
死生
新鋭
現代
音調
赤膚
諸多
当行
用達
色物
濁声
海容
不変
力感
道断
家政
高著
吸血
姿見
荷車
新党
速達
機具
矢板
検字
危機
相聞
陸橋
活性
遠大
割礼
旧法
本陣
読点
御状
香木
花札
会心
短波
浅手
新旧
質感
利欲
調法
元高
新茶
落度
聖水
威名
基本
適否
義戦
先口
点景
暖流
利運
良風
扇状
腸管
老樹
制帽
活字
見境
中陰
山色
各州
宝典
岸辺
道教
台帳
大系
非鉄
陽性
郵便
子種
寝巻
時宗
主流
安楽
忠信
水面
尊像
私費
薬指
病因
京間
火事
仮名
天井
胴体
無届
財布
軽協
乳価
党争
割目
手勢
遊軍
胸裏
電池
主上
満潮
家教
蒸気
敷石
宝算
定形
下意
礼楽
裏地
公知
親衛
空手
実記
代務
疑念
野師
奇話
近傍
割下
複雑
人別
下図
各項
未必
青天
史筆
会館
寺院
共産
府民
獣脂
複数
漁師
史料
毛裏
夜着
洋間
用途
野路
御意
数個
海事
遠眼
心友
内需
石像
真否
内典
丈余
風眼
機関
前便
熱意
中研
噴霧
素描
裏芸
塔屋
上声
逆縁
物置
余儀
重度
下足
主義
語尾
例祭
学理
聖日
倍大
女色
潮間
内訳
祝典
幕命
川下
今方
頭痛
礼式
類同
秘境
神算
赤色
砂防
雷鳥
変体
山国
雑役
急白
松葉
部所
汽圧
聖域
無罪
営舎
速力
地盤
劇団
源泉
国法
自門
唐詩
捨売
情味
乳業
海辺
破風
劇薬
震央
両統
食味
大型
武者
家持
固形
地積
長上
主眼
当所
後段
見習
同門
聖油
変年
建具
段平
日貨
日当
雑件
計器
母国
令室
銀地
入神
独話
黒米
利子
原虫
国師
証文
穴場
君命
安静
洋紅
牧童
新盤
論客
雪片
各層
薄口
極量
学殖
汚点
受話
自治
救療
来車
郎党
旧領
遺矢
責任
単月
豪酒
臨死
遊資
北端
内陸
心付
血気
買価
名将
元値
書記
素手
新宮
町名
多客
劇評
寸胴
突指
瞬発
大佐
知育
枯淡
残念
公営
朝恩
鉄石
単数
軒端
炭車
自大
木立
再応
手管
遠路
逆潮
本件
吸口
内側
不在
右翼
律儀
木賃
引例
末尾
旧知
角帯
少弟
命毛
本望
巻数
州都
少数
飲助
恩威
暮夜
石綿
色合
多病
旬報
仮初
芸人
海損
意気
緑茶
多色
学外
猛獣
好色
極左
同軍
単利
冷血
期間
葉末
悲況
玄黄
挙例
無用
収益
図会
寒色
絵本
部面
古訓
絶境
悪意
逆産
主命
破鏡
提灯
直間
全姿
端整
跳箱
貴慮
付票
脱文
耐久
香水
武弁
図学
重油
国有
身方
温水
年内
営倉
帰航
勤評
善男
外交
各校
公器
幅飛
難境
溶液
下敷
売口
暗鬼
演物
敵前
労苦
米人
最愛
緯糸
末木
熱球
効験
偉人
頭株
短才
家裁
石炭
電流
陰極
浮説
脱力
天地
師恩
首筋
仏閣
鮮場
神田
油虫
悪推
異論
水域
古豪
汚職
初志
末広
戦中
首足
慢性
創意
着実
差足
北口
対語
戸口
遠山
淡海
国母
美音
豆銀
仏前
秘話
低能
私意
軽油
往古
費途
成金
刺傷
低温
南側
切能
信士
財宝
付近
載貨
短慮
書道
段差
定席
信実
仲冬
同素
末路
後家
盛暑
台木
世態
御遊
後場
特有
打率
故殺
小皿
墓石
小前
水分
度胸
字母
退紅
職位
性病
良人
殿原
漁労
手跡
逆接
現況
野党
上座
素姓
不整
敷皮
長持
細大
愛児
全土
深林
算法
妙策
編棒
内陣
小潮
国表
純金
下情
軍費
後内
弱味
晩期
電磁
掘割
別個
右府
遺沢
背後
友軍
末節
置床
羽音
総量
後天
球速
戦備
群雄
景趣
狂文
語順
粉炭
教委
伝票
片町
国光
幼童
慎重
雑報
旗持
部門
新宅
親王
虫腹
車夫
道者
鼻祖
各次
結果
苦界
証券
遊金
右党
効果
消炭
有功
美文
段別
詩意
沿岸
肉屋
戸外
農具
中程
号外
月面
空調
局外
造酒
中正
治験
青木
行方
勝報
長波
民営
怒気
加薬
郷社
無事
美形
正木
大約
老中
春雷
豆粒
山羊
所天
体内
始終
写経
聖跡
茶目
同和
樹液
宮城
整調
鉄塔
闘技
歌会
気早
頭脳
石突
散漫
鼓笛
院宣
心象
子宮
東雲
使者
適齢
祭政
極限
情実
尊堂
残花
麦価
活魚
心眼
師表
巨利
俗説
土日
人件
側役
入船
毒見
沈香
執念
現地
断章
早急
横車
寂然
大賞
北風
助産
悪感
触書
渡船
幾度
敵背
紅茶
血筋
過半
主我
両人
強記
側線
諸派
寺子
手代
美観
主部
王国
村雨
忙種
確然
険所
意趣
背革
寒竹
主将
声色
電極
日誌
連中
旅客
死場
船軍
御国
売国
頭打
水雷
小佐
幼顔
前例
縁辺
曲筆
残敵
目下
士族
幼児
両端
関取
金工
歳計
手編
銅貨
差紙
疑心
日額
君恩
骨肉
水口
磁束
我意
静心
淡彩
防人
夜食
余熱
文節
不労
仏寺
写場
低木
土工
野末
踏段
遊具
標号
環海
残響
湖沼
縁故
私印
人種
筆意
茶事
高価
岩屋
放列
奥底
図星
我先
生理
粒食
人品
火消
序盤
国選
線形
留男
貴兄
両三
異材
辺幅
闘志
開教
詳密
不興
固有
屋敷
奇貨
本線
紙巻
介助
至言
山王
詩趣
荷物
無理
打傷
肩書
見所
事始
番付
参道
人声
快晴
南天
誤脱
流砂
才子
血眼
淡色
言葉
固体
君父
継歯
落差
情感
金庫
重手
難治
定式
紙型
形像
修士
潮境
山吹
密画
食前
仕組
光子
情態
才気
左下
薪能
同小
芝生
積肥
晩学
歩調
秘薬
漁村
情人
政労
民有
門限
後端
内閣
果実
医業
台場
本欄
法令
日光
通俗
丹毒
月食
耳目
尊属
非分
祖語
何方
農薬
月報
消極
建材
浮世
金字
右辺
理非
複葉
交響
暗然
火線
降灰
足業
初生
物流
聖目
肩幅
各月
水陸
業物
腕車
大群
潮路
書物
行政
間奏
火気
楽長
家庭
軽度
不順
漁区
販路
治国
商品
総長
露点
通史
戦雲
照影
美神
助人
飯店
分課
古本
敬老
作意
民需
和本
史談
供米
牧場
訴権
小用
業主
暗夜
府下
地区
恋仲
波間
清白
市松
花軍
類歌
読本
暮秋
王手
活殺
国営
政経
大家
右記
白骨
英気
新居
傷者
枯枝
寸心
立后
波風
同質
否運
深沈
銀色
総員
天領
圏内
氷水
歩卒
基線
品柄
型紙
和音
隠者
漁夫
屋上
省線
面識
何奴
乾飯
鋼材
製紙
笑芸
飲料
束論
不味
雑草
敵国
朽木
偉観
区点
都雅
美酒
目安
黄体
茶腹
各様
空字
光輪
船方
末期
寒紅
自家
国道
盆山
書法
物相
主意
無体
詩境
潮騒
本島
多種
軍拡
在院
罪科
馬券
皇神
重荷
家財
振鼓
平等
天険
私利
小鳥
後難
注連
経界
月影
食道
貧者
外資
吹竹
観兵
紅裏
頭字
観客
木石
反身
薬事
旅館
本源
謡言
与党
秋思
所生
総体
官界
被服
正使
高官
柱頭
年下
洋才
法号
銅盤
小物
聖衆
極端
熟字
武備
酒食
気付
雨氷
格安
朝湯
衆評
微志
煙害
胴着
涙雨
法被
単記
食器
各紙
府警
橋台
養女
運筆
新書
天目
初句
各位
飛電
紫電
白桃
家門
諸法
路傍
変災
濁水
操守
試技
律師
福相
爆薬
秒針
神位
小耳
街頭
世相
鉄色
貴下
対価
静物
年数
多層
訓辞
神器
異域
争議
花時
小力
事項
門葉
天宮
洋梨
字解
激暑
盛運
神酒
丸薬
言文
女性
礼物
編首
財産
相判
反語
公務
重病
他物
産衣
来電
節糸
国貨
私法
大官
余興
適材
曲目
根本
義弟
公子
切目
学会
死児
敬具
続開
仁者
余得
師号
終曲
順境
中道
語調
正夢
宮家
気胸
世尊
専門
単打
送料
地場
両社
元物
文頭
神歌
明朝
戒律
面倒
散光
座興
温灰
館長
雌竹
雲煙
突棒
薄情
死人
旧館
特性
空色
停学
平気
正札
高曇
皇考
防雪
床下
唐心
異例
俗務
責務
染料
警防
敵性
評語
歌集
予備
継手
黄門
表徳
佐官
何役
仏典
前垂
天賦
銅鉱
章魚
武器
交雑
古渡
盛観
手兵
引潮
政所
高段
官印
内議
水沢
大砲
本名
寝言
私産
仮構
手刀
白砂
牧舎
看板
明徳
下等
従卒
継親
買上
詰所
先頭
月謝
康平
劇職
鮮魚
班長
始祖
論拠
明鏡
幼少
事犯
単位
積水
常詰
波動
左前
塩性
兵器
事象
兵卒
伝単
花代
僧正
快活
目顔
期日
所得
白土
神威
御子
流言
中執
青票
念慮
葉色
紅色
客位
右側
風草
大隊
誠意
割増
最多
名分
対向
岩床
純絹
砂上
婦警
倍長
副文
報国
切羽
寝技
時鳥
算数
晴着
長径
座元
陰雲
式典
近事
時代
正門
俗界
奇計
認否
背信
香煙
典故
君民
政界
原始
聞役
全知
文例
火勢
筆先
断案
古刀
僧院
災難
死地
音感
本式
通詞
狩人
冷酒
年率
時論
家兄
呼損
破談
北西
日月
内題
費用
車紋
声優
小結
熱病
文章
本紀
精麦
石敷
左岸
人中
文雅
終局
延金
衛兵
仮寝
地主
県連
財源
花片
酒興
意志
評点
物事
新語
防毒
逆臣
寄道
北緯
心機
危害
勇者
老手
号音
照焼
病状
狭量
平面
実名
勢子
奴隷
印面
唱名
海産
電略
小話
同中
陽暦
跡形
苦境
歌書
球団
理化
短命
脳波
陣営
長路
歌道
演者
便器
後部
年男
気道
神殿
下策
奇効
中性
利根
実収
勝手
糸桜
絶海
明春
尾骨
状態
景勝
片親
谷川
無難
要員
事績
行火
親等
陰火
眼光
珍優
漫画
対米
砂場
波路
尾花
道士
手踊
岩頭
国対
草分
尊影
同右
首尾
清雅
態様
不問
両夫
天職
期成
同隊
文金
童形
客船
春耕
兵制
等質
兼愛
銅版
時好
輪番
属性
良書
多勢
間髪
球心
商権
冷水
終極
酸葉
珍談
背水
銀扇
適才
慣性
投打
訳合
岩盤
臨終
給源
幕内
数輩
駅頭
席順
常宿
同機
水路
才媛
願意
小網
者共
中段
祭文
川音
古格
盤石
宗規
損金
金地
法政
深意
岩室
例年
白粉
多党
太初
村里
脚気
領事
止観
薄縁
島守
沼沢
番頭
煙毒
売人
異姓
切花
関白
他宗
子分
町立
原著
女声
商戦
悲劇
都電
後列
本志
翌晩
議席
限外
早見
医道
白眼
肉池
立木
横線
単簡
共益
凶手
調革
白描
工合
風足
新星
地平
正否
守旧
薄塩
号砲
来期
軽重
口元
砲身
街宣
大屋
民意
半開
踊子
車寄
夏服
取粉
幕末
言伝
月収
小犬
音義
倒影
庭師
詩型
他聞
高年
雲母
申込
信念
新約
学院
短信
左近
大台
他意
性分
片前
荷積
今際
外相
戦利
耐水
素数
夫役
所収
隷農
上手
例言
洗米
戦況
労相
氷原
上田
悪玉
荒波
仕様
公報
雲丹
風下
弱虫
本尊
漁期
初号
盛業
高次
国士
良材
裏手
小食
因果
支店
音域
定日
獣性
諸縁
童歌
銀製
落体
格言
古語
天候
観葉
車馬
標語
制式
若松
比重
事理
陰紋
旧恩
即座
長堤
売名
徳行
満会
難易
身体
路標
暗号
恒産
台紙
主調
切先
死時
出色
先学
標的
府営
老残
神祭
片時
医院
考古
専科
兵営
半平
地中
帯革
線香
席代
敵陣
兵士
去声
半金
先任
座標
満員
老練
商事
風気
詩書
宿学
農相
波形
不同
凡下
宿木
医者
語数
黒光
明達
取立
痛風
地質
雪煙
通年
違法
額縁
京染
法王
代地
利腕
小満
証人
近体
乾布
温和
去就
口才
里芋
暖衣
折敷
無味
乳状
対屋
御大
車外
薬種
日夕
縦長
個数
夜討
人伝
異朝
教派
死力
適時
頭角
盗人
心裏
和室
引綿
年子
品別
新案
畳字
黒奴
冷熱
順番
羊頭
近郷
巨峰
薄紫
聞物
片腕
甘口
雑益
金談
魚板
東南
圏点
恩師
書信
石粉
駅舎
純白
青貝
結末
表層
不可
天産
真青
尊命
金線
火酒
裏目
客間
葉月
金彩
律義
余白
徳育
歩兵
香箱
秘録
代打
甘酸
子犬
船床
字画
山詞
日割
空車
伝手
古老
令息
政令
営林
上策
強弓
惨事
明月
辞典
正接
観点
習性
最下
造山
寒冷
和式
短気
大力
海国
市域
平淡
項目
具足
芋虫
呼出
有罪
種目
学舎
実子
後輩
出先
皮革
口金
全社
微温
原石
祝儀
海陸
晩夏
大卒
学力
出端
故意
真跡
保振
外物
座職
態度
先代
運命
打身
親政
野蚕
通辞
糸口
折箱
次期
至人
鼻声
張物
労銀
蔵人
楽屋
自我
花心
申立
減作
鉄鋼
能文
宿運
迷霧
再話
代将
貴女
標本
土建
荷扱
開山
希代
盛典
山林
大番
海象
実否
薬用
広敷
難物
真夏
性愛
屈指
毒魚
新秋
皆婚
農期
珍味
日付
県会
銀器
裏口
実母
新米
側近
下露
船宿
牧夫
神秘
相法
電撃
付図
級長
味覚
労金
保険
葉柄
海外
往日
主客
軍馬
夜番
金風
単葉
悪友
検量
黒髪
両像
平脈
京阪
恒常
私記
継馬
密書
社外
武門
石仏
麦角
宗法
他事
臓物
老公
南風
後傷
本態
自性
月表
母屋
浅才
深遠
所領
産物
治者
寸評
神通
詩想
月明
義務
次官
雑作
題詩
盛徳
軒灯
女難
本字
神仏
小曲
全労
秘跡
特会
治世
鉄橋
山並
朱印
視力
師父
長老
号車
美称
新入
季候
汚名
町議
善玉
片糸
化学
組踊
画材
有体
蔵米
諸悪
状差
導線
文民
学窓
首都
前額
無二
口前
女波
浮魚
中潮
煮干
自力
博徒
予後
中心
相方
文展
至急
宿銭
英文
和声
経論
幅広
内海
公理
微熱
算木
類型
降雨
戦略
他馬
心意
流民
差水
青菜
上腕
総研
町中
先山
筆戦
赤紙
政論
歳月
原画
差異
剣幕
欲心
師団
将校
罪責
青磁
成否
陰祭
史書
無料
幸便
手動
性差
苦虫
細筆
分隊
制札
旧制
雄心
凶事
上物
験者
対空
右上
指事
外縁
奇勝
曲直
至情
周辺
社友
出立
不尽
差損
重詰
乱療
風紋
沈痛
玉算
教則
剣術
敬神
添書
老母
愛染
大勢
特技
情歌
武断
柔術
電脳
天明
海難
原因
半畳
仁術
湯茶
典薬
納戸
緑玉
御所
臨空
僧俗
寸暇
亡国
油気
身障
通論
主役
歩合
親子
目端
鈍痛
略画
両義
議院
京師
飯台
張番
蒸物
負号
偉績
意中
球史
利水
種紙
鬼面
精兵
差違
森厳
上期
道標
界面
実務
単体
進士
打点
上衣
郵貯
天来
題意
馬丁
付注
官途
木札
地道
機内
筆洗
体育
金糸
梅毒
航路
社共
金団
新訳
軍人
元号
豆幹
引幕
諸式
干死
大腸
中背
中休
文机
球道
初期
高跳
多倍
泉石
法度
下角
横雲
職員
冬空
人称
地役
不知
道程
卒中
銀側
延性
往年
違例
密議
遊君
光栄
上客
舌先
例規
漁法
段幕
速歩
防空
秋晴
寒害
奇岩
至宝
皇居
新妻
堅陣
威信
別冊
温泉
大技
農民
中隊
里謡
胸像
造物
小陰
眼中
正面
工賃
紅葉
夜長
内宮
陰地
平場
野郎
仏祖
臣民
前言
山風
常態
笑劇
雪男
武勇
貸付
起句
鬼気
誤差
里方
厳科
総点
恐山
毛並
辺土
別涙
工手
角笛
野分
初湯
区検
売上
人死
株立
英略
歴博
湖底
過多
後方
医員
近況
古参
両次
大安
善後
座主
来状
疑惑
西側
往事
激流
株主
申入
鉄線
色悪
外壁
鳥目
名流
面輪
定温
葉巻
石松
部落
易化
家業
狭小
貸店
看守
講説
条鋼
厚紙
衆論
張板
都銀
点心
強暴
貸切
院政
秋風
具象
仮面
末子
導管
俳号
札所
下刈
字形
産婦
悲母
前代
造機
洋楽
軍隊
気先
厳正
英知
箱庭
鼻木
漫文
内幕
弟子
貧寒
略図
風見
静脈
暗室
業況
流氷
旧友
座員
薄暑
奇才
鳥獣
楽隊
後学
中入
法難
悲願
新仏
名城
当家
石造
幼生
近習
赤身
段歩
精細
調度
週休
町家
柔和
白炭
演芸
残像
木通
絹針
植木
兵員
丹花
流派
表方
秋物
女人
死水
助祭
心材
牛肉
諸物
火花
砲戦
被布
看経
半身
書画
同士
公道
提要
山場
前身
情熱
絶技
辞表
中外
船型
布衣
中波
官権
後口
事跡
上薬
至尊
乱酒
乳酸
秘計
根粒
御料
夢占
戦記
会費
結線
公孫
日収
名鑑
盗心
焼跡
官辺
暴威
貴国
夜景
分明
陽極
遺児
中耳
乾田
取付
陸海
番台
証書
声聞
玄麦
武家
奈何
特製
府議
銭形
銀座
他念
変値
呼名
桜色
券面
国儀
水夫
打力
左上
毛根
周縁
真名
禁札
主計
物質
年代
踊場
山守
歌口
年鑑
丹前
大師
善政
反収
負軍
組合
諸事
疑団
来季
大黄
苦竹
借受
物販
朝日
単科
売色
才六
俳風
弁務
市場
段通
水中
体長
原稿
本選
雪空
継投
新店
苦情
郡部
合着
遊漁
燃費
再戦
私室
高僧
尊皇
並足
観想
同窓
岩魚
格付
悪心
書目
入念
強健
山菜
字訓
源平
情工
天心
打球
農業
海域
刀心
図書
米収
持薬
中指
人面
黄銅
不着
別状
導火
牛後
屋根
急信
品数
弐心
愛息
桜飯
書屋
沿線
風前
船路
春景
外観
古米
高徳
腹心
長髪
血圧
別表
熱論
式目
習字
荒木
庭訓
権限
遊技
徳目
姉御
本宅
大金
策士
横紙
脳幹
親株
公党
本道
校則
環節
荒筋
法会
旧主
聖人
下辺
墓穴
難関
夜光
投手
署長
原泉
前兆
半解
素謡
官立
反物
金髪
肥育
共役
外輪
相客
生湯
私兵
酸鼻
件名
経済
若君
攻守
軍旅
神灯
部長
裏白
戒名
盛場
先方
引歌
仏事
余財
図鑑
実理
粉剤
文法
肉類
式部
健全
丁場
休暇
王化
情婦
手性
意向
水鉛
地産
全戸
古希
車道
開講
紫煙
若木
海松
営利
帯留
義烈
鹿子
多感
事訳
松脂
国柄
黒石
反例
公園
体技
弾薬
中途
飛魚
主務
電場
税目
雲脚
細見
防共
画筆
清勝
示談
事業
台下
新田
細線
厚様
意想
商人
因明
本暦
全曲
漢才
検見
猛者
勝景
近称
夕潮
地名
妙応
裏声
宝蔵
仲合
太夫
厚司
未決
淡雪
鉄棒
平話
校旗
書面
陰金
武功
宗義
名門
便覧
白頭
陸協
恩義
波頭
主脈
帽子
上質
収差
語頭
末巻
細民
急電
高踏
特需
赤銅
決勝
造本
震音
失体
設題
仏具
迎春
教皇
麦飯
衣帯
野立
腹巻
短評
視覚
現役
過密
不忠
好字
人外
小昼
凶年
声価
遺講
情動
規準
言句
茶道
夕映
空港
結文
引金
歴象
床上
実効
拝殿
貴注
主君
半旗
新古
風姿
民法
風潮
故里
法人
初端
石山
絹物
危急
召状
修辞
器物
政道
初回
抱負
盛物
全身
慮外
後先
路用
薄紙
郵券
独善
効目
仏堂
学芸
戦端
地織
余威
軍命
空路
古人
詩文
他社
機転
得物
先負
切水
道着
挙国
雑事
水色
公費
希薄
国富
鈍角
消磁
親木
指圧
重大
古昔
院外
木管
朝命
出潮
細工
接骨
洗粉
親玉
系列
弓取
佐幕
衣魚
別使
現勢
期末
俗姓
都民
身上
空気
主祭
面壁
牛乳
改憲
亡君
使途
平声
他姓
同案
高率
短調
図利
願主
大根
若布
公差
不純
浴後
戦跡
洋品
厚地
玉稿
品名
未到
薬科
暗主
山頂
隣県
整式
主情
花祭
西暦
議題
条件
機敏
量子
御衣
紅梅
実勢
広域
月草
荒巻
見処
興業
満席
手妻
肉交
当期
提重
気転
芸当
死金
小首
旗雲
条理
火玉
県庁
布目
原拠
告文
銀山
最善
寒空
繁劇
疑問
補肥
背中
若手
群峰
悪法
原質
表情
法名
毛色
観音
貴書
病葉
儀礼
後産
元正
原本
腹囲
絹本
足熱
似非
他誌
主語
論旨
道行
元本
触覚
時空
具案
付人
内意
絵筆
社寺
波面
死罪
種物
童顔
博愛
雷火
奇功
戯言
姓氏
電気
副書
父子
本拠
美声
破帽
旗鼓
栄光
火災
乱行
高座
学事
王土
色紙
略服
連尺
夫君
中黒
中位
劇画
微減
深手
銅山
高雅
法案
投節
実生
良剤
画趣
道服
官女
夜戦
賞品
月切
酒席
外側
照尺
貸主
単式
終着
初心
座敷
所感
団居
風狂
筆陣
金欠
舟人
手簡
日直
爆雷
圧政
声紋
真弓
豪雨
泳者
目代
富者
支族
兄弟
仕儀
自身
口伝
満杯
流俗
石神
刀剣
家中
飛火
配所
遊糸
花守
志学
買得
校本
商圏
新版
神権
平城
正殿
回心
列島
台数
党外
結縄
賞金
国宝
巨漢
精根
仏法
洋式
愛称
空谷
落日
振事
裁板
親達
歌友
拡幅
殿様
夜桜
弱視
表口
花屋
本給
色道
応分
和談
砂糖
極楽
端役
信越
雪娘
真券
焼絵
骨身
用布
冬至
商標
港外
理屈
紋所
組重
属地
氷室
全党
起爆
首班
地温
口裏
言質
素人
平凡
月産
供頭
書院
茶代
労連
聖女
日常
尾端
部室
脚注
敷地
抜毛
係員
情火
雑題
税収
春風
病歴
野乗
脚長
水源
衣料
陽画
貴宅
水松
陸稲
肉感
右肩
霧氷
序列
安否
初氷
効能
外面
方向
療薬
同上
継子
院展
書名
都合
大姉
場外
道交
矢種
手際
視界
予行
後味
全島
大老
雄図
虫害
泣顔
道民
書体
下品
木工
線画
初孫
上表
西陣
手織
金杯
岩山
異形
死際
好天
身長
通産
捕方
空中
公休
目薬
微罪
格式
春暖
出方
室外
私事
小判
客員
犯罪
同族
銅賞
用材
眼下
自序
神事
年少
平米
精鋭
俗体
傍訓
特価
正金
戦機
陽春
独言
粉屋
前古
通例
済世
機雷
内争
法橋
男帯
末孫
堤防
色弱
国防
裁布
土質
場席
同番
家職
気心
風習
清水
町営
識見
鳥居
律詩
近隣
記数
南洋
麗筆
馬具
大作
複素
鋼管
民謡
声音
貧打
同山
節婦
数刻
義兄
何人
水害
対数
雲路
勝星
伝統
捕物
恋路
旬日
古血
国劇
中古
死期
歌体
害虫
詰腹
大口
諸語
海星
山腹
席入
立業
有精
徒名
損保
断熱
政敵
麦作
手序
未知
曲馬
薬酒
優勢
密命
独歩
古俗
若妻
備品
書状
路辺
湯玉
深窓
刺子
左辺
法輪
配下
手薄
絹綿
採光
両所
週間
生母
猛然
最速
年期
木陰
渡守
文意
町人
神祖
渡者
活力
色相
内裏
番長
海髪
復田
末日
必中
突先
悪道
貨車
陣所
浮足
急流
山芋
新釈
金口
住居
原意
人煙
軒数
老少
漁火
郵相
遅達
半量
月毛
即金
食欲
表作
広間
苦肉
強肩
休園
網戸
管状
賀詞
小知
奇習
進取
河床
乳糖
黄砂
願書
板前
墓標
武鑑
経絡
天元
体格
幼年
今更
店先
人世
勝算
上士
筆紙
難病
高節
山家
冬場
衣食
適所
近刊
国是
曲事
軍令
国状
急足
明太
兵乱
親米
島山
新教
特販
同館
語根
活仏
耐用
極月
重湯
心神
無敗
殿舎
短夜
天神
各界
合従
臣子
故人
船賃
両面
潮気
剣玉
余力
野火
大政
巨資
要具
継端
強者
流速
書机
家柄
建売
男腹
後景
上官
戦績
躍起
青眼
後書
定数
文体
固目
有半
証歌
初産
政策
要害
私語
仮数
機業
案下
旧遊
右手
大路
貴命
終発
満期
宿罪
秘事
退勢
的屋
油剤
白書
友愛
厳暑
流弾
勝敗
大葉
余罪
読物
戯場
秘密
暴雨
虫薬
新令
重税
陸奥
直方
風月
古着
直参
悪様
差分
誤字
初役
飛越
書士
候鳥
裏側
中子
王家
害心
魚心
通有
先入
漢詩
浅傷
幼者
国禁
本音
机下
人文
回文
前途
片道
反立
奥付
氏子
長湯
単機
微香
背理
無線
前震
心太
原語
引物
器機
肉親
管下
散楽
同旨
戦士
出格
非凡
本局
心火
悲酸
奏者
上品
論陣
書展
古様
結願
天保
熱砂
皇后
季題
真筆
農奴
中将
曲芸
色欲
朱珍
命婦
寺格
高話
従者
中腰
法城
塩害
御末
在郷
傷跡
座業
玉虫
故山
守宮
値域
私書
兵船
精神
士気
句法
漢字
先君
盛名
火矢
要地
難場
気勢
輪中
面前
老雄
底魚
散弾
大方
残夜
夜色
水盤
花実
増炭
写絵
受持
小勇
史跡
中高
似顔
具合
令妹
荒屋
腰巻
各国
打豆
老弱
余技
殺意
船荷
気合
心像
焼付
届先
緑林
例刻
半白
彩雲
私物
内乱
新式
流体
国司
雲霧
上世
勇武
神剣
苦痛
棒組
鼻音
漁網
盟友
早期
雷光
徴求
多事
市勢
私服
夜業
微粉
異才
大逆
曲面
熱帯
文名
砂原
中農
衆力
幾何
両雄
灰皿
質料
始端
本文
腕骨
連舞
立姿
門書
丸木
俗言
令弟
薬代
卵黄
雨林
難曲
切子
日算
仁愛
最短
旧任
素養
内外
大過
初物
由縁
前部
社報
海女
世路
花輪
徴候
歳末
馬印
億兆
演舞
体様
知人
医方
船上
根幹
赤熊
真剣
銀河
天王
玉歩
連鎖
風物
思潮
雲形
車内
断片
新著
獣肉
属国
介添
費目
分会
岡持
原題
後人
家名
球戯
日永
用法
実費
間着
少将
書冊
神橋
原寸
新説
金品
海路
市況
弁口
民政
隊長
宝鑑
凡作
句点
名月
盛事
知行
楽園
熊手
同名
指数
人出
投首
店屋
人徳
名代
白衣
校規
住所
宝船
灰吹
分秒
給金
存生
浮沈
大寒
由旬
求心
前方
磁路
貧民
党務
文鳥
学才
城主
階級
垂幕
胸倉
県花
略歴
護憲
細目
原紙
尊覧
紙切
田作
口内
米価
猛火
御灯
軍勢
支隊
羽尺
小粒
偉物
玉案
暗紅
部族
中有
同職
有能
片口
正堂
添景
使徒
親分
糸状
諸姉
輪形
口中
情夫
文系
訪販
両親
雷公
遺作
門跡
忠心
趣向
羽交
親族
白球
秘宝
露店
整数
等身
博聞
本則
凡俗
色目
物情
威勢
皮膚
干物
明証
対極
民話
聖業
学徒
和戦
紙花
真先
霧雨
白茶
天意
取口
権妻
労役
重罪
守成
険相
女医
浅薄
老酒
豊年
老人
砂船
葉桜
和布
砂川
持場
憲兵
後詰
有夫
前祝
春雪
別件
官能
可視
水準
左目
詩劇
地銀
押絵
御用
界雷
単調
高批
紙器
注油
薬学
式年
人参
節分
権道
本数
昼夜
野犬
火水
正数
性格
気味
怖気
鼻柱
山骨
表札
諸説
列火
素案
風景
粉米
剣豪
文典
薄利
報徳
付根
炭酸
残生
石版
特金
非人
雷名
現尺
通気
学童
決選
乳牛
歴戦
鳥網
先約
布団
国歌
薄物
地衣
学長
美点
平底
念頭
雑魚
用例
本訴
後代
曲調
気力
実際
絵暦
郷関
破線
若僧
印判
恩賞
清鑑
構内
荒土
度量
円形
礼帽
仕打
年令
天真
風勢
民主
国訓
尾大
北東
図案
分陰
詩語
笑話
死物
花落
故知
在処
小欲
正目
学卒
同数
大意
師家
公職
絵画
軍陣
胴乱
印象
楽曲
音速
面皮
新聞
消印
騒客
東遊
窓際
内縁
霧中
人足
定論
拾屋
近因
新形
純系
野選
宿縁
浮巣
大損
両船
仏土
下戸
初任
存亡
指命
定職
首長
血路
和銅
口頭
弱点
火打
両機
散米
米所
軽口
類書
最小
語末
両派
橋詰
市区
同位
僧坊
切炭
正則
材質
政府
外洋
我国
軍装
暴利
官記
原初
業病
謝金
評伝
紋様
存意
回虫
素意
小玉
法統
諸政
漢土
矢庭
平板
洋画
水油
行平
商法
目的
単解
可否
区立
平曲
命運
夏作
人員
旨味
満天
薄型
胃酸
箱船
良工
白夜
大雪
深浅
側壁
罪跡
理系
文面
文段
鈍刀
水圏
大義
入管
洋名
残高
付則
才物
乱文
極上
希世
松林
宿許
白壁
光臨
領民
命題
空電
近親
忘年
従容
小梅
季語
著大
素材
導体
仕法
神罰
立法
調子
真草
多目
肉刺
美徳
官職
縄張
図様
主筋
正教
干草
縦形
不仲
打順
法体
道産
暴慢
御悩
牧人
時限
俗書
月例
急務
近海
同文
調歩
底土
最良
風花
当主
実姉
権助
尊厳
語源
余所
美的
朝飯
神式
風脚
道庁
骨頂
出合
濁流
半銭
親芋
御難
水天
器量
減法
板本
会長
寒帯
屋体
名筆
達引
星空
季冬
黒糖
白線
庁舎
多項
団扇
心持
善悪
同店
俗事
定宿
集題
出丸
勝因
弱齢
助役
前門
中興
名品
要事
脳天
極官
用件
諸相
震幅
小男
油田
折助
目玉
砲火
論点
復配
依命
銀位
遺制
主力
毎会
川床
雨声
縁取
北岸
作戦
大協
船旅
店構
外需
香具
社宅
軽業
車線
造花
要覧
上体
球威
同君
横議
兆候
討入
古体
天骨
接点
詳細
古今
積木
教主
利便
冬山
巨歩
副使
深奥
詞章
国父
語気
修身
有権
馬術
利得
補元
銀縁
売出
当確
至便
表具
御事
白系
砂地
容止
杯洗
知事
編章
隣席
番所
訪客
合羽
及落
高卒
元価
面子
真横
露地
山形
不況
職制
上潮
寺僧
国土
汽笛
印紙
群小
舌戦
底値
翌週
便益
砂山
近影
耳許
狂犬
逆手
鳴子
身性
立役
人材
噴煙
期限
好配
祖師
役得
労災
室温
栄典
銀幕
白熊
練兵
浮力
当校
脈所
戸板
大福
肺臓
生計
不等
場内
熱情
難点
先番
範式
水田
凡打
加数
秘技
旅費
任地
民放
閉庁
豪物
手工
関守
食材
年刊
写真
昔話
事態
地気
入潮
清貧
訳本
次節
暮春
時事
真砂
陽子
法治
拝金
夕日
物上
目性
常敗
逆波
敬答
老農
代案
心木
俗流
大円
水足
営農
戸長
香合
無税
色覚
雄略
即時
男衆
在野
車引
語感
飛車
制勝
後山
骨粉
恒温
題目
秋作
養母
洗足
輝石
新院
越度
良策
文教
徒情
尊称
優姿
道芝
婚礼
重責
秘説
秋季
城壁
氷雪
舌代
無上
金売
方略
女流
経費
名木
湯巻
食券
情調
新興
和楽
実況
衛星
手植
祭場
海老
目処
夕飯
仕形
和平
会員
雲量
異議
中倉
立地
春日
事例
首座
与国
木遣
国字
分税
部内
交友
背筋
舗道
大罪
旗下
寝食
客室
極付
直門
常法
不時
無神
高下
荒布
夜学
悪報
名望
忠誠
労組
筆致
学年
米塩
総勢
別儀
土星
俗用
税制
秘方
原付
勇気
印章
鉄骨
山番
持病
寝台
長計
旗頭
自伝
所書
縦横
空談
大山
機略
模範
微震
神像
雪腹
鉛毒
皇紀
朱筆
白目
織女
谷口
貧農
同市
教会
空耳
利鈍
上水
同高
浴衣
純然
不敏
旧型
神代
噴門
禁漁
村政
伝助
未設
家屋
干満
日用
全権
確報
税込
典雅
民業
別宅
才腕
枯葉
新刊
太子
多幸
門口
両市
他律
子羊
無筆
血沈
半音
不屈
空合
白糸
迷信
痛事
主恩
多血
両朝
可変
道場
勤行
無実
公証
路面
直衣
有情
別途
同役
波布
壁土
楽劇
寝具
牛車
肉体
総髪
生薬
文勢
副次
秋波
名標
定年
合憲
力投
雲海
敷島
民芸
死球
本金
園内
機根
夜船
書取
置引
技工
図絵
階層
陣屋
好奇
能筆
内局
当館
神官
義眼
記聞
評言
夏越
上様
古制
防壁
平麦
月別
間尺
名刀
因子
海兵
海防
男女
届出
全便
聞酒
勤王
殿御
晩食
悪政
題画
小面
両道
国教
本箱
炭取
台詞
桜紙
横形
推力
通箱
郵政
財貨
台網
鳥類
刷物
閣議
種芋
緑門
選良
総連
末世
半片
天主
台所
炭質
殿宇
大足
用後
広原
週報
巻物
天外
堅人
予科
半玉
明視
私学
外向
画業
無性
白話
征矢
触文
半価
空軍
年季
生来
援兵
便座
羽織
不惑
水物
群竹
取灰
洋館
香気
本職
長所
役牛
銀子
遅日
打首
威儀
玉露
兄子
近東
添乳
馬面
旧宅
絶頂
円貨
買気
音波
弱体
故郷
地合
出銭
調書
楽想
演目
強震
広幅
生肉
古傷
寒心
欄外
同姓
祭司
記章
矢束
両省
松明
犯則
新風
療護
段物
模試
仲居
神色
隣家
腰元
乾葉
両年
円上
御飯
童部
長柄
革質
海水
視解
薄明
名子
歴程
基盤
山人
大死
詞宗
大抵
当機
直近
誤判
大盤
身命
奴原
射座
縁家
本意
根毛
男前
遊女
元肥
王代
敵失
護身
麦粉
利手
鬼歯
系図
灯台
義心
通事
幼女
右派
電材
劇通
政争
勧業
実字
亡者
戦災
主教
貴様
日輪
熱量
炭層
同値
末弟
赤本
手順
石女
陰暦
巨財
終巻
船標
適評
欠本
押紙
多売
商科
横腹
鉱石
金券
美風
御歌
優麗
転寝
腰弁
思想
政略
連声
無機
徳用
調音
臨池
木製
史官
引戸
秘書
徒歩
魚群
縁石
国元
公役
航続
私人
嘆声
海岸
合否
新酒
兄妹
快挙
和船
思郷
僧上
斜体
世評
緑風
未収
教理
洋学
外因
年収
内法
与太
我輩
書林
体面
好事
下草
白扇
純情
空巣
古巣
業種
各賞
公方
先払
重箱
焼印
史伝
力学
主筆
樹脂
句風
広博
商学
紀律
真皮
行文
起死
社団
芸風
標目
国持
家信
人気
極意
自説
灯用
敗勢
幾日
手飼
鉱害
即急
政官
海草
金気
正副
同級
真意
張手
犬歯
列伝
単級
広場
手事
道統
生命
古伝
釈門
族称
素足
水滴
例題
部分
霧吹
警策
抗生
河船
吹上
先生
火星
空冷
全期
惨苦
本家
林野
誌上
売薬
対称
王事
事相
代金
建株
女敵
早場
父権
左足
左派
雑俳
属島
学校
主薬
乳香
科学
後編
季春
票数
小川
針術
切替
地方
雨期
引分
糖衣
寺号
清栄
後備
花序
利剣
床杯
余徳
魚体
巨細
箱師
純銀
内聞
片方
親交
西陽
昨季
農村
酒手
原告
舟形
隣人
学科
野心
積年
相国
無人
欠目
雪踏
動画
島影
相性
徳望
不服
道話
係数
新盆
先人
刻字
数多
補木
平織
多難
声誉
太絹
緑色
渡殿
雷神
恩命
満車
船守
火祭
防弾
砂子
内情
観桜
娘心
校門
客地
事後
寺領
我流
西土
片息
遺文
東部
石室
左証
古里
丁年
外道
体勢
文相
砂鉄
陣痛
専制
応力
外聞
草書
市民
赤沈
評注
油絵
丹色
石材
臨海
標柱
序詞
鑑札
狂詩
属領
市費
使臣
船幅
鈍行
洋弓
親水
音節
断橋
鼻面
風力
可動
別殿
浮舟
初婚
木端
下屋
簡潔
交声
上屋
旧臣
荒天
花車
肥料
光参
大衆
落陽
証票
周期
旧道
心柄
矢場
愛欲
便意
焼山
副将
冷泉
序言
位地
肉片
橋脚
実家
法門
総記
恋情
小中
周囲
医書
地元
欠員
傍注
牛革
鋭利
課業
漢語
前庭
席料
政庁
警手
従兄
受取
愛執
当否
真向
納豆
楽聖
史劇
図上
内妻
同輩
底力
小器
大乗
武技
車列
遠景
痛覚
同類
論題
正賞
創傷
征途
産声
西部
中置
大通
代人
好守
鏡石
耳環
可逆
合札
社業
上皮
名山
京劇
紋日
名著
透目
親御
平幕
同義
青果
温床
発句
片棒
枝葉
基板
礼電
係長
割札
素焼
興亡
行路
灯心
落人
御寝
小学
副題
厚生
高角
打撃
返電
幾夜
市上
芸文
芋版
小包
拍板
年賀
金銅
煙管
流汗
賞杯
政務
仲立
市内
興趣
船級
馬手
陰言
外耳
高覧
半期
筆舌
私財
焼経
水筆
正系
脚本
州浜
冒頭
編隊
類題
濃淡
多角
親署
縄付
田畑
外事
農林
若衆
能才
司教
前日
雄志
全紙
秋空
洋食
政変
雑株
気象
字句
洋本
紅紫
主位
兵略
小声
有刺
焼飯
俗談
方寸
年次
木皮
光陽
号旗
本物
健筆
金扇
電報
中団
在所
旅情
米作
屋台
仏文
従弟
耐圧
感熱
多才
水気
潮合
知恵
等式
金将
神楽
農務
毛糸
商運
所帯
空事
強情
各論
右近
無職
入日
飛泉
執権
臨界
本属
功過
無益
役員
夕影
場景
総代
個性
男手
用度
浸礼
金管
中層
乗法
外紙
大粒
僧階
高慢
妻子
至当
南岸
左側
徳利
畳語
常習
若気
大凶
置土
軍港
青田
絶壁
騒然
利札
絵所
国史
門主
血糖
性質
客気
軍紀
土筆
短髪
桜貝
福助
門柱
光来
短針
浮荷
駅弁
近景
現業
仏心
品質
新品
本社
召電
薬毒
昨晩
水流
教徒
同母
秘史
取高
隠士
黄精
馬方
舟場
円転
容子
無品
顔色
両隣
複式
人骨
面差
炭団
将兵
差毛
大皿
寒気
善言
余沢
気迫
溶剤
生糸
決然
柔順
印伝
傍流
色感
気息
送辞
束帯
酒気
男根
節度
風上
非番
取的
画板
外気
常客
回天
暴動
夜目
講社
寒行
秋月
異本
急場
切窓
女工
権柄
組下
上目
部活
特修
国主
薄肉
冷温
砂州
路肩
文色
小付
上流
大関
原則
素式
家君
無手
回状
市会
定則
修法
現任
昔年
入物
悪童
塩基
上着
依然
赤軍
空白
遠流
剣難
率然
著聞
唐人
数行
背景
明星
溶質
群島
旧名
通期
妙所
本題
衆徒
字書
夕立
全編
麦芽
噴砂
女神
南侵
当流
旅衣
逆説
船場
宝塔
格率
後作
公安
禁教
官設
遊撃
盛挙
天成
国策
地理
貸元
宗徒
天堂
海港
要用
医務
人前
雑種
亡父
落首
高札
打綿
勢力
視角
内国
宝刀
有毒
報恩
抗論
首位
田夫
州法
西方
上司
革帯
羽翼
点前
野道
上意
証取
善人
数式
都市
特命
当事
長編
山岸
遺習
好意
船蔵
破局
差前
児女
焼畑
金権
条項
香魚
宝前
指値
静夜
甘味
村役
職工
石庭
手羽
地底
光年
総理
工学
宿六
家訓
梅雨
私宅
斜影
徒口
影向
苦味
容態
庭園
祝詞
角柱
近火
貧鉱
小僧
作男
倍角
渡鳥
節操
家作
部下
公傷
遠火
厚底
何頭
時勢
教場
金鉱
諸点
竹馬
同書
湯葉
末筆
過大
地所
赤口
漁具
寒卵
出様
奇知
言論
軒別
翼状
泉水
盤根
平時
大木
夜店
実利
茶店
彼岸
攻口
親元
座長
古称
異人
適格
至純
水球
不評
立話
楽市
寒波
水兵
雅称
院議
共裏
私供
戯画
神宝
知能
耳元
新春
鉄製
桃割
背節
風雪
測鉛
尊慮
手段
後継
敵討
小童
人臣
個物
山男
名取
有様
主家
仕手
寒天
古来
大杯
半熟
間然
旅装
未聞
市有
穀粉
差料
射利
家風
主事
風柄
老台
各省
会堂
読手
外圧
女体
鼻先
簡保
久離
画才
屈性
紅顔
弁士
元始
受認
迫真
奮然
速効
遺著
限度
支流
親方
円盤
老女
満干
茶所
反間
軍鼓
前腕
鈍色
豆板
法規
本山
順逆
禁輸
原人
情交
作土
死相
母性
球体
動体
宮腹
鉄火
非道
心音
補語
春情
用足
仏塔
心土
次代
願事
徒飯
地引
山子
和親
替着
歴世
盟約
更衣
閉包
鮮度
紅毛
諸表
煙雨
大業
維新
肉色
陰刻
異類
門札
口許
題詞
本床
土足
若芽
律蔵
分針
賞状
天気
勧学
芸大
噴気
生体
腹背
冷暗
俗文
文型
売声
上位
沖積
番人
列石
高値
精巣
総裁
若様
新前
自国
酒肉
館主
内装
長短
早春
蚕室
国体
冬物
同病
直列
花月
晴間
幼君
宮室
雨曇
初速
油脂
抗原
善本
微小
画意
枯骨
花粉
男持
細雪
布子
兵書
電子
眼科
必然
不漁
貯炭
足跡
原名
空寝
春陽
粉雪
漫然
行場
内圧
生首
臨御
社務
官栄
来旨
骨幹
名宝
斜線
読史
病犬
外線
活眼
残香
楽団
貴札
小女
雌鳥
和紙
寸時
反感
雨具
花道
舟守
魚拓
所由
養分
土人
主剤
縦隊
画室
着尺
名号
航法
上白
訳書
産所
憲政
銀粉
有向
行書
似合
外貨
大幅
黒田
来世
創部
厳君
月限
高床
明徴
貴社
外法
間貸
西紀
熱型
祖父
集客
同人
益友
俗眼
達意
色素
土間
起点
兵事
過客
心得
月割
冷床
原点
後者
乱筆
連曲
南北
効率
居室
同誌
成体
願人
所縁
天象
戦域
中手
事件
反動
目許
全作
英断
恒久
平民
下火
玉石
隣地
道内
天朝
警務
糸車
塩酸
視学
難民
内科
有価
角形
要人
在家
開運
節句
店子
儀容
大祭
別間
都会
公設
音頭
衆道
構図
教科
晩景
所与
略体
地面
木裏
血統
地裁
卵巣
光学
実直
変種
祝舞
悪血
席題
特産
射幸
与件
西人
文身
書割
白露
供御
洋種
戦乱
別箇
権利
王位
梅暦
無風
本状
美境
街角
唐菜
形勝
後任
前妻
無位
局部
親潮
凡常
図画
他人
金環
惨状
矢車
衣服
畑作
湯水
気運
兵力
迫力
黒焼
目標
戦役
頭金
大仏
産米
聞所
傾向
砲門
売笑
両町
他称
横型
業界
純分
法域
主題
版本
語学
横筋
方眼
下職
半途
麦茶
貸本
文才
空家
気根
産地
鉱層
所出
拾物
日報
神国
利己
神助
汚俗
機屋
記号
支社
歳晩
下帯
古典
不正
法話
寄手
構文
判子
茶飯
怒髪
人物
並幅
決河
書抜
本屋
山犬
気分
円価
直腸
入夫
試筆
下級
刺虫
表意
草木
宗風
都議
長剣
祝辞
前払
貴紙
極所
待針
富商
思春
雷雨
寄木
刺青
仲店
踏絵
伝書
体積
温容
羊水
噴水
僧形
無印
男役
足元
権現
試料
才知
悲喜
野花
後夜
裏店
前約
財経
文理
組子
郵船
頭数
奇手
編者
逃道
総高
銀将
近臣
和議
救民
生保
矢声
別段
近古
訴額
突角
禁園
新参
無言
電装
精彩
賀意
共和
薄日
震源
分身
威厳
部課
産道
暖海
巻末
産科
気圏
内壁
干天
閣員
相恩
連木
主文
常打
大知
息女
人海
秘奥
訴因
異同
神州
手絡
歳費
子鹿
投銭
貸費
座金
頭皮
際物
国情
幹竹
常緑
写字
日脚
値幅
幕屋
早馬
許婚
為替
繁多
親善
雪隠
片岡
帰途
丁字
魚油
石油
要理
高低
洋銀
極大
街路
豆油
豪商
私鉄
馬匹
人定
旧居
上聞
家長
消暑
株式
捨身
深部
歴代
牧牛
石印
天然
善意
舎監
俗才
勇姿
書聖
先住
定期
版下
所司
格外
里程
年金
多分
体力
管見
反歩
巻狩
目録
新刀
法弟
特色
胃腸
遊士
知識
腕白
領水
小寒
知性
略章
元職
利幅
種板
前作
店舗
公課
暗証
大水
寝顔
任意
遊山
適訳
老朽
部署
厚手
和毛
切張
宿舎
政情
黙然
連環
転作
副手
楽器
秒速
長座
物体
情趣
父君
官金
両性
縮織
応札
釈尊
高密
留別
旧暦
円心
勤皇
実学
腹帯
敵手
乳肉
温熱
監事
秘教
望郷
国家
島根
無官
修女
演題
目途
低圧
内高
手塩
軍学
星図
仏殿
太白
作事
兵革
星影
両辺
家産
初戦
高利
永遠
羊腸
測線
小舟
動議
詩編
棒頭
愛鳥
物影
庭先
往昔
折戸
立米
小型
感傷
縁側
早番
和訓
遺志
厳島
夕景
耐寒
点線
列国
気風
手数
産額
書巻
汚物
繁務
祭具
治下
裏腹
仁王
秘文
手練
別条
業容
伝奇
多士
多望
春色
鉄砲
雄竹
包有
帰環
測光
終電
火急
対訳
見方
右岸
形体
公立
護岸
手械
素首
保水
若蔵
飛型
省議
業苦
本流
趣致
南倉
霧雲
小町
通称
官業
政見
気流
続柄
新車
水月
巣引
居合
多能
通念
連歌
全判
奇縁
実歴
順列
豊麗
単語
各局
不眠
形声
裏町
平射
住戸
甘茶
黄水
蚕児
神職
肩衣
政戦
画素
焼石
発話
前半
軍機
河童
内容
諸費
言下
浮腰
雄弁
井目
北門
生気
盗犯
義民
術数
実事
県営
絶後
秋桜
所産
日課
老木
党員
責苦
見込
欲得
意義
受身
大命
大器
業師
唐竹
女官
小言
敷金
特質
耳金
小父
明笛
失地
師道
金銭
寄目
貸賃
小店
所労
遠来
真価
気持
句読
刺客
甘党
保父
漫芸
満作
心力
飯米
木材
英才
級友
夏至
悪戦
茶盆
団交
近情
灯影
青年
小党
極少
村会
流儀
高温
老害
悪質
活路
追号
長官
名勝
諸白
病体
全学
歌聖
無配
家借
員数
事大
甘心
基層
年頭
斜面
黒縁
帯側
各巻
雨水
都心
吹降
光圧
屋並
悪寒
有理
迷夢
返信
無向
武芸
印画
家路
綿棒
無住
創見
通弁
芋頭
総論
犯跡
巨頭
砂金
本身
貧土
軍団
自助
利付
本案
連句
陰徳
合間
大度
耕土
両方
下心
好日
得用
灯船
異相
総意
密事
金時
人頭
出目
手首
雨季
毛見
知徳
中業
暗黒
鉄鉱
東口
線路
旬刊
終身
警部
実包
光源
分署
行状
黒熊
層間
古銭
良品
公準
文月
武道
沼気
同国
物件
指輪
丁子
公館
公正
技研
迷児
乱丁
定府
空夢
世俗
均整
遠称
兵法
河鹿
自費
泉町
工芸
画帳
序品
別口
抗体
鋭角
貴著
色街
通則
利目
特例
追腹
楽座
夢現
物欲
物陰
宗室
素質
山僧
接辞
原形
白焼
雪国
恵沢
本戦
谷地
弱志
葉状
文科
雷雲
脂身
儀表
信金
合力
父上
誠忠
地誌
事柄
忠節
比論
珍宝
雑観
悲痛
貴覧
奥向
木目
径行
気宇
養子
家父
積雪
筆触
脂足
木型
相宿
愛書
船側
至難
野茨
不断
利益
書中
雲足
胴衣
古城
法語
教職
医師
現金
灯油
悪声
積立
球技
着払
返歌
定訳
大空
敗残
日暮
水着
主観
正株
活弁
戦果
歓声
亡羊
小夜
天物
切畑
比隣
特区
歯形
詩体
空腹
御内
講述
大和
曲想
何者
杯盤
雑音
日向
紋服
大事
後足
検使
舞踊
差油
座方
素志
病床
幕営
集名
学内
早稲
勝者
松飾
電器
名演
女犯
金仏
所内
鉄泉
活況
画稿
軍律
接台
川端
金高
勝率
順流
村童
先端
賛意
夜曲
遺風
神徳
名義
低音
正月
訳詞
舌端
小使
土物
薄目
液状
麗姿
関所
大学
類本
土俗
縁海
茶柱
武具
急性
厳冬
煙霧
下面
試練
取水
門外
保身
適役
宗務
賛否
傷兵
農芸
水素
血行
風神
法灯
科料
胴欲
中流
他校
特長
米材
愛社
最上
黄鳥
最深
人橋
曲射
玉音
船体
名言
冬作
金子
雑言
絹地
入朱
学術
半角
規律
磁気
大弐
戦局
体毛
令旨
時効
正価
知命
各区
聖王
産毛
回船
実員
処務
自己
端厳
利発
日限
頭上
苦寒
走路
産気
下略
色気
能弁
士人
体制
各相
白太
住民
種卵
禁衛
軍票
身元
雨風
管外
誤爆
天体
花環
私情
大脳
剣突
雨雲
居中
戯事
類縁
細石
御構
断編
水芸
世知
矛先
適切
多額
仮死
背部
歌誌
行賞
荷作
遺臣
外来
異存
半月
局員
無私
並木
常温
性情
称号
水軍
神階
成敗
初夢
海道
好悪
太陰
年央
会意
石工
両側
年間
作況
奇士
水影
凶兆
病苦
電光
化身
女坂
天運
湖岸
騒人
骨張
手持
子方
始点
切戸
連言
障子
時文
山刀
地顔
敵襲
馬番
給料
西域
日賦
損料
像法
空戦
同好
反別
鑑識
指紋
主席
理性
食堂
細面
筆耕
官員
警視
至福
逆光
脳病
末書
上製
予算
未踏
車台
投句
輪留
磁力
御方
点者
耳輪
木仏
領主
赤帽
益金
意表
経緯
乗手
里心
足並
皇孫
不覚
印材
幼虫
学士
人相
過度
後宮
金穴
短尺
騒乱
飲屋
先登
衛視
浮橋
宿将
銭湯
異彩
露草
迷子
宿主
公武
願文
辞書
飯盛
胴中
水平
熟年
小児
境地
年報
行手
茶園
多少
戦前
手打
心底
御告
領内
主任
前菜
医局
土用
料足
大島
更地
不和
弾道
初犯
下層
人手
水密
石塔
陰性
欠番
周波
高波
登高
初代
起毛
手刷
善所
髪型
筆箱
米兵
品物
細君
水引
羽目
巻網
未配
稿本
区内
腰骨
外延
連投
法服
文題
支払
相識
断筆
分脈
成句
門火
知略
武臣
同署
赤子
同志
裏紋
本末
販拡
軽快
滋味
山際
特立
番犬
居職
果樹
酒税
漢音
風船
春期
竹工
背子
供物
下郎
小腹
死花
暴政
近作
氏族
幼心
火柱
現場
備荒
食塩
担税
土俵
円型
元祖
歌声
仏師
名論
骨炭
絹雲
白米
教程
面積
寒露
筋骨
遠心
口舌
中期
乱髪
酸性
行学
母御
金魚
困難
大軍
大農
果糖
心慮
電波
各車
訳詩
近視
自照
理外
家紋
居間
番屋
長虫
舟歌
木戸
余命
水脈
別項
法文
腐肉
外部
宇宙
隠語
老優
年号
永代
私欲
美顔
香車
露台
政権
数字
心性
脚力
地変
圧雪
立秋
出水
生国
同友
断金
狂気
山陰
深長
芸談
暦法
自主
同前
与力
足場
他殺
深間
各氏
原皮
厚顔
流石
朝議
職長
筆太
持論
分室
講中
大権
開村
仕草
欠字
管領
書類
諸行
高殿
私案
体外
地酒
村議
遅場
功労
至論
国事
原料
尊号
皇宗
得手
俗信
富農
横町
町医
主面
小目
流量
朝間
守勢
学級
細字
史乗
回流
神意
課内
仏身
洋上
王命
真空
義士
序幕
磁場
公益
器用
少食
商都
字典
毎戸
異端
重水
被験
間男
究極
遺愛
適量
酸類
来信
半額
修論
博打
曜日
老親
春雨
同社
経連
総会
用益
深紅
当座
司法
麦秋
先覚
土石
傍点
触角
競買
異変
法談
交互
朝来
荷造
日出
座高
死処
学費
私大
利敵
夜祭
形跡
橋板
前段
事変
母体
夜道
出物
尊台
野辺
行灯
集団
畳表
引力
子役
本筋
仲間
文様
式日
陣頭
銀盤
書簡
要旨
楽焼
外伝
良縁
限界
軍旗
氷山
儀式
捕手
女物
罪過
冷機
薬舗
不老
大奥
星団
組討
肉入
生地
酒家
潮流
金粉
税率
母物
電信
情義
雑技
真情
城市
快弁
所用
除夜
本心
前略
断層
人数
道化
風説
例話
諸訳
尊師
住人
財物
士長
山下
中許
立引
安値
速足
松山
道草
作家
長月
店頭
答訪
漁況
単元
表替
星宿
正味
棒先
趣味
経年
老病
高所
集落
敗軍
堂奥
昨報
芸子
破船
春作
大典
有性
禁城
密宗
所在
弾性
王制
版制
全館
編木
竹光
夏季
紙帳
勝機
所化
目張
史詩
発震
川岸
魚粉
正客
脂性
複眼
改暦
新奇
備忘
道具
織元
抜刷
壁紙
跳馬
豆類
補色
導因
初学
妙味
美談
値打
倒木
肉声
赤札
浮島
小刀
出足
宿駅
外角
神風
花薄
詩経
近在
気球
天災
北辺
都政
先手
血縁
持戒
天使
毒味
歌話
父系
遣水
浸染
本立
即興
病室
指針
鉱毒
悪役
普天
紅花
即今
祭儀
間色
土管
紅絹
神誌
功罪
早便
真黒
飲物
機械
有徳
勧降
宿命
造言
良質
隣国
夜鳥
時速
訳語
公達
満額
母衣
端銭
話題
両行
付句
新法
油屋
多元
幕間
隊舎
単純
居館
初更
舞子
古流
良夜
寂光
割注
脈絡
富豪
震災
頭髪
切口
名馬
悪手
端女
座頭
油分
言笑
真冬
向寒
人魚
高菜
完本
操船
行人
気鋭
打数
純益
白人
屋号
名所
神宮
実地
対流
転帰
狭間
月輪
質種
難路
在俗
会席
痛苦
和名
水郷
木芽
不縁
洋服
年月
出処
珍書
場数
手口
当為
時務
図面
行内
教頭
勢車
両輪
寂声
祖先
蚕糸
天助
光陰
劣弱
息災
鉱脈
利点
受書
新人
大漁
他紙
英資
帯状
糸引
鬼子
良性
板材
漁場
多重
敬仰
獲物
夜顔
凡小
紙価
視程
不安
格調
古顔
口書
不要
僧体
新巻
聞書
才筆
議員
馬力
激写
本殿
雲居
散票
付火
美麗
県警
黄白
信販
線条
名家
座中
耳鼻
順風
鼻筋
天与
楽所
手技
近著
産屋
保税
紙片
士分
利権
開府
未詳
規約
内輪
校庭
適薬
当代
図式
価格
人山
温室
引越
神妙
用語
社則
校章
空値
組立
借主
打水
縁者
手洗
牧神
名車
章句
洋刀
来客
較差
情操
人柱
電界
不満
極太
回教
飼鳥
疑点
産着
麗質
重厚
真義
読者
全備
革具
板場
右足
露仏
紙背
聖徒
力量
手札
劣悪
歩数
乳液
直宮
市中
多彩
丸腰
豆蔵
帯域
乾式
門衛
気候
新穀
画風
負腹
部材
画一
生血
和裁
急談
空木
間引
牧羊
神主
悪人
大陸
今上
車代
謝儀
耐震
手鏡
血合
全席
偉力
訳業
会誌
順潮
重態
名越
変格
公衆
詩草
女腹
逆境
別命
制度
付文
御社
持説
盟休
内燃
天馬
歴朝
字義
温順
素因
年配
初伝
暮雲
宿世
綿雪
長旅
公社
製茶
未草
陸上
扇形
打粉
機片
小腸
宿意
仁政
非役
余勢
世心
閉式
地番
威力
御台
徒士
大計
腕力
優賞
官費
季夏
進境
荒事
話術
真水
最新
聖断
緑土
汽船
過激
新薬
綿花
定例
乾死
近日
開口
床板
田虫
陸士
水上
胸間
原鉱
夫人
益鳥
尾根
非望
大半
最大
出口
講談
語種
洋紙
利他
早計
空茶
解法
史家
忠君
前任
茶番
夕陽
長石
権能
同展
法眼
客分
陣形
産直
公儀
相銀
光風
初春
軍扇
党首
舟航
読会
薬害
公司
別刷
潮曇
除数
狂恋
数次
新付
草肥
特番
季節
村方
編著
伝令
定食
被告
客車
体温
葉風
当住
踏切
地形
領国
校長
新型
肩先
小照
仲人
漢和
造庭
臨戦
小片
読人
中味
両県
題言
包皮
所外
与格
繁忙
端居
親愛
腰部
親日
貝柱
相互
幹線
夕刻
雑税
妻君
線上
家宅
胴親
画家
経糸
低空
遠因
吸玉
大麦
朝野
記文
家人
往者
俳書
胸骨
基金
違算
死中
市協
同紙
柄行
意字
諸人
地力
神政
長者
紋章
銀紙
過誤
検校
民度
肩身
順良
用務
才蔵
所行
突堤
社日
産制
法力
熱気
農協
全課
空名
露盤
筋子
不善
時服
漁協
洗車
残火
樹氷
自宅
深海
広口
実正
民兵
敏腕
和牛
法理
教区
宮司
絵詞
眼力
小歌
高射
定常
飛札
救世
能面
長音
布引
人税
食肉
重縁
寝殿
神体
致傷
母音
絶島
研屋
国詰
外科
産年
沈勇
名人
主因
名数
上絵
便数
小額
扇面
農家
事前
青史
各県
上端
前官
禁物
湖水
分詞
目地
中形
尊兄
富札
格下
米食
胃痛
宅造
冬着
夏期
国軍
引起
筆名
月内
油層
貝類
貴台
砲塔
貴意
無法
水位
濁点
終値
自席
軽四
多肉
古兵
衣類
本分
際限
傷物
財界
罪名
容体
用便
不用
法制
毒水
丹心
無勢
凶漢
仮宮
形勢
銅像
部会
右文
軍転
欲情
同様
学際
光彩
群論
胸奥
居然
書跡
不二
電灯
獣皮
唐丸
小委
白酒
薬湯
切髪
寝間
副読
反橋
理学
似指
有料
端近
町会
節供
弓馬
節季
容器
下枝
不一
茶屋
幅跳
時雨
乾季
新株
細腕
結語
木本
長女
湯腹
福音
画数
技官
行道
黒松
公国
弱火
田楽
小冊
炭火
真面
連理
同種
拍車
背皮
防除
元素
長流
戦力
性能
居宅
水圧
探題
半球
土煙
両国
初日
無才
名水
候文
軍談
満願
要港
上底
天際
今期
戦線
草画
座浴
木片
路頭
無数
晩秋
吹雪
液体
式事
高風
謝状
秀快
数寄
中年
構造
対案
士道
清規
草丈
果肉
異観
分量
英字
高齢
音量
私家
神品
表敬
大願
木口
肉太
多国
余録
丸本
河口
温石
俗縁
別巻
天測
区会
日歩
看客
情欲
示度
定木
悲歌
光明
丸太
冷飯
金札
同罪
書式
海抜
角材
余地
町内
工夫
中幅
試航
童心
腰刀
浮体
国会
短見
寸話
豆腐
新券
獣欲
政治
土台
親書
桜湯
多岐
伝説
音便
男子
小節
風位
情状
振付
早出
海牛
作柄
鉛筆
候補
経国
船便
歳男
煮豆
盛夏
神業
労力
奥伝
直球
主知
短冊
色彩
単流
旧家
景色
徒労
群盗
達人
物持
強火
反古
消夏
細微
楽音
黒点
師資
内規
執政
酒徒
奇病
日柄
気性
若殿
新編
抵当
農学
静態
役付
格子
入声
楽員
島陰
場末
席末
郡代
倉卒
天子
豊丸
能率
腹壁
火影
毒矢
原詩
鉄剤
童謡
空母
居候
浅緑
側板
天才
暴漢
郎女
灯火
工務
舌鼓
臣下
音色
救貧
語族
校区
上級
得業
同島
無水
白金
鎖骨
評者
聖書
警抜
終末
樹陰
総額
新味
甘塩
早昼
仕置
電導
添字
御堂
図表
縁談
敏速
要録
在来
教養
官省
根方
天眼
戦友
官等
正常
遺感
持物
土砂
乗組
海鮮
呼子
可算
俗称
効力
客来
左端
野獣
異常
天覧
幕臣
後衛
秋雨
手箱
新選
沿革
流離
全科
曲尺
模様
人名
度数
正絹
当会
別法
社内
日次
上古
専業
赤腹
検番
下限
姿容
経歴
口調
荷台
域内
母子
整容
寝息
金網
小農
動態
新種
捕縄
宿願
乱戦
乾物
下段
低利
屋舎
朝会
夕食
労音
法界
先途
後影
適期
習作
旨煮
偉才
紫雲
松原
湯気
利口
銀杯
方体
人家
風向
内務
母権
火難
本旨
木刀
反吐
牛舎
導師
微力
同者
砂舟
毛皮
解党
輪差
図工
深切
納会
春秋
日銭
変事
各日
風雲
焼売
金円
装具
技芸
社命
下線
湖面
俗僧
切地
小引
好古
戦費
世人
下方
未見
職印
夫権
海綿
村人
村営
両様
巨砲
管区
所業
早版
乱世
草市
本元
大我
合財
刺身
健常
売手
握屋
畑地
存分
汚水
社費
水先
南画
空間
拝具
学徳
反切
仲兄
笑声
外野
右筆
技士
初給
競馬
池心
性根
製薬
義姉
桃葉
平押
典例
波乱
脱法
前章
原型
総省
金言
立網
唐衣
最終
遠矢
算術
斜眼
軍役
弓張
選者
息吹
軽微
土色
半切
砂煙
学識
根拠
氷蔵
新地
単座
木魚
初声
偉材
校倉
守則
野趣
反旗
踏台
名作
現神
水系
俗調
神道
不治
口答
手足
川面
非違
真綿
無骨
御酒
究理
原動
利生
護国
人君
御許
隣保
公庫
質素
実数
衆多
国旗
芸者
秀作
教法
半裁
神領
溶性
平静
糖度
科技
悪縁
仕立
晴雨
本代
公家
地図
統辞
口茶
老身
理法
燃油
実録
高論
雨空
便衣
各派
王政
新婚
支線
印綿
小金
芸名
心祝
進運
手水
短観
村社
達識
面長
家筋
徒食
摘草
都下
切線
求肥
染粉
無援
若菜
老健
飛地
作例
階下
火種
梅林
女院
紙魚
箇条
当腹
香道
毒草
金棒
口証
経伝
液便
客数
女童
平素
法科
競輪
順位
母方
後指
大工
前金
有意
天文
山中
母親
遅鈍
下巻
日長
生絹
美身
粉薬
明器
論敵
器楽
最低
山川
記事
筆跡
聖俗
歯石
永存
枝豆
田園
音素
口銭
空席
前山
食品
語義
知己
年功
例文
礼典
表構
烈風
値札
挙党
船頭
風情
綿油
最後
丸寝
払子
精密
在民
異都
抜穴
薬液
殿方
有志
小作
少雨
名字
常項
悪名
民情
次元
貧弱
鉛管
語物
母后
薬品
買手
類句
上敷
賞罰
直系
法認
雲表
肉質
医家
黒雲
話語
奇想
県民
威容
皇軍
盛時
鳴物
黒炭
正直
高台
貨物
権勢
細流
荒地
清適
影絵
資材
氷霧
山奥
風紀
身中
洗湯
淡泊
共助
月間
電車
海獣
生物
腹芸
違名
真勇
唱歌
白星
詩集
郷士
競市
個条
栄誉
版権
磁土
志操
末流
極書
筆順
層状
大身
雄大
点火
語序
牛脂
真紅
花街
甘酒
貴報
戦意
前輪
英明
口辺
身形
図法
称名
手負
外山
産政
公論
気圧
墓場
品等
用品
製糸
蒸焼
険悪
隊形
新橋
祭事
国内
申楽
大味
混声
地色
時給
天日
新芽
罪業
町民
論法
雷門
吸物
国守
異種
多妻
奥方
遺命
盟主
定跡
凡夫
油井
高足
段数
若紫
土製
史論
遺骨
地膚
受章
後姿
中秋
煙幕
出師
余滴
水虫
各部
生年
手提
和歌
警句
農蚕
非職
逆心
反骨
世上
芝刈
干害
望遠
当今
原種
行来
優位
貧小
仏教
博引
法敵
城頭
小異
党情
正課
馬屋
筆頭
中値
山桃
雪間
垂木
天下
煙波
兵長
落丁
向性
球面
浅海
党則
父親
別業
半休
物量
逆運
逆徒
財用
毒婦
紀元
凶報
部屋
題字
端午
党略
高額
鉱水
卒然
救急
仏界
世代
別離
細雨
焼場
鬼神
風致
底本
新規
天火
機会
各所
体側
出歯
変数
用木
体言
狭斜
暖帯
回線
生業
算式
表徴
悪趣
船医
眼識
因襲
色調
語部
軍書
教室
恩恵
主点
日中
上空
前回
宗家
楽界
老父
宗論
集魚
美男
父性
大鳥
徒話
晩稲
線描
仏罰
弱震
文武
学生
年歯
草枯
総画
令兄
精良
衣紋
狂言
極致
切身
気書
壁代
局番
目脂
貴誌
鉄分
闘士
林地
巨体
個我
伝家
大兵
通性
荷重
武略
止痛
陽刻
襲歩
拝上
遊客
首脳
羽虫
相思
売立
御家
進度
典範
成算
先便
放課
大王
景気
茶舗
可分
深更
親身
目元
民宿
宝永
着丈
取次
海上
僧林
満面
暇人
目見
玄室
防食
紫竹
食用
無明
総角
両個
具体
関門
着発
不溶
最悪
大任
光熱
主食
現身
教師
分権
年商
行年
病者
水鳥
学風
綿服
和風
要職
管長
関数
主人
本義
酒客
筋書
永日
残額
後図
痛手
極秘
縁起
密儀
件数
作間
潮吹
線型
鼻骨
炭鉱
妙計
同委
世界
蚕豆
切端
編戸
比翼
差薬
童画
本寺
陸離
軍配
別辞
縁日
逆数
春節
難題
関心
冷奴
直前
陽解
判例
過渡
週刊
鼻水
僧職
高層
物税
彼是
菓子
背丈
有産
義兵
段丘
病毒
局面
退潮
序章
勇足
極細
官話
石英
品目
議場
上席
王者
白石
商用
石火
時分
太守
順序
呼気
糸価
結石
水銀
堅蔵
名香
半数
突飛
側石
行力
面持
後便
仲仕
詳伝
同相
新郎
商社
魚類
北方
故旧
精確
詩家
無想
薬味
拡販
白菜
年端
西南
役者
陰晴
国権
間際
用字
狭霧
職種
冷茶
客席
幸運
細作
散史
静水
略表
矢面
市営
麦酒
中温
大京
君側
食物
軒先
詰物
家母
野面
鼻血
念書
後背
色里
煙草
好調
次善
片恋
特種
旅先
単勝
内層
原価
主峰
観衆
群議
原板
紀伝
若湯
職労
足許
盤台
同心
終盤
遊里
聖上
収支
品番
両氏
約数
重席
会派
無頼
福徳
売僧
樹勢
雪線
切売
視床
台形
律語
船倉
船影
飛鳥
雷電
皮脂
射手
標識
砲手
亡弟
隷書
針目
本節
用兵
岩塩
殺人
高木
同系
爆心
残金
家元
先考
月給
殿堂
無腰
規格
盆石
川原
等外
農園
温故
突風
入口
広野
資本
古株
不出
暗中
全区
小麦
現世
利率
小量
公魚
真上
福豆
文範
砂丘
船長
美感
唐様
風光
雷管
人界
剣尺
細管
良否
御者
上家
業火
抜手
反軍
軽便
壁間
針路
巻首
自社
傷寒
戦型
部将
僧都
口気
統語
生傷
法益
文運
雨天
野牛
紅土
径路
冷害
組糸
国勢
信管
童話
王室
末席
禁色
次号
機体
用言
奇行
黒幕
京成
律速
逃水
定番
水防
手沢
散薬
列世
中幕
凶猛
原頭
小官
振子
軽量
外周
相即
舌根
手業
余色
好球
同列
古鉄
脂肪
理論
振舞
後納
御中
当身
各階
剣客
主潮
直心
税務
線維
巻舌
林泉
戦国
金側
船腹
敏活
総門
司書
夜中
稲作
路盤
相輪
悪病
座像
額面
夕刊
校訓
社是
編目
寺銭
異食
世子
新婦
類例
可燃
詞花
整然
羽毛
半面
透明
戦法
乳切
徒然
雨夜
道路
家法
物論
前提
頭部
序説
人望
海風
準則
子弟
神社
仮親
骨堂
低層
自火
職責
参事
長手
光速
雑用
収税
仏恩
衛士
号笛
不言
気団
薬店
芸事
継父
金目
品位
国造
本絹
持味
仮借
有形
上布
中小
有配
蔵置
中庭
俗耳
公使
都営
表芸
御仁
単身
電源
唐織
苦海
単物
伝馬
内地
鉱泉
取扱
新家
売文
海内
軍制
力足
冬型
底豆
脚立
肉情
後腹
内因
皮下
名剣
底意
大鑑
明週
風波
少女
応変
実定
眼路
角力
和国
草体
外国
麗句
社殿
聞方
雪山
両君
原木
僧徒
悪評
合性
御座
偉容
烈火
義父
展性
版木
手元
時点
老幼
禁句
形代
路上
階上
先祖
高大
歩武
分母
天国
平作
新劇
同所
防熱
部首
木耳
節用
美景
風雨
禁裏
下記
歳次
口火
古都
証左
血道
船脚
神人
落書
即妙
歳暮
仏間
基根
府立
愛煙
水柱
在地
校医
悪風
別人
役場
製菓
本業
岩木
時評
方面
油菜
外孫
古詩
前面
雪氷
牛頭
限月
民事
呼声
直路
筋道
我欲
壁際
無電
踏歌
資格
軽質
激語
助監
先物
絶世
戦史
通語
両生
欲念
処暑
支局
車座
初切
市議
御覧
落縁
迎車
型式
論賛
政商
新月
背紋
増勢
親指
省油
香物
経学
平文
初空
見様
成虫
短文
歴然
名物
丈六
水練
徒党
雨気
狂風
大目
宝殿
続編
労賃
疑似
政体
隣室
好望
同筆
草堂
騒音
令姉
警察
異性
法定
本丸
貴信
蔵本
義援
札差
半目
補角
王佐
俳誌
骨柄
条例
陸軍
院生
社人
区営
将家
守衛
役割
右端
前週
大国
道義
等価
門地
魚介
発破
浴場
判官
旧株
執柄
大礼
赤旗
沖天
乱雲
内室
章節
自筆
奥義
死本
牛女
地謡
毛管
氷壁
帳元
単形
爆風
長男
薪水
困苦
手風
風儀
垂水
増分
実妹
文政
中原
規則
文辞
箇別
写本
難字
王朝
肉細
正義
人屋
水稲
前夫
機上
上角
倉荷
中老
御代
町奴
問屋
宅扱
昼飯
甘煮
理工
角番
罪状
過当
桜桃
適地
更年
色絵
梅酒
売品
女気
家郷
白波
原発
新税
山坂
不急
種姓
祭器
祭服
料飲
門標
気骨
需品
小隊
矢倉
大弓
悪鬼
至孝
岡引
勝差
深度
主従
馬場
凡主
海原
年初
庭石
下部
連名
同形
全幅
流説
虫歯
横根
太山
斜視
原物
灯下
迫間
上背
経路
勝目
多面
鉄則
白鳥
捨石
声門
鋼玉
凡例
素引
堅炭
絶好
仏徒
学界
雅言
悪事
海神
宮人
非才
別室
脳裏
両手
秘本
親心
唐風
塔頭
手許
狂人
典座
明知
商業
予震
誤殺
水量
社長
回報
貴僧
治績
補則
差合
蔵相
月額
句会
抜群
兵舎
平目
語幹
平家
失語
下腹
曲学
品行
白水
前奏
軍用
産児
縦列
米紙
軍師
夏場
複流
刊本
毛虫
異訓
東側
御感
人造
木筋
道順
暗影
郷党
照度
貴地
理詰
穴馬
校生
慣例
重力
風穴
別伝
牧歌
地点
小敵
無精
旧記
支柱
血肉
俗人
遊芸
機先
要義
幼魚
知的
玉糸
初発
絶勝
宗主
仕丁
社格
留置
題名
樹齢
極光
急戦
精美
僧兵
単価
平水
初午
鉄工
油煙
散文
流木
釈義
建徳
茶宇
日数
元凶
舎弟
有縁
外典
遺産
受皿
池沼
証本
領海
職方
冬木
中殿
聖旨
船隊
恩典
涙金
安価
目上
商機
坂道
簡易
大字
高裁
取分
奇観
蚕業
磁極
朝刊
下役
実竹
絵柄
近信
水線
荷主
表編
総評
光画
速筆
中学
骨組
鬼才
基数
毒虫
面容
資産
事情
衆生
礼節
発御
野菜
血刀
外傷
皮帯
糸織
願力
少年
学説
回米
大門
数理
料率
黒板
添物
各戸
大本
深雪
農政
強度
練絹
売女
山鳥
家居
富有
地域
古手
人妻
工法
質量
雑誌
有無
他郷
数件
雪害
童体
多選
行者
鈍器
凡眼
抜目
聖夜
悪妻
持番
末文
急所
画幅
念力
話法
視野
家賃
精鋼
財形
場所
木綿
薬物
比率
唐画
常務
故買
肩車
白及
扇子
漢意
豪農
山雨
水深
順路
戦列
突傷
漢学
書庫
満株
後陣
男色
補遺
木剣
博識
月次
産油
方丈
国原
市庁
電話
山車
満座
岸壁
胃薬
本宮
雲助
雄松
生家
詩話
両者
夜間
花火
陣地
眼鏡
車窓
濃霧
罰金
芸域
室長
狂騒
居城
養魚
油然
操行
雅趣
豪快
度合
親電
理路
雑人
番茶
曲技
根底
色事
取手
不幸
坊間
武威
子供
全書
物資
女御
門戸
昼顔
仲夏
車速
飛脚
真裏
井然
民族
暗雲
農道
人間
算盤
赤誠
舎利
点字
水煙
結句
立国
球根
樹木
相役
劇毒
通説
本格
短詩
豪放
牧草
安宿
文言
乳剤
行実
打棒
州民
外電
射術
正出
山内
遠祖
学都
経世
医界
宅内
量感
隠密
板紙
山元
当地
諸種
福利
死因
原版
草刈
姉達
小松
銀髪
陸続
劣情
羽風
未申
周壁
破戒
鬼門
不念
笑止
院号
下地
住宅
貴君
宣旨
旧都
富家
投力
好手
至妙
保母
家学
節点
断腸
脚湯
大海
材料
処士
洋算
朝夕
水力
心腹
山側
無休
正本
同党
職能
焼物
飛弾
国本
正真
毛唐
編物
雌雄
器官
定刻
暴悪
下風
絶唱
諸子
洋風
沢山
月利
野良
抜書
神童
現実
甘草
金砂
仏者
未着
要図
旗色
船台
弾倉
箇中
親筆
異説
輝度
報命
平俗
裏庭
定収
通路
結縁
詩句
善美
色男
母堂
官制
自暴
綿布
所以
巨樹
板張
笑顔
師範
院主
所定
夏山
等角
勝気
若草
管内
画質
地上
白丁
世事
書家
花信
小銭
心室
霧笛
功名
土器
発意
準急
末輩
美辞
野天
農法
屈強
乱雑
青書
付合
国保
課題
白面
楽日
便殿
湯量
銀天
適者
難事
序詩
腸満
新進
学割
有効
理念
題号
聖歌
例式
週番
風車
手製
根雪
海流
内角
草案
首輪
悪業
盛砂
成員
土橋
深山
創世
奇跡
主夫
同行
半間
定石
極小
乾性
年限
圧巻
布製
貧道
余話
女史
王将
自党
無代
俗語
生水
県勢
欠格
源氏
建水
歌劇
道幅
尊家
神聖
魚田
力士
砲車
身分
知将
高張
両全
不離
築山
時人
初老
劣等
欲火
空目
無血
他行
色恋
有数
基調
断雲
女竹
空力
黒星
手金
娘師
分限
他端
師伝
指先
農工
火付
花押
機種
童詩
容姿
良計
心事
案件
上段
人形
旧縁
非行
赤字
精微
法則
達文
特級
弾幕
経穴
国立
会報
比丘
寺務
自発
上部
草屋
宮守
秋口
吐逆
欠点
種族
恒等
鼓弓
対象
船主
弱音
糖分
流星
欲望
詩宗
語草
毛髪
急調
雑兵
有人
網間
敵勢
兄貴
城代
盛年
乗場
折込
私版
新内
界標
寝敷
応報
科目
曲論
眼福
真言
守秘
本国
大白
地卵
芸道
入歯
太陽
武士
首将
酒精
付値
競歩
危地
平打
光景
縄文
網針
小説
不為
独活
潮目
至境
坊主
御物
凶行
土手
俗間
悪運
純美
別所
秘伝
方陣
右左
寒路
支所
高原
動向
動静
文物
郷国
法主
内湯
聖母
海馬
人民
才色
活劇
軽震
謝礼
刀自
夜軍
身許
体型
教父
法器
国歩
炭焼
立番
光量
桃源
区長
雨滴
朝臣
実弾
定法
私道
数回
密林
関越
論調
人格
北部
益虫
真心
露悪
征旅
東経
感状
球界
肉芽
遊星
木簡
句論
外用
出窓
上番
相等
金員
赤松
史観
書生
僧堂
旧版
実寸
日影
前生
塩類
秘策
慣行
分校
等親
個別
現物
敵営
全馬
小紋
影画
救国
末代
人情
地球
濁酒
遠浅
顔料
祝酒
沼田
小路
傍題
剣法
取消
早縄
未然
乱脈
両翼
寒暖
水杯
純血
簡便
徴証
速度
定本
野人
体罰
余生
布地
個人
計時
弱竹
上前
激痛
捕虫
道床
町方
手玉
関節
買取
相生
無形
丹頂
単願
羊歯
御幸
上枝
道火
人影
酸模
理事
成鳥
不詳
地代
対岸
流感
宗旨
痛快
水子
耐熱
官憲
心理
政教
国手
針子
同地
玉杯
細型
諸家
水薬
国王
序文
真影
奇道
重宝
打荷
死命
隊商
水鏡
諸山
連綿
唐名
両刀
小善
建値
感官
会式
経巻
冷雨
半島
遺忘
盛花
下学
海図
山号
草本
生音
堂舎
読後
適性
好個
開題
水産
少子
別派
寒風
禁令
薄手
経蔵
所思
俳句
継物
序奏
黒竹
大欲
荒原
採否
旧識
文学
石柱
寸借
客土
美質
略語
内心
病垂
強盗
剣先
局内
斜子
新駅
水団
別珍
合判
画師
札止
本薬
出前
法要
浮寝
療用
冬草
養親
当局
知勇
文庫
国老
巨億
悪態
形相
電算
肉界
快音
威徳
盗汗
町歩
老兄
舟運
海月
人士
出場
正字
通禁
長尾
大会
野砲
路側
別紙
涙声
曇天
尾長
部費
小遣
当字
仏語
客演
井戸
心願
難問
主格
険路
遺訓
健脚
医科
風水
等差
任国
薬価
姿勢
各般
遅行
漁舟
筆力
館内
古史
望外
外灯
厳父
茶菓
同権
産室
副業
水性
浅見
座右
木像
糸巻
俗曲
征衣
領空
幕張
古風
口絵
人脈
俗学
空前
召料
戦火
重臣
誤植
風色
落果
血脈
時刻
中刻
転義
多値
尊名
前非
平安
新派
志士
有為
織物
前列
奥秘
胸水
製販
法貨
賃銀
御地
漁灯
時針
本営
成案
英語
割付
初動
仮象
種馬
汗水
全額
生者
業腹
悪例
数物
外語
広狭
祝杯
蚕紙
助字
自体
頭目
足下
門前
元種
正風
乳児
刀銭
大人
閣下
便所
劣敗
素地
紀州
荒誕
医薬
禁則
大洋
福耳
茶席
小雨
生徒
満票
各種
立夏
天資
器材
引合
単文
大所
戒厳
家憲
湖心
畳紙
東宮
名産
地目
口合
必死
右角
死活
防腐
門派
政派
諸氏
暦年
因数
表高
知見
応需
春宮
西日
小米
予兆
音楽
金脈
夜露
日除
校紀
凡慮
吹管
去秋
庭口
語釈
本編
兵権
薬方
座骨
星祭
要式
次子
課長
相承
来書
異見
本田
太字
鉱夫
王子
小弟
祝着
小水
被風
町衆
露天
遠雷
続投
物音
保革
深厚
実景
祭典
総則
受動
非力
帳付
下期
養父
居士
船具
暗線
丸材
胸当
旅団
飼主
拠点
純理
上限
太織
正格
形質
勇名
馬子
感量
機運
車止
樹影
近眼
郷土
聖体
子規
商号
通帳
天恵
風窓
題辞
屋形
久遠
死出
抜荷
溶暗
全力
高遠
目先
木星
長足
浅黄
国力
合壁
全般
写実
木地
正文
来迎
口説
青梅
夜盗
狂者
裏道
家族
仏座
秘術
骨灰
中産
帰巣
音訓
前月
町長
尊父
水運
富力
温顔
商港
功徳
雨脚
奇警
間判
負戦
連弾
市外
利高
内野
勇魚
抗日
山桜
薄氷
全面
実説
種類
女給
幕政
保健
群像
系統
年会
青筋
社頭
物理
場銭
貧相
原由
実年
無給
童子
行事
業者
折目
下値
喜色
幼弱
治山
承前
当方
遺髪
銀糸
老来
手帳
鼻歌
重体
直線
日陰
礼装
肺魚
聖教
征野
赤金
若者
単複
聞達
初球
体系
弓矢
旅僧
将星
年表
舌頭
母語
快事
暴君
本務
単項
漫語
胴巻
信義
影像
人事
軍手
連盟
電鉄
天引
道念
舞楽
近流
平首
異字
夕空
名親
特車
所為
平然
草根
吐気
待肥
組物
脂汗
武力
奥地
茶庭
胸元
見神
治産
先兵
典型
旧師
未熟
石器
無主
大賀
重恩
残片
鈍物
特段
混一
国語
執事
美事
公権
熱誠
亡児
干支
外政
席次
法網
鮮紅
当店
民衆
鉄器
巻紙
知合
異色
背骨
厳寒
赤門
収入
威令
全数
高位
同院
本朝
高欄
美挙
外力
飯粒
見幕
交情
国税
逆夢
声名
差歯
油状
番組
時制
人我
実績
反共
認印
終章
良薬
根因
切抜
微雨
外様
寸法
雑務
薄儀
王女
清風
憲法
結社
心学
名医
用紙
奇骨
互先
仏学
険要
新生
転石
史的
不利
素敵
豪的
切実
完全
誠実
意外
流麗
心的
権高
高等
間遠
論外
真率
濃密
浮気
円満
堅固
丹念
奇妙
物的
深刻
雑多
馬鹿
便利
伝法
必至
横風
未定
確実
平明
劇烈
大儀
人的
口早
簡略
孝行
無学
有益
口軽
性的
鮮明
非常
生直
恐縮
足速
無茶
清新
沈着
素的
高潔
横柄
有利
陰険
明解
順調
低劣
強固
凶暴
劇的
下劣
見高
厳密
異様
乱暴
有力
足早
皆無
完成
高名
相当
巨大
気軽
必要
病的
全的
低級
高度
温暖
積極
重要
大様
気短
小体
舌長
横着
強引
容易
量的
失礼
反対
健在
然様
法外
不良
周密
堅調
沈静
大童
詰屈
感心
可読
激烈
独立
狂的
明朗
速急
手荒
特別
内気
不明
判明
割安
退屈
甘美
平行
美味
広大
普通
法的
左様
多大
奇麗
奇異
簡明
安易
濃厚
有名
丁度
珍妙
鈍感
身重
痛切
低調
不毛
整美
存外
気丈
強欲
安定
難解
悲惨
鋭敏
公的
端的
健気
気長
半端
余計
端正
立派
安心
内福
熱烈
厳重
絶妙
親切
激越
狂暴
散慢
独自
仰山
詩的
周到
無効
誇大
無縁
尊大
安気
大層
無残
透過
幸福
美妙
情強
厳格
明快
不能
細密
可能
唐突
長大
確定
無惨
明確
細心
元気
平和
生新
陰惨
物騒
真当
新鮮
気楽
短目
性急
満足
率直
適当
素直
口速
密接
自在
病弱
低率
少量
因業
鮮麗
豊富
必定
盛大
私的
低俗
見事
手軽
独特
有用
鉛直
急激
大切
案外
丈夫
心外
無情
広範
微妙
高級
間近
結構
独得
不束
有害
共通
簡約
無力
割高
至極
尋常
相応
身軽
学的
鮮烈
安全
推定
強気
質的
主要
静的
先鋭
同然
強的
手短
大変
目深
強烈
明白
動的
歳上
豪儀
軽易
無心
夢中
正大
順当
派手
安直
適度
目茶
猛烈
無為
外的
強大
迷惑
無口
的確
肉的
失敬
真直
放題
豪勢
良好
大量
偉大
名誉
当然
不尊
身近
限定
口重
有望
真昼
全部
平日
深夜
時間
道中
以来
毎秋
終夜
死後
以降
来春
暮方
毎朝
昔時
明日
従来
明方
時折
挙句
来月
過日
半分
今春
土曜
春先
目今
場合
朝暮
本日
夜前
元朝
以後
両度
産後
今回
時下
昨秋
来週
早朝
満目
平生
午後
夜半
今季
昨夏
来年
当分
全体
晩冬
向後
去歳
時期
大数
行先
末葉
当世
直後
晩春
中盤
翌年
客月
元来
昨春
水曜
若干
木曜
席上
近年
今次
後半
先般
本年
初年
昨冬
次第
太古
毎次
事実
将来
真際
瞬間
年末
明年
戦後
晩節
客年
安息
大挙
早晩
前後
去春
半季
今後
尽日
翌日
門並
晩年
近来
去年
長年
後月
今夏
初旬
他日
他年
他面
先夜
今年
当年
昨今
同夜
明晩
金曜
即日
昨月
朝方
術後
寸分
少時
午后
大略
途次
昼前
客冬
昼間
火曜
最期
今朝
朝晩
数等
昼中
当時
今晩
永年
直接
日毎
夜来
毎時
今時
当夜
初頭
先晩
毎食
昨年
翌朝
時余
年来
毎年
途中
以前
昨日
毎秒
毎月
毎期
以上
夕方
当歳
前夜
平年
方今
復路
当節
早秋
今月
今夕
夜分
下旬
刻下
翌月
夜毎
寒中
同期
本初
昨夕
満都
居常
今冬
上旬
帰路
白昼
常時
半年
倍量
月末
即刻
先年
先月
後来
毎回
午前
毎日
同年
終年
先日
当初
毎夕
中旬
独力
半時
半夜
昨週
先程
後日
全日
当月
日曜
前年
多年
例日
後年
後世
休日
後刻
多数
日夜
未明
月曜
毎週
客歳
同月
週末
終日
満場
余日
先度
現在
各員
城内
病後
昨夜
過去
毎晩
毎度
真個
大体
以往
陸路
元三
本来
近時
昨朝
幾年
旧年
過般
再度
結局
絶対
各自
晩方
新年
初度
今度
正午
生前
旧時
去月
今秋
毎号
毎夜
来秋
先週
当季
大昔
同日
最近
普段
連日
鋭意
初冬
半道
雨下
終生
旧冬
当日
諸共
今週
今般
当面
先刻
終世
冬期
長日
月央
今日
今夜
印加
想到
指揮
水書
大破
先攻
離乳
倒幕
検案
絶家
深化
訴求
演説
直送
領有
受戒
初演
興起
対峠
増兵
外遊
密漁
再検
並進
降服
推服
確言
行脚
微笑
含有
成就
道破
間食
来訪
開示
評定
予言
自決
伝言
結露
消灯
努力
禁制
特待
実視
鼓腹
通交
積層
起筆
改善
整備
惨敗
例示
推進
明断
軽視
仮設
欠落
抜刀
彩色
勧化
開会
制定
感謝
連奏
専有
増車
転送
低減
割拠
節米
増結
蓄財
通関
来演
算段
捨象
脱税
入党
倍増
査定
門出
迎合
湯治
象徴
特注
救助
公判
隠居
激変
投影
試行
収拾
担保
群発
洗礼
自戒
連発
退歩
耕作
試合
放置
検問
装荷
納入
引受
閉門
熱願
横行
制止
対処
推理
混合
授与
孝養
営巣
受任
弾奏
商談
奮闘
在住
転化
解説
下宿
自賛
熟視
重合
休職
永眠
栄達
独創
断念
脱色
開通
欠席
壊乱
続報
後送
検収
受配
取材
卒業
談判
低回
独断
油断
退座
休航
粉飾
北面
消光
高唱
納札
任用
劇変
看取
生動
散点
違犯
率先
告知
再思
流露
開演
貯金
摘果
兼業
認識
口外
休養
受洗
供給
買春
興奮
遺贈
誤用
留保
変異
散歩
発展
創作
構成
約言
失敗
造型
垂死
主管
略言
遊歴
固辞
止宿
歴遊
授精
著述
就役
黙認
査問
焼尽
退役
速成
珍重
増進
要約
敗訴
接写
亡失
肥大
差配
安着
票決
家出
隠退
結球
解読
遅刻
加護
口演
雷撃
配管
予想
出府
察知
救命
休神
同車
集計
送波
行動
静止
配信
操車
配給
外出
応答
修理
共生
照合
査証
修得
意思
関係
相乗
再縁
立脚
同化
付設
発心
着色
力泳
病死
曲言
鼓吹
水食
説経
細説
混線
談論
照明
退去
当番
転補
明言
借財
合同
布達
全訳
両替
初出
監禁
力説
提供
実測
訪問
入港
布設
検死
送像
感嘆
参戦
分岐
評価
計画
増徴
絶句
認定
存続
着剣
監視
放水
念持
女装
採鉱
拡声
出金
固化
補筆
好防
占有
植皮
保育
並立
追討
外切
専心
信服
持久
合議
秘結
乗馬
焼鈍
念願
絶食
乱獲
召致
在席
同流
接種
積分
欠航
臨場
参朝
内談
東進
亡命
放映
実写
接地
盗掘
急落
敬重
尋問
出札
合体
力走
意訳
散在
反逆
予覚
蓄髪
禁固
標記
確聞
微行
熟議
精製
腐敗
自活
修補
速攻
推論
脱脂
座乗
収載
営業
熟談
解熱
総覧
賞嘆
強襲
優先
歌舞
合宿
開票
野宿
着金
引用
日参
前進
参進
抗言
着想
執務
固持
圧延
歓迎
清書
目撃
会釈
独演
襲来
植林
震動
調停
専任
編集
内命
操縦
群生
早婚
復刻
宿望
訓話
製版
車検
見分
専断
満水
新調
返送
点訳
弾圧
納受
分散
内通
付言
選出
開国
判断
会合
帯剣
自学
評議
合意
力戦
射出
除雪
終止
直覚
呼号
分配
来島
突出
主演
帰郷
強攻
追録
繰延
応射
直射
好演
作業
造血
同定
思案
常勤
護送
禁圧
老成
巡演
変改
脱会
指示
密着
分与
仮想
去勢
立見
発音
信頼
比肩
競争
失速
重婚
直訴
離島
感得
密生
散布
勇退
輩出
参宮
造形
号泣
下見
投稿
昼寝
歓呼
改版
露光
行商
群集
下放
痛心
警備
開設
仮植
反抗
居留
約分
独奏
定義
特約
悲嘆
申告
質疑
放電
押売
転回
減数
再訪
導出
延焼
減量
夜勤
予習
内蔵
演出
更改
参考
公言
立替
局限
圧縮
伝来
開門
断種
痛論
出征
布告
愛蔵
礼賛
用心
単行
大呼
常任
修養
暗躍
分化
誤信
見聞
製塩
停船
加階
盗電
帰陣
検査
予知
入局
直上
新築
通電
分派
連結
直面
引見
完歩
量定
全通
詳説
悪用
厳秘
上書
即行
激化
製作
特設
長考
健闘
乾燥
真似
歓送
結成
作図
成形
愛用
躍動
論断
治水
作文
正座
空費
撃退
訪朝
判示
決起
遺留
計算
通学
右傾
仲買
驚嘆
禁煙
恵与
申達
進展
心痛
雑記
着弾
遠出
溶出
点呼
演習
変位
通算
解任
代書
乗船
省筆
規整
協定
植民
徴用
試製
投写
自転
分煙
休心
集収
断髪
処断
考案
布置
登院
投身
内服
厳守
急迫
馬耕
絶版
筆算
借入
結髪
案出
消費
包蔵
開発
布陣
連絡
鈍化
同座
帰着
修造
伝達
弁明
雄視
分家
建言
生誕
転地
接収
激論
消失
列記
保養
教育
主導
入信
販売
再生
大書
消散
争闘
配合
順応
快眠
賃借
力闘
動座
安神
着座
北上
忘失
発出
照査
背任
承認
送別
陽転
寄付
考究
説教
混食
重奏
協賛
直観
化合
交信
塩焼
敵視
発電
割愛
訓電
手交
降参
乱費
付課
発射
先述
返本
処分
赤熱
市販
両断
引致
出仕
帰山
受領
釈明
残害
判定
服属
付与
訓読
配付
復旧
送信
出漁
自警
改稿
消毒
転出
声明
吐血
入城
始業
移設
嘆称
調理
脱出
公称
増殖
習練
代表
得道
協業
中断
離陸
進発
林立
編入
報告
図解
快勝
砲撃
逆襲
役務
壊死
細別
目指
迫害
自責
蚕食
登板
策定
遺脱
延引
変約
客観
検察
退蔵
問答
別居
仕官
帰服
保証
中座
出費
絶叫
推算
夜営
帯電
搬入
減却
継続
接見
密輸
改新
製油
模作
離任
祖述
再刊
乱造
来院
戦闘
中傷
引接
賞味
威服
応対
加勢
協調
自証
開拓
分業
終漁
納車
肉薄
切除
退団
保釈
精米
送配
激情
教戒
倒置
準用
自得
設問
圧倒
乗算
給水
入質
論述
提唱
介入
混浴
組織
軍縮
上程
支度
製粉
監護
酸敗
痛嘆
課税
伝承
沈降
称呼
襲職
移入
退却
静養
休部
調製
注目
混戦
悩殺
飛散
転変
閉経
風刺
受容
激突
弁護
寄書
応援
来所
開札
寄進
水泳
露見
入場
任命
述作
強要
乱闘
洗練
猛襲
供応
賛助
派生
発走
在荷
現送
辞去
武装
代言
老死
雑談
血戦
社告
観劇
垂範
決済
写植
投球
直裁
開眼
転写
上覧
除去
攻落
変転
表出
互選
愛飲
寄贈
着水
勤続
熟成
研修
順礼
退治
自制
破約
密送
入札
司令
散水
集配
単作
在社
脱退
就任
溶解
投書
警衛
優待
巡覧
慣熟
帰耕
失職
自任
談合
全壊
補強
相補
集金
独学
召集
出射
夏眠
分流
冊立
代決
皆済
私用
接岸
協議
面詰
帰営
来日
警報
在勤
黙殺
抗議
露出
感応
開幕
帰休
決算
給血
熱愛
食害
対置
放送
自称
脱船
暴飲
変造
着岸
蒸発
想定
節減
抜歯
検知
退校
内示
出炭
細論
律動
苦学
出撃
標定
終結
不参
入部
整流
更生
反復
重畳
辞退
継承
選別
答電
訓令
制動
入賞
思料
痛飲
在役
順延
確立
説法
宣教
講話
大病
乾杯
入構
前納
列挙
満載
指名
連座
配流
自記
応戦
代議
思考
感泣
老化
起稿
訪英
混信
除草
略述
嘆賞
均分
送風
回想
口授
先行
転移
詩作
落石
領承
命令
死産
強弁
欠礼
納金
行使
起案
苦難
流用
発奮
増販
小別
直航
密閉
信仰
教訓
合格
造水
休眠
非議
予防
同室
避難
直売
習得
乗降
節電
競映
付議
完敗
異動
買物
違反
縦走
集散
現前
傷害
製材
先駆
退避
合成
流行
激賛
劣化
精進
混在
親拝
実検
合致
入館
暴落
感奮
配本
心労
特進
丹精
類従
出稿
容認
放神
喜捨
自噴
転落
散財
臨検
引証
発議
私闘
記帳
予測
激戦
通計
走破
突破
退席
財投
回議
主張
増派
改正
下向
交配
修練
郵送
重刻
認知
参照
朝礼
公告
休学
中耕
洋行
指向
配送
傾注
退転
助演
訳出
討幕
包容
起算
工事
農耕
鳥観
直言
在京
欠場
口論
現像
合算
探険
帯同
推考
発生
堅持
進学
巡視
療治
完投
探測
善戦
加工
流転
新作
再製
自署
点滴
直感
追求
落城
気化
受光
採点
理解
由来
用談
出芽
表象
自負
代用
改印
略称
難破
謝恩
建都
試写
入寂
閉山
体験
帰依
礼拝
周回
妻帯
増収
相伝
集成
開帳
対質
低下
暴言
怒張
降誕
包帯
景仰
復調
漁獲
退陣
繁茂
確約
巡業
分冊
蒸留
定置
入院
口約
養護
転貸
洗顔
夢想
強圧
暗唱
認証
配電
減車
肥厚
追記
会見
公転
内祝
及第
採掘
経営
挙証
満腹
希求
分有
失業
知覚
思念
失跡
増大
離散
再演
補外
誤認
確信
激走
帰化
在国
工面
拝命
遠慮
振作
浮遊
躍進
自愛
笑殺
受賞
統一
報謝
復興
議定
造影
休息
入省
傍観
弱化
受業
改題
送検
歓待
回帰
帰納
死去
代行
当直
熱狂
枚挙
長駆
穴居
黙過
協和
推移
遊興
帰投
投射
検視
再送
制欲
分水
思量
交接
射撃
奏覧
返済
同着
君臨
揮発
早世
防止
思弁
防戦
公述
分解
化石
官許
運転
突入
除名
入庫
宣下
伝習
自立
鑑査
造語
出発
集貨
訓告
練習
失笑
徴税
考察
悪化
連戦
連打
散発
接頭
終演
才覚
倒壊
連射
予納
折半
分界
自製
裁決
男装
進攻
東征
減収
脱着
防縮
準備
復航
激動
純化
臨幸
登載
授業
吹奏
脳死
相愛
読図
上陸
光被
冷評
休講
自修
化現
渡米
欠損
組版
傷神
塩蔵
出題
造船
転位
脚色
起用
補記
賃貸
対立
推挙
心服
流出
上木
所期
発起
過信
自弁
生存
放任
帰省
回遊
厳探
常住
出所
退会
嘆願
欠勤
化育
区分
追憶
変身
実在
速断
減殺
流産
代謝
爆撃
採納
反落
取捨
構想
整体
誤算
在留
受納
訓導
暗算
帰順
殺傷
検地
自乗
多食
再挙
造営
発熱
修交
保障
和合
集中
兼官
買収
実行
服罪
流布
独語
熟思
失効
鼓舞
離村
死守
照準
機能
分骨
略取
下付
羽化
駆動
失神
曲解
侵入
統治
脱水
発問
交替
放鳥
続出
並称
落手
提示
取得
退行
加入
放出
救護
密航
周知
奇襲
雑食
照射
引火
書写
作画
争論
内覧
反転
宣布
略装
素読
退勤
論及
遺失
改作
倒立
考査
通行
操作
代作
選考
仰視
採訪
調節
断裁
登場
逃亡
立案
切開
考証
代筆
暴走
東上
小売
来場
生成
普及
塩化
傾倒
上納
調合
吐乳
起工
建造
改行
協同
発会
精算
内勤
復命
正装
重版
中退
躍増
指定
展望
活動
展張
過熱
贈与
副署
反論
通用
詳解
洗髪
図説
用捨
来報
軽食
倍加
常設
開閉
付置
退院
変死
放散
予断
直奏
食傷
送致
出郷
歩行
提案
真読
摘心
朗唱
対当
特選
欲求
加増
日勤
味得
設備
帰朝
遊泳
具申
退職
借金
査読
改築
隠見
転居
染色
適従
縦断
混用
告白
軍備
全快
探検
密植
現存
閉口
舞踏
確証
逃避
善用
絶賛
修好
言上
越年
公訴
飲食
上映
白状
直撃
委任
入梅
決闘
当選
苦行
参看
参政
来館
成約
専管
統計
労働
焼失
騒動
安産
志願
減産
服務
助力
賛成
乱売
植毛
精察
売買
圧死
移項
営造
交合
交歓
入朝
冒険
就寝
追放
頭書
並行
離婚
採炭
引退
消音
連想
強振
猛追
提起
直進
恩借
改称
優勝
見舞
介抱
共用
答弁
回航
学問
登城
増資
専行
結束
脱却
開化
破産
寄宿
失権
類焼
実見
渡航
受検
供述
染筆
直交
在府
破断
注進
受講
変心
投合
製革
呼吸
土着
耳語
分遣
両分
奮発
集積
兼営
商売
物故
敗亡
道楽
内観
増長
踏破
増補
模写
筆記
侵犯
評釈
発動
板書
遊学
落雷
侵略
就床
称美
暗合
直納
切迫
結合
両立
講義
内在
分類
示教
黄葉
対座
停止
参学
塩梅
東道
半焼
雑婚
遅延
印行
挙式
養成
改修
避暑
黙礼
放心
受傷
解約
隷属
開業
弁別
平復
発声
大言
賦課
入浴
統制
来観
追善
犬死
会議
討論
雲集
書見
防音
仮眠
目送
内応
拝顔
入定
浮上
中立
我慢
強化
入植
出土
誤読
代署
拡大
必着
整理
展墓
変奏
脱皮
連接
定植
脱腸
加速
出御
防御
命名
照応
絶筆
講演
伝送
追尾
称賛
寄留
受命
駆虫
差別
仕度
来校
仮定
混作
誤聞
閉止
提出
詳録
参内
巡見
要談
花見
通院
引算
調剤
激減
恵投
配転
訓示
改造
監理
移管
静観
増便
私有
乱入
増額
競売
公開
省略
形成
着用
直読
通観
休校
連取
小便
減退
内包
深謝
約定
備蓄
配色
禁断
度外
植樹
味方
血判
続落
合図
再編
集合
空輸
再議
作曲
血書
移民
押下
変態
付帯
味見
執奏
論証
輸出
計量
採種
専決
割引
着地
共振
調律
下校
激怒
自生
解決
化成
救援
降臨
推参
荷担
乱打
脱営
失策
助勢
再燃
特筆
飛躍
割当
包装
暗示
高調
求婚
勤番
走行
形容
公選
連作
猛省
筆写
立腹
固執
分宿
美食
参入
入幕
検便
送金
開板
移出
規程
自認
完結
混入
潮解
停泊
進行
動員
貯水
禁酒
宿直
蓄熱
登庁
代理
待避
増強
読破
通覧
付会
競技
賛同
続載
触法
捕食
無視
豪遊
探求
使令
質問
見物
親任
着陣
対抗
浸透
降車
和協
復古
折損
完訳
投与
渡御
伝授
進上
増産
爆破
布線
入隊
決行
雑居
信用
大勝
実感
屈曲
変移
護持
応訴
兼務
執行
直覧
常食
裁可
適応
活着
帰宅
損害
共立
苦心
定着
筆談
告別
戒告
再臨
制圧
実用
転宅
賛美
嘆息
密談
判読
運送
代任
採寸
在官
好投
厳令
自演
狂乱
推賞
復刊
売却
転成
泣訴
拝読
熱中
挙用
建議
出港
速決
点描
給付
情死
難詰
朝賀
兼有
散大
忠勤
調味
徒死
手当
分担
介在
詰責
外食
問責
受難
毒殺
編修
処罰
格闘
創始
反命
補整
復位
増援
落選
組閣
較正
難産
痛言
通報
登山
開腹
動作
選歌
出社
遺精
先導
外泊
授受
受粉
欠食
左折
略記
沈黙
成熟
公許
着信
伝搬
輸入
多発
授賞
許可
拡張
生録
白黒
対話
宣伝
反響
試演
台頭
追考
下乗
解放
短縮
敬愛
造林
論判
海食
導水
簡抜
進入
傍証
使送
招致
祈願
出国
仕分
清算
消沈
代願
打開
探勝
中毒
進出
連敗
育児
防災
探訪
改革
運搬
触発
開放
就学
出演
競演
行持
返事
密告
構築
入村
飼養
雷同
調印
善導
回向
奏功
総計
入荷
更新
前駆
転校
惨落
内約
雑踏
好転
欠配
観念
大敗
速記
弁解
断行
存置
離船
専従
飛行
乱用
受精
成型
空想
成婚
連呼
入北
始動
流下
爆笑
参列
転調
奏聞
生育
刻印
合計
推称
味到
仮称
来往
拡散
寸断
定位
摘出
即決
対決
俗化
入社
放歌
止血
拍手
落着
逆算
回答
格納
発布
学修
印可
密殺
敗戦
痛感
群居
違約
政談
吐出
録音
腐朽
運航
殺生
分列
配向
加担
脱毛
微増
劇化
驚喜
長嘆
世襲
再版
補間
消火
英訳
浮動
照会
短絡
閉会
渡島
恐怖
沈殿
風化
指弾
底止
着手
改装
宿泊
破損
査察
出入
直下
下命
拾得
染物
詰問
講究
離脱
増悪
復円
達観
収受
発進
就職
栄進
熟練
惨殺
注釈
除服
手記
依拠
扇動
改選
運算
本復
密奏
増力
自習
減圧
修習
自沈
内職
要求
係船
証印
退社
徴発
暴行
起訴
生産
比類
発光
横死
通過
速射
渡河
受注
着衣
降板
交付
往来
要述
居住
具備
電化
援助
応化
低唱
朗読
修正
推断
送付
解消
混雑
改易
臣事
常置
体現
守備
訴人
発令
上船
承服
戦争
感染
反攻
先後
領解
更正
親告
熱演
断罪
追跡
翼賛
振込
甘受
補給
断線
互生
援護
筆答
復号
講評
外征
画策
借覧
補作
積載
座談
試作
参究
急襲
激賞
投薬
類推
表白
発注
生起
参上
装備
除隊
公布
自給
起床
黙座
威圧
公刊
失調
黙考
移調
復姓
試問
内達
共存
却下
仕事
乳化
汚濁
特派
約束
巡検
冷笑
問罪
応用
着工
入道
追従
減税
呼応
振興
執着
参府
沈思
多言
自営
連記
着荷
切腹
同意
通知
発券
独居
帰社
断食
呼集
合資
専属
突起
遺伝
上訴
整髪
定立
黄濁
改定
惨死
連合
全敗
投出
付録
放熱
直流
攻撃
連係
下山
熟眠
迎接
早寝
抵抗
放火
早産
赤面
含味
印刻
再認
写像
異化
返金
出向
決心
低頭
立身
録画
同調
親祭
検品
深耕
悩乱
創成
再建
病欠
切論
混交
使役
表裏
曲折
直結
氷解
令達
再拝
加除
公約
帰結
売春
修整
復習
増加
迫撃
監訳
承継
解題
特売
愛護
暗殺
宿衛
接近
論定
閉店
学習
助走
奏効
選好
改訳
仮装
連乗
生食
記入
執刀
消長
算入
助長
出動
訴追
休会
検束
押収
勧戒
手書
漫遊
背面
当用
休業
厳命
指摘
作表
団結
兄事
所管
着筆
制約
隷従
具現
駆使
転売
水難
受給
重刷
口供
完勝
延期
連立
防磁
訳述
配剤
逆上
行幸
評論
築港
望見
布教
同道
来談
区処
並置
警固
同居
散乱
留任
強打
散髪
対戦
相関
元服
転任
兼備
別売
暗記
怒号
校合
乗務
発砲
参着
来宅
移転
退散
即納
混成
尾行
帰農
輸送
在庫
強訴
検証
足算
製氷
割腹
周遊
計数
待命
帰来
背離
笑覧
追訴
予感
受理
家蔵
教示
測定
追撃
流動
料簡
兼行
転入
製図
回収
移行
摘芽
代休
検温
出火
入線
給養
改姓
背走
繁殖
供養
委縮
出席
多用
困惑
焼亡
汚損
仏参
特集
侵攻
消却
力演
内借
配慮
的中
相続
映写
燃焼
矛盾
報知
記述
増刷
否認
緑化
比例
指図
補導
統率
着意
留学
開園
熟覧
自訴
失念
編成
達成
別送
帯出
絶交
対談
被爆
補正
承合
言訳
互助
治療
同宿
入校
巡幸
理髪
寄金
放射
来任
入会
参堂
低落
調進
交易
説示
退位
刷新
拝察
反訳
離党
驚倒
念仏
別家
残存
他出
消去
表決
読書
意味
得心
指令
因由
製表
回生
品評
変容
点灯
厳罰
離農
生別
爆傷
近接
自慢
楽勝
認可
大別
公示
会同
臨席
除電
強直
骨折
訪中
摘発
熟知
注意
登降
手続
修復
養育
用意
補職
休載
標示
下野
分売
噴出
背反
精白
表示
判決
忠告
協力
固守
専念
解禁
物色
黙視
脱化
慢心
打電
特認
飲用
在校
通航
脱落
派遣
編曲
生長
贈答
上演
欠課
走査
読過
護衛
運休
入唐
再考
修飾
増発
参与
選定
順行
節録
連続
落馬
断言
従軍
送迎
経理
乱心
再転
発揮
挙手
区画
実験
採取
降格
混濁
補助
声援
推察
投入
冷蔵
調整
節税
苦悩
改元
取引
下知
演算
下船
端座
激発
談話
厚着
工作
注力
停車
招集
安置
変動
専修
故障
寄生
退官
感化
転職
変革
想像
築城
観察
給電
対顔
流通
養殖
根治
自尽
宣戦
送達
創製
教護
探梅
読解
留守
回国
振起
極言
空爆
占拠
洗面
博覧
絶望
投下
究明
全勝
出納
相殺
宿営
切言
位置
来朝
集会
選任
検討
裁許
名状
奮起
看護
開校
発火
会計
参会
配線
小破
便秘
装用
厳存
入国
禁足
大観
出張
加療
拝領
左右
縦続
誤訳
総説
混迷
教化
対陣
抜剣
返杯
回申
消化
浮流
信愛
処置
回転
保持
注文
築堤
開店
発信
集録
重複
類似
勧告
精油
突撃
増減
私消
半減
対面
強調
予告
山積
内攻
否定
観覧
総合
兼勤
傾斜
獲得
行為
強制
座州
入水
民泊
進達
制限
通勤
勝訴
減資
是正
調薬
発狂
議論
署名
装着
愛育
検波
払底
仲裁
他界
人選
外注
自足
逆行
急送
注視
明察
貯留
必見
現有
平方
圧入
納税
探査
謝絶
内分
応接
中略
首唱
配列
処理
分断
直談
連用
在宅
応召
参殿
根絶
近道
転勤
配達
打倒
会読
混生
添付
参観
登校
減益
鼓動
射影
恋愛
要略
聞知
追徴
熟慮
誇称
説明
整除
登記
激増
失格
転進
測地
支配
転用
予察
祈念
遊離
出精
死亡
枯死
活用
包含
卒読
禁止
兼任
精通
敵対
常用
運営
減算
接触
補任
執筆
滴下
独走
乗除
加味
退場
全治
小計
独修
発送
用船
観賞
黙秘
圧勝
記念
復職
先遣
賦活
進撃
発刊
殺害
属望
下車
自覚
講習
内奏
訓戒
重用
帰京
統裁
勇戦
警告
臣服
席巻
報道
襲撃
死闘
延着
論決
来航
急進
特訓
案分
接尾
同情
探究
回付
独唱
焼却
選炭
逃走
徒長
回復
療養
実習
撃沈
死別
受像
盗作
連載
意見
答申
臨模
黙読
配水
保管
実働
援用
修行
輪作
節食
薬殺
巡察
縦覧
移植
表現
忙殺
爆発
言明
越境
薄着
他言
弁済
合評
支持
決議
急設
共闘
改悪
味解
調髪
秘蔵
脱走
乾留
転宿
訳載
炭化
出馬
装置
兼用
赤化
着帯
横領
精査
維持
熱弁
分村
宿題
増設
作為
就位
仕訳
半周
見学
添乗
服薬
自殺
推重
火定
誤記
引責
査収
感激
兼職
直話
感光
特出
反目
脱穀
教練
接合
解除
鑑賞
結盟
狂死
交差
溶断
創立
変質
暴発
公売
加算
晩成
巡行
登頂
反訴
派出
当惑
族生
閉鎖
参賀
直営
回読
腐心
接受
過賞
専用
自害
和訳
保留
観光
結実
点眼
供用
会話
堅守
批正
重唱
毒害
付属
服従
損壊
内定
提議
現用
配属
入園
帯刀
完備
手術
目測
代納
早死
攻略
強行
想望
見参
決壊
痛撃
論評
等分
全納
建立
観戦
感恩
感知
勤務
内向
共感
下降
散開
協約
縮小
代位
歩測
退出
記載
着任
拝観
存命
変成
間作
白濁
清遊
編制
中和
食事
意図
示達
肥満
下落
発願
打算
透写
着電
修学
苦節
運行
自存
派兵
入手
再帰
提言
徴収
中絶
自首
防寒
草食
書評
細書
楽観
決定
祝賀
平均
代講
変装
発明
解散
証明
執達
入室
批判
誕生
加盟
独裁
補修
加筆
造園
透視
防備
触接
増置
違背
出離
復元
保存
持参
参画
注解
産出
利殖
朗笑
完工
革新
失点
遊説
正視
得度
開局
製鉄
返却
並列
裁定
折中
水死
内省
殺到
独占
退任
延命
収得
共栄
規制
通商
先着
雑交
保守
押印
黙止
教導
干拓
論弁
毒死
流会
回訓
言及
洗脳
経験
歌唱
着火
治定
賦与
離職
風聞
拝見
離郷
独白
降下
同盟
現住
再開
反乱
陸送
結氷
再会
混血
出展
速答
支弁
損失
勝負
生息
夜襲
回折
同感
複合
探察
官給
再選
寄与
心中
点検
特定
沈下
黙想
所望
洋装
制御
長欠
育英
密通
敬服
出血
凡退
直行
議決
輪転
渡海
立証
自選
溶接
損傷
急冷
空発
完走
兼帯
収納
自問
愛好
選挙
引率
流失
公演
論結
実証
代弁
育毛
産休
改名
密売
近着
開立
創出
結論
休電
受用
蒸散
入学
入射
植字
追究
生活
追加
発達
所要
連帯
関知
限局
差遣
不足
出現
着服
吸気
商量
希釈
変化
産卵
訪独
出航
示現
談笑
左傾
突進
送出
求職
遅配
展覧
徳化
続発
通信
子守
下馬
白熱
検出
来店
再来
巡拝
誇示
現出
採録
受験
陸行
面接
両用
就航
通読
空襲
紅潮
留意
傷心
跳躍
撃破
開館
育種
散策
復員
即応
大同
圧服
加点
表装
爆沈
勤学
参勤
集結
修道
増反
面会
失火
映発
吐露
探知
前述
立食
通訳
装弾
暴食
失望
収集
在位
識別
建築
発掘
発赤
作成
減水
授乳
返納
急行
即売
合点
吸収
遺言
算定
後見
熟達
貸与
煮物
厳禁
配置
内済
摘記
共起
切死
就労
即位
落盤
勉強
経過
闘争
和解
明答
直視
速写
集線
重視
成道
裁断
送電
下城
版行
敗退
発育
休止
参向
反問
談義
低迷
退京
際会
浸出
配員
就業
早退
救出
入団
寄港
節煙
先勝
焼死
予期
交流
尊敬
支給
量販
乱読
休戦
平定
採用
反発
野合
記憶
若死
納付
領収
切断
修築
発露
造立
接客
作詩
盛装
切願
供出
験算
発車
発向
競泳
進退
新任
在天
具有
登録
退学
屈折
苦闘
導通
注射
収束
私議
成業
収縮
発色
分乗
作興
送水
類別
続演
復帰
即答
絶息
変速
整合
落札
自爆
起動
在中
放言
面談
完売
区別
予定
受電
面責
再任
焼香
在職
可決
回送
示寂
予約
進水
伝奏
拝礼
快復
侵出
建国
暴死
誤伝
自白
選評
加重
氷釈
帰港
制作
料理
分極
外在
脈動
記名
発散
伝動
自省
創刊
復原
起業
開場
留年
口承
解職
強迫
朝食
奏上
総和
目礼
連濁
漫歩
増員
贈位
離反
失言
創業
転向
側聞
補完
成功
改組
安住
蓄積
踏襲
宅配
乱射
刊行
脱党
入選
配布
帯磁
静思
越冬
往生
送球
仰天
宣告
濃化
脱稿
帰参
配当
直立
温浴
風食
豊熟
氷結
出走
染髪
舎営
量産
入閣
別納
連行
同席
管理
監査
精勤
実現
共同
拝賀
常備
特配
右折
気絶
在学
展観
相似
音読
整地
試飲
脱去
荷電
訓練
助言
減石
始末
変節
係属
象眼
飼育
射殺
愛唱
放牧
関連
研究
縮尺
対照
特記
参拝
下達
専攻
済度
急告
正誤
参集
協商
想起
減点
困却
存在
知得
提訴
積算
分別
転置
快気
発汗
試走
商議
印字
着目
転記
調教
合唱
転生
敷設
担任
任官
訪露
減損
上申
給与
厳談
連勝
休刊
継起
出庫
振動
変更
挙兵
切望
繁盛
電荷
影響
悲観
必読
増量
上達
破門
多謝
供血
繰越
所持
音訳
文通
中止
複製
爆殺
批難
補佐
統合
明記
主唱
口受
敗北
常直
減少
金打
糖化
重出
残業
入京
腐乱
貯蓄
体得
重任
親近
拝承
急報
発芽
永別
迷走
放念
起居
立言
再起
養生
心配
反応
競走
歓喜
通話
閉場
圧殺
微動
告発
論戦
食言
即発
脱衣
会戦
鳴動
贈物
噴射
活躍
局在
到来
途絶
南下
歓談
変色
模造
育成
固定
抗争
発表
上京
熱唱
選抜
再婚
作用
黙許
追試
給油
暗闘
歴任
破壊
検眼
印刷
搬出
入営
鳴謝
巡礼
垂示
結党
発覚
再興
浸炭
展延
就眠
競合
感賞
過食
抗戦
採油
入湯
乱掘
減配
助命
発見
所蔵
通約
放校
理会
野生
観照
発案
推知
感服
後進
下垂
論争
退色
合流
訴願
加糖
減員
発売
求人
帰館
策略
苦戦
設置
少考
行進
暴圧
直通
冬眠
広言
投降
動転
説破
保温
売約
記録
鑑別
体認
闘病
従属
保護
傍受
改号
作詞
勉学
続生
避寒
絶縁
伝道
到着
持続
合本
変針
告示
収録
負担
磁化
風発
精練
合作
出品
交遊
細分
回礼
珍蔵
選句
策応
賛辞
増給
刺殺
自作
断定
更始
反映
再読
分合
感電
対比
来遊
新設
優退
勝利
通告
類比
入所
設計
味読
添加
倍旧
金策
上奏
出家
神化
師承
断続
交際
正解
残置
入力
支援
結団
侵食
訪仏
制裁
収蔵
推選
爆死
増幅
体操
願望
徒費
盗用
教習
急転
自書
出世
徴集
固着
試算
放談
結集
増築
組成
延発
創案
証言
旅行
試食
帰属
著録
習合
装丁
逆転
隣接
参加
集束
服毒
占居
連関
放下
選曲
密約
式微
便乗
目算
納本
経略
乱作
閉館
裏書
伺候
改札
猛攻
閉幕
決別
漫談
付加
停戦
精読
収監
協演
信心
皆伝
分留
加給
物納
在庁
分布
寄稿
給食
分地
授戒
縮刷
勇断
縮退
変圧
流入
助奏
落筆
決意
忠義
描写
判別
補血
受付
暴露
高談
急減
選鉱
増税
複写
密訴
投石
減額
連破
比較
統監
休演
改変
写生
課金
上気
試射
激闘
溶変
観測
減反
黄熟
大食
着脱
展開
復学
敬意
訓育
介意
内含
加熱
公表
拝受
匹敵
落球
運動
巡遊
要撃
解毒
入漁
補足
復業
猛進
検札
腐食
接待
反証
復唱
領会
想見
演奏
返付
急追
多読
鎖国
分光
服役
伝導
移用
難船
摘要
検分
散見
落涙
再調
種別
計測
霧散
焼成
口達
期待
感受
呼称
減食
分筆
処方
貧血
来社
採石
集約
信任
散会
供与
移住
善感
賞賛
論破
輪講
合戦
追及
開所
演技
預金
倒閣
追突
報復
微分
返答
来襲
密造
志望
内助
公認
厳選
書置
愛読
活写
長居
直訳
適合
先取
発行
火食
所有
混和
答礼
忘却
適用
解答
奮戦
講和
確認
脱線
発言
早着
奏楽
延長
係争
急死
経由
征服
分立
供覧
戒慎
失心
出陣
号令
閉校
着船
圧着
雄飛
速報
討議
本有
算用
負傷
服用
帰一
入行
看破
存立
親授
突発
流連
生殖
直書
伝聞
客死
起因
横断
臣従
栄転
南面
芝居
後述
減速
拓殖
賛嘆
高言
会商
誤断
水浴
遊牧
縮減
盛行
節酒
発病
仮作
遅参
独習
改宗
節水
迎撃
弁難
自衛
巡回
論難
減価
変説
休館
出生
完済
惑乱
落下
刺激
独行
運針
断交
接戦
輸血
誤報
脱帽
襲業
南進
係留
投宿
内申
再論
着生
調和
伝写
静座
再説
降着
作製
転載
対応
遠望
断水
混同
列席
敬遠
航行
代読
返礼
看病
代参
蔵書
延納
出願
回避
点在
集荷
周航
意識
進化
転業
改心
進歩
敗走
降圧
上告
行軍
造反
判然
策動
回覧
指導
婚約
勤労
製糖
許容
手渡
波及
致仕
復活
実演
反省
唱和
建白
含浸
発煙
視察
描画
先制
皆勤
冷却
閉業
酸化
来着
行水
渡洋
算出
創発
手写
広報
在朝
順化
注記
試掘
勧進
創建
火傷
失明
正答
世話
着眼
臨画
代替
見当
賞美
多作
続行
濃縮
押送
臨書
粉食
改良
点頭
吸引
上下
転戦
浸食
尊重
表明
登極
唱導
探聞
墓参
電解
死蔵
採血
整列
離縁
往復
操業
開院
渡来
前借
休耕
包囲
求愛
印磁
増作
除外
代置
給費
起草
会得
菜食
軽装
船出
肉食
目印
鑑定
転借
自適
配分
猛撃
後略
対論
試験
進級
納骨
検定
打破
密行
成長
謝罪
実存
依存
待望
画定
連動
規定
恋着
祝福
帰任
全開
予見
略説
適帰
総称
造成
豪語
徴兵
抵触
兼補
貿易
襲名
勇躍
増益
西下
火中
確答
遠征
広告
受信
発現
運開
断絶
転住
絶命
決着
設定
指教
変型
立願
抗告
下問
仲介
決戦
増配
待機
交戦
殖民
周章
通夜
急増
流伝
整復
違令
発給
航海
反射
特発
先決
試供
合一
被弾
戒心
加配
考量
扇情
横転
図示
移動
誤写
半壊
親和
落髪
帰国
蓄電
辞任
属目
接着
特報
裁量
空転
論議
不承
加減
認許
別注
通達
推測
汚染
憶測
臨写
分割
辞儀
落命
狂信
私蔵
噴火
車載
中継
卒倒
完熟
密集
抗弁
相談
贈号
開始
列立
志向
自蔵
円熟
招来
検印
巡歴
乗車
解体
在室
追贈
等化
分節
予報
追孝
拠出
降職
脱俗
急派
即死
成立
受贈
発効
同船
即製
得票
高進
縮写
散骨
沈積
落飾
溶存
軽減
指呼
別記
破水
防護
介護
得点
混乱
費消
拝辞
著作
卒去
西遊
給仕
出荷
非難
自壊
老熟
順接
開城
建設
守護
発足
離水
摘録
搬送
講釈
共演
詳論
吐息
寄食
発想
安座
節約
表記
先発
補講
上述
採決
馬食
立論
承引
出力
預言
詳述
軽信
援引
進軍
戦勝
連署
野営
被災
設営
全休
送受
座食
口述
出版
尊信
入居
永住
戦死
苦笑
辞職
来援
順守
宣言
比定
交尾
歴訪
在日
視認
乱立
温存
防水
特許
焼身
付着
承知
閉居
永続
転身
注水
入内
発着
安眠
節制
輪唱
交感
遊覧
告解
快走
内切
親臨
含意
遊戯
収用
疲労
返報
手配
遅疑
従業
投票
挙行
先議
警護
重訳
代香
統御
出産
否決
通園
検針
節略
増水
合奏
急変
返品
司式
使用
送話
群舞
蓄蔵
仕付
文飾
退化
変調
激高
焼損
借用
終決
観望
後続
飲酒
嘆美
液化
雲散
注入
出兵
訪台
停電
極論
周延
分納
論究
救済
消尽
創造
放流
対策
検算
所属
出勤
講読
論告
唱道
抱合
近似
描出
義絶
外接
防衛
相違
電送
離合
発振
討死
公有
遊歩
精選
試用
前売
立売
在宿
製造
溶血
店番
自律
移送
文選
禁欲
整形
定住
賞用
支出
征討
装飾
熱発
行列
離日
生害
先達
蒸着
入電
討究
進講
屈服
希望
招待
準拠
公定
門番
開花
詳言
代入
転学
確保
失恋
減給
内接
共有
攻究
倒産
美化
同視
逆用
笑納
登用
過称
補習
落後
解離
訪日
共鳴
決裁
貸借
収容
例証
垂下
会食
離間
干犯
再現
対生
熟考
出頭
載録
貯蔵
圧迫
難航
利用
山居
同乗
要心
力行
進航
成仏
大成
反則
借問
往訪
誤解
独座
考慮
吸入
親裁
入府
襲用
熱望
着席
残留
吸着
担当
執心
繁栄
解脱
連判
入門
乱舞
舗装
休場
終息
復交
決断
増刊
競落
離京
採集
難儀
批評
訪米
計上
接続
納品
展示
司会
水洗
伝染
兼修
調査
検挙
納得
看過
成育
開平
解釈
関与
電離
禁絶
合冊
仰望
創設
向上
対局
交代
管制
乱発
壁書
熟読
追給
内用
監修
弁論
前記
付記
加持
破顔
転倒
釈放
狂喜
要望
対校
踏査
調練
感動
再発
離別
攻囲
在任
病気
返上
命中
繰糸
浸水
句作
贈官
作歌
適中
誇張
省察
推量
認容
略筆
密会
追想
引当
干与
復権
善処
直答
返辞
練達
会談
習熟
出資
愛着
苦労
改編
布石
後退
失禁
競作
是認
導入
上場
到達
詳記
訳読
敬礼
長生
拝借
退庁
即断
厳戒
離床
落葉
照覧
樹立
来集
変通
変形
色刷
実戦
引決
移築
慣用
配車
説得
去来
失脚
設立
来会
朱書
監察
推計
占領
降任
校正
先占
案内
露営
後援
落第
進言
興行
保全
分離
規正
依頼
挙止
落成
浸入
急造
築造
飛来
完納
暗転
製本
続映
愛重
通分
作動
追認
手品
読経
別言
論詰
移乗
死傷
保有
穀食
退城
投資
逆流
運用
捕獲
平分
従事
厳達
助成
刻苦
紹介
結婚
停会
警戒
優越
輪読
開港
座視
転読
独航
製鋼
終業
解明
確執
巡航
開戦
退室
自失
評決
侵害
反撃
閉院
転乗
入金
是非
試乗
実装
屈従
駆除
自供
苦慮
総見
金納
蓄冷
告訴
指南
兼学
測量
南中
再築
処決
全焼
陸生
明示
負荷
握手
転属
起立
含蓄
洗眼
直属
尽力
調達
停留
復縁
吹鳴
返照
師事
研学
遠泳
相反
着陸
配備
除算